2025-06-17 13:44:33,156 - sparsemodesnet.advecting_pulse - INFO - Starting advecting_pulse experiment
2025-06-17 13:44:33,156 - sparsemodesnet.advecting_pulse - INFO - Log file: /Users/tkoike3/Dev/Research/sparsemodesnet/experiments/logs/advecting_pulse_20250617_134433.log
2025-06-17 13:44:33,156 - sparsemodesnet.advecting_pulse - INFO - Experiment: Advecting Pulse
2025-06-17 13:44:33,157 - sparsemodesnet.advecting_pulse - INFO - Data shape: (1024, 1000)
2025-06-17 13:44:33,157 - sparsemodesnet.advecting_pulse - INFO - POD dimension: 100
2025-06-17 13:44:33,158 - sparsemodesnet.advecting_pulse - INFO - Hidden units: [100, 100, 100]
2025-06-17 13:44:33,158 - sparsemodesnet.advecting_pulse - INFO - Regularization method: dense2sparse
2025-06-17 13:44:33,158 - sparsemodesnet.advecting_pulse - INFO - Device: mps
2025-06-17 13:44:33,159 - sparsemodesnet.advecting_pulse - INFO - Training parameters: M=2.0, lr=0.001, batch_size=128
2025-06-17 13:44:33,159 - sparsemodesnet.advecting_pulse - INFO - Optimizer: Adam, knee_method: dfdt
2025-06-17 13:44:33,159 - sparsemodesnet.advecting_pulse - INFO - NN type: PiNetNCPSkip with polynomial order of 2, and 2 number of polynomial blocks
2025-06-17 13:44:33,160 - sparsemodesnet.advecting_pulse - INFO - ==================================================

=== SparseModesNet (λ-path=dense2sparse) on Advecting Pulse: d=1024, n=1000, s=100 ===

=== Dense-To-Sparse (default) λ-Path ===

-- Path iteration 1, λ = 1.000e-03   (r(λ) prev = 100)
  λ=1.000e-03 | Epoch   1 | lr=1.0000e-03 | Recon MSE=6.000550e-04 | ‖ω‖₁=9.976391e+01
  λ=1.000e-03 | Epoch  10 | lr=1.0000e-03 | Recon MSE=9.351234e-05 | ‖ω‖₁=9.918918e+01
  λ=1.000e-03 | Epoch  20 | lr=5.0000e-04 | Recon MSE=1.428992e-04 | ‖ω‖₁=9.885199e+01
  λ=1.000e-03 | Epoch  30 | lr=5.0000e-04 | Recon MSE=9.002267e-04 | ‖ω‖₁=9.711925e+01
  λ=1.000e-03 | Epoch  40 | lr=2.5000e-04 | Recon MSE=2.123129e-03 | ‖ω‖₁=9.534083e+01
  λ=1.000e-03 | Epoch  50 | lr=2.5000e-04 | Recon MSE=9.466793e-03 | ‖ω‖₁=9.103067e+01
  λ=1.000e-03 | Epoch  60 | lr=1.2500e-04 | Recon MSE=1.253204e-02 | ‖ω‖₁=8.624938e+01
  λ=1.000e-03 | Epoch  70 | lr=1.2500e-04 | Recon MSE=2.201262e-02 | ‖ω‖₁=7.976534e+01
  λ=1.000e-03 | Epoch  80 | lr=6.2500e-05 | Recon MSE=3.298781e-02 | ‖ω‖₁=7.314626e+01
  λ=1.000e-03 | Epoch  90 | lr=6.2500e-05 | Recon MSE=5.202378e-02 | ‖ω‖₁=6.586654e+01
  λ=1.000e-03 | Epoch 100 | lr=3.1250e-05 | Recon MSE=6.940980e-02 | ‖ω‖₁=5.855920e+01
  → at λ=1.000e-03:  r(λ)=100,  rel_err=4.983478e-02

-- Path iteration 2, λ = 1.200e-03   (r(λ) prev = 100)
  λ=1.200e-03 | Epoch   1 | lr=1.0000e-03 | Recon MSE=6.279871e-04 | ‖ω‖₁=9.967780e+01
  λ=1.200e-03 | Epoch  10 | lr=1.0000e-03 | Recon MSE=7.511921e-04 | ‖ω‖₁=9.827072e+01
  λ=1.200e-03 | Epoch  20 | lr=5.0000e-04 | Recon MSE=2.081408e-03 | ‖ω‖₁=9.640269e+01
  λ=1.200e-03 | Epoch  30 | lr=5.0000e-04 | Recon MSE=4.089044e-03 | ‖ω‖₁=9.179161e+01
  λ=1.200e-03 | Epoch  40 | lr=2.5000e-04 | Recon MSE=7.044663e-03 | ‖ω‖₁=8.702806e+01
  λ=1.200e-03 | Epoch  50 | lr=2.5000e-04 | Recon MSE=1.241745e-02 | ‖ω‖₁=8.005409e+01
  λ=1.200e-03 | Epoch  60 | lr=1.2500e-04 | Recon MSE=2.156622e-02 | ‖ω‖₁=7.296131e+01
  λ=1.200e-03 | Epoch  70 | lr=1.2500e-04 | Recon MSE=3.184672e-02 | ‖ω‖₁=6.468044e+01
  λ=1.200e-03 | Epoch  80 | lr=6.2500e-05 | Recon MSE=4.315800e-02 | ‖ω‖₁=5.640477e+01
  λ=1.200e-03 | Epoch  90 | lr=6.2500e-05 | Recon MSE=6.231183e-02 | ‖ω‖₁=4.764930e+01
  λ=1.200e-03 | Epoch 100 | lr=3.1250e-05 | Recon MSE=8.308482e-02 | ‖ω‖₁=3.898312e+01
  → at λ=1.200e-03:  r(λ)=100,  rel_err=5.447169e-02

-- Path iteration 3, λ = 1.440e-03   (r(λ) prev = 100)
  λ=1.440e-03 | Epoch   1 | lr=1.0000e-03 | Recon MSE=8.490551e-04 | ‖ω‖₁=9.957846e+01
  λ=1.440e-03 | Epoch  10 | lr=1.0000e-03 | Recon MSE=3.034464e-03 | ‖ω‖₁=9.662058e+01
  λ=1.440e-03 | Epoch  20 | lr=5.0000e-04 | Recon MSE=5.016571e-03 | ‖ω‖₁=9.241030e+01
  λ=1.440e-03 | Epoch  30 | lr=5.0000e-04 | Recon MSE=8.137754e-03 | ‖ω‖₁=8.517035e+01
  λ=1.440e-03 | Epoch  40 | lr=2.5000e-04 | Recon MSE=1.568957e-02 | ‖ω‖₁=7.775127e+01
  λ=1.440e-03 | Epoch  50 | lr=2.5000e-04 | Recon MSE=1.868915e-02 | ‖ω‖₁=6.836149e+01
  λ=1.440e-03 | Epoch  60 | lr=1.2500e-04 | Recon MSE=2.892335e-02 | ‖ω‖₁=5.906575e+01
  λ=1.440e-03 | Epoch  70 | lr=1.2500e-04 | Recon MSE=4.498147e-02 | ‖ω‖₁=4.892963e+01
  λ=1.440e-03 | Epoch  80 | lr=6.2500e-05 | Recon MSE=6.207759e-02 | ‖ω‖₁=3.897667e+01
  λ=1.440e-03 | Epoch  90 | lr=6.2500e-05 | Recon MSE=1.105937e-01 | ‖ω‖₁=2.859225e+01
  λ=1.440e-03 | Epoch 100 | lr=3.1250e-05 | Recon MSE=1.531539e-01 | ‖ω‖₁=1.969655e+01
  → at λ=1.440e-03:  r(λ)=100,  rel_err=7.377140e-02

-- Path iteration 4, λ = 1.728e-03   (r(λ) prev = 100)
  λ=1.728e-03 | Epoch   1 | lr=1.0000e-03 | Recon MSE=1.208592e-03 | ‖ω‖₁=9.943833e+01
  λ=1.728e-03 | Epoch  10 | lr=1.0000e-03 | Recon MSE=7.986783e-03 | ‖ω‖₁=9.441994e+01
  λ=1.728e-03 | Epoch  20 | lr=5.0000e-04 | Recon MSE=1.029137e-02 | ‖ω‖₁=8.786094e+01
  λ=1.728e-03 | Epoch  30 | lr=5.0000e-04 | Recon MSE=1.387969e-02 | ‖ω‖₁=7.768667e+01
  λ=1.728e-03 | Epoch  40 | lr=2.5000e-04 | Recon MSE=2.288771e-02 | ‖ω‖₁=6.745851e+01
  λ=1.728e-03 | Epoch  50 | lr=2.5000e-04 | Recon MSE=3.053411e-02 | ‖ω‖₁=5.561472e+01
  λ=1.728e-03 | Epoch  60 | lr=1.2500e-04 | Recon MSE=4.369668e-02 | ‖ω‖₁=4.400785e+01
  λ=1.728e-03 | Epoch  70 | lr=1.2500e-04 | Recon MSE=6.687093e-02 | ‖ω‖₁=3.184696e+01
  λ=1.728e-03 | Epoch  80 | lr=6.2500e-05 | Recon MSE=1.049546e-01 | ‖ω‖₁=2.081016e+01
  λ=1.728e-03 | Epoch  90 | lr=6.2500e-05 | Recon MSE=1.496908e-01 | ‖ω‖₁=1.287824e+01
  λ=1.728e-03 | Epoch 100 | lr=3.1250e-05 | Recon MSE=1.892039e-01 | ‖ω‖₁=7.306633e+00
  → at λ=1.728e-03:  r(λ)=100,  rel_err=8.225365e-02

-- Path iteration 5, λ = 2.074e-03   (r(λ) prev = 100)
  λ=2.074e-03 | Epoch   1 | lr=1.0000e-03 | Recon MSE=1.468198e-03 | ‖ω‖₁=9.929864e+01
  λ=2.074e-03 | Epoch  10 | lr=1.0000e-03 | Recon MSE=1.725972e-02 | ‖ω‖₁=9.181432e+01
  λ=2.074e-03 | Epoch  20 | lr=5.0000e-04 | Recon MSE=2.632143e-02 | ‖ω‖₁=8.234907e+01
  λ=2.074e-03 | Epoch  30 | lr=5.0000e-04 | Recon MSE=2.378289e-02 | ‖ω‖₁=6.926795e+01
  λ=2.074e-03 | Epoch  40 | lr=2.5000e-04 | Recon MSE=3.987411e-02 | ‖ω‖₁=5.605119e+01
  λ=2.074e-03 | Epoch  50 | lr=2.5000e-04 | Recon MSE=4.528038e-02 | ‖ω‖₁=4.154205e+01
  λ=2.074e-03 | Epoch  60 | lr=1.2500e-04 | Recon MSE=6.240833e-02 | ‖ω‖₁=2.773825e+01
  λ=2.074e-03 | Epoch  70 | lr=1.2500e-04 | Recon MSE=1.149373e-01 | ‖ω‖₁=1.565666e+01
  λ=2.074e-03 | Epoch  80 | lr=6.2500e-05 | Recon MSE=1.391170e-01 | ‖ω‖₁=8.506966e+00
  λ=2.074e-03 | Epoch  90 | lr=6.2500e-05 | Recon MSE=1.575128e-01 | ‖ω‖₁=5.877941e+00
  λ=2.074e-03 | Epoch 100 | lr=3.1250e-05 | Recon MSE=1.465604e-01 | ‖ω‖₁=5.449792e+00
  → at λ=2.074e-03:  r(λ)=100,  rel_err=7.184950e-02

-- Path iteration 6, λ = 2.488e-03   (r(λ) prev = 100)
  λ=2.488e-03 | Epoch   1 | lr=1.0000e-03 | Recon MSE=2.233897e-03 | ‖ω‖₁=9.909718e+01
  λ=2.488e-03 | Epoch  10 | lr=1.0000e-03 | Recon MSE=3.459611e-02 | ‖ω‖₁=8.862543e+01
  λ=2.488e-03 | Epoch  20 | lr=5.0000e-04 | Recon MSE=4.228796e-02 | ‖ω‖₁=7.574418e+01
  λ=2.488e-03 | Epoch  30 | lr=5.0000e-04 | Recon MSE=4.190795e-02 | ‖ω‖₁=5.930376e+01
  λ=2.488e-03 | Epoch  40 | lr=2.5000e-04 | Recon MSE=6.533899e-02 | ‖ω‖₁=4.282283e+01
  λ=2.488e-03 | Epoch  50 | lr=2.5000e-04 | Recon MSE=8.855723e-02 | ‖ω‖₁=2.550504e+01
  λ=2.488e-03 | Epoch  60 | lr=1.2500e-04 | Recon MSE=1.223867e-01 | ‖ω‖₁=1.292874e+01
  λ=2.488e-03 | Epoch  70 | lr=1.2500e-04 | Recon MSE=1.701933e-01 | ‖ω‖₁=6.267708e+00
  λ=2.488e-03 | Epoch  80 | lr=6.2500e-05 | Recon MSE=1.516440e-01 | ‖ω‖₁=5.595876e+00
  λ=2.488e-03 | Epoch  90 | lr=6.2500e-05 | Recon MSE=1.465333e-01 | ‖ω‖₁=5.241750e+00
  λ=2.488e-03 | Epoch 100 | lr=3.1250e-05 | Recon MSE=1.420497e-01 | ‖ω‖₁=4.977991e+00
  → at λ=2.488e-03:  r(λ)=100,  rel_err=7.082184e-02

-- Path iteration 7, λ = 2.986e-03   (r(λ) prev = 100)
  λ=2.986e-03 | Epoch   1 | lr=1.0000e-03 | Recon MSE=2.844168e-03 | ‖ω‖₁=9.891483e+01
  λ=2.986e-03 | Epoch  10 | lr=1.0000e-03 | Recon MSE=5.992324e-02 | ‖ω‖₁=8.488741e+01
  λ=2.986e-03 | Epoch  20 | lr=5.0000e-04 | Recon MSE=6.461165e-02 | ‖ω‖₁=6.786451e+01
  λ=2.986e-03 | Epoch  30 | lr=5.0000e-04 | Recon MSE=6.819230e-02 | ‖ω‖₁=4.736769e+01
  λ=2.986e-03 | Epoch  40 | lr=2.5000e-04 | Recon MSE=9.753480e-02 | ‖ω‖₁=2.723808e+01
  λ=2.986e-03 | Epoch  50 | lr=2.5000e-04 | Recon MSE=1.445874e-01 | ‖ω‖₁=1.125537e+01
  λ=2.986e-03 | Epoch  60 | lr=1.2500e-04 | Recon MSE=1.543276e-01 | ‖ω‖₁=5.958117e+00
  λ=2.986e-03 | Epoch  70 | lr=1.2500e-04 | Recon MSE=1.423278e-01 | ‖ω‖₁=5.379698e+00
  λ=2.986e-03 | Epoch  80 | lr=6.2500e-05 | Recon MSE=1.333514e-01 | ‖ω‖₁=5.031006e+00
  λ=2.986e-03 | Epoch  90 | lr=6.2500e-05 | Recon MSE=1.303523e-01 | ‖ω‖₁=4.757298e+00
  λ=2.986e-03 | Epoch 100 | lr=3.1250e-05 | Recon MSE=1.275530e-01 | ‖ω‖₁=4.535534e+00
  → at λ=2.986e-03:  r(λ)=100,  rel_err=6.712531e-02

-- Path iteration 8, λ = 3.583e-03   (r(λ) prev = 100)
  λ=3.583e-03 | Epoch   1 | lr=1.0000e-03 | Recon MSE=4.432940e-03 | ‖ω‖₁=9.866628e+01
  λ=3.583e-03 | Epoch  10 | lr=1.0000e-03 | Recon MSE=1.107930e-01 | ‖ω‖₁=8.033319e+01
  λ=3.583e-03 | Epoch  20 | lr=5.0000e-04 | Recon MSE=9.314011e-02 | ‖ω‖₁=5.832222e+01
  λ=3.583e-03 | Epoch  30 | lr=5.0000e-04 | Recon MSE=1.219627e-01 | ‖ω‖₁=3.314666e+01
  λ=3.583e-03 | Epoch  40 | lr=2.5000e-04 | Recon MSE=1.956985e-01 | ‖ω‖₁=1.224552e+01
  λ=3.583e-03 | Epoch  50 | lr=2.5000e-04 | Recon MSE=2.043944e-01 | ‖ω‖₁=5.741148e+00
  λ=3.583e-03 | Epoch  60 | lr=1.2500e-04 | Recon MSE=1.775644e-01 | ‖ω‖₁=5.187997e+00
  λ=3.583e-03 | Epoch  70 | lr=1.2500e-04 | Recon MSE=1.676230e-01 | ‖ω‖₁=4.821180e+00
  λ=3.583e-03 | Epoch  80 | lr=6.2500e-05 | Recon MSE=1.583955e-01 | ‖ω‖₁=4.544744e+00
  λ=3.583e-03 | Epoch  90 | lr=6.2500e-05 | Recon MSE=1.546616e-01 | ‖ω‖₁=4.304922e+00
  λ=3.583e-03 | Epoch 100 | lr=3.1250e-05 | Recon MSE=1.514232e-01 | ‖ω‖₁=4.099696e+00
  → at λ=3.583e-03:  r(λ)=100,  rel_err=7.314219e-02

-- Path iteration 9, λ = 4.300e-03   (r(λ) prev = 100)
  λ=4.300e-03 | Epoch   1 | lr=1.0000e-03 | Recon MSE=6.553621e-03 | ‖ω‖₁=9.836096e+01
  λ=4.300e-03 | Epoch  10 | lr=1.0000e-03 | Recon MSE=1.862770e-01 | ‖ω‖₁=7.489131e+01
  λ=4.300e-03 | Epoch  20 | lr=5.0000e-04 | Recon MSE=1.953351e-01 | ‖ω‖₁=4.694075e+01
  λ=4.300e-03 | Epoch  30 | lr=5.0000e-04 | Recon MSE=2.299708e-01 | ‖ω‖₁=1.718241e+01
  λ=4.300e-03 | Epoch  40 | lr=2.5000e-04 | Recon MSE=2.396931e-01 | ‖ω‖₁=5.879114e+00
  λ=4.300e-03 | Epoch  50 | lr=2.5000e-04 | Recon MSE=2.048590e-01 | ‖ω‖₁=5.156030e+00
  λ=4.300e-03 | Epoch  60 | lr=1.2500e-04 | Recon MSE=1.831279e-01 | ‖ω‖₁=4.753765e+00
  λ=4.300e-03 | Epoch  70 | lr=1.2500e-04 | Recon MSE=1.735554e-01 | ‖ω‖₁=4.433265e+00
  λ=4.300e-03 | Epoch  80 | lr=6.2500e-05 | Recon MSE=1.660621e-01 | ‖ω‖₁=4.174594e+00
  λ=4.300e-03 | Epoch  90 | lr=6.2500e-05 | Recon MSE=1.637645e-01 | ‖ω‖₁=3.942036e+00
  λ=4.300e-03 | Epoch 100 | lr=3.1250e-05 | Recon MSE=1.613047e-01 | ‖ω‖₁=3.740819e+00
  → at λ=4.300e-03:  r(λ)=100,  rel_err=7.551755e-02

-- Path iteration 10, λ = 5.160e-03   (r(λ) prev = 100)
  λ=5.160e-03 | Epoch   1 | lr=1.0000e-03 | Recon MSE=9.683401e-03 | ‖ω‖₁=9.798332e+01
  λ=5.160e-03 | Epoch  10 | lr=1.0000e-03 | Recon MSE=3.288576e-01 | ‖ω‖₁=6.843280e+01
  λ=5.160e-03 | Epoch  20 | lr=5.0000e-04 | Recon MSE=2.788975e-01 | ‖ω‖₁=3.351256e+01
  λ=5.160e-03 | Epoch  30 | lr=5.0000e-04 | Recon MSE=4.382824e-01 | ‖ω‖₁=6.328414e+00
  λ=5.160e-03 | Epoch  40 | lr=2.5000e-04 | Recon MSE=2.994768e-01 | ‖ω‖₁=5.160386e+00
  λ=5.160e-03 | Epoch  50 | lr=2.5000e-04 | Recon MSE=2.591974e-01 | ‖ω‖₁=4.673905e+00
  λ=5.160e-03 | Epoch  60 | lr=1.2500e-04 | Recon MSE=2.320237e-01 | ‖ω‖₁=4.328795e+00
  λ=5.160e-03 | Epoch  70 | lr=1.2500e-04 | Recon MSE=2.211215e-01 | ‖ω‖₁=4.034297e+00
  λ=5.160e-03 | Epoch  80 | lr=6.2500e-05 | Recon MSE=2.120482e-01 | ‖ω‖₁=3.787246e+00
  λ=5.160e-03 | Epoch  90 | lr=6.2500e-05 | Recon MSE=2.097574e-01 | ‖ω‖₁=3.560804e+00
  λ=5.160e-03 | Epoch 100 | lr=3.1250e-05 | Recon MSE=2.068850e-01 | ‖ω‖₁=3.361913e+00
  → at λ=5.160e-03:  r(λ)=100,  rel_err=8.555880e-02

-- Path iteration 11, λ = 6.192e-03   (r(λ) prev = 100)
  λ=6.192e-03 | Epoch   1 | lr=1.0000e-03 | Recon MSE=1.465636e-02 | ‖ω‖₁=9.750787e+01
  λ=6.192e-03 | Epoch  10 | lr=1.0000e-03 | Recon MSE=5.245778e-01 | ‖ω‖₁=6.044811e+01
  λ=6.192e-03 | Epoch  20 | lr=5.0000e-04 | Recon MSE=4.426582e-01 | ‖ω‖₁=1.777286e+01
  λ=6.192e-03 | Epoch  30 | lr=5.0000e-04 | Recon MSE=4.867484e-01 | ‖ω‖₁=5.265239e+00
  λ=6.192e-03 | Epoch  40 | lr=2.5000e-04 | Recon MSE=3.743519e-01 | ‖ω‖₁=4.640171e+00
  λ=6.192e-03 | Epoch  50 | lr=2.5000e-04 | Recon MSE=3.407529e-01 | ‖ω‖₁=4.222444e+00
  λ=6.192e-03 | Epoch  60 | lr=1.2500e-04 | Recon MSE=3.155761e-01 | ‖ω‖₁=3.900927e+00
  λ=6.192e-03 | Epoch  70 | lr=1.2500e-04 | Recon MSE=3.081013e-01 | ‖ω‖₁=3.617609e+00
  λ=6.192e-03 | Epoch  80 | lr=6.2500e-05 | Recon MSE=2.995897e-01 | ‖ω‖₁=3.372881e+00
  λ=6.192e-03 | Epoch  90 | lr=6.2500e-05 | Recon MSE=3.013026e-01 | ‖ω‖₁=3.145678e+00
  λ=6.192e-03 | Epoch 100 | lr=3.1250e-05 | Recon MSE=2.998340e-01 | ‖ω‖₁=2.941397e+00
  → at λ=6.192e-03:  r(λ)=100,  rel_err=1.030443e-01

-- Path iteration 12, λ = 7.430e-03   (r(λ) prev = 100)
  λ=7.430e-03 | Epoch   1 | lr=1.0000e-03 | Recon MSE=2.161400e-02 | ‖ω‖₁=9.696636e+01
  λ=7.430e-03 | Epoch  10 | lr=1.0000e-03 | Recon MSE=9.254615e-01 | ‖ω‖₁=5.101540e+01
  λ=7.430e-03 | Epoch  20 | lr=5.0000e-04 | Recon MSE=8.346849e-01 | ‖ω‖₁=6.297001e+00
  λ=7.430e-03 | Epoch  30 | lr=5.0000e-04 | Recon MSE=5.241060e-01 | ‖ω‖₁=4.872081e+00
  λ=7.430e-03 | Epoch  40 | lr=2.5000e-04 | Recon MSE=3.917458e-01 | ‖ω‖₁=4.341075e+00
  λ=7.430e-03 | Epoch  50 | lr=2.5000e-04 | Recon MSE=3.436701e-01 | ‖ω‖₁=3.933456e+00
  λ=7.430e-03 | Epoch  60 | lr=1.2500e-04 | Recon MSE=3.076374e-01 | ‖ω‖₁=3.611955e+00
  λ=7.430e-03 | Epoch  70 | lr=1.2500e-04 | Recon MSE=2.937527e-01 | ‖ω‖₁=3.323392e+00
  λ=7.430e-03 | Epoch  80 | lr=6.2500e-05 | Recon MSE=2.820753e-01 | ‖ω‖₁=3.076942e+00
  λ=7.430e-03 | Epoch  90 | lr=6.2500e-05 | Recon MSE=2.798073e-01 | ‖ω‖₁=2.843573e+00
  λ=7.430e-03 | Epoch 100 | lr=3.1250e-05 | Recon MSE=2.766345e-01 | ‖ω‖₁=2.636415e+00
  → at λ=7.430e-03:  r(λ)=100,  rel_err=9.890596e-02

-- Path iteration 13, λ = 8.916e-03   (r(λ) prev = 100)
  λ=8.916e-03 | Epoch   1 | lr=1.0000e-03 | Recon MSE=3.224261e-02 | ‖ω‖₁=9.631320e+01
  λ=8.916e-03 | Epoch  10 | lr=1.0000e-03 | Recon MSE=1.471182e+00 | ‖ω‖₁=3.972452e+01
  λ=8.916e-03 | Epoch  20 | lr=5.0000e-04 | Recon MSE=8.898605e-01 | ‖ω‖₁=5.367366e+00
  λ=8.916e-03 | Epoch  30 | lr=5.0000e-04 | Recon MSE=5.956997e-01 | ‖ω‖₁=4.504479e+00
  λ=8.916e-03 | Epoch  40 | lr=2.5000e-04 | Recon MSE=4.678151e-01 | ‖ω‖₁=4.017794e+00
  λ=8.916e-03 | Epoch  50 | lr=2.5000e-04 | Recon MSE=4.240689e-01 | ‖ω‖₁=3.624259e+00
  λ=8.916e-03 | Epoch  60 | lr=1.2500e-04 | Recon MSE=3.868681e-01 | ‖ω‖₁=3.307056e+00
  λ=8.916e-03 | Epoch  70 | lr=1.2500e-04 | Recon MSE=3.714100e-01 | ‖ω‖₁=3.015828e+00
  λ=8.916e-03 | Epoch  80 | lr=6.2500e-05 | Recon MSE=3.559417e-01 | ‖ω‖₁=2.763322e+00
  λ=8.916e-03 | Epoch  90 | lr=6.2500e-05 | Recon MSE=3.545576e-01 | ‖ω‖₁=2.521571e+00
  λ=8.916e-03 | Epoch 100 | lr=3.1250e-05 | Recon MSE=3.511258e-01 | ‖ω‖₁=2.306322e+00
  → at λ=8.916e-03:  r(λ)=100,  rel_err=1.114289e-01

-- Path iteration 14, λ = 1.070e-02   (r(λ) prev = 100)
  λ=1.070e-02 | Epoch   1 | lr=1.0000e-03 | Recon MSE=4.737308e-02 | ‖ω‖₁=9.551400e+01
  λ=1.070e-02 | Epoch  10 | lr=1.0000e-03 | Recon MSE=2.588577e+00 | ‖ω‖₁=2.610541e+01
  λ=1.070e-02 | Epoch  20 | lr=5.0000e-04 | Recon MSE=1.338965e+00 | ‖ω‖₁=4.790515e+00
  λ=1.070e-02 | Epoch  30 | lr=5.0000e-04 | Recon MSE=9.323396e-01 | ‖ω‖₁=4.054266e+00
  λ=1.070e-02 | Epoch  40 | lr=2.5000e-04 | Recon MSE=6.755328e-01 | ‖ω‖₁=3.595573e+00
  λ=1.070e-02 | Epoch  50 | lr=2.5000e-04 | Recon MSE=5.871936e-01 | ‖ω‖₁=3.202907e+00
  λ=1.070e-02 | Epoch  60 | lr=1.2500e-04 | Recon MSE=5.204070e-01 | ‖ω‖₁=2.884084e+00
  λ=1.070e-02 | Epoch  70 | lr=1.2500e-04 | Recon MSE=4.946985e-01 | ‖ω‖₁=2.587270e+00
  λ=1.070e-02 | Epoch  80 | lr=6.2500e-05 | Recon MSE=4.717102e-01 | ‖ω‖₁=2.331169e+00
  λ=1.070e-02 | Epoch  90 | lr=6.2500e-05 | Recon MSE=4.701372e-01 | ‖ω‖₁=2.082845e+00
  λ=1.070e-02 | Epoch 100 | lr=3.1250e-05 | Recon MSE=4.660922e-01 | ‖ω‖₁=1.860028e+00
  → at λ=1.070e-02:  r(λ)=100,  rel_err=1.284515e-01

-- Path iteration 15, λ = 1.284e-02   (r(λ) prev = 100)
  λ=1.284e-02 | Epoch   1 | lr=1.0000e-03 | Recon MSE=6.967265e-02 | ‖ω‖₁=9.459291e+01
  λ=1.284e-02 | Epoch  10 | lr=1.0000e-03 | Recon MSE=6.656274e+00 | ‖ω‖₁=1.020050e+01
  λ=1.284e-02 | Epoch  20 | lr=5.0000e-04 | Recon MSE=2.580623e+00 | ‖ω‖₁=4.373012e+00
  λ=1.284e-02 | Epoch  30 | lr=5.0000e-04 | Recon MSE=1.793005e+00 | ‖ω‖₁=3.684480e+00
  λ=1.284e-02 | Epoch  40 | lr=2.5000e-04 | Recon MSE=1.256291e+00 | ‖ω‖₁=3.225458e+00
  λ=1.284e-02 | Epoch  50 | lr=2.5000e-04 | Recon MSE=1.090469e+00 | ‖ω‖₁=2.817552e+00
  λ=1.284e-02 | Epoch  60 | lr=1.2500e-04 | Recon MSE=9.553861e-01 | ‖ω‖₁=2.479893e+00
  λ=1.284e-02 | Epoch  70 | lr=1.2500e-04 | Recon MSE=9.065603e-01 | ‖ω‖₁=2.162811e+00
  λ=1.284e-02 | Epoch  80 | lr=6.2500e-05 | Recon MSE=8.629294e-01 | ‖ω‖₁=1.888122e+00
  λ=1.284e-02 | Epoch  90 | lr=6.2500e-05 | Recon MSE=8.611894e-01 | ‖ω‖₁=1.618186e+00
  λ=1.284e-02 | Epoch 100 | lr=3.1250e-05 | Recon MSE=8.563458e-01 | ‖ω‖₁=1.378040e+00
  → at λ=1.284e-02:  r(λ)=94,  rel_err=1.741467e-01

-- Path iteration 16, λ = 1.541e-02   (r(λ) prev = 94)
  λ=1.541e-02 | Epoch   1 | lr=1.0000e-03 | Recon MSE=1.019132e-01 | ‖ω‖₁=9.345513e+01
  λ=1.541e-02 | Epoch  10 | lr=1.0000e-03 | Recon MSE=9.334125e+00 | ‖ω‖₁=5.441057e+00
  λ=1.541e-02 | Epoch  20 | lr=5.0000e-04 | Recon MSE=3.471191e+00 | ‖ω‖₁=4.048938e+00
  λ=1.541e-02 | Epoch  30 | lr=5.0000e-04 | Recon MSE=2.241120e+00 | ‖ω‖₁=3.352646e+00
  λ=1.541e-02 | Epoch  40 | lr=2.5000e-04 | Recon MSE=1.611487e+00 | ‖ω‖₁=2.856941e+00
  λ=1.541e-02 | Epoch  50 | lr=2.5000e-04 | Recon MSE=1.436006e+00 | ‖ω‖₁=2.418054e+00
  λ=1.541e-02 | Epoch  60 | lr=1.2500e-04 | Recon MSE=1.305295e+00 | ‖ω‖₁=2.060166e+00
  λ=1.541e-02 | Epoch  70 | lr=1.2500e-04 | Recon MSE=1.259212e+00 | ‖ω‖₁=1.723242e+00
  λ=1.541e-02 | Epoch  80 | lr=6.2500e-05 | Recon MSE=1.210176e+00 | ‖ω‖₁=1.428409e+00
  λ=1.541e-02 | Epoch  90 | lr=6.2500e-05 | Recon MSE=1.221955e+00 | ‖ω‖₁=1.153886e+00
  λ=1.541e-02 | Epoch 100 | lr=3.1250e-05 | Recon MSE=1.223826e+00 | ‖ω‖₁=9.712889e-01
  → at λ=1.541e-02:  r(λ)=56,  rel_err=2.083070e-01

-- Path iteration 17, λ = 1.849e-02   (r(λ) prev = 56)
  λ=1.849e-02 | Epoch   1 | lr=1.0000e-03 | Recon MSE=1.498332e-01 | ‖ω‖₁=9.207184e+01
  λ=1.849e-02 | Epoch  10 | lr=1.0000e-03 | Recon MSE=1.253656e+01 | ‖ω‖₁=4.784950e+00
  λ=1.849e-02 | Epoch  20 | lr=5.0000e-04 | Recon MSE=6.364999e+00 | ‖ω‖₁=3.632502e+00
  λ=1.849e-02 | Epoch  30 | lr=5.0000e-04 | Recon MSE=4.183536e+00 | ‖ω‖₁=2.882438e+00
  λ=1.849e-02 | Epoch  40 | lr=2.5000e-04 | Recon MSE=3.043094e+00 | ‖ω‖₁=2.357623e+00
  λ=1.849e-02 | Epoch  50 | lr=2.5000e-04 | Recon MSE=2.533704e+00 | ‖ω‖₁=1.903082e+00
  λ=1.849e-02 | Epoch  60 | lr=1.2500e-04 | Recon MSE=2.140080e+00 | ‖ω‖₁=1.530005e+00
  λ=1.849e-02 | Epoch  70 | lr=1.2500e-04 | Recon MSE=2.015138e+00 | ‖ω‖₁=1.171582e+00
  λ=1.849e-02 | Epoch  80 | lr=6.2500e-05 | Recon MSE=1.917653e+00 | ‖ω‖₁=9.344522e-01
  λ=1.849e-02 | Epoch  90 | lr=6.2500e-05 | Recon MSE=1.944484e+00 | ‖ω‖₁=7.824909e-01
  λ=1.849e-02 | Epoch 100 | lr=3.1250e-05 | Recon MSE=1.953911e+00 | ‖ω‖₁=6.794404e-01
  → at λ=1.849e-02:  r(λ)=38,  rel_err=2.632015e-01

-- Path iteration 18, λ = 2.219e-02   (r(λ) prev = 38)
  λ=2.219e-02 | Epoch   1 | lr=1.0000e-03 | Recon MSE=2.160219e-01 | ‖ω‖₁=9.048884e+01
  λ=2.219e-02 | Epoch  10 | lr=1.0000e-03 | Recon MSE=1.878912e+01 | ‖ω‖₁=4.278023e+00
  λ=2.219e-02 | Epoch  20 | lr=5.0000e-04 | Recon MSE=1.182304e+01 | ‖ω‖₁=3.214432e+00
  λ=2.219e-02 | Epoch  30 | lr=5.0000e-04 | Recon MSE=8.848940e+00 | ‖ω‖₁=2.373725e+00
  λ=2.219e-02 | Epoch  40 | lr=2.5000e-04 | Recon MSE=6.286596e+00 | ‖ω‖₁=1.843425e+00
  λ=2.219e-02 | Epoch  50 | lr=2.5000e-04 | Recon MSE=5.464534e+00 | ‖ω‖₁=1.360405e+00
  λ=2.219e-02 | Epoch  60 | lr=1.2500e-04 | Recon MSE=4.863217e+00 | ‖ω‖₁=9.863559e-01
  λ=2.219e-02 | Epoch  70 | lr=1.2500e-04 | Recon MSE=4.662891e+00 | ‖ω‖₁=7.451515e-01
  λ=2.219e-02 | Epoch  80 | lr=6.2500e-05 | Recon MSE=4.524389e+00 | ‖ω‖₁=6.152594e-01
  λ=2.219e-02 | Epoch  90 | lr=6.2500e-05 | Recon MSE=4.571884e+00 | ‖ω‖₁=4.979622e-01
  λ=2.219e-02 | Epoch 100 | lr=3.1250e-05 | Recon MSE=4.583833e+00 | ‖ω‖₁=4.270937e-01
  → at λ=2.219e-02:  r(λ)=26,  rel_err=4.031741e-01

-- Path iteration 19, λ = 2.662e-02   (r(λ) prev = 26)
  λ=2.662e-02 | Epoch   1 | lr=1.0000e-03 | Recon MSE=3.157359e-01 | ‖ω‖₁=8.852245e+01
  λ=2.662e-02 | Epoch  10 | lr=1.0000e-03 | Recon MSE=2.176000e+01 | ‖ω‖₁=3.881008e+00
  λ=2.662e-02 | Epoch  20 | lr=5.0000e-04 | Recon MSE=1.713975e+01 | ‖ω‖₁=2.766011e+00
  λ=2.662e-02 | Epoch  30 | lr=5.0000e-04 | Recon MSE=1.365336e+01 | ‖ω‖₁=2.015105e+00
  λ=2.662e-02 | Epoch  40 | lr=2.5000e-04 | Recon MSE=1.095323e+01 | ‖ω‖₁=1.376978e+00
  λ=2.662e-02 | Epoch  50 | lr=2.5000e-04 | Recon MSE=9.683634e+00 | ‖ω‖₁=8.365234e-01
  λ=2.662e-02 | Epoch  60 | lr=1.2500e-04 | Recon MSE=8.294880e+00 | ‖ω‖₁=5.691531e-01
  λ=2.662e-02 | Epoch  70 | lr=1.2500e-04 | Recon MSE=7.843447e+00 | ‖ω‖₁=4.270165e-01
  λ=2.662e-02 | Epoch  80 | lr=6.2500e-05 | Recon MSE=7.624486e+00 | ‖ω‖₁=3.398506e-01
  λ=2.662e-02 | Epoch  90 | lr=6.2500e-05 | Recon MSE=7.630461e+00 | ‖ω‖₁=2.641622e-01
  λ=2.662e-02 | Epoch 100 | lr=3.1250e-05 | Recon MSE=7.602277e+00 | ‖ω‖₁=2.140184e-01
  → at λ=2.662e-02:  r(λ)=15,  rel_err=5.191713e-01

-- Path iteration 20, λ = 3.195e-02   (r(λ) prev = 15)
  λ=3.195e-02 | Epoch   1 | lr=1.0000e-03 | Recon MSE=4.591864e-01 | ‖ω‖₁=8.615445e+01
  λ=3.195e-02 | Epoch  10 | lr=1.0000e-03 | Recon MSE=2.473370e+01 | ‖ω‖₁=3.461518e+00
  λ=3.195e-02 | Epoch  20 | lr=5.0000e-04 | Recon MSE=2.368471e+01 | ‖ω‖₁=2.360288e+00
  λ=3.195e-02 | Epoch  30 | lr=5.0000e-04 | Recon MSE=2.194372e+01 | ‖ω‖₁=1.429722e+00
  λ=3.195e-02 | Epoch  40 | lr=2.5000e-04 | Recon MSE=1.821999e+01 | ‖ω‖₁=8.235262e-01
  λ=3.195e-02 | Epoch  50 | lr=2.5000e-04 | Recon MSE=1.699649e+01 | ‖ω‖₁=3.690311e-01
  λ=3.195e-02 | Epoch  60 | lr=1.2500e-04 | Recon MSE=1.632964e+01 | ‖ω‖₁=2.456054e-01
  λ=3.195e-02 | Epoch  70 | lr=1.2500e-04 | Recon MSE=1.559391e+01 | ‖ω‖₁=1.877859e-01
  λ=3.195e-02 | Epoch  80 | lr=6.2500e-05 | Recon MSE=1.509801e+01 | ‖ω‖₁=1.548639e-01
  λ=3.195e-02 | Epoch  90 | lr=6.2500e-05 | Recon MSE=1.498198e+01 | ‖ω‖₁=1.144054e-01
  λ=3.195e-02 | Epoch 100 | lr=3.1250e-05 | Recon MSE=1.494954e+01 | ‖ω‖₁=8.725776e-02
  → at λ=3.195e-02:  r(λ)=12,  rel_err=7.283640e-01

-- Path iteration 21, λ = 3.834e-02   (r(λ) prev = 12)
  λ=3.834e-02 | Epoch   1 | lr=1.0000e-03 | Recon MSE=6.695298e-01 | ‖ω‖₁=8.332120e+01
  λ=3.834e-02 | Epoch  10 | lr=1.0000e-03 | Recon MSE=2.485416e+01 | ‖ω‖₁=3.147098e+00
  λ=3.834e-02 | Epoch  20 | lr=5.0000e-04 | Recon MSE=2.429229e+01 | ‖ω‖₁=1.877279e+00
  λ=3.834e-02 | Epoch  30 | lr=5.0000e-04 | Recon MSE=2.364223e+01 | ‖ω‖₁=9.459058e-01
  λ=3.834e-02 | Epoch  40 | lr=2.5000e-04 | Recon MSE=2.269737e+01 | ‖ω‖₁=3.134918e-01
  λ=3.834e-02 | Epoch  50 | lr=2.5000e-04 | Recon MSE=2.120897e+01 | ‖ω‖₁=1.760032e-01
  λ=3.834e-02 | Epoch  60 | lr=1.2500e-04 | Recon MSE=1.988617e+01 | ‖ω‖₁=1.203199e-01
  λ=3.834e-02 | Epoch  70 | lr=1.2500e-04 | Recon MSE=1.929614e+01 | ‖ω‖₁=8.998573e-02
  λ=3.834e-02 | Epoch  80 | lr=6.2500e-05 | Recon MSE=1.880785e+01 | ‖ω‖₁=7.032484e-02
  λ=3.834e-02 | Epoch  90 | lr=6.2500e-05 | Recon MSE=1.842926e+01 | ‖ω‖₁=5.206762e-02
  λ=3.834e-02 | Epoch 100 | lr=3.1250e-05 | Recon MSE=1.836219e+01 | ‖ω‖₁=3.790419e-02
  → at λ=3.834e-02:  r(λ)=6,  rel_err=8.072022e-01

-- Path iteration 22, λ = 4.601e-02   (r(λ) prev = 6)
  λ=4.601e-02 | Epoch   1 | lr=1.0000e-03 | Recon MSE=9.650439e-01 | ‖ω‖₁=7.995669e+01
  λ=4.601e-02 | Epoch  10 | lr=1.0000e-03 | Recon MSE=2.511325e+01 | ‖ω‖₁=2.792725e+00
  λ=4.601e-02 | Epoch  20 | lr=5.0000e-04 | Recon MSE=2.366556e+01 | ‖ω‖₁=1.521161e+00
  λ=4.601e-02 | Epoch  30 | lr=5.0000e-04 | Recon MSE=2.320906e+01 | ‖ω‖₁=4.787060e-01
  λ=4.601e-02 | Epoch  40 | lr=2.5000e-04 | Recon MSE=2.070204e+01 | ‖ω‖₁=1.521761e-01
  λ=4.601e-02 | Epoch  50 | lr=2.5000e-04 | Recon MSE=2.062231e+01 | ‖ω‖₁=9.385245e-02
  λ=4.601e-02 | Epoch  60 | lr=1.2500e-04 | Recon MSE=2.061158e+01 | ‖ω‖₁=6.711219e-02
  λ=4.601e-02 | Epoch  70 | lr=1.2500e-04 | Recon MSE=2.062253e+01 | ‖ω‖₁=4.961376e-02
  λ=4.601e-02 | Epoch  80 | lr=6.2500e-05 | Recon MSE=2.062171e+01 | ‖ω‖₁=3.750488e-02
  λ=4.601e-02 | Epoch  90 | lr=6.2500e-05 | Recon MSE=2.074459e+01 | ‖ω‖₁=2.550283e-02
  λ=4.601e-02 | Epoch 100 | lr=3.1250e-05 | Recon MSE=2.109277e+01 | ‖ω‖₁=1.552976e-02
  → at λ=4.601e-02:  r(λ)=5,  rel_err=8.662010e-01

-- Path iteration 23, λ = 5.521e-02   (r(λ) prev = 5)
  λ=5.521e-02 | Epoch   1 | lr=1.0000e-03 | Recon MSE=1.399649e+00 | ‖ω‖₁=7.589726e+01
  λ=5.521e-02 | Epoch  10 | lr=1.0000e-03 | Recon MSE=2.537943e+01 | ‖ω‖₁=2.384750e+00
  λ=5.521e-02 | Epoch  20 | lr=5.0000e-04 | Recon MSE=2.614943e+01 | ‖ω‖₁=9.109650e-01
  λ=5.521e-02 | Epoch  30 | lr=5.0000e-04 | Recon MSE=2.664073e+01 | ‖ω‖₁=1.419285e-01
  λ=5.521e-02 | Epoch  40 | lr=2.5000e-04 | Recon MSE=2.646929e+01 | ‖ω‖₁=9.710340e-02
  λ=5.521e-02 | Epoch  50 | lr=2.5000e-04 | Recon MSE=2.552978e+01 | ‖ω‖₁=4.751642e-02
  λ=5.521e-02 | Epoch  60 | lr=1.2500e-04 | Recon MSE=2.475189e+01 | ‖ω‖₁=4.490980e-02
  λ=5.521e-02 | Epoch  70 | lr=1.2500e-04 | Recon MSE=2.454976e+01 | ‖ω‖₁=2.878505e-02
  λ=5.521e-02 | Epoch  80 | lr=6.2500e-05 | Recon MSE=2.447073e+01 | ‖ω‖₁=1.931307e-02
  λ=5.521e-02 | Epoch  90 | lr=6.2500e-05 | Recon MSE=2.468557e+01 | ‖ω‖₁=8.213224e-03
  λ=5.521e-02 | Epoch 100 | lr=3.1250e-05 | Recon MSE=2.613177e+01 | ‖ω‖₁=1.940263e-03
  → at λ=5.521e-02:  r(λ)=1,  rel_err=9.654284e-01

-- Path iteration 24, λ = 6.625e-02   (r(λ) prev = 1)
  λ=6.625e-02 | Epoch   1 | lr=1.0000e-03 | Recon MSE=2.022615e+00 | ‖ω‖₁=7.101467e+01
  λ=6.625e-02 | Epoch  10 | lr=1.0000e-03 | Recon MSE=2.556193e+01 | ‖ω‖₁=2.027787e+00
  λ=6.625e-02 | Epoch  20 | lr=5.0000e-04 | Recon MSE=2.641906e+01 | ‖ω‖₁=4.267462e-01
  λ=6.625e-02 | Epoch  30 | lr=5.0000e-04 | Recon MSE=2.680287e+01 | ‖ω‖₁=4.789649e-02
  λ=6.625e-02 | Epoch  40 | lr=2.5000e-04 | Recon MSE=2.682980e+01 | ‖ω‖₁=2.810853e-02
  λ=6.625e-02 | Epoch  50 | lr=2.5000e-04 | Recon MSE=2.686344e+01 | ‖ω‖₁=5.037581e-03
  λ=6.625e-02 | Epoch  60 | lr=1.2500e-04 | Recon MSE=2.687192e+01 | ‖ω‖₁=0.000000e+00
  λ=6.625e-02 | Epoch  70 | lr=1.2500e-04 | Recon MSE=2.687169e+01 | ‖ω‖₁=0.000000e+00
  λ=6.625e-02 | Epoch  80 | lr=6.2500e-05 | Recon MSE=2.687160e+01 | ‖ω‖₁=0.000000e+00
  λ=6.625e-02 | Epoch  90 | lr=6.2500e-05 | Recon MSE=2.687142e+01 | ‖ω‖₁=0.000000e+00
  λ=6.625e-02 | Epoch 100 | lr=3.1250e-05 | Recon MSE=2.687145e+01 | ‖ω‖₁=0.000000e+00
  → at λ=6.625e-02:  r(λ)=0,  rel_err=9.764689e-01
All skip-weights have zeroed out. Stopping path.

Found knees using DFDT method: [13 14 16 17 20 21]
[Dense2Sparse] Picked λ=3.834e-02,  r=6, err=8.072022e-01

→ Final training on full data with λ = 3.834e-02 ...
  λ=3.834e-02 | Epoch   1 | lr=1.0000e-03 | Recon MSE=6.662685e-01 | ‖ω‖₁=8.334951e+01
  λ=3.834e-02 | Epoch  10 | lr=1.0000e-03 | Recon MSE=2.495586e+01 | ‖ω‖₁=3.085530e+00
  λ=3.834e-02 | Epoch  20 | lr=5.0000e-04 | Recon MSE=2.479864e+01 | ‖ω‖₁=1.813125e+00
  λ=3.834e-02 | Epoch  30 | lr=5.0000e-04 | Recon MSE=2.414538e+01 | ‖ω‖₁=8.551101e-01
  λ=3.834e-02 | Epoch  40 | lr=2.5000e-04 | Recon MSE=2.394912e+01 | ‖ω‖₁=2.250789e-01
  λ=3.834e-02 | Epoch  50 | lr=2.5000e-04 | Recon MSE=2.402134e+01 | ‖ω‖₁=1.076583e-01
  λ=3.834e-02 | Epoch  60 | lr=1.2500e-04 | Recon MSE=2.336595e+01 | ‖ω‖₁=8.343463e-02
  λ=3.834e-02 | Epoch  70 | lr=1.2500e-04 | Recon MSE=2.196984e+01 | ‖ω‖₁=6.067597e-02
  λ=3.834e-02 | Epoch  80 | lr=6.2500e-05 | Recon MSE=2.174488e+01 | ‖ω‖₁=4.502309e-02
  λ=3.834e-02 | Epoch  90 | lr=6.2500e-05 | Recon MSE=2.175112e+01 | ‖ω‖₁=3.146006e-02
  λ=3.834e-02 | Epoch 100 | lr=3.1250e-05 | Recon MSE=2.173854e+01 | ‖ω‖₁=2.305622e-02

Final skip-weights ω: [0.0, 0.007598981726914644, 0.006417919881641865, 0.0, 0.0044443439692258835, 0.0, 0.004312358796596527, 0.0, 0.0, 0.0] ...
Selected POD-mode indices (ω_j ≠ 0): [1, 2, 4, 6] (count = 4 / 100)
Final relative reconstruction of SparseModesNet: ||X - X_hat||_F / ||X||_F = 8.782757e-01
Final MSE per sample of SparseModesNet: = 4.718090e+00
Relative error using only selected  modes: 9.043295e-01
MSE per sample using only selected  modes: 4.858051e+00
2025-06-17 13:46:36,138 - sparsemodesnet.advecting_pulse - INFO - ==================================================
2025-06-17 13:46:36,138 - sparsemodesnet.advecting_pulse - INFO - Experiment completed successfully!
2025-06-17 13:46:36,138 - sparsemodesnet.advecting_pulse - INFO - Selected 4 modes out of 100
2025-06-17 13:46:36,139 - sparsemodesnet.advecting_pulse - INFO - Final lambda: 3.834e-02
