2025-06-17 13:12:23,683 - sparsemodesnet.advecting_pulse - INFO - Starting advecting_pulse experiment
2025-06-17 13:12:23,684 - sparsemodesnet.advecting_pulse - INFO - Log file: /Users/tkoike3/Dev/Research/sparsemodesnet/experiments/logs/advecting_pulse_20250617_131223.log
2025-06-17 13:12:23,684 - sparsemodesnet.advecting_pulse - INFO - Experiment: Advecting Pulse
2025-06-17 13:12:23,685 - sparsemodesnet.advecting_pulse - INFO - Data shape: (1024, 1000)
2025-06-17 13:12:23,685 - sparsemodesnet.advecting_pulse - INFO - POD dimension: 100
2025-06-17 13:12:23,685 - sparsemodesnet.advecting_pulse - INFO - Hidden units: [100, 2000, 100]
2025-06-17 13:12:23,685 - sparsemodesnet.advecting_pulse - INFO - Regularization method: dense2sparse
2025-06-17 13:12:23,686 - sparsemodesnet.advecting_pulse - INFO - Device: mps
2025-06-17 13:12:23,686 - sparsemodesnet.advecting_pulse - INFO - Training parameters: M=2.0, lr=0.001, batch_size=256
2025-06-17 13:12:23,686 - sparsemodesnet.advecting_pulse - INFO - Optimizer: Adam, knee_method: dfdt
2025-06-17 13:12:23,687 - sparsemodesnet.advecting_pulse - INFO - NN type: PiNetCCP with polynomial order of 2, and 2 number of polynomial blocks
2025-06-17 13:12:23,687 - sparsemodesnet.advecting_pulse - INFO - ==================================================

=== SparseModesNet (λ-path=dense2sparse) on Advecting Pulse: d=1024, n=1000, s=100 ===

=== Dense-To-Sparse (default) λ-Path ===

-- Path iteration 1, λ = 1.000e-01   (r(λ) prev = 100)
  λ=1.000e-01 | Epoch   1 | lr=1.0000e-03 | Recon MSE=1.348921e+00 | ‖ω‖₁=7.528915e+01
  λ=1.000e-01 | Epoch  10 | lr=1.0000e-03 | Recon MSE=2.081787e+01 | ‖ω‖₁=2.300665e+00
  λ=1.000e-01 | Epoch  20 | lr=1.0000e-03 | Recon MSE=1.385772e+01 | ‖ω‖₁=9.039745e-01
  λ=1.000e-01 | Epoch  30 | lr=1.0000e-03 | Recon MSE=9.038190e+00 | ‖ω‖₁=2.214500e-01
  λ=1.000e-01 | Epoch  40 | lr=5.0000e-04 | Recon MSE=6.923905e+00 | ‖ω‖₁=1.361903e-01
  λ=1.000e-01 | Epoch  50 | lr=5.0000e-04 | Recon MSE=5.851109e+00 | ‖ω‖₁=9.807995e-02
  λ=1.000e-01 | Epoch  60 | lr=5.0000e-04 | Recon MSE=5.312695e+00 | ‖ω‖₁=7.301783e-02
  λ=1.000e-01 | Epoch  70 | lr=2.5000e-04 | Recon MSE=5.176034e+00 | ‖ω‖₁=5.855640e-02
  λ=1.000e-01 | Epoch  80 | lr=2.5000e-04 | Recon MSE=5.130970e+00 | ‖ω‖₁=4.716501e-02
  λ=1.000e-01 | Epoch  90 | lr=2.5000e-04 | Recon MSE=5.102364e+00 | ‖ω‖₁=3.874105e-02
  λ=1.000e-01 | Epoch 100 | lr=1.2500e-04 | Recon MSE=7.937032e+00 | ‖ω‖₁=2.681618e-02
  λ=1.000e-01 | Epoch 110 | lr=1.2500e-04 | Recon MSE=1.790856e+01 | ‖ω‖₁=1.250082e-02
  λ=1.000e-01 | Epoch 120 | lr=1.2500e-04 | Recon MSE=2.687981e+01 | ‖ω‖₁=0.000000e+00
  λ=1.000e-01 | Epoch 130 | lr=6.2500e-05 | Recon MSE=2.687260e+01 | ‖ω‖₁=0.000000e+00
  λ=1.000e-01 | Epoch 140 | lr=6.2500e-05 | Recon MSE=2.687220e+01 | ‖ω‖₁=0.000000e+00
  λ=1.000e-01 | Epoch 150 | lr=6.2500e-05 | Recon MSE=2.687208e+01 | ‖ω‖₁=0.000000e+00
  λ=1.000e-01 | Epoch 160 | lr=3.1250e-05 | Recon MSE=2.687221e+01 | ‖ω‖₁=0.000000e+00
  → at λ=1.000e-01:  r(λ)=0,  rel_err=9.764707e-01
All skip-weights have zeroed out. Stopping path.

Found knees using DFDT method: []
No modes selected at λ*. Using fallback selection.
Searching for first λ with nonzero_count <= 20 ...
[Fallback] λ=1.000e-01, r=0, err=9.764707e-01

→ Final training on full data with λ = 1.000e-01 ...
  λ=1.000e-01 | Epoch   1 | lr=1.0000e-03 | Recon MSE=1.380227e+00 | ‖ω‖₁=7.531269e+01
  λ=1.000e-01 | Epoch  10 | lr=1.0000e-03 | Recon MSE=2.083784e+01 | ‖ω‖₁=2.313818e+00
  λ=1.000e-01 | Epoch  20 | lr=1.0000e-03 | Recon MSE=1.199956e+01 | ‖ω‖₁=9.410108e-01
  λ=1.000e-01 | Epoch  30 | lr=1.0000e-03 | Recon MSE=7.591703e+00 | ‖ω‖₁=2.510004e-01
  λ=1.000e-01 | Epoch  40 | lr=5.0000e-04 | Recon MSE=5.589030e+00 | ‖ω‖₁=1.698475e-01
  λ=1.000e-01 | Epoch  50 | lr=5.0000e-04 | Recon MSE=4.466722e+00 | ‖ω‖₁=1.340277e-01
  λ=1.000e-01 | Epoch  60 | lr=5.0000e-04 | Recon MSE=3.931407e+00 | ‖ω‖₁=1.108864e-01
  λ=1.000e-01 | Epoch  70 | lr=2.5000e-04 | Recon MSE=3.687113e+00 | ‖ω‖₁=8.664541e-02
  λ=1.000e-01 | Epoch  80 | lr=2.5000e-04 | Recon MSE=3.568668e+00 | ‖ω‖₁=6.707388e-02
  λ=1.000e-01 | Epoch  90 | lr=2.5000e-04 | Recon MSE=3.537294e+00 | ‖ω‖₁=5.281438e-02
  λ=1.000e-01 | Epoch 100 | lr=1.2500e-04 | Recon MSE=7.928589e+00 | ‖ω‖₁=3.352665e-02
  λ=1.000e-01 | Epoch 110 | lr=1.2500e-04 | Recon MSE=2.044138e+01 | ‖ω‖₁=1.162840e-02
  λ=1.000e-01 | Epoch 120 | lr=1.2500e-04 | Recon MSE=2.688164e+01 | ‖ω‖₁=0.000000e+00
  λ=1.000e-01 | Epoch 130 | lr=6.2500e-05 | Recon MSE=2.687230e+01 | ‖ω‖₁=0.000000e+00
  λ=1.000e-01 | Epoch 140 | lr=6.2500e-05 | Recon MSE=2.687179e+01 | ‖ω‖₁=0.000000e+00
  λ=1.000e-01 | Epoch 150 | lr=6.2500e-05 | Recon MSE=2.687183e+01 | ‖ω‖₁=0.000000e+00
  λ=1.000e-01 | Epoch 160 | lr=3.1250e-05 | Recon MSE=2.687190e+01 | ‖ω‖₁=0.000000e+00

Final skip-weights ω: [0.0, 0.0, 0.0, 0.0, 0.0, 0.0, 0.0, 0.0, 0.0, 0.0] ...
Selected POD-mode indices (ω_j ≠ 0): [] (count = 0 / 100)
Final relative reconstruction of SparseModesNet: ||X - X_hat||_F / ||X||_F = 9.764700e-01
Final MSE per sample of SparseModesNet: = 5.245589e+00
2025-06-17 13:12:32,609 - sparsemodesnet.advecting_pulse - INFO - ==================================================
2025-06-17 13:12:32,610 - sparsemodesnet.advecting_pulse - INFO - Experiment completed successfully!
2025-06-17 13:12:32,610 - sparsemodesnet.advecting_pulse - INFO - Selected 0 modes out of 100
2025-06-17 13:12:32,610 - sparsemodesnet.advecting_pulse - INFO - Final lambda: 1.000e-01
