2025-06-17 13:32:15,819 - sparsemodesnet.advecting_pulse - INFO - Starting advecting_pulse experiment
2025-06-17 13:32:15,819 - sparsemodesnet.advecting_pulse - INFO - Log file: /Users/tkoike3/Dev/Research/sparsemodesnet/experiments/logs/advecting_pulse_20250617_133215.log
2025-06-17 13:32:15,820 - sparsemodesnet.advecting_pulse - INFO - Experiment: Advecting Pulse
2025-06-17 13:32:15,820 - sparsemodesnet.advecting_pulse - INFO - Data shape: (1024, 1000)
2025-06-17 13:32:15,820 - sparsemodesnet.advecting_pulse - INFO - POD dimension: 100
2025-06-17 13:32:15,821 - sparsemodesnet.advecting_pulse - INFO - Hidden units: [100, 2000, 100]
2025-06-17 13:32:15,821 - sparsemodesnet.advecting_pulse - INFO - Regularization method: dense2sparse
2025-06-17 13:32:15,821 - sparsemodesnet.advecting_pulse - INFO - Device: mps
2025-06-17 13:32:15,822 - sparsemodesnet.advecting_pulse - INFO - Training parameters: M=2.0, lr=0.001, batch_size=128
2025-06-17 13:32:15,822 - sparsemodesnet.advecting_pulse - INFO - Optimizer: Adam, knee_method: dfdt
2025-06-17 13:32:15,822 - sparsemodesnet.advecting_pulse - INFO - NN type: PiNetCCP with polynomial order of 2, and 1 number of polynomial blocks
2025-06-17 13:32:15,822 - sparsemodesnet.advecting_pulse - INFO - ==================================================

=== SparseModesNet (λ-path=dense2sparse) on Advecting Pulse: d=1024, n=1000, s=100 ===

=== Dense-To-Sparse (default) λ-Path ===

-- Path iteration 1, λ = 1.000e-03   (r(λ) prev = 100)
  λ=1.000e-03 | Epoch   1 | lr=1.0000e-03 | Recon MSE=3.810234e+00 | ‖ω‖₁=9.928520e+01
  λ=1.000e-03 | Epoch  10 | lr=1.0000e-03 | Recon MSE=1.354597e-01 | ‖ω‖₁=9.211026e+01
  λ=1.000e-03 | Epoch  20 | lr=5.0000e-04 | Recon MSE=1.596437e-01 | ‖ω‖₁=8.783056e+01
  λ=1.000e-03 | Epoch  30 | lr=5.0000e-04 | Recon MSE=1.782073e-01 | ‖ω‖₁=8.241906e+01
  λ=1.000e-03 | Epoch  40 | lr=2.5000e-04 | Recon MSE=1.300592e-01 | ‖ω‖₁=7.719814e+01
  λ=1.000e-03 | Epoch  50 | lr=2.5000e-04 | Recon MSE=1.499468e-01 | ‖ω‖₁=7.075414e+01
  λ=1.000e-03 | Epoch  60 | lr=1.2500e-04 | Recon MSE=1.410441e-01 | ‖ω‖₁=6.434490e+01
  λ=1.000e-03 | Epoch  70 | lr=1.2500e-04 | Recon MSE=1.674131e-01 | ‖ω‖₁=5.725472e+01
  λ=1.000e-03 | Epoch  80 | lr=6.2500e-05 | Recon MSE=1.809985e-01 | ‖ω‖₁=5.018988e+01
  λ=1.000e-03 | Epoch  90 | lr=6.2500e-05 | Recon MSE=2.324861e-01 | ‖ω‖₁=4.278186e+01
  λ=1.000e-03 | Epoch 100 | lr=3.1250e-05 | Recon MSE=2.750461e-01 | ‖ω‖₁=3.542268e+01
  → at λ=1.000e-03:  r(λ)=100,  rel_err=9.915316e-02

-- Path iteration 2, λ = 1.200e-03   (r(λ) prev = 100)
  λ=1.200e-03 | Epoch   1 | lr=1.0000e-03 | Recon MSE=3.961826e+00 | ‖ω‖₁=9.922441e+01
  λ=1.200e-03 | Epoch  10 | lr=1.0000e-03 | Recon MSE=1.871921e-01 | ‖ω‖₁=9.073231e+01
  λ=1.200e-03 | Epoch  20 | lr=5.0000e-04 | Recon MSE=1.999411e-01 | ‖ω‖₁=8.519815e+01
  λ=1.200e-03 | Epoch  30 | lr=5.0000e-04 | Recon MSE=1.808629e-01 | ‖ω‖₁=7.824731e+01
  λ=1.200e-03 | Epoch  40 | lr=2.5000e-04 | Recon MSE=1.310831e-01 | ‖ω‖₁=7.140468e+01
  λ=1.200e-03 | Epoch  50 | lr=2.5000e-04 | Recon MSE=1.483165e-01 | ‖ω‖₁=6.336300e+01
  λ=1.200e-03 | Epoch  60 | lr=1.2500e-04 | Recon MSE=1.452992e-01 | ‖ω‖₁=5.536961e+01
  λ=1.200e-03 | Epoch  70 | lr=1.2500e-04 | Recon MSE=1.823213e-01 | ‖ω‖₁=4.674817e+01
  λ=1.200e-03 | Epoch  80 | lr=6.2500e-05 | Recon MSE=2.097103e-01 | ‖ω‖₁=3.820929e+01
  λ=1.200e-03 | Epoch  90 | lr=6.2500e-05 | Recon MSE=3.175890e-01 | ‖ω‖₁=2.936396e+01
  λ=1.200e-03 | Epoch 100 | lr=3.1250e-05 | Recon MSE=4.686899e-01 | ‖ω‖₁=2.061742e+01
  → at λ=1.200e-03:  r(λ)=100,  rel_err=1.307042e-01

-- Path iteration 3, λ = 1.440e-03   (r(λ) prev = 100)
  λ=1.440e-03 | Epoch   1 | lr=1.0000e-03 | Recon MSE=4.102705e+00 | ‖ω‖₁=9.909909e+01
  λ=1.440e-03 | Epoch  10 | lr=1.0000e-03 | Recon MSE=2.550693e-01 | ‖ω‖₁=8.906342e+01
  λ=1.440e-03 | Epoch  20 | lr=5.0000e-04 | Recon MSE=2.266370e-01 | ‖ω‖₁=8.218590e+01
  λ=1.440e-03 | Epoch  30 | lr=5.0000e-04 | Recon MSE=1.904724e-01 | ‖ω‖₁=7.354127e+01
  λ=1.440e-03 | Epoch  40 | lr=2.5000e-04 | Recon MSE=1.516961e-01 | ‖ω‖₁=6.498879e+01
  λ=1.440e-03 | Epoch  50 | lr=2.5000e-04 | Recon MSE=1.758227e-01 | ‖ω‖₁=5.516305e+01
  λ=1.440e-03 | Epoch  60 | lr=1.2500e-04 | Recon MSE=1.744776e-01 | ‖ω‖₁=4.540730e+01
  λ=1.440e-03 | Epoch  70 | lr=1.2500e-04 | Recon MSE=2.323001e-01 | ‖ω‖₁=3.505966e+01
  λ=1.440e-03 | Epoch  80 | lr=6.2500e-05 | Recon MSE=2.901963e-01 | ‖ω‖₁=2.491389e+01
  λ=1.440e-03 | Epoch  90 | lr=6.2500e-05 | Recon MSE=1.176569e+00 | ‖ω‖₁=1.524800e+01
  λ=1.440e-03 | Epoch 100 | lr=3.1250e-05 | Recon MSE=1.866102e+00 | ‖ω‖₁=8.251529e+00
  → at λ=1.440e-03:  r(λ)=100,  rel_err=2.525062e-01

-- Path iteration 4, λ = 1.728e-03   (r(λ) prev = 100)
  λ=1.728e-03 | Epoch   1 | lr=1.0000e-03 | Recon MSE=3.563595e+00 | ‖ω‖₁=9.897263e+01
  λ=1.728e-03 | Epoch  10 | lr=1.0000e-03 | Recon MSE=3.249431e-01 | ‖ω‖₁=8.715831e+01
  λ=1.728e-03 | Epoch  20 | lr=5.0000e-04 | Recon MSE=1.986196e-01 | ‖ω‖₁=7.848367e+01
  λ=1.728e-03 | Epoch  30 | lr=5.0000e-04 | Recon MSE=1.767794e-01 | ‖ω‖₁=6.761625e+01
  λ=1.728e-03 | Epoch  40 | lr=2.5000e-04 | Recon MSE=1.399863e-01 | ‖ω‖₁=5.681634e+01
  λ=1.728e-03 | Epoch  50 | lr=2.5000e-04 | Recon MSE=1.676320e-01 | ‖ω‖₁=4.480562e+01
  λ=1.728e-03 | Epoch  60 | lr=1.2500e-04 | Recon MSE=1.766467e-01 | ‖ω‖₁=3.301503e+01
  λ=1.728e-03 | Epoch  70 | lr=1.2500e-04 | Recon MSE=3.175108e-01 | ‖ω‖₁=2.084491e+01
  λ=1.728e-03 | Epoch  80 | lr=6.2500e-05 | Recon MSE=8.111839e-01 | ‖ω‖₁=1.107410e+01
  λ=1.728e-03 | Epoch  90 | lr=6.2500e-05 | Recon MSE=1.012598e+00 | ‖ω‖₁=5.598444e+00
  λ=1.728e-03 | Epoch 100 | lr=3.1250e-05 | Recon MSE=7.206864e-01 | ‖ω‖₁=5.057820e+00
  → at λ=1.728e-03:  r(λ)=100,  rel_err=1.587059e-01

-- Path iteration 5, λ = 2.074e-03   (r(λ) prev = 100)
  λ=2.074e-03 | Epoch   1 | lr=1.0000e-03 | Recon MSE=3.730255e+00 | ‖ω‖₁=9.879653e+01
  λ=2.074e-03 | Epoch  10 | lr=1.0000e-03 | Recon MSE=4.499330e-01 | ‖ω‖₁=8.467900e+01
  λ=2.074e-03 | Epoch  20 | lr=5.0000e-04 | Recon MSE=2.295433e-01 | ‖ω‖₁=7.334629e+01
  λ=2.074e-03 | Epoch  30 | lr=5.0000e-04 | Recon MSE=2.024191e-01 | ‖ω‖₁=5.972319e+01
  λ=2.074e-03 | Epoch  40 | lr=2.5000e-04 | Recon MSE=1.699104e-01 | ‖ω‖₁=4.622969e+01
  λ=2.074e-03 | Epoch  50 | lr=2.5000e-04 | Recon MSE=2.257660e-01 | ‖ω‖₁=3.171615e+01
  λ=2.074e-03 | Epoch  60 | lr=1.2500e-04 | Recon MSE=2.958250e-01 | ‖ω‖₁=1.804638e+01
  λ=2.074e-03 | Epoch  70 | lr=1.2500e-04 | Recon MSE=9.100553e-01 | ‖ω‖₁=7.883376e+00
  λ=2.074e-03 | Epoch  80 | lr=6.2500e-05 | Recon MSE=6.524688e-01 | ‖ω‖₁=5.187813e+00
  λ=2.074e-03 | Epoch  90 | lr=6.2500e-05 | Recon MSE=5.861965e-01 | ‖ω‖₁=4.879633e+00
  λ=2.074e-03 | Epoch 100 | lr=3.1250e-05 | Recon MSE=5.366536e-01 | ‖ω‖₁=4.680936e+00
  → at λ=2.074e-03:  r(λ)=100,  rel_err=1.376207e-01

-- Path iteration 6, λ = 2.488e-03   (r(λ) prev = 100)
  λ=2.488e-03 | Epoch   1 | lr=1.0000e-03 | Recon MSE=3.554543e+00 | ‖ω‖₁=9.865405e+01
  λ=2.488e-03 | Epoch  10 | lr=1.0000e-03 | Recon MSE=5.861968e-01 | ‖ω‖₁=8.194579e+01
  λ=2.488e-03 | Epoch  20 | lr=5.0000e-04 | Recon MSE=2.302979e-01 | ‖ω‖₁=6.764703e+01
  λ=2.488e-03 | Epoch  30 | lr=5.0000e-04 | Recon MSE=2.221498e-01 | ‖ω‖₁=5.085359e+01
  λ=2.488e-03 | Epoch  40 | lr=2.5000e-04 | Recon MSE=2.024983e-01 | ‖ω‖₁=3.434651e+01
  λ=2.488e-03 | Epoch  50 | lr=2.5000e-04 | Recon MSE=3.647531e-01 | ‖ω‖₁=1.742170e+01
  λ=2.488e-03 | Epoch  60 | lr=1.2500e-04 | Recon MSE=5.185398e-01 | ‖ω‖₁=6.888222e+00
  λ=2.488e-03 | Epoch  70 | lr=1.2500e-04 | Recon MSE=4.919019e-01 | ‖ω‖₁=5.147054e+00
  λ=2.488e-03 | Epoch  80 | lr=6.2500e-05 | Recon MSE=4.186044e-01 | ‖ω‖₁=4.855974e+00
  λ=2.488e-03 | Epoch  90 | lr=6.2500e-05 | Recon MSE=4.028702e-01 | ‖ω‖₁=4.637101e+00
  λ=2.488e-03 | Epoch 100 | lr=3.1250e-05 | Recon MSE=3.849094e-01 | ‖ω‖₁=4.465674e+00
  → at λ=2.488e-03:  r(λ)=100,  rel_err=1.166470e-01

-- Path iteration 7, λ = 2.986e-03   (r(λ) prev = 100)
  λ=2.986e-03 | Epoch   1 | lr=1.0000e-03 | Recon MSE=3.635921e+00 | ‖ω‖₁=9.844218e+01
  λ=2.986e-03 | Epoch  10 | lr=1.0000e-03 | Recon MSE=7.837363e-01 | ‖ω‖₁=7.852526e+01
  λ=2.986e-03 | Epoch  20 | lr=5.0000e-04 | Recon MSE=2.508262e-01 | ‖ω‖₁=6.056261e+01
  λ=2.986e-03 | Epoch  30 | lr=5.0000e-04 | Recon MSE=2.633429e-01 | ‖ω‖₁=4.001760e+01
  λ=2.986e-03 | Epoch  40 | lr=2.5000e-04 | Recon MSE=2.774439e-01 | ‖ω‖₁=2.030515e+01
  λ=2.986e-03 | Epoch  50 | lr=2.5000e-04 | Recon MSE=7.086444e-01 | ‖ω‖₁=6.515260e+00
  λ=2.986e-03 | Epoch  60 | lr=1.2500e-04 | Recon MSE=4.537795e-01 | ‖ω‖₁=5.069149e+00
  λ=2.986e-03 | Epoch  70 | lr=1.2500e-04 | Recon MSE=4.138167e-01 | ‖ω‖₁=4.752569e+00
  λ=2.986e-03 | Epoch  80 | lr=6.2500e-05 | Recon MSE=3.791708e-01 | ‖ω‖₁=4.533629e+00
  λ=2.986e-03 | Epoch  90 | lr=6.2500e-05 | Recon MSE=3.722056e-01 | ‖ω‖₁=4.340440e+00
  λ=2.986e-03 | Epoch 100 | lr=3.1250e-05 | Recon MSE=3.604727e-01 | ‖ω‖₁=4.178230e+00
  → at λ=2.986e-03:  r(λ)=100,  rel_err=1.129454e-01

-- Path iteration 8, λ = 3.583e-03   (r(λ) prev = 100)
  λ=3.583e-03 | Epoch   1 | lr=1.0000e-03 | Recon MSE=3.599815e+00 | ‖ω‖₁=9.815932e+01
  λ=3.583e-03 | Epoch  10 | lr=1.0000e-03 | Recon MSE=1.014364e+00 | ‖ω‖₁=7.436649e+01
  λ=3.583e-03 | Epoch  20 | lr=5.0000e-04 | Recon MSE=3.182817e-01 | ‖ω‖₁=5.200324e+01
  λ=3.583e-03 | Epoch  30 | lr=5.0000e-04 | Recon MSE=3.729255e-01 | ‖ω‖₁=2.717997e+01
  λ=3.583e-03 | Epoch  40 | lr=2.5000e-04 | Recon MSE=5.575928e-01 | ‖ω‖₁=8.027800e+00
  λ=3.583e-03 | Epoch  50 | lr=2.5000e-04 | Recon MSE=4.744581e-01 | ‖ω‖₁=5.112026e+00
  λ=3.583e-03 | Epoch  60 | lr=1.2500e-04 | Recon MSE=3.919753e-01 | ‖ω‖₁=4.771590e+00
  λ=3.583e-03 | Epoch  70 | lr=1.2500e-04 | Recon MSE=3.667921e-01 | ‖ω‖₁=4.509423e+00
  λ=3.583e-03 | Epoch  80 | lr=6.2500e-05 | Recon MSE=3.416284e-01 | ‖ω‖₁=4.305036e+00
  λ=3.583e-03 | Epoch  90 | lr=6.2500e-05 | Recon MSE=3.367651e-01 | ‖ω‖₁=4.117964e+00
  λ=3.583e-03 | Epoch 100 | lr=3.1250e-05 | Recon MSE=3.272629e-01 | ‖ω‖₁=3.957307e+00
  → at λ=3.583e-03:  r(λ)=100,  rel_err=1.076137e-01

-- Path iteration 9, λ = 4.300e-03   (r(λ) prev = 100)
  λ=4.300e-03 | Epoch   1 | lr=1.0000e-03 | Recon MSE=3.443462e+00 | ‖ω‖₁=9.782981e+01
  λ=4.300e-03 | Epoch  10 | lr=1.0000e-03 | Recon MSE=1.188819e+00 | ‖ω‖₁=6.926069e+01
  λ=4.300e-03 | Epoch  20 | lr=5.0000e-04 | Recon MSE=3.520662e-01 | ‖ω‖₁=4.133610e+01
  λ=4.300e-03 | Epoch  30 | lr=5.0000e-04 | Recon MSE=7.344880e-01 | ‖ω‖₁=1.253682e+01
  λ=4.300e-03 | Epoch  40 | lr=2.5000e-04 | Recon MSE=5.591822e-01 | ‖ω‖₁=5.131335e+00
  λ=4.300e-03 | Epoch  50 | lr=2.5000e-04 | Recon MSE=4.763612e-01 | ‖ω‖₁=4.691129e+00
  λ=4.300e-03 | Epoch  60 | lr=1.2500e-04 | Recon MSE=4.079514e-01 | ‖ω‖₁=4.421911e+00
  λ=4.300e-03 | Epoch  70 | lr=1.2500e-04 | Recon MSE=3.849681e-01 | ‖ω‖₁=4.188835e+00
  λ=4.300e-03 | Epoch  80 | lr=6.2500e-05 | Recon MSE=3.616962e-01 | ‖ω‖₁=3.996421e+00
  λ=4.300e-03 | Epoch  90 | lr=6.2500e-05 | Recon MSE=3.597984e-01 | ‖ω‖₁=3.814083e+00
  λ=4.300e-03 | Epoch 100 | lr=3.1250e-05 | Recon MSE=3.517351e-01 | ‖ω‖₁=3.656230e+00
  → at λ=4.300e-03:  r(λ)=100,  rel_err=1.115943e-01

-- Path iteration 10, λ = 5.160e-03   (r(λ) prev = 100)
  λ=5.160e-03 | Epoch   1 | lr=1.0000e-03 | Recon MSE=3.653765e+00 | ‖ω‖₁=9.745117e+01
  λ=5.160e-03 | Epoch  10 | lr=1.0000e-03 | Recon MSE=1.527155e+00 | ‖ω‖₁=6.297727e+01
  λ=5.160e-03 | Epoch  20 | lr=5.0000e-04 | Recon MSE=5.126221e-01 | ‖ω‖₁=2.842845e+01
  λ=5.160e-03 | Epoch  30 | lr=5.0000e-04 | Recon MSE=1.074453e+00 | ‖ω‖₁=5.229450e+00
  λ=5.160e-03 | Epoch  40 | lr=2.5000e-04 | Recon MSE=6.562145e-01 | ‖ω‖₁=4.673692e+00
  λ=5.160e-03 | Epoch  50 | lr=2.5000e-04 | Recon MSE=5.711977e-01 | ‖ω‖₁=4.332264e+00
  λ=5.160e-03 | Epoch  60 | lr=1.2500e-04 | Recon MSE=5.041468e-01 | ‖ω‖₁=4.077645e+00
  λ=5.160e-03 | Epoch  70 | lr=1.2500e-04 | Recon MSE=4.821072e-01 | ‖ω‖₁=3.848225e+00
  λ=5.160e-03 | Epoch  80 | lr=6.2500e-05 | Recon MSE=4.575532e-01 | ‖ω‖₁=3.654060e+00
  λ=5.160e-03 | Epoch  90 | lr=6.2500e-05 | Recon MSE=4.589272e-01 | ‖ω‖₁=3.467030e+00
  λ=5.160e-03 | Epoch 100 | lr=3.1250e-05 | Recon MSE=4.507426e-01 | ‖ω‖₁=3.301976e+00
  → at λ=5.160e-03:  r(λ)=100,  rel_err=1.263423e-01

-- Path iteration 11, λ = 6.192e-03   (r(λ) prev = 100)
  λ=6.192e-03 | Epoch   1 | lr=1.0000e-03 | Recon MSE=3.838950e+00 | ‖ω‖₁=9.700732e+01
  λ=6.192e-03 | Epoch  10 | lr=1.0000e-03 | Recon MSE=1.981376e+00 | ‖ω‖₁=5.546847e+01
  λ=6.192e-03 | Epoch  20 | lr=5.0000e-04 | Recon MSE=9.266839e-01 | ‖ω‖₁=1.377011e+01
  λ=6.192e-03 | Epoch  30 | lr=5.0000e-04 | Recon MSE=9.798652e-01 | ‖ω‖₁=4.727203e+00
  λ=6.192e-03 | Epoch  40 | lr=2.5000e-04 | Recon MSE=7.189276e-01 | ‖ω‖₁=4.301589e+00
  λ=6.192e-03 | Epoch  50 | lr=2.5000e-04 | Recon MSE=6.389613e-01 | ‖ω‖₁=3.979902e+00
  λ=6.192e-03 | Epoch  60 | lr=1.2500e-04 | Recon MSE=5.675980e-01 | ‖ω‖₁=3.730510e+00
  λ=6.192e-03 | Epoch  70 | lr=1.2500e-04 | Recon MSE=5.446727e-01 | ‖ω‖₁=3.501307e+00
  λ=6.192e-03 | Epoch  80 | lr=6.2500e-05 | Recon MSE=5.169219e-01 | ‖ω‖₁=3.305482e+00
  λ=6.192e-03 | Epoch  90 | lr=6.2500e-05 | Recon MSE=5.215459e-01 | ‖ω‖₁=3.114196e+00
  λ=6.192e-03 | Epoch 100 | lr=3.1250e-05 | Recon MSE=5.126125e-01 | ‖ω‖₁=2.943171e+00
  → at λ=6.192e-03:  r(λ)=100,  rel_err=1.347527e-01

-- Path iteration 12, λ = 7.430e-03   (r(λ) prev = 100)
  λ=7.430e-03 | Epoch   1 | lr=1.0000e-03 | Recon MSE=3.775481e+00 | ‖ω‖₁=9.646372e+01
  λ=7.430e-03 | Epoch  10 | lr=1.0000e-03 | Recon MSE=2.341959e+00 | ‖ω‖₁=4.637655e+01
  λ=7.430e-03 | Epoch  20 | lr=5.0000e-04 | Recon MSE=1.810261e+00 | ‖ω‖₁=5.202651e+00
  λ=7.430e-03 | Epoch  30 | lr=5.0000e-04 | Recon MSE=1.076526e+00 | ‖ω‖₁=4.382125e+00
  λ=7.430e-03 | Epoch  40 | lr=2.5000e-04 | Recon MSE=7.845793e-01 | ‖ω‖₁=3.999599e+00
  λ=7.430e-03 | Epoch  50 | lr=2.5000e-04 | Recon MSE=6.784497e-01 | ‖ω‖₁=3.682960e+00
  λ=7.430e-03 | Epoch  60 | lr=1.2500e-04 | Recon MSE=5.919519e-01 | ‖ω‖₁=3.426325e+00
  λ=7.430e-03 | Epoch  70 | lr=1.2500e-04 | Recon MSE=5.671466e-01 | ‖ω‖₁=3.187636e+00
  λ=7.430e-03 | Epoch  80 | lr=6.2500e-05 | Recon MSE=5.389538e-01 | ‖ω‖₁=2.981196e+00
  λ=7.430e-03 | Epoch  90 | lr=6.2500e-05 | Recon MSE=5.455404e-01 | ‖ω‖₁=2.779388e+00
  λ=7.430e-03 | Epoch 100 | lr=3.1250e-05 | Recon MSE=5.372054e-01 | ‖ω‖₁=2.599466e+00
  → at λ=7.430e-03:  r(λ)=100,  rel_err=1.379499e-01

-- Path iteration 13, λ = 8.916e-03   (r(λ) prev = 100)
  λ=8.916e-03 | Epoch   1 | lr=1.0000e-03 | Recon MSE=3.679845e+00 | ‖ω‖₁=9.577322e+01
  λ=8.916e-03 | Epoch  10 | lr=1.0000e-03 | Recon MSE=3.032470e+00 | ‖ω‖₁=3.540935e+01
  λ=8.916e-03 | Epoch  20 | lr=5.0000e-04 | Recon MSE=1.974121e+00 | ‖ω‖₁=4.620085e+00
  λ=8.916e-03 | Epoch  30 | lr=5.0000e-04 | Recon MSE=1.376210e+00 | ‖ω‖₁=4.008386e+00
  λ=8.916e-03 | Epoch  40 | lr=2.5000e-04 | Recon MSE=1.021196e+00 | ‖ω‖₁=3.637705e+00
  λ=8.916e-03 | Epoch  50 | lr=2.5000e-04 | Recon MSE=9.075541e-01 | ‖ω‖₁=3.316695e+00
  λ=8.916e-03 | Epoch  60 | lr=1.2500e-04 | Recon MSE=8.052208e-01 | ‖ω‖₁=3.055479e+00
  λ=8.916e-03 | Epoch  70 | lr=1.2500e-04 | Recon MSE=7.732379e-01 | ‖ω‖₁=2.806998e+00
  λ=8.916e-03 | Epoch  80 | lr=6.2500e-05 | Recon MSE=7.351879e-01 | ‖ω‖₁=2.590020e+00
  λ=8.916e-03 | Epoch  90 | lr=6.2500e-05 | Recon MSE=7.479104e-01 | ‖ω‖₁=2.375161e+00
  λ=8.916e-03 | Epoch 100 | lr=3.1250e-05 | Recon MSE=7.386797e-01 | ‖ω‖₁=2.182956e+00
  → at λ=8.916e-03:  r(λ)=100,  rel_err=1.617815e-01

-- Path iteration 14, λ = 1.070e-02   (r(λ) prev = 100)
  λ=1.070e-02 | Epoch   1 | lr=1.0000e-03 | Recon MSE=3.646918e+00 | ‖ω‖₁=9.503572e+01
  λ=1.070e-02 | Epoch  10 | lr=1.0000e-03 | Recon MSE=4.334177e+00 | ‖ω‖₁=2.230891e+01
  λ=1.070e-02 | Epoch  20 | lr=5.0000e-04 | Recon MSE=2.584820e+00 | ‖ω‖₁=4.200188e+00
  λ=1.070e-02 | Epoch  30 | lr=5.0000e-04 | Recon MSE=1.857959e+00 | ‖ω‖₁=3.636349e+00
  λ=1.070e-02 | Epoch  40 | lr=2.5000e-04 | Recon MSE=1.422696e+00 | ‖ω‖₁=3.252275e+00
  λ=1.070e-02 | Epoch  50 | lr=2.5000e-04 | Recon MSE=1.252150e+00 | ‖ω‖₁=2.920605e+00
  λ=1.070e-02 | Epoch  60 | lr=1.2500e-04 | Recon MSE=1.113565e+00 | ‖ω‖₁=2.645097e+00
  λ=1.070e-02 | Epoch  70 | lr=1.2500e-04 | Recon MSE=1.068825e+00 | ‖ω‖₁=2.383667e+00
  λ=1.070e-02 | Epoch  80 | lr=6.2500e-05 | Recon MSE=1.012352e+00 | ‖ω‖₁=2.154039e+00
  λ=1.070e-02 | Epoch  90 | lr=6.2500e-05 | Recon MSE=1.027537e+00 | ‖ω‖₁=1.926801e+00
  λ=1.070e-02 | Epoch 100 | lr=3.1250e-05 | Recon MSE=1.011180e+00 | ‖ω‖₁=1.722314e+00
  → at λ=1.070e-02:  r(λ)=100,  rel_err=1.892636e-01

-- Path iteration 15, λ = 1.284e-02   (r(λ) prev = 100)
  λ=1.284e-02 | Epoch   1 | lr=1.0000e-03 | Recon MSE=3.439337e+00 | ‖ω‖₁=9.404938e+01
  λ=1.284e-02 | Epoch  10 | lr=1.0000e-03 | Recon MSE=1.100771e+01 | ‖ω‖₁=7.194196e+00
  λ=1.284e-02 | Epoch  20 | lr=5.0000e-04 | Recon MSE=3.484608e+00 | ‖ω‖₁=3.803594e+00
  λ=1.284e-02 | Epoch  30 | lr=5.0000e-04 | Recon MSE=2.521977e+00 | ‖ω‖₁=3.254636e+00
  λ=1.284e-02 | Epoch  40 | lr=2.5000e-04 | Recon MSE=1.860406e+00 | ‖ω‖₁=2.878098e+00
  λ=1.284e-02 | Epoch  50 | lr=2.5000e-04 | Recon MSE=1.624307e+00 | ‖ω‖₁=2.532496e+00
  λ=1.284e-02 | Epoch  60 | lr=1.2500e-04 | Recon MSE=1.465712e+00 | ‖ω‖₁=2.234196e+00
  λ=1.284e-02 | Epoch  70 | lr=1.2500e-04 | Recon MSE=1.419634e+00 | ‖ω‖₁=1.951839e+00
  λ=1.284e-02 | Epoch  80 | lr=6.2500e-05 | Recon MSE=1.354771e+00 | ‖ω‖₁=1.702920e+00
  λ=1.284e-02 | Epoch  90 | lr=6.2500e-05 | Recon MSE=1.382874e+00 | ‖ω‖₁=1.457286e+00
  λ=1.284e-02 | Epoch 100 | lr=3.1250e-05 | Recon MSE=1.368245e+00 | ‖ω‖₁=1.249941e+00
  → at λ=1.284e-02:  r(λ)=78,  rel_err=2.202082e-01

-- Path iteration 16, λ = 1.541e-02   (r(λ) prev = 78)
  λ=1.541e-02 | Epoch   1 | lr=1.0000e-03 | Recon MSE=3.536486e+00 | ‖ω‖₁=9.293682e+01
  λ=1.541e-02 | Epoch  10 | lr=1.0000e-03 | Recon MSE=1.582486e+01 | ‖ω‖₁=4.360690e+00
  λ=1.541e-02 | Epoch  20 | lr=5.0000e-04 | Recon MSE=4.881089e+00 | ‖ω‖₁=3.445079e+00
  λ=1.541e-02 | Epoch  30 | lr=5.0000e-04 | Recon MSE=3.481659e+00 | ‖ω‖₁=2.892039e+00
  λ=1.541e-02 | Epoch  40 | lr=2.5000e-04 | Recon MSE=2.677158e+00 | ‖ω‖₁=2.485946e+00
  λ=1.541e-02 | Epoch  50 | lr=2.5000e-04 | Recon MSE=2.379693e+00 | ‖ω‖₁=2.119261e+00
  λ=1.541e-02 | Epoch  60 | lr=1.2500e-04 | Recon MSE=2.143379e+00 | ‖ω‖₁=1.808807e+00
  λ=1.541e-02 | Epoch  70 | lr=1.2500e-04 | Recon MSE=2.065740e+00 | ‖ω‖₁=1.510922e+00
  λ=1.541e-02 | Epoch  80 | lr=6.2500e-05 | Recon MSE=1.966133e+00 | ‖ω‖₁=1.248709e+00
  λ=1.541e-02 | Epoch  90 | lr=6.2500e-05 | Recon MSE=2.000949e+00 | ‖ω‖₁=1.069758e+00
  λ=1.541e-02 | Epoch 100 | lr=3.1250e-05 | Recon MSE=1.982697e+00 | ‖ω‖₁=1.010744e+00
  → at λ=1.541e-02:  r(λ)=33,  rel_err=2.651135e-01

-- Path iteration 17, λ = 1.849e-02   (r(λ) prev = 33)
  λ=1.849e-02 | Epoch   1 | lr=1.0000e-03 | Recon MSE=3.887541e+00 | ‖ω‖₁=9.161769e+01
  λ=1.849e-02 | Epoch  10 | lr=1.0000e-03 | Recon MSE=1.978785e+01 | ‖ω‖₁=3.902075e+00
  λ=1.849e-02 | Epoch  20 | lr=5.0000e-04 | Recon MSE=6.440204e+00 | ‖ω‖₁=3.102908e+00
  λ=1.849e-02 | Epoch  30 | lr=5.0000e-04 | Recon MSE=5.061549e+00 | ‖ω‖₁=2.492916e+00
  λ=1.849e-02 | Epoch  40 | lr=2.5000e-04 | Recon MSE=3.939631e+00 | ‖ω‖₁=2.064541e+00
  λ=1.849e-02 | Epoch  50 | lr=2.5000e-04 | Recon MSE=3.512158e+00 | ‖ω‖₁=1.669138e+00
  λ=1.849e-02 | Epoch  60 | lr=1.2500e-04 | Recon MSE=3.241186e+00 | ‖ω‖₁=1.325447e+00
  λ=1.849e-02 | Epoch  70 | lr=1.2500e-04 | Recon MSE=3.169138e+00 | ‖ω‖₁=1.022393e+00
  λ=1.849e-02 | Epoch  80 | lr=6.2500e-05 | Recon MSE=3.053441e+00 | ‖ω‖₁=8.999940e-01
  λ=1.849e-02 | Epoch  90 | lr=6.2500e-05 | Recon MSE=3.135166e+00 | ‖ω‖₁=8.424938e-01
  λ=1.849e-02 | Epoch 100 | lr=3.1250e-05 | Recon MSE=3.136490e+00 | ‖ω‖₁=8.012728e-01
  → at λ=1.849e-02:  r(λ)=28,  rel_err=3.335700e-01

-- Path iteration 18, λ = 2.219e-02   (r(λ) prev = 28)
  λ=2.219e-02 | Epoch   1 | lr=1.0000e-03 | Recon MSE=3.693720e+00 | ‖ω‖₁=8.993832e+01
  λ=2.219e-02 | Epoch  10 | lr=1.0000e-03 | Recon MSE=2.262686e+01 | ‖ω‖₁=3.547555e+00
  λ=2.219e-02 | Epoch  20 | lr=5.0000e-04 | Recon MSE=8.016744e+00 | ‖ω‖₁=2.759575e+00
  λ=2.219e-02 | Epoch  30 | lr=5.0000e-04 | Recon MSE=6.219481e+00 | ‖ω‖₁=2.132761e+00
  λ=2.219e-02 | Epoch  40 | lr=2.5000e-04 | Recon MSE=4.953715e+00 | ‖ω‖₁=1.666767e+00
  λ=2.219e-02 | Epoch  50 | lr=2.5000e-04 | Recon MSE=4.547734e+00 | ‖ω‖₁=1.227919e+00
  λ=2.219e-02 | Epoch  60 | lr=1.2500e-04 | Recon MSE=4.332901e+00 | ‖ω‖₁=8.920012e-01
  λ=2.219e-02 | Epoch  70 | lr=1.2500e-04 | Recon MSE=4.332259e+00 | ‖ω‖₁=7.751074e-01
  λ=2.219e-02 | Epoch  80 | lr=6.2500e-05 | Recon MSE=4.287911e+00 | ‖ω‖₁=7.274207e-01
  λ=2.219e-02 | Epoch  90 | lr=6.2500e-05 | Recon MSE=4.460228e+00 | ‖ω‖₁=6.699712e-01
  λ=2.219e-02 | Epoch 100 | lr=3.1250e-05 | Recon MSE=4.514626e+00 | ‖ω‖₁=6.287157e-01
  → at λ=2.219e-02:  r(λ)=24,  rel_err=4.003398e-01

-- Path iteration 19, λ = 2.662e-02   (r(λ) prev = 24)
  λ=2.662e-02 | Epoch   1 | lr=1.0000e-03 | Recon MSE=3.472152e+00 | ‖ω‖₁=8.799552e+01
  λ=2.662e-02 | Epoch  10 | lr=1.0000e-03 | Recon MSE=2.359288e+01 | ‖ω‖₁=3.255877e+00
  λ=2.662e-02 | Epoch  20 | lr=5.0000e-04 | Recon MSE=9.713123e+00 | ‖ω‖₁=2.438427e+00
  λ=2.662e-02 | Epoch  30 | lr=5.0000e-04 | Recon MSE=7.257084e+00 | ‖ω‖₁=1.772436e+00
  λ=2.662e-02 | Epoch  40 | lr=2.5000e-04 | Recon MSE=5.895704e+00 | ‖ω‖₁=1.262493e+00
  λ=2.662e-02 | Epoch  50 | lr=2.5000e-04 | Recon MSE=5.546382e+00 | ‖ω‖₁=8.165482e-01
  λ=2.662e-02 | Epoch  60 | lr=1.2500e-04 | Recon MSE=5.043956e+00 | ‖ω‖₁=7.191685e-01
  λ=2.662e-02 | Epoch  70 | lr=1.2500e-04 | Recon MSE=5.033181e+00 | ‖ω‖₁=6.610701e-01
  λ=2.662e-02 | Epoch  80 | lr=6.2500e-05 | Recon MSE=5.005974e+00 | ‖ω‖₁=6.190170e-01
  λ=2.662e-02 | Epoch  90 | lr=6.2500e-05 | Recon MSE=5.284591e+00 | ‖ω‖₁=5.626590e-01
  λ=2.662e-02 | Epoch 100 | lr=3.1250e-05 | Recon MSE=5.417713e+00 | ‖ω‖₁=5.220015e-01
  → at λ=2.662e-02:  r(λ)=23,  rel_err=4.387619e-01

-- Path iteration 20, λ = 3.195e-02   (r(λ) prev = 23)
  λ=3.195e-02 | Epoch   1 | lr=1.0000e-03 | Recon MSE=3.582172e+00 | ‖ω‖₁=8.566706e+01
  λ=3.195e-02 | Epoch  10 | lr=1.0000e-03 | Recon MSE=2.515654e+01 | ‖ω‖₁=2.931098e+00
  λ=3.195e-02 | Epoch  20 | lr=5.0000e-04 | Recon MSE=1.098059e+01 | ‖ω‖₁=2.095528e+00
  λ=3.195e-02 | Epoch  30 | lr=5.0000e-04 | Recon MSE=8.663598e+00 | ‖ω‖₁=1.346533e+00
  λ=3.195e-02 | Epoch  40 | lr=2.5000e-04 | Recon MSE=7.726194e+00 | ‖ω‖₁=7.840049e-01
  λ=3.195e-02 | Epoch  50 | lr=2.5000e-04 | Recon MSE=7.312740e+00 | ‖ω‖₁=6.001102e-01
  λ=3.195e-02 | Epoch  60 | lr=1.2500e-04 | Recon MSE=6.945398e+00 | ‖ω‖₁=5.573502e-01
  λ=3.195e-02 | Epoch  70 | lr=1.2500e-04 | Recon MSE=6.955396e+00 | ‖ω‖₁=5.087968e-01
  λ=3.195e-02 | Epoch  80 | lr=6.2500e-05 | Recon MSE=6.939226e+00 | ‖ω‖₁=4.708569e-01
  λ=3.195e-02 | Epoch  90 | lr=6.2500e-05 | Recon MSE=7.512144e+00 | ‖ω‖₁=4.135682e-01
  λ=3.195e-02 | Epoch 100 | lr=3.1250e-05 | Recon MSE=7.956985e+00 | ‖ω‖₁=3.715506e-01
  → at λ=3.195e-02:  r(λ)=20,  rel_err=5.323677e-01

-- Path iteration 21, λ = 3.834e-02   (r(λ) prev = 20)
  λ=3.834e-02 | Epoch   1 | lr=1.0000e-03 | Recon MSE=3.667862e+00 | ‖ω‖₁=8.284639e+01
  λ=3.834e-02 | Epoch  10 | lr=1.0000e-03 | Recon MSE=2.585398e+01 | ‖ω‖₁=2.634934e+00
  λ=3.834e-02 | Epoch  20 | lr=5.0000e-04 | Recon MSE=1.359172e+01 | ‖ω‖₁=1.752002e+00
  λ=3.834e-02 | Epoch  30 | lr=5.0000e-04 | Recon MSE=9.552455e+00 | ‖ω‖₁=9.752465e-01
  λ=3.834e-02 | Epoch  40 | lr=2.5000e-04 | Recon MSE=8.033167e+00 | ‖ω‖₁=5.667892e-01
  λ=3.834e-02 | Epoch  50 | lr=2.5000e-04 | Recon MSE=7.620212e+00 | ‖ω‖₁=5.051815e-01
  λ=3.834e-02 | Epoch  60 | lr=1.2500e-04 | Recon MSE=7.517003e+00 | ‖ω‖₁=4.591370e-01
  λ=3.834e-02 | Epoch  70 | lr=1.2500e-04 | Recon MSE=7.649822e+00 | ‖ω‖₁=4.125764e-01
  λ=3.834e-02 | Epoch  80 | lr=6.2500e-05 | Recon MSE=7.669176e+00 | ‖ω‖₁=3.783941e-01
  λ=3.834e-02 | Epoch  90 | lr=6.2500e-05 | Recon MSE=8.935685e+00 | ‖ω‖₁=3.185654e-01
  λ=3.834e-02 | Epoch 100 | lr=3.1250e-05 | Recon MSE=1.049115e+01 | ‖ω‖₁=2.678383e-01
  → at λ=3.834e-02:  r(λ)=19,  rel_err=6.135198e-01

-- Path iteration 22, λ = 4.601e-02   (r(λ) prev = 19)
  λ=4.601e-02 | Epoch   1 | lr=1.0000e-03 | Recon MSE=3.930763e+00 | ‖ω‖₁=7.947813e+01
  λ=4.601e-02 | Epoch  10 | lr=1.0000e-03 | Recon MSE=2.644276e+01 | ‖ω‖₁=2.334807e+00
  λ=4.601e-02 | Epoch  20 | lr=5.0000e-04 | Recon MSE=1.894661e+01 | ‖ω‖₁=1.271458e+00
  λ=4.601e-02 | Epoch  30 | lr=5.0000e-04 | Recon MSE=1.442503e+01 | ‖ω‖₁=4.728982e-01
  λ=4.601e-02 | Epoch  40 | lr=2.5000e-04 | Recon MSE=1.248657e+01 | ‖ω‖₁=3.877760e-01
  λ=4.601e-02 | Epoch  50 | lr=2.5000e-04 | Recon MSE=1.146395e+01 | ‖ω‖₁=3.512532e-01
  λ=4.601e-02 | Epoch  60 | lr=1.2500e-04 | Recon MSE=1.101459e+01 | ‖ω‖₁=3.187776e-01
  λ=4.601e-02 | Epoch  70 | lr=1.2500e-04 | Recon MSE=1.123760e+01 | ‖ω‖₁=2.774615e-01
  λ=4.601e-02 | Epoch  80 | lr=6.2500e-05 | Recon MSE=1.131313e+01 | ‖ω‖₁=2.479847e-01
  λ=4.601e-02 | Epoch  90 | lr=6.2500e-05 | Recon MSE=1.389746e+01 | ‖ω‖₁=1.878836e-01
  λ=4.601e-02 | Epoch 100 | lr=3.1250e-05 | Recon MSE=1.795040e+01 | ‖ω‖₁=1.299528e-01
  → at λ=4.601e-02:  r(λ)=15,  rel_err=8.047403e-01

-- Path iteration 23, λ = 5.521e-02   (r(λ) prev = 15)
  λ=5.521e-02 | Epoch   1 | lr=1.0000e-03 | Recon MSE=4.225768e+00 | ‖ω‖₁=7.542797e+01
  λ=5.521e-02 | Epoch  10 | lr=1.0000e-03 | Recon MSE=2.677348e+01 | ‖ω‖₁=2.026210e+00
  λ=5.521e-02 | Epoch  20 | lr=5.0000e-04 | Recon MSE=2.367648e+01 | ‖ω‖₁=7.559116e-01
  λ=5.521e-02 | Epoch  30 | lr=5.0000e-04 | Recon MSE=2.000558e+01 | ‖ω‖₁=2.510288e-01
  λ=5.521e-02 | Epoch  40 | lr=2.5000e-04 | Recon MSE=1.790422e+01 | ‖ω‖₁=2.407738e-01
  λ=5.521e-02 | Epoch  50 | lr=2.5000e-04 | Recon MSE=1.696600e+01 | ‖ω‖₁=2.156726e-01
  λ=5.521e-02 | Epoch  60 | lr=1.2500e-04 | Recon MSE=1.598844e+01 | ‖ω‖₁=2.006028e-01
  λ=5.521e-02 | Epoch  70 | lr=1.2500e-04 | Recon MSE=1.631238e+01 | ‖ω‖₁=1.653442e-01
  λ=5.521e-02 | Epoch  80 | lr=6.2500e-05 | Recon MSE=1.652418e+01 | ‖ω‖₁=1.406172e-01
  λ=5.521e-02 | Epoch  90 | lr=6.2500e-05 | Recon MSE=2.085188e+01 | ‖ω‖₁=7.922589e-02
  λ=5.521e-02 | Epoch 100 | lr=3.1250e-05 | Recon MSE=2.629543e+01 | ‖ω‖₁=1.789953e-02
  → at λ=5.521e-02:  r(λ)=7,  rel_err=9.697109e-01

-- Path iteration 24, λ = 6.625e-02   (r(λ) prev = 7)
  λ=6.625e-02 | Epoch   1 | lr=1.0000e-03 | Recon MSE=4.402824e+00 | ‖ω‖₁=7.054555e+01
  λ=6.625e-02 | Epoch  10 | lr=1.0000e-03 | Recon MSE=2.701465e+01 | ‖ω‖₁=1.679486e+00
  λ=6.625e-02 | Epoch  20 | lr=5.0000e-04 | Recon MSE=2.525610e+01 | ‖ω‖₁=2.539581e-01
  λ=6.625e-02 | Epoch  30 | lr=5.0000e-04 | Recon MSE=2.302017e+01 | ‖ω‖₁=1.012067e-01
  λ=6.625e-02 | Epoch  40 | lr=2.5000e-04 | Recon MSE=2.286960e+01 | ‖ω‖₁=8.839637e-02
  λ=6.625e-02 | Epoch  50 | lr=2.5000e-04 | Recon MSE=2.213817e+01 | ‖ω‖₁=8.227200e-02
  λ=6.625e-02 | Epoch  60 | lr=1.2500e-04 | Recon MSE=2.174935e+01 | ‖ω‖₁=7.276671e-02
  λ=6.625e-02 | Epoch  70 | lr=1.2500e-04 | Recon MSE=2.209129e+01 | ‖ω‖₁=5.589996e-02
  λ=6.625e-02 | Epoch  80 | lr=6.2500e-05 | Recon MSE=2.249302e+01 | ‖ω‖₁=4.064130e-02
  λ=6.625e-02 | Epoch  90 | lr=6.2500e-05 | Recon MSE=2.628777e+01 | ‖ω‖₁=1.100662e-02
  λ=6.625e-02 | Epoch 100 | lr=3.1250e-05 | Recon MSE=2.695385e+01 | ‖ω‖₁=0.000000e+00
  → at λ=6.625e-02:  r(λ)=0,  rel_err=9.779372e-01
All skip-weights have zeroed out. Stopping path.

Found knees using DFDT method: [13 16 19 20 21]
[Dense2Sparse] Picked λ=3.195e-02,  r=20, err=5.323677e-01

→ Final training on full data with λ = 3.195e-02 ...
  λ=3.195e-02 | Epoch   1 | lr=1.0000e-03 | Recon MSE=3.545772e+00 | ‖ω‖₁=8.566693e+01
  λ=3.195e-02 | Epoch  10 | lr=1.0000e-03 | Recon MSE=2.492764e+01 | ‖ω‖₁=2.975158e+00
  λ=3.195e-02 | Epoch  20 | lr=5.0000e-04 | Recon MSE=1.061334e+01 | ‖ω‖₁=2.141857e+00
  λ=3.195e-02 | Epoch  30 | lr=5.0000e-04 | Recon MSE=8.387416e+00 | ‖ω‖₁=1.396782e+00
  λ=3.195e-02 | Epoch  40 | lr=2.5000e-04 | Recon MSE=7.343520e+00 | ‖ω‖₁=8.176536e-01
  λ=3.195e-02 | Epoch  50 | lr=2.5000e-04 | Recon MSE=7.183432e+00 | ‖ω‖₁=6.053968e-01
  λ=3.195e-02 | Epoch  60 | lr=1.2500e-04 | Recon MSE=6.636779e+00 | ‖ω‖₁=5.729792e-01
  λ=3.195e-02 | Epoch  70 | lr=1.2500e-04 | Recon MSE=6.512705e+00 | ‖ω‖₁=5.265076e-01
  λ=3.195e-02 | Epoch  80 | lr=6.2500e-05 | Recon MSE=6.370538e+00 | ‖ω‖₁=4.910539e-01
  λ=3.195e-02 | Epoch  90 | lr=6.2500e-05 | Recon MSE=6.967264e+00 | ‖ω‖₁=4.345350e-01
  λ=3.195e-02 | Epoch 100 | lr=3.1250e-05 | Recon MSE=7.459663e+00 | ‖ω‖₁=3.895070e-01

Final skip-weights ω: [0.014586681500077248, 0.018226563930511475, 0.016638653352856636, 0.017199620604515076, 0.018313391134142876, 0.017772573977708817, 0.01843426376581192, 0.01874414272606373, 0.017746901139616966, 0.01930919662117958] ...
Selected POD-mode indices (ω_j ≠ 0): [0, 1, 2, 3, 4, 5, 6, 7, 8, 9, 10, 11, 12, 13, 14, 15, 16, 17, 18, 19, 20] (count = 21 / 100)
Final relative reconstruction of SparseModesNet: ||X - X_hat||_F / ||X||_F = 5.156614e-01
Final MSE per sample of SparseModesNet: = 2.770129e+00
Relative error using only selected  modes: 4.682363e-01
MSE per sample using only selected  modes: 2.515362e+00
2025-06-17 13:33:35,404 - sparsemodesnet.advecting_pulse - INFO - ==================================================
2025-06-17 13:33:35,404 - sparsemodesnet.advecting_pulse - INFO - Experiment completed successfully!
2025-06-17 13:33:35,404 - sparsemodesnet.advecting_pulse - INFO - Selected 21 modes out of 100
2025-06-17 13:33:35,405 - sparsemodesnet.advecting_pulse - INFO - Final lambda: 3.195e-02
