2025-06-17 13:57:36,674 - sparsemodesnet.advecting_pulse - INFO - Starting advecting_pulse experiment
2025-06-17 13:57:36,674 - sparsemodesnet.advecting_pulse - INFO - Log file: /Users/tkoike3/Dev/Research/sparsemodesnet/experiments/logs/advecting_pulse_20250617_135736.log
2025-06-17 13:57:36,675 - sparsemodesnet.advecting_pulse - INFO - Experiment: Advecting Pulse
2025-06-17 13:57:36,675 - sparsemodesnet.advecting_pulse - INFO - Data shape: (1024, 1000)
2025-06-17 13:57:36,675 - sparsemodesnet.advecting_pulse - INFO - POD dimension: 100
2025-06-17 13:57:36,676 - sparsemodesnet.advecting_pulse - INFO - Hidden units: [50, 1275, 50]
2025-06-17 13:57:36,676 - sparsemodesnet.advecting_pulse - INFO - Regularization method: dense2sparse
2025-06-17 13:57:36,676 - sparsemodesnet.advecting_pulse - INFO - Device: mps
2025-06-17 13:57:36,676 - sparsemodesnet.advecting_pulse - INFO - Training parameters: M=2.0, lr=0.001, batch_size=256
2025-06-17 13:57:36,677 - sparsemodesnet.advecting_pulse - INFO - Optimizer: SGD, knee_method: dfdt
2025-06-17 13:57:36,677 - sparsemodesnet.advecting_pulse - INFO - NN type: PiNetCCP with polynomial order of 2, and 2 number of polynomial blocks
2025-06-17 13:57:36,677 - sparsemodesnet.advecting_pulse - INFO - ==================================================

=== SparseModesNet (λ-path=dense2sparse) on Advecting Pulse: d=1024, n=1000, s=100 ===

=== Dense-To-Sparse (default) λ-Path ===

-- Path iteration 1, λ = 1.000e-03   (r(λ) prev = 100)
  λ=1.000e-03 | Epoch   1 | lr=1.0000e-03 | Recon MSE=4.217958e-01 | ‖ω‖₁=9.973509e+01
  λ=1.000e-03 | Epoch  10 | lr=5.0000e-04 | Recon MSE=7.145295e-02 | ‖ω‖₁=9.613651e+01
  λ=1.000e-03 | Epoch  20 | lr=1.2500e-04 | Recon MSE=1.528905e-01 | ‖ω‖₁=9.239939e+01
  λ=1.000e-03 | Epoch  30 | lr=3.1250e-05 | Recon MSE=3.187764e-01 | ‖ω‖₁=8.855059e+01
  → at λ=1.000e-03:  r(λ)=100,  rel_err=1.085189e-01

-- Path iteration 2, λ = 1.200e-03   (r(λ) prev = 100)
  λ=1.200e-03 | Epoch   1 | lr=1.0000e-03 | Recon MSE=4.030333e-01 | ‖ω‖₁=9.968759e+01
  λ=1.200e-03 | Epoch  10 | lr=5.0000e-04 | Recon MSE=8.550022e-02 | ‖ω‖₁=9.541420e+01
  λ=1.200e-03 | Epoch  20 | lr=1.2500e-04 | Recon MSE=2.059415e-01 | ‖ω‖₁=9.092737e+01
  λ=1.200e-03 | Epoch  30 | lr=3.1250e-05 | Recon MSE=4.444145e-01 | ‖ω‖₁=8.630766e+01
  → at λ=1.200e-03:  r(λ)=100,  rel_err=1.282070e-01

-- Path iteration 3, λ = 1.440e-03   (r(λ) prev = 100)
  λ=1.440e-03 | Epoch   1 | lr=1.0000e-03 | Recon MSE=3.482462e-01 | ‖ω‖₁=9.963169e+01
  λ=1.440e-03 | Epoch  10 | lr=5.0000e-04 | Recon MSE=1.043722e-01 | ‖ω‖₁=9.454829e+01
  λ=1.440e-03 | Epoch  20 | lr=1.2500e-04 | Recon MSE=2.805560e-01 | ‖ω‖₁=8.915911e+01
  λ=1.440e-03 | Epoch  30 | lr=3.1250e-05 | Recon MSE=6.227524e-01 | ‖ω‖₁=8.361383e+01
  → at λ=1.440e-03:  r(λ)=100,  rel_err=1.518412e-01

-- Path iteration 4, λ = 1.728e-03   (r(λ) prev = 100)
  λ=1.728e-03 | Epoch   1 | lr=1.0000e-03 | Recon MSE=3.900488e-01 | ‖ω‖₁=9.955848e+01
  λ=1.728e-03 | Epoch  10 | lr=5.0000e-04 | Recon MSE=1.315403e-01 | ‖ω‖₁=9.347600e+01
  λ=1.728e-03 | Epoch  20 | lr=1.2500e-04 | Recon MSE=3.885304e-01 | ‖ω‖₁=8.700873e+01
  λ=1.728e-03 | Epoch  30 | lr=3.1250e-05 | Recon MSE=8.814874e-01 | ‖ω‖₁=8.035402e+01
  → at λ=1.728e-03:  r(λ)=100,  rel_err=1.807161e-01

-- Path iteration 5, λ = 2.074e-03   (r(λ) prev = 100)
  λ=2.074e-03 | Epoch   1 | lr=1.0000e-03 | Recon MSE=4.089842e-01 | ‖ω‖₁=9.947218e+01
  λ=2.074e-03 | Epoch  10 | lr=5.0000e-04 | Recon MSE=1.750064e-01 | ‖ω‖₁=9.219979e+01
  λ=2.074e-03 | Epoch  20 | lr=1.2500e-04 | Recon MSE=5.472206e-01 | ‖ω‖₁=8.443787e+01
  λ=2.074e-03 | Epoch  30 | lr=3.1250e-05 | Recon MSE=1.256595e+00 | ‖ω‖₁=7.645164e+01
  → at λ=2.074e-03:  r(λ)=100,  rel_err=2.158076e-01

-- Path iteration 6, λ = 2.488e-03   (r(λ) prev = 100)
  λ=2.488e-03 | Epoch   1 | lr=1.0000e-03 | Recon MSE=4.287385e-01 | ‖ω‖₁=9.936687e+01
  λ=2.488e-03 | Epoch  10 | lr=5.0000e-04 | Recon MSE=2.302846e-01 | ‖ω‖₁=9.067636e+01
  λ=2.488e-03 | Epoch  20 | lr=1.2500e-04 | Recon MSE=7.692617e-01 | ‖ω‖₁=8.136025e+01
  λ=2.488e-03 | Epoch  30 | lr=3.1250e-05 | Recon MSE=1.789914e+00 | ‖ω‖₁=7.177594e+01
  → at λ=2.488e-03:  r(λ)=100,  rel_err=2.576200e-01

-- Path iteration 7, λ = 2.986e-03   (r(λ) prev = 100)
  λ=2.986e-03 | Epoch   1 | lr=1.0000e-03 | Recon MSE=4.519021e-01 | ‖ω‖₁=9.924531e+01
  λ=2.986e-03 | Epoch  10 | lr=5.0000e-04 | Recon MSE=3.157213e-01 | ‖ω‖₁=8.884059e+01
  λ=2.986e-03 | Epoch  20 | lr=1.2500e-04 | Recon MSE=1.093674e+00 | ‖ω‖₁=7.766041e+01
  λ=2.986e-03 | Epoch  30 | lr=3.1250e-05 | Recon MSE=2.562525e+00 | ‖ω‖₁=6.615859e+01
  → at λ=2.986e-03:  r(λ)=100,  rel_err=3.082803e-01

-- Path iteration 8, λ = 3.583e-03   (r(λ) prev = 100)
  λ=3.583e-03 | Epoch   1 | lr=1.0000e-03 | Recon MSE=3.965509e-01 | ‖ω‖₁=9.910136e+01
  λ=3.583e-03 | Epoch  10 | lr=5.0000e-04 | Recon MSE=4.305290e-01 | ‖ω‖₁=8.665932e+01
  λ=3.583e-03 | Epoch  20 | lr=1.2500e-04 | Recon MSE=1.550582e+00 | ‖ω‖₁=7.323864e+01
  λ=3.583e-03 | Epoch  30 | lr=3.1250e-05 | Recon MSE=3.661790e+00 | ‖ω‖₁=5.943478e+01
  → at λ=3.583e-03:  r(λ)=100,  rel_err=3.685653e-01

-- Path iteration 9, λ = 4.300e-03   (r(λ) prev = 100)
  λ=4.300e-03 | Epoch   1 | lr=1.0000e-03 | Recon MSE=3.760220e-01 | ‖ω‖₁=9.892586e+01
  λ=4.300e-03 | Epoch  10 | lr=5.0000e-04 | Recon MSE=5.997076e-01 | ‖ω‖₁=8.402323e+01
  λ=4.300e-03 | Epoch  20 | lr=1.2500e-04 | Recon MSE=2.214654e+00 | ‖ω‖₁=6.791673e+01
  λ=4.300e-03 | Epoch  30 | lr=3.1250e-05 | Recon MSE=5.254274e+00 | ‖ω‖₁=5.135168e+01
  → at λ=4.300e-03:  r(λ)=100,  rel_err=4.415276e-01

-- Path iteration 10, λ = 5.160e-03   (r(λ) prev = 100)
  λ=5.160e-03 | Epoch   1 | lr=1.0000e-03 | Recon MSE=3.746690e-01 | ‖ω‖₁=9.871357e+01
  λ=5.160e-03 | Epoch  10 | lr=5.0000e-04 | Recon MSE=8.418384e-01 | ‖ω‖₁=8.086424e+01
  λ=5.160e-03 | Epoch  20 | lr=1.2500e-04 | Recon MSE=3.168594e+00 | ‖ω‖₁=6.153491e+01
  λ=5.160e-03 | Epoch  30 | lr=3.1250e-05 | Recon MSE=7.541741e+00 | ‖ω‖₁=4.165572e+01
  → at λ=5.160e-03:  r(λ)=100,  rel_err=5.290032e-01

-- Path iteration 11, λ = 6.192e-03   (r(λ) prev = 100)
  λ=6.192e-03 | Epoch   1 | lr=1.0000e-03 | Recon MSE=4.917909e-01 | ‖ω‖₁=9.845438e+01
  λ=6.192e-03 | Epoch  10 | lr=5.0000e-04 | Recon MSE=1.198153e+00 | ‖ω‖₁=7.704310e+01
  λ=6.192e-03 | Epoch  20 | lr=1.2500e-04 | Recon MSE=4.551948e+00 | ‖ω‖₁=5.384964e+01
  λ=6.192e-03 | Epoch  30 | lr=3.1250e-05 | Recon MSE=1.085113e+01 | ‖ω‖₁=2.999488e+01
  → at λ=6.192e-03:  r(λ)=100,  rel_err=6.345576e-01

-- Path iteration 12, λ = 7.430e-03   (r(λ) prev = 100)
  λ=7.430e-03 | Epoch   1 | lr=1.0000e-03 | Recon MSE=3.521596e-01 | ‖ω‖₁=9.815605e+01
  λ=7.430e-03 | Epoch  10 | lr=5.0000e-04 | Recon MSE=1.689765e+00 | ‖ω‖₁=7.252094e+01
  λ=7.430e-03 | Epoch  20 | lr=1.2500e-04 | Recon MSE=6.514957e+00 | ‖ω‖₁=4.468202e+01
  λ=7.430e-03 | Epoch  30 | lr=3.1250e-05 | Recon MSE=1.556952e+01 | ‖ω‖₁=1.605342e+01
  → at λ=7.430e-03:  r(λ)=100,  rel_err=7.601260e-01

-- Path iteration 13, λ = 8.916e-03   (r(λ) prev = 100)
  λ=8.916e-03 | Epoch   1 | lr=1.0000e-03 | Recon MSE=3.817488e-01 | ‖ω‖₁=9.778829e+01
  λ=8.916e-03 | Epoch  10 | lr=5.0000e-04 | Recon MSE=2.408635e+00 | ‖ω‖₁=6.705821e+01
  λ=8.916e-03 | Epoch  20 | lr=1.2500e-04 | Recon MSE=9.356148e+00 | ‖ω‖₁=3.364895e+01
  λ=8.916e-03 | Epoch  30 | lr=3.1250e-05 | Recon MSE=2.201238e+01 | ‖ω‖₁=5.997504e+00
  → at λ=8.916e-03:  r(λ)=100,  rel_err=8.996499e-01

-- Path iteration 14, λ = 1.070e-02   (r(λ) prev = 100)
  λ=1.070e-02 | Epoch   1 | lr=1.0000e-03 | Recon MSE=4.374886e-01 | ‖ω‖₁=9.734747e+01
  λ=1.070e-02 | Epoch  10 | lr=5.0000e-04 | Recon MSE=3.456456e+00 | ‖ω‖₁=6.048738e+01
  λ=1.070e-02 | Epoch  20 | lr=1.2500e-04 | Recon MSE=1.346216e+01 | ‖ω‖₁=2.039587e+01
  λ=1.070e-02 | Epoch  30 | lr=3.1250e-05 | Recon MSE=2.590513e+01 | ‖ω‖₁=3.830430e+00
  → at λ=1.070e-02:  r(λ)=100,  rel_err=9.595690e-01

-- Path iteration 15, λ = 1.284e-02   (r(λ) prev = 100)
  λ=1.284e-02 | Epoch   1 | lr=1.0000e-03 | Recon MSE=3.482754e-01 | ‖ω‖₁=9.682563e+01
  λ=1.284e-02 | Epoch  10 | lr=5.0000e-04 | Recon MSE=4.934584e+00 | ‖ω‖₁=5.263860e+01
  λ=1.284e-02 | Epoch  20 | lr=1.2500e-04 | Recon MSE=1.926656e+01 | ‖ω‖₁=7.748271e+00
  λ=1.284e-02 | Epoch  30 | lr=3.1250e-05 | Recon MSE=2.619207e+01 | ‖ω‖₁=3.387883e+00
  → at λ=1.284e-02:  r(λ)=100,  rel_err=9.646357e-01

-- Path iteration 16, λ = 1.541e-02   (r(λ) prev = 100)
  λ=1.541e-02 | Epoch   1 | lr=1.0000e-03 | Recon MSE=4.197852e-01 | ‖ω‖₁=9.619047e+01
  λ=1.541e-02 | Epoch  10 | lr=5.0000e-04 | Recon MSE=7.099470e+00 | ‖ω‖₁=4.318141e+01
  λ=1.541e-02 | Epoch  20 | lr=1.2500e-04 | Recon MSE=2.509381e+01 | ‖ω‖₁=4.201782e+00
  λ=1.541e-02 | Epoch  30 | lr=3.1250e-05 | Recon MSE=2.642261e+01 | ‖ω‖₁=3.033778e+00
  → at λ=1.541e-02:  r(λ)=100,  rel_err=9.687931e-01

-- Path iteration 17, λ = 1.849e-02   (r(λ) prev = 100)
  λ=1.849e-02 | Epoch   1 | lr=1.0000e-03 | Recon MSE=4.022303e-01 | ‖ω‖₁=9.543237e+01
  λ=1.849e-02 | Epoch  10 | lr=5.0000e-04 | Recon MSE=1.017752e+01 | ‖ω‖₁=3.185797e+01
  λ=1.849e-02 | Epoch  20 | lr=1.2500e-04 | Recon MSE=2.607383e+01 | ‖ω‖₁=3.510714e+00
  λ=1.849e-02 | Epoch  30 | lr=3.1250e-05 | Recon MSE=2.664799e+01 | ‖ω‖₁=2.562139e+00
  → at λ=1.849e-02:  r(λ)=100,  rel_err=9.729158e-01

-- Path iteration 18, λ = 2.219e-02   (r(λ) prev = 100)
  λ=2.219e-02 | Epoch   1 | lr=1.0000e-03 | Recon MSE=3.771686e-01 | ‖ω‖₁=9.452466e+01
  λ=2.219e-02 | Epoch  10 | lr=5.0000e-04 | Recon MSE=1.461590e+01 | ‖ω‖₁=1.826671e+01
  λ=2.219e-02 | Epoch  20 | lr=1.2500e-04 | Recon MSE=2.635030e+01 | ‖ω‖₁=3.093435e+00
  λ=2.219e-02 | Epoch  30 | lr=3.1250e-05 | Recon MSE=2.690235e+01 | ‖ω‖₁=2.164183e+00
  → at λ=2.219e-02:  r(λ)=100,  rel_err=9.775408e-01

-- Path iteration 19, λ = 2.662e-02   (r(λ) prev = 100)
  λ=2.662e-02 | Epoch   1 | lr=1.0000e-03 | Recon MSE=4.102294e-01 | ‖ω‖₁=9.343205e+01
  λ=2.662e-02 | Epoch  10 | lr=5.0000e-04 | Recon MSE=2.088870e+01 | ‖ω‖₁=6.456678e+00
  λ=2.662e-02 | Epoch  20 | lr=1.2500e-04 | Recon MSE=2.655069e+01 | ‖ω‖₁=2.713594e+00
  λ=2.662e-02 | Epoch  30 | lr=3.1250e-05 | Recon MSE=2.709184e+01 | ‖ω‖₁=1.782274e+00
  → at λ=2.662e-02:  r(λ)=100,  rel_err=9.809924e-01

-- Path iteration 20, λ = 3.195e-02   (r(λ) prev = 100)
  λ=3.195e-02 | Epoch   1 | lr=1.0000e-03 | Recon MSE=4.444312e-01 | ‖ω‖₁=9.212158e+01
  λ=3.195e-02 | Epoch  10 | lr=5.0000e-04 | Recon MSE=2.574899e+01 | ‖ω‖₁=3.974802e+00
  λ=3.195e-02 | Epoch  20 | lr=1.2500e-04 | Recon MSE=2.675498e+01 | ‖ω‖₁=2.338114e+00
  λ=3.195e-02 | Epoch  30 | lr=3.1250e-05 | Recon MSE=2.732118e+01 | ‖ω‖₁=1.353408e+00
  → at λ=3.195e-02:  r(λ)=100,  rel_err=9.851704e-01

-- Path iteration 21, λ = 3.834e-02   (r(λ) prev = 100)
  λ=3.834e-02 | Epoch   1 | lr=1.0000e-03 | Recon MSE=4.121247e-01 | ‖ω‖₁=9.055272e+01
  λ=3.834e-02 | Epoch  10 | lr=5.0000e-04 | Recon MSE=2.614068e+01 | ‖ω‖₁=3.470339e+00
  λ=3.834e-02 | Epoch  20 | lr=1.2500e-04 | Recon MSE=2.705493e+01 | ‖ω‖₁=1.869513e+00
  λ=3.834e-02 | Epoch  30 | lr=3.1250e-05 | Recon MSE=2.765533e+01 | ‖ω‖₁=8.293954e-01
  → at λ=3.834e-02:  r(λ)=100,  rel_err=9.911973e-01

-- Path iteration 22, λ = 4.601e-02   (r(λ) prev = 100)
  λ=4.601e-02 | Epoch   1 | lr=1.0000e-03 | Recon MSE=4.515981e-01 | ‖ω‖₁=8.866658e+01
  λ=4.601e-02 | Epoch  10 | lr=5.0000e-04 | Recon MSE=2.639417e+01 | ‖ω‖₁=3.049022e+00
  λ=4.601e-02 | Epoch  20 | lr=1.2500e-04 | Recon MSE=2.727694e+01 | ‖ω‖₁=1.451359e+00
  λ=4.601e-02 | Epoch  30 | lr=3.1250e-05 | Recon MSE=2.789615e+01 | ‖ω‖₁=3.573768e-01
  → at λ=4.601e-02:  r(λ)=93,  rel_err=9.955375e-01

-- Path iteration 23, λ = 5.521e-02   (r(λ) prev = 93)
  λ=5.521e-02 | Epoch   1 | lr=1.0000e-03 | Recon MSE=5.427298e-01 | ‖ω‖₁=8.640150e+01
  λ=5.521e-02 | Epoch  10 | lr=5.0000e-04 | Recon MSE=2.659419e+01 | ‖ω‖₁=2.635770e+00
  λ=5.521e-02 | Epoch  20 | lr=1.2500e-04 | Recon MSE=2.751708e+01 | ‖ω‖₁=9.599351e-01
  λ=5.521e-02 | Epoch  30 | lr=3.1250e-05 | Recon MSE=2.814135e+01 | ‖ω‖₁=2.527475e-02
  → at λ=5.521e-02:  r(λ)=15,  rel_err=9.995404e-01

-- Path iteration 24, λ = 6.625e-02   (r(λ) prev = 15)
  λ=6.625e-02 | Epoch   1 | lr=1.0000e-03 | Recon MSE=6.767566e-01 | ‖ω‖₁=8.368393e+01
  λ=6.625e-02 | Epoch  10 | lr=5.0000e-04 | Recon MSE=2.685546e+01 | ‖ω‖₁=2.227354e+00
  λ=6.625e-02 | Epoch  20 | lr=1.2500e-04 | Recon MSE=2.782780e+01 | ‖ω‖₁=4.700737e-01
  λ=6.625e-02 | Epoch  30 | lr=3.1250e-05 | Recon MSE=2.818125e+01 | ‖ω‖₁=0.000000e+00
  → at λ=6.625e-02:  r(λ)=0,  rel_err=9.999879e-01
All skip-weights have zeroed out. Stopping path.

Found knees using DFDT method: [20]
[Dense2Sparse] Picked λ=3.834e-02,  r=100, err=9.911973e-01

→ Final training on full data with λ = 3.834e-02 ...
  λ=3.834e-02 | Epoch   1 | lr=1.0000e-03 | Recon MSE=4.316697e-01 | ‖ω‖₁=9.055199e+01
  λ=3.834e-02 | Epoch  10 | lr=5.0000e-04 | Recon MSE=2.613616e+01 | ‖ω‖₁=3.476600e+00
  λ=3.834e-02 | Epoch  20 | lr=1.2500e-04 | Recon MSE=2.703646e+01 | ‖ω‖₁=1.896827e+00
  λ=3.834e-02 | Epoch  30 | lr=3.1250e-05 | Recon MSE=2.763223e+01 | ‖ω‖₁=8.600397e-01

Final skip-weights ω: [0.014952162280678749, 0.010458345524966717, 0.009665800258517265, 0.011486885137856007, 0.00631214864552021, 0.011549906805157661, 0.00420469231903553, 0.011418790556490421, 0.007982390001416206, 0.010244157165288925] ...
Selected POD-mode indices (ω_j ≠ 0): [0, 1, 2, 3, 4, 5, 6, 7, 8, 9, 10, 11, 12, 13, 14, 15, 16, 17, 18, 19, 20, 21, 22, 23, 24, 25, 26, 27, 28, 29, 30, 31, 32, 33, 34, 35, 36, 37, 38, 39, 40, 41, 42, 43, 44, 45, 46, 47, 48, 49, 50, 51, 52, 53, 54, 55, 56, 57, 58, 59, 60, 61, 62, 63, 64, 65, 66, 67, 68, 69, 70, 71, 72, 73, 74, 75, 76, 77, 78, 79, 80, 81, 82, 83, 84, 85, 86, 87, 88, 89, 90, 91, 92, 93, 94, 95, 96, 97, 98, 99] (count = 100 / 100)
Final relative reconstruction of SparseModesNet: ||X - X_hat||_F / ||X||_F = 9.907874e-01
Final MSE per sample of SparseModesNet: = 5.322502e+00
Relative error using only selected  modes: 1.055584e-04
MSE per sample using only selected  modes: 5.670589e-04
2025-06-17 13:57:54,407 - sparsemodesnet.advecting_pulse - INFO - ==================================================
2025-06-17 13:57:54,407 - sparsemodesnet.advecting_pulse - INFO - Experiment completed successfully!
2025-06-17 13:57:54,408 - sparsemodesnet.advecting_pulse - INFO - Selected 100 modes out of 100
2025-06-17 13:57:54,408 - sparsemodesnet.advecting_pulse - INFO - Final lambda: 3.834e-02
