2025-06-17 14:04:31,797 - sparsemodesnet.advecting_pulse - INFO - Starting advecting_pulse experiment
2025-06-17 14:04:31,797 - sparsemodesnet.advecting_pulse - INFO - Log file: /Users/tkoike3/Dev/Research/sparsemodesnet/experiments/logs/advecting_pulse_20250617_140431.log
2025-06-17 14:04:31,798 - sparsemodesnet.advecting_pulse - INFO - Experiment: Advecting Pulse
2025-06-17 14:04:31,798 - sparsemodesnet.advecting_pulse - INFO - Data shape: (1024, 1000)
2025-06-17 14:04:31,798 - sparsemodesnet.advecting_pulse - INFO - POD dimension: 100
2025-06-17 14:04:31,799 - sparsemodesnet.advecting_pulse - INFO - Hidden units: [100, 2000, 100]
2025-06-17 14:04:31,799 - sparsemodesnet.advecting_pulse - INFO - Regularization method: dense2sparse
2025-06-17 14:04:31,799 - sparsemodesnet.advecting_pulse - INFO - Device: mps
2025-06-17 14:04:31,800 - sparsemodesnet.advecting_pulse - INFO - Training parameters: M=2.0, lr=0.001, batch_size=128
2025-06-17 14:04:31,800 - sparsemodesnet.advecting_pulse - INFO - Optimizer: Adam, knee_method: dfdt
2025-06-17 14:04:31,800 - sparsemodesnet.advecting_pulse - INFO - NN type: PiNetCCP with polynomial order of 2, and 2 number of polynomial blocks
2025-06-17 14:04:31,800 - sparsemodesnet.advecting_pulse - INFO - ==================================================

=== SparseModesNet (λ-path=dense2sparse) on Advecting Pulse: d=1024, n=1000, s=100 ===

=== Dense-To-Sparse (default) λ-Path ===

-- Path iteration 1, λ = 1.000e-03   (r(λ) prev = 100)
  λ=1.000e-03 | Epoch   1 | lr=1.0000e-03 | Recon MSE=5.030566e-01 | ‖ω‖₁=9.933431e+01
  λ=1.000e-03 | Epoch  10 | lr=1.0000e-03 | Recon MSE=4.329078e-02 | ‖ω‖₁=9.464309e+01
  λ=1.000e-03 | Epoch  20 | lr=5.0000e-04 | Recon MSE=3.215504e-02 | ‖ω‖₁=9.231719e+01
  λ=1.000e-03 | Epoch  30 | lr=5.0000e-04 | Recon MSE=3.648885e-02 | ‖ω‖₁=8.768218e+01
  λ=1.000e-03 | Epoch  40 | lr=2.5000e-04 | Recon MSE=2.336267e-02 | ‖ω‖₁=8.307610e+01
  λ=1.000e-03 | Epoch  50 | lr=2.5000e-04 | Recon MSE=3.179793e-02 | ‖ω‖₁=7.690195e+01
  λ=1.000e-03 | Epoch  60 | lr=1.2500e-04 | Recon MSE=3.264066e-02 | ‖ω‖₁=7.071581e+01
  λ=1.000e-03 | Epoch  70 | lr=1.2500e-04 | Recon MSE=4.193206e-02 | ‖ω‖₁=6.367943e+01
  λ=1.000e-03 | Epoch  80 | lr=6.2500e-05 | Recon MSE=4.800881e-02 | ‖ω‖₁=5.661538e+01
  λ=1.000e-03 | Epoch  90 | lr=6.2500e-05 | Recon MSE=6.088530e-02 | ‖ω‖₁=4.913824e+01
  λ=1.000e-03 | Epoch 100 | lr=3.1250e-05 | Recon MSE=7.253643e-02 | ‖ω‖₁=4.166592e+01
  → at λ=1.000e-03:  r(λ)=100,  rel_err=5.082094e-02

-- Path iteration 2, λ = 1.200e-03   (r(λ) prev = 100)
  λ=1.200e-03 | Epoch   1 | lr=1.0000e-03 | Recon MSE=6.434854e-01 | ‖ω‖₁=9.924093e+01
  λ=1.200e-03 | Epoch  10 | lr=1.0000e-03 | Recon MSE=8.087863e-02 | ‖ω‖₁=9.309831e+01
  λ=1.200e-03 | Epoch  20 | lr=5.0000e-04 | Recon MSE=5.054084e-02 | ‖ω‖₁=8.938867e+01
  λ=1.200e-03 | Epoch  30 | lr=5.0000e-04 | Recon MSE=4.983940e-02 | ‖ω‖₁=8.305659e+01
  λ=1.200e-03 | Epoch  40 | lr=2.5000e-04 | Recon MSE=3.684856e-02 | ‖ω‖₁=7.672526e+01
  λ=1.200e-03 | Epoch  50 | lr=2.5000e-04 | Recon MSE=4.462480e-02 | ‖ω‖₁=6.886166e+01
  λ=1.200e-03 | Epoch  60 | lr=1.2500e-04 | Recon MSE=4.766782e-02 | ‖ω‖₁=6.097492e+01
  λ=1.200e-03 | Epoch  70 | lr=1.2500e-04 | Recon MSE=6.134568e-02 | ‖ω‖₁=5.230996e+01
  λ=1.200e-03 | Epoch  80 | lr=6.2500e-05 | Recon MSE=7.069293e-02 | ‖ω‖₁=4.364229e+01
  λ=1.200e-03 | Epoch  90 | lr=6.2500e-05 | Recon MSE=8.983212e-02 | ‖ω‖₁=3.463139e+01
  λ=1.200e-03 | Epoch 100 | lr=3.1250e-05 | Recon MSE=1.093989e-01 | ‖ω‖₁=2.571786e+01
  → at λ=1.200e-03:  r(λ)=100,  rel_err=6.246280e-02

-- Path iteration 3, λ = 1.440e-03   (r(λ) prev = 100)
  λ=1.440e-03 | Epoch   1 | lr=1.0000e-03 | Recon MSE=6.474046e-01 | ‖ω‖₁=9.913262e+01
  λ=1.440e-03 | Epoch  10 | lr=1.0000e-03 | Recon MSE=1.194723e-01 | ‖ω‖₁=9.160666e+01
  λ=1.440e-03 | Epoch  20 | lr=5.0000e-04 | Recon MSE=6.101193e-02 | ‖ω‖₁=8.645096e+01
  λ=1.440e-03 | Epoch  30 | lr=5.0000e-04 | Recon MSE=5.686118e-02 | ‖ω‖₁=7.819486e+01
  λ=1.440e-03 | Epoch  40 | lr=2.5000e-04 | Recon MSE=4.229787e-02 | ‖ω‖₁=6.987192e+01
  λ=1.440e-03 | Epoch  50 | lr=2.5000e-04 | Recon MSE=5.178708e-02 | ‖ω‖₁=6.004102e+01
  λ=1.440e-03 | Epoch  60 | lr=1.2500e-04 | Recon MSE=5.276390e-02 | ‖ω‖₁=5.018612e+01
  λ=1.440e-03 | Epoch  70 | lr=1.2500e-04 | Recon MSE=6.482900e-02 | ‖ω‖₁=3.962854e+01
  λ=1.440e-03 | Epoch  80 | lr=6.2500e-05 | Recon MSE=7.770586e-02 | ‖ω‖₁=2.918271e+01
  λ=1.440e-03 | Epoch  90 | lr=6.2500e-05 | Recon MSE=1.211199e-01 | ‖ω‖₁=1.896351e+01
  λ=1.440e-03 | Epoch 100 | lr=3.1250e-05 | Recon MSE=1.551727e-01 | ‖ω‖₁=1.117935e+01
  → at λ=1.440e-03:  r(λ)=100,  rel_err=7.408432e-02

-- Path iteration 4, λ = 1.728e-03   (r(λ) prev = 100)
  λ=1.728e-03 | Epoch   1 | lr=1.0000e-03 | Recon MSE=5.519414e-01 | ‖ω‖₁=9.900660e+01
  λ=1.728e-03 | Epoch  10 | lr=1.0000e-03 | Recon MSE=1.492127e-01 | ‖ω‖₁=8.983078e+01
  λ=1.728e-03 | Epoch  20 | lr=5.0000e-04 | Recon MSE=4.075440e-02 | ‖ω‖₁=8.231696e+01
  λ=1.728e-03 | Epoch  30 | lr=5.0000e-04 | Recon MSE=4.287254e-02 | ‖ω‖₁=7.161803e+01
  λ=1.728e-03 | Epoch  40 | lr=2.5000e-04 | Recon MSE=3.912756e-02 | ‖ω‖₁=6.085389e+01
  λ=1.728e-03 | Epoch  50 | lr=2.5000e-04 | Recon MSE=4.527505e-02 | ‖ω‖₁=4.867606e+01
  λ=1.728e-03 | Epoch  60 | lr=1.2500e-04 | Recon MSE=4.859714e-02 | ‖ω‖₁=3.654878e+01
  λ=1.728e-03 | Epoch  70 | lr=1.2500e-04 | Recon MSE=6.569731e-02 | ‖ω‖₁=2.402704e+01
  λ=1.728e-03 | Epoch  80 | lr=6.2500e-05 | Recon MSE=9.297003e-02 | ‖ω‖₁=1.345367e+01
  λ=1.728e-03 | Epoch  90 | lr=6.2500e-05 | Recon MSE=1.228595e-01 | ‖ω‖₁=7.074652e+00
  λ=1.728e-03 | Epoch 100 | lr=3.1250e-05 | Recon MSE=1.226468e-01 | ‖ω‖₁=4.872583e+00
  → at λ=1.728e-03:  r(λ)=100,  rel_err=6.548645e-02

-- Path iteration 5, λ = 2.074e-03   (r(λ) prev = 100)
  λ=2.074e-03 | Epoch   1 | lr=1.0000e-03 | Recon MSE=4.555810e-01 | ‖ω‖₁=9.883424e+01
  λ=2.074e-03 | Epoch  10 | lr=1.0000e-03 | Recon MSE=1.631949e-01 | ‖ω‖₁=8.787963e+01
  λ=2.074e-03 | Epoch  20 | lr=5.0000e-04 | Recon MSE=3.597157e-02 | ‖ω‖₁=7.766501e+01
  λ=2.074e-03 | Epoch  30 | lr=5.0000e-04 | Recon MSE=4.390343e-02 | ‖ω‖₁=6.419409e+01
  λ=2.074e-03 | Epoch  40 | lr=2.5000e-04 | Recon MSE=1.582481e-01 | ‖ω‖₁=5.036900e+01
  λ=2.074e-03 | Epoch  50 | lr=2.5000e-04 | Recon MSE=5.321200e-02 | ‖ω‖₁=3.531875e+01
  λ=2.074e-03 | Epoch  60 | lr=1.2500e-04 | Recon MSE=6.768899e-02 | ‖ω‖₁=2.098888e+01
  λ=2.074e-03 | Epoch  70 | lr=1.2500e-04 | Recon MSE=1.201163e-01 | ‖ω‖₁=9.930825e+00
  λ=2.074e-03 | Epoch  80 | lr=6.2500e-05 | Recon MSE=1.261443e-01 | ‖ω‖₁=5.014576e+00
  λ=2.074e-03 | Epoch  90 | lr=6.2500e-05 | Recon MSE=1.162471e-01 | ‖ω‖₁=4.464911e+00
  λ=2.074e-03 | Epoch 100 | lr=3.1250e-05 | Recon MSE=1.078542e-01 | ‖ω‖₁=4.231313e+00
  → at λ=2.074e-03:  r(λ)=100,  rel_err=6.162593e-02

-- Path iteration 6, λ = 2.488e-03   (r(λ) prev = 100)
  λ=2.488e-03 | Epoch   1 | lr=1.0000e-03 | Recon MSE=5.679921e-01 | ‖ω‖₁=9.867455e+01
  λ=2.488e-03 | Epoch  10 | lr=1.0000e-03 | Recon MSE=2.809998e-01 | ‖ω‖₁=8.450719e+01
  λ=2.488e-03 | Epoch  20 | lr=5.0000e-04 | Recon MSE=6.800985e-02 | ‖ω‖₁=7.086254e+01
  λ=2.488e-03 | Epoch  30 | lr=5.0000e-04 | Recon MSE=6.732914e-02 | ‖ω‖₁=5.403256e+01
  λ=2.488e-03 | Epoch  40 | lr=2.5000e-04 | Recon MSE=1.242341e-01 | ‖ω‖₁=3.705202e+01
  λ=2.488e-03 | Epoch  50 | lr=2.5000e-04 | Recon MSE=9.166615e-02 | ‖ω‖₁=1.934202e+01
  λ=2.488e-03 | Epoch  60 | lr=1.2500e-04 | Recon MSE=1.128991e-01 | ‖ω‖₁=7.894831e+00
  λ=2.488e-03 | Epoch  70 | lr=1.2500e-04 | Recon MSE=1.212941e-01 | ‖ω‖₁=4.765487e+00
  λ=2.488e-03 | Epoch  80 | lr=6.2500e-05 | Recon MSE=1.066888e-01 | ‖ω‖₁=4.442180e+00
  λ=2.488e-03 | Epoch  90 | lr=6.2500e-05 | Recon MSE=1.014621e-01 | ‖ω‖₁=4.209117e+00
  λ=2.488e-03 | Epoch 100 | lr=3.1250e-05 | Recon MSE=9.686331e-02 | ‖ω‖₁=4.021546e+00
  → at λ=2.488e-03:  r(λ)=100,  rel_err=5.845055e-02

-- Path iteration 7, λ = 2.986e-03   (r(λ) prev = 100)
  λ=2.986e-03 | Epoch   1 | lr=1.0000e-03 | Recon MSE=4.467940e-01 | ‖ω‖₁=9.843581e+01
  λ=2.986e-03 | Epoch  10 | lr=1.0000e-03 | Recon MSE=2.166745e-01 | ‖ω‖₁=8.162412e+01
  λ=2.986e-03 | Epoch  20 | lr=5.0000e-04 | Recon MSE=9.640291e-02 | ‖ω‖₁=6.411572e+01
  λ=2.986e-03 | Epoch  30 | lr=5.0000e-04 | Recon MSE=1.395174e-01 | ‖ω‖₁=4.311962e+01
  λ=2.986e-03 | Epoch  40 | lr=2.5000e-04 | Recon MSE=1.094857e-01 | ‖ω‖₁=2.207298e+01
  λ=2.986e-03 | Epoch  50 | lr=2.5000e-04 | Recon MSE=1.321172e-01 | ‖ω‖₁=7.365114e+00
  λ=2.986e-03 | Epoch  60 | lr=1.2500e-04 | Recon MSE=1.171642e-01 | ‖ω‖₁=4.531030e+00
  λ=2.986e-03 | Epoch  70 | lr=1.2500e-04 | Recon MSE=1.045508e-01 | ‖ω‖₁=4.189724e+00
  λ=2.986e-03 | Epoch  80 | lr=6.2500e-05 | Recon MSE=9.439224e-02 | ‖ω‖₁=3.949141e+00
  λ=2.986e-03 | Epoch  90 | lr=6.2500e-05 | Recon MSE=9.036920e-02 | ‖ω‖₁=3.749009e+00
  λ=2.986e-03 | Epoch 100 | lr=3.1250e-05 | Recon MSE=8.668009e-02 | ‖ω‖₁=3.576718e+00
  → at λ=2.986e-03:  r(λ)=100,  rel_err=5.529248e-02

-- Path iteration 8, λ = 3.583e-03   (r(λ) prev = 100)
  λ=3.583e-03 | Epoch   1 | lr=1.0000e-03 | Recon MSE=6.221075e-01 | ‖ω‖₁=9.816789e+01
  λ=3.583e-03 | Epoch  10 | lr=1.0000e-03 | Recon MSE=4.189968e-01 | ‖ω‖₁=7.680503e+01
  λ=3.583e-03 | Epoch  20 | lr=5.0000e-04 | Recon MSE=1.741326e-01 | ‖ω‖₁=5.457412e+01
  λ=3.583e-03 | Epoch  30 | lr=5.0000e-04 | Recon MSE=1.479594e-01 | ‖ω‖₁=2.897110e+01
  λ=3.583e-03 | Epoch  40 | lr=2.5000e-04 | Recon MSE=1.643240e-01 | ‖ω‖₁=8.463547e+00
  λ=3.583e-03 | Epoch  50 | lr=2.5000e-04 | Recon MSE=1.462695e-01 | ‖ω‖₁=4.616966e+00
  λ=3.583e-03 | Epoch  60 | lr=1.2500e-04 | Recon MSE=1.159637e-01 | ‖ω‖₁=4.226266e+00
  λ=3.583e-03 | Epoch  70 | lr=1.2500e-04 | Recon MSE=1.051455e-01 | ‖ω‖₁=3.943956e+00
  λ=3.583e-03 | Epoch  80 | lr=6.2500e-05 | Recon MSE=9.650807e-02 | ‖ω‖₁=3.718916e+00
  λ=3.583e-03 | Epoch  90 | lr=6.2500e-05 | Recon MSE=9.325929e-02 | ‖ω‖₁=3.521413e+00
  λ=3.583e-03 | Epoch 100 | lr=3.1250e-05 | Recon MSE=9.009644e-02 | ‖ω‖₁=3.348674e+00
  → at λ=3.583e-03:  r(λ)=100,  rel_err=5.640851e-02

-- Path iteration 9, λ = 4.300e-03   (r(λ) prev = 100)
  λ=4.300e-03 | Epoch   1 | lr=1.0000e-03 | Recon MSE=5.386444e-01 | ‖ω‖₁=9.786978e+01
  λ=4.300e-03 | Epoch  10 | lr=1.0000e-03 | Recon MSE=4.262102e-01 | ‖ω‖₁=7.180989e+01
  λ=4.300e-03 | Epoch  20 | lr=5.0000e-04 | Recon MSE=2.931620e-01 | ‖ω‖₁=4.365778e+01
  λ=4.300e-03 | Epoch  30 | lr=5.0000e-04 | Recon MSE=2.095672e-01 | ‖ω‖₁=1.344417e+01
  λ=4.300e-03 | Epoch  40 | lr=2.5000e-04 | Recon MSE=1.589963e-01 | ‖ω‖₁=4.659798e+00
  λ=4.300e-03 | Epoch  50 | lr=2.5000e-04 | Recon MSE=1.271908e-01 | ‖ω‖₁=4.178840e+00
  λ=4.300e-03 | Epoch  60 | lr=1.2500e-04 | Recon MSE=1.086217e-01 | ‖ω‖₁=3.868698e+00
  λ=4.300e-03 | Epoch  70 | lr=1.2500e-04 | Recon MSE=1.009630e-01 | ‖ω‖₁=3.611554e+00
  λ=4.300e-03 | Epoch  80 | lr=6.2500e-05 | Recon MSE=9.460725e-02 | ‖ω‖₁=3.396432e+00
  λ=4.300e-03 | Epoch  90 | lr=6.2500e-05 | Recon MSE=9.248538e-02 | ‖ω‖₁=3.199562e+00
  λ=4.300e-03 | Epoch 100 | lr=3.1250e-05 | Recon MSE=9.020785e-02 | ‖ω‖₁=3.022903e+00
  → at λ=4.300e-03:  r(λ)=100,  rel_err=5.645963e-02

-- Path iteration 10, λ = 5.160e-03   (r(λ) prev = 100)
  λ=5.160e-03 | Epoch   1 | lr=1.0000e-03 | Recon MSE=4.799400e-01 | ‖ω‖₁=9.749283e+01
  λ=5.160e-03 | Epoch  10 | lr=1.0000e-03 | Recon MSE=3.937647e-01 | ‖ω‖₁=6.550784e+01
  λ=5.160e-03 | Epoch  20 | lr=5.0000e-04 | Recon MSE=5.119536e-01 | ‖ω‖₁=2.998502e+01
  λ=5.160e-03 | Epoch  30 | lr=5.0000e-04 | Recon MSE=3.021030e-01 | ‖ω‖₁=4.836385e+00
  λ=5.160e-03 | Epoch  40 | lr=2.5000e-04 | Recon MSE=1.824638e-01 | ‖ω‖₁=4.143045e+00
  λ=5.160e-03 | Epoch  50 | lr=2.5000e-04 | Recon MSE=1.543902e-01 | ‖ω‖₁=3.757124e+00
  λ=5.160e-03 | Epoch  60 | lr=1.2500e-04 | Recon MSE=1.331101e-01 | ‖ω‖₁=3.464854e+00
  λ=5.160e-03 | Epoch  70 | lr=1.2500e-04 | Recon MSE=1.250231e-01 | ‖ω‖₁=3.214604e+00
  λ=5.160e-03 | Epoch  80 | lr=6.2500e-05 | Recon MSE=1.179707e-01 | ‖ω‖₁=2.997653e+00
  λ=5.160e-03 | Epoch  90 | lr=6.2500e-05 | Recon MSE=1.161963e-01 | ‖ω‖₁=2.798419e+00
  λ=5.160e-03 | Epoch 100 | lr=3.1250e-05 | Recon MSE=1.138442e-01 | ‖ω‖₁=2.617649e+00
  → at λ=5.160e-03:  r(λ)=100,  rel_err=6.344031e-02

-- Path iteration 11, λ = 6.192e-03   (r(λ) prev = 100)
  λ=6.192e-03 | Epoch   1 | lr=1.0000e-03 | Recon MSE=1.054345e+00 | ‖ω‖₁=9.709736e+01
  λ=6.192e-03 | Epoch  10 | lr=1.0000e-03 | Recon MSE=1.680830e+00 | ‖ω‖₁=5.645340e+01
  λ=6.192e-03 | Epoch  20 | lr=5.0000e-04 | Recon MSE=6.833156e-01 | ‖ω‖₁=1.323776e+01
  λ=6.192e-03 | Epoch  30 | lr=5.0000e-04 | Recon MSE=4.751527e-01 | ‖ω‖₁=4.285425e+00
  λ=6.192e-03 | Epoch  40 | lr=2.5000e-04 | Recon MSE=3.074256e-01 | ‖ω‖₁=3.793227e+00
  λ=6.192e-03 | Epoch  50 | lr=2.5000e-04 | Recon MSE=2.564666e-01 | ‖ω‖₁=3.439278e+00
  λ=6.192e-03 | Epoch  60 | lr=1.2500e-04 | Recon MSE=2.205769e-01 | ‖ω‖₁=3.151142e+00
  λ=6.192e-03 | Epoch  70 | lr=1.2500e-04 | Recon MSE=2.071864e-01 | ‖ω‖₁=2.896438e+00
  λ=6.192e-03 | Epoch  80 | lr=6.2500e-05 | Recon MSE=1.950822e-01 | ‖ω‖₁=2.672414e+00
  λ=6.192e-03 | Epoch  90 | lr=6.2500e-05 | Recon MSE=1.931173e-01 | ‖ω‖₁=2.464979e+00
  λ=6.192e-03 | Epoch 100 | lr=3.1250e-05 | Recon MSE=1.894207e-01 | ‖ω‖₁=2.274610e+00
  → at λ=6.192e-03:  r(λ)=100,  rel_err=8.183759e-02

-- Path iteration 12, λ = 7.430e-03   (r(λ) prev = 100)
  λ=7.430e-03 | Epoch   1 | lr=1.0000e-03 | Recon MSE=5.528907e-01 | ‖ω‖₁=9.651820e+01
  λ=7.430e-03 | Epoch  10 | lr=1.0000e-03 | Recon MSE=7.164158e-01 | ‖ω‖₁=4.846227e+01
  λ=7.430e-03 | Epoch  20 | lr=5.0000e-04 | Recon MSE=4.915399e-01 | ‖ω‖₁=5.077987e+00
  λ=7.430e-03 | Epoch  30 | lr=5.0000e-04 | Recon MSE=2.411691e-01 | ‖ω‖₁=4.093747e+00
  λ=7.430e-03 | Epoch  40 | lr=2.5000e-04 | Recon MSE=1.674808e-01 | ‖ω‖₁=3.629928e+00
  λ=7.430e-03 | Epoch  50 | lr=2.5000e-04 | Recon MSE=1.434053e-01 | ‖ω‖₁=3.269100e+00
  λ=7.430e-03 | Epoch  60 | lr=1.2500e-04 | Recon MSE=1.260914e-01 | ‖ω‖₁=2.972896e+00
  λ=7.430e-03 | Epoch  70 | lr=1.2500e-04 | Recon MSE=1.190836e-01 | ‖ω‖₁=2.708580e+00
  λ=7.430e-03 | Epoch  80 | lr=6.2500e-05 | Recon MSE=1.128700e-01 | ‖ω‖₁=2.476583e+00
  λ=7.430e-03 | Epoch  90 | lr=6.2500e-05 | Recon MSE=1.123238e-01 | ‖ω‖₁=2.259954e+00
  λ=7.430e-03 | Epoch 100 | lr=3.1250e-05 | Recon MSE=1.104280e-01 | ‖ω‖₁=2.063828e+00
  → at λ=7.430e-03:  r(λ)=100,  rel_err=6.248585e-02

-- Path iteration 13, λ = 8.916e-03   (r(λ) prev = 100)
  λ=8.916e-03 | Epoch   1 | lr=1.0000e-03 | Recon MSE=6.316679e-01 | ‖ω‖₁=9.581224e+01
  λ=8.916e-03 | Epoch  10 | lr=1.0000e-03 | Recon MSE=1.081887e+00 | ‖ω‖₁=3.690798e+01
  λ=8.916e-03 | Epoch  20 | lr=5.0000e-04 | Recon MSE=5.184067e-01 | ‖ω‖₁=4.447089e+00
  λ=8.916e-03 | Epoch  30 | lr=5.0000e-04 | Recon MSE=3.050039e-01 | ‖ω‖₁=3.743646e+00
  λ=8.916e-03 | Epoch  40 | lr=2.5000e-04 | Recon MSE=2.213407e-01 | ‖ω‖₁=3.299547e+00
  λ=8.916e-03 | Epoch  50 | lr=2.5000e-04 | Recon MSE=1.921566e-01 | ‖ω‖₁=2.941445e+00
  λ=8.916e-03 | Epoch  60 | lr=1.2500e-04 | Recon MSE=1.694257e-01 | ‖ω‖₁=2.643500e+00
  λ=8.916e-03 | Epoch  70 | lr=1.2500e-04 | Recon MSE=1.605747e-01 | ‖ω‖₁=2.373969e+00
  λ=8.916e-03 | Epoch  80 | lr=6.2500e-05 | Recon MSE=1.522338e-01 | ‖ω‖₁=2.135083e+00
  λ=8.916e-03 | Epoch  90 | lr=6.2500e-05 | Recon MSE=1.521320e-01 | ‖ω‖₁=1.908827e+00
  λ=8.916e-03 | Epoch 100 | lr=3.1250e-05 | Recon MSE=1.501856e-01 | ‖ω‖₁=1.703972e+00
  → at λ=8.916e-03:  r(λ)=100,  rel_err=7.288196e-02

-- Path iteration 14, λ = 1.070e-02   (r(λ) prev = 100)
  λ=1.070e-02 | Epoch   1 | lr=1.0000e-03 | Recon MSE=5.026346e-01 | ‖ω‖₁=9.508434e+01
  λ=1.070e-02 | Epoch  10 | lr=1.0000e-03 | Recon MSE=1.213736e+00 | ‖ω‖₁=2.385504e+01
  λ=1.070e-02 | Epoch  20 | lr=5.0000e-04 | Recon MSE=4.866225e-01 | ‖ω‖₁=4.091506e+00
  λ=1.070e-02 | Epoch  30 | lr=5.0000e-04 | Recon MSE=2.998829e-01 | ‖ω‖₁=3.436798e+00
  λ=1.070e-02 | Epoch  40 | lr=2.5000e-04 | Recon MSE=2.121899e-01 | ‖ω‖₁=2.981193e+00
  λ=1.070e-02 | Epoch  50 | lr=2.5000e-04 | Recon MSE=1.851718e-01 | ‖ω‖₁=2.603741e+00
  λ=1.070e-02 | Epoch  60 | lr=1.2500e-04 | Recon MSE=1.651923e-01 | ‖ω‖₁=2.284904e+00
  λ=1.070e-02 | Epoch  70 | lr=1.2500e-04 | Recon MSE=1.589533e-01 | ‖ω‖₁=1.998864e+00
  λ=1.070e-02 | Epoch  80 | lr=6.2500e-05 | Recon MSE=1.525314e-01 | ‖ω‖₁=1.745679e+00
  λ=1.070e-02 | Epoch  90 | lr=6.2500e-05 | Recon MSE=1.547237e-01 | ‖ω‖₁=1.507739e+00
  λ=1.070e-02 | Epoch 100 | lr=3.1250e-05 | Recon MSE=1.544350e-01 | ‖ω‖₁=1.290914e+00
  → at λ=1.070e-02:  r(λ)=100,  rel_err=7.391432e-02

-- Path iteration 15, λ = 1.284e-02   (r(λ) prev = 100)
  λ=1.284e-02 | Epoch   1 | lr=1.0000e-03 | Recon MSE=8.118521e-01 | ‖ω‖₁=9.410690e+01
  λ=1.284e-02 | Epoch  10 | lr=1.0000e-03 | Recon MSE=3.260318e+00 | ‖ω‖₁=8.044759e+00
  λ=1.284e-02 | Epoch  20 | lr=5.0000e-04 | Recon MSE=8.670924e-01 | ‖ω‖₁=3.751965e+00
  λ=1.284e-02 | Epoch  30 | lr=5.0000e-04 | Recon MSE=5.747428e-01 | ‖ω‖₁=3.106253e+00
  λ=1.284e-02 | Epoch  40 | lr=2.5000e-04 | Recon MSE=4.019225e-01 | ‖ω‖₁=2.630190e+00
  λ=1.284e-02 | Epoch  50 | lr=2.5000e-04 | Recon MSE=3.438412e-01 | ‖ω‖₁=2.232133e+00
  λ=1.284e-02 | Epoch  60 | lr=1.2500e-04 | Recon MSE=3.017329e-01 | ‖ω‖₁=1.895461e+00
  λ=1.284e-02 | Epoch  70 | lr=1.2500e-04 | Recon MSE=2.897515e-01 | ‖ω‖₁=1.591229e+00
  λ=1.284e-02 | Epoch  80 | lr=6.2500e-05 | Recon MSE=2.782661e-01 | ‖ω‖₁=1.323125e+00
  λ=1.284e-02 | Epoch  90 | lr=6.2500e-05 | Recon MSE=2.865047e-01 | ‖ω‖₁=1.068715e+00
  λ=1.284e-02 | Epoch 100 | lr=3.1250e-05 | Recon MSE=2.895498e-01 | ‖ω‖₁=8.358365e-01
  → at λ=1.284e-02:  r(λ)=98,  rel_err=1.012215e-01

-- Path iteration 16, λ = 1.541e-02   (r(λ) prev = 98)
  λ=1.541e-02 | Epoch   1 | lr=1.0000e-03 | Recon MSE=6.848098e-01 | ‖ω‖₁=9.301752e+01
  λ=1.541e-02 | Epoch  10 | lr=1.0000e-03 | Recon MSE=4.250610e+00 | ‖ω‖₁=4.615371e+00
  λ=1.541e-02 | Epoch  20 | lr=5.0000e-04 | Recon MSE=8.433182e-01 | ‖ω‖₁=3.432561e+00
  λ=1.541e-02 | Epoch  30 | lr=5.0000e-04 | Recon MSE=5.605173e-01 | ‖ω‖₁=2.783353e+00
  λ=1.541e-02 | Epoch  40 | lr=2.5000e-04 | Recon MSE=3.995506e-01 | ‖ω‖₁=2.293768e+00
  λ=1.541e-02 | Epoch  50 | lr=2.5000e-04 | Recon MSE=3.487512e-01 | ‖ω‖₁=1.881017e+00
  λ=1.541e-02 | Epoch  60 | lr=1.2500e-04 | Recon MSE=3.105324e-01 | ‖ω‖₁=1.536197e+00
  λ=1.541e-02 | Epoch  70 | lr=1.2500e-04 | Recon MSE=3.009370e-01 | ‖ω‖₁=1.219057e+00
  λ=1.541e-02 | Epoch  80 | lr=6.2500e-05 | Recon MSE=2.903551e-01 | ‖ω‖₁=9.384156e-01
  λ=1.541e-02 | Epoch  90 | lr=6.2500e-05 | Recon MSE=3.046465e-01 | ‖ω‖₁=6.910646e-01
  λ=1.541e-02 | Epoch 100 | lr=3.1250e-05 | Recon MSE=3.091985e-01 | ‖ω‖₁=5.479864e-01
  → at λ=1.541e-02:  r(λ)=48,  rel_err=1.046531e-01

-- Path iteration 17, λ = 1.849e-02   (r(λ) prev = 48)
  λ=1.849e-02 | Epoch   1 | lr=1.0000e-03 | Recon MSE=6.161755e-01 | ‖ω‖₁=9.166785e+01
  λ=1.849e-02 | Epoch  10 | lr=1.0000e-03 | Recon MSE=3.628409e+00 | ‖ω‖₁=4.181853e+00
  λ=1.849e-02 | Epoch  20 | lr=5.0000e-04 | Recon MSE=9.879451e-01 | ‖ω‖₁=3.083880e+00
  λ=1.849e-02 | Epoch  30 | lr=5.0000e-04 | Recon MSE=6.487655e-01 | ‖ω‖₁=2.413854e+00
  λ=1.849e-02 | Epoch  40 | lr=2.5000e-04 | Recon MSE=4.660716e-01 | ‖ω‖₁=1.906123e+00
  λ=1.849e-02 | Epoch  50 | lr=2.5000e-04 | Recon MSE=4.074304e-01 | ‖ω‖₁=1.473141e+00
  λ=1.849e-02 | Epoch  60 | lr=1.2500e-04 | Recon MSE=3.608814e-01 | ‖ω‖₁=1.110938e+00
  λ=1.849e-02 | Epoch  70 | lr=1.2500e-04 | Recon MSE=3.526863e-01 | ‖ω‖₁=7.814083e-01
  λ=1.849e-02 | Epoch  80 | lr=6.2500e-05 | Recon MSE=3.419982e-01 | ‖ω‖₁=5.598682e-01
  λ=1.849e-02 | Epoch  90 | lr=6.2500e-05 | Recon MSE=3.639499e-01 | ‖ω‖₁=4.476650e-01
  λ=1.849e-02 | Epoch 100 | lr=3.1250e-05 | Recon MSE=3.685552e-01 | ‖ω‖₁=3.763571e-01
  → at λ=1.849e-02:  r(λ)=30,  rel_err=1.142498e-01

-- Path iteration 18, λ = 2.219e-02   (r(λ) prev = 30)
  λ=2.219e-02 | Epoch   1 | lr=1.0000e-03 | Recon MSE=6.853793e-01 | ‖ω‖₁=9.005770e+01
  λ=2.219e-02 | Epoch  10 | lr=1.0000e-03 | Recon MSE=4.103069e+00 | ‖ω‖₁=3.859803e+00
  λ=2.219e-02 | Epoch  20 | lr=5.0000e-04 | Recon MSE=1.161961e+00 | ‖ω‖₁=2.768668e+00
  λ=2.219e-02 | Epoch  30 | lr=5.0000e-04 | Recon MSE=7.863946e-01 | ‖ω‖₁=2.062755e+00
  λ=2.219e-02 | Epoch  40 | lr=2.5000e-04 | Recon MSE=5.683056e-01 | ‖ω‖₁=1.529172e+00
  λ=2.219e-02 | Epoch  50 | lr=2.5000e-04 | Recon MSE=5.007843e-01 | ‖ω‖₁=1.076891e+00
  λ=2.219e-02 | Epoch  60 | lr=1.2500e-04 | Recon MSE=4.506054e-01 | ‖ω‖₁=7.107403e-01
  λ=2.219e-02 | Epoch  70 | lr=1.2500e-04 | Recon MSE=4.499810e-01 | ‖ω‖₁=4.845024e-01
  λ=2.219e-02 | Epoch  80 | lr=6.2500e-05 | Recon MSE=4.385045e-01 | ‖ω‖₁=3.862032e-01
  λ=2.219e-02 | Epoch  90 | lr=6.2500e-05 | Recon MSE=4.757405e-01 | ‖ω‖₁=3.165777e-01
  λ=2.219e-02 | Epoch 100 | lr=3.1250e-05 | Recon MSE=4.946379e-01 | ‖ω‖₁=2.681108e-01
  → at λ=2.219e-02:  r(λ)=23,  rel_err=1.324374e-01

-- Path iteration 19, λ = 2.662e-02   (r(λ) prev = 23)
  λ=2.662e-02 | Epoch   1 | lr=1.0000e-03 | Recon MSE=8.117692e-01 | ‖ω‖₁=8.813440e+01
  λ=2.662e-02 | Epoch  10 | lr=1.0000e-03 | Recon MSE=6.076627e+00 | ‖ω‖₁=3.506777e+00
  λ=2.662e-02 | Epoch  20 | lr=5.0000e-04 | Recon MSE=1.785074e+00 | ‖ω‖₁=2.385053e+00
  λ=2.662e-02 | Epoch  30 | lr=5.0000e-04 | Recon MSE=1.107650e+00 | ‖ω‖₁=1.649790e+00
  λ=2.662e-02 | Epoch  40 | lr=2.5000e-04 | Recon MSE=8.089505e-01 | ‖ω‖₁=1.095556e+00
  λ=2.662e-02 | Epoch  50 | lr=2.5000e-04 | Recon MSE=7.381115e-01 | ‖ω‖₁=6.307297e-01
  λ=2.662e-02 | Epoch  60 | lr=1.2500e-04 | Recon MSE=6.794585e-01 | ‖ω‖₁=4.393076e-01
  λ=2.662e-02 | Epoch  70 | lr=1.2500e-04 | Recon MSE=6.711177e-01 | ‖ω‖₁=3.344940e-01
  λ=2.662e-02 | Epoch  80 | lr=6.2500e-05 | Recon MSE=6.575381e-01 | ‖ω‖₁=2.790275e-01
  λ=2.662e-02 | Epoch  90 | lr=6.2500e-05 | Recon MSE=7.344875e-01 | ‖ω‖₁=2.215503e-01
  λ=2.662e-02 | Epoch 100 | lr=3.1250e-05 | Recon MSE=7.704624e-01 | ‖ω‖₁=1.791716e-01
  → at λ=2.662e-02:  r(λ)=17,  rel_err=1.653014e-01

-- Path iteration 20, λ = 3.195e-02   (r(λ) prev = 17)
  λ=3.195e-02 | Epoch   1 | lr=1.0000e-03 | Recon MSE=8.917304e-01 | ‖ω‖₁=8.579490e+01
  λ=3.195e-02 | Epoch  10 | lr=1.0000e-03 | Recon MSE=6.112792e+00 | ‖ω‖₁=3.190717e+00
  λ=3.195e-02 | Epoch  20 | lr=5.0000e-04 | Recon MSE=1.631087e+00 | ‖ω‖₁=2.045829e+00
  λ=3.195e-02 | Epoch  30 | lr=5.0000e-04 | Recon MSE=1.122315e+00 | ‖ω‖₁=1.275705e+00
  λ=3.195e-02 | Epoch  40 | lr=2.5000e-04 | Recon MSE=8.889832e-01 | ‖ω‖₁=7.206868e-01
  λ=3.195e-02 | Epoch  50 | lr=2.5000e-04 | Recon MSE=8.402897e-01 | ‖ω‖₁=4.289335e-01
  λ=3.195e-02 | Epoch  60 | lr=1.2500e-04 | Recon MSE=7.788889e-01 | ‖ω‖₁=3.283964e-01
  λ=3.195e-02 | Epoch  70 | lr=1.2500e-04 | Recon MSE=7.784238e-01 | ‖ω‖₁=2.547660e-01
  λ=3.195e-02 | Epoch  80 | lr=6.2500e-05 | Recon MSE=7.660063e-01 | ‖ω‖₁=2.096349e-01
  λ=3.195e-02 | Epoch  90 | lr=6.2500e-05 | Recon MSE=8.939540e-01 | ‖ω‖₁=1.671201e-01
  λ=3.195e-02 | Epoch 100 | lr=3.1250e-05 | Recon MSE=1.060957e+00 | ‖ω‖₁=1.348010e-01
  → at λ=3.195e-02:  r(λ)=17,  rel_err=1.946767e-01

-- Path iteration 21, λ = 3.834e-02   (r(λ) prev = 17)
  λ=3.834e-02 | Epoch   1 | lr=1.0000e-03 | Recon MSE=1.287961e+00 | ‖ω‖₁=8.296975e+01
  λ=3.834e-02 | Epoch  10 | lr=1.0000e-03 | Recon MSE=1.138913e+01 | ‖ω‖₁=2.861749e+00
  λ=3.834e-02 | Epoch  20 | lr=5.0000e-04 | Recon MSE=3.300100e+00 | ‖ω‖₁=1.618698e+00
  λ=3.834e-02 | Epoch  30 | lr=5.0000e-04 | Recon MSE=2.158493e+00 | ‖ω‖₁=8.026570e-01
  λ=3.834e-02 | Epoch  40 | lr=2.5000e-04 | Recon MSE=1.660914e+00 | ‖ω‖₁=3.784641e-01
  λ=3.834e-02 | Epoch  50 | lr=2.5000e-04 | Recon MSE=1.471118e+00 | ‖ω‖₁=2.803420e-01
  λ=3.834e-02 | Epoch  60 | lr=1.2500e-04 | Recon MSE=1.309933e+00 | ‖ω‖₁=2.206467e-01
  λ=3.834e-02 | Epoch  70 | lr=1.2500e-04 | Recon MSE=1.294866e+00 | ‖ω‖₁=1.780413e-01
  λ=3.834e-02 | Epoch  80 | lr=6.2500e-05 | Recon MSE=1.288305e+00 | ‖ω‖₁=1.474415e-01
  λ=3.834e-02 | Epoch  90 | lr=6.2500e-05 | Recon MSE=1.738873e+00 | ‖ω‖₁=1.090056e-01
  λ=3.834e-02 | Epoch 100 | lr=3.1250e-05 | Recon MSE=2.376454e+00 | ‖ω‖₁=8.166540e-02
  → at λ=3.834e-02:  r(λ)=13,  rel_err=2.932638e-01

-- Path iteration 22, λ = 4.601e-02   (r(λ) prev = 13)
  λ=4.601e-02 | Epoch   1 | lr=1.0000e-03 | Recon MSE=1.323078e+00 | ‖ω‖₁=7.962946e+01
  λ=4.601e-02 | Epoch  10 | lr=1.0000e-03 | Recon MSE=8.244900e+00 | ‖ω‖₁=2.566546e+00
  λ=4.601e-02 | Epoch  20 | lr=5.0000e-04 | Recon MSE=2.422116e+00 | ‖ω‖₁=1.309200e+00
  λ=4.601e-02 | Epoch  30 | lr=5.0000e-04 | Recon MSE=1.643139e+00 | ‖ω‖₁=5.099779e-01
  λ=4.601e-02 | Epoch  40 | lr=2.5000e-04 | Recon MSE=1.287320e+00 | ‖ω‖₁=3.368916e-01
  λ=4.601e-02 | Epoch  50 | lr=2.5000e-04 | Recon MSE=1.179941e+00 | ‖ω‖₁=2.477640e-01
  λ=4.601e-02 | Epoch  60 | lr=1.2500e-04 | Recon MSE=1.095743e+00 | ‖ω‖₁=1.980484e-01
  λ=4.601e-02 | Epoch  70 | lr=1.2500e-04 | Recon MSE=1.131105e+00 | ‖ω‖₁=1.493308e-01
  λ=4.601e-02 | Epoch  80 | lr=6.2500e-05 | Recon MSE=1.149556e+00 | ‖ω‖₁=1.181266e-01
  λ=4.601e-02 | Epoch  90 | lr=6.2500e-05 | Recon MSE=2.859102e+00 | ‖ω‖₁=7.543177e-02
  λ=4.601e-02 | Epoch 100 | lr=3.1250e-05 | Recon MSE=7.419771e+00 | ‖ω‖₁=3.787231e-02
  → at λ=4.601e-02:  r(λ)=9,  rel_err=5.237767e-01

-- Path iteration 23, λ = 5.521e-02   (r(λ) prev = 9)
  λ=5.521e-02 | Epoch   1 | lr=1.0000e-03 | Recon MSE=1.689524e+00 | ‖ω‖₁=7.561611e+01
  λ=5.521e-02 | Epoch  10 | lr=1.0000e-03 | Recon MSE=8.375819e+00 | ‖ω‖₁=2.197544e+00
  λ=5.521e-02 | Epoch  20 | lr=5.0000e-04 | Recon MSE=2.428492e+00 | ‖ω‖₁=8.932722e-01
  λ=5.521e-02 | Epoch  30 | lr=5.0000e-04 | Recon MSE=1.732537e+00 | ‖ω‖₁=3.521003e-01
  λ=5.521e-02 | Epoch  40 | lr=2.5000e-04 | Recon MSE=1.327165e+00 | ‖ω‖₁=2.634828e-01
  λ=5.521e-02 | Epoch  50 | lr=2.5000e-04 | Recon MSE=1.197003e+00 | ‖ω‖₁=1.869136e-01
  λ=5.521e-02 | Epoch  60 | lr=1.2500e-04 | Recon MSE=1.115037e+00 | ‖ω‖₁=1.412797e-01
  λ=5.521e-02 | Epoch  70 | lr=1.2500e-04 | Recon MSE=1.203133e+00 | ‖ω‖₁=1.009265e-01
  λ=5.521e-02 | Epoch  80 | lr=6.2500e-05 | Recon MSE=1.276355e+00 | ‖ω‖₁=7.558779e-02
  λ=5.521e-02 | Epoch  90 | lr=6.2500e-05 | Recon MSE=1.194896e+01 | ‖ω‖₁=3.459966e-02
  λ=5.521e-02 | Epoch 100 | lr=3.1250e-05 | Recon MSE=2.701741e+01 | ‖ω‖₁=0.000000e+00
  → at λ=5.521e-02:  r(λ)=0,  rel_err=9.785963e-01
All skip-weights have zeroed out. Stopping path.

Found knees using DFDT method: [13 14 16 19 20 21]
[Dense2Sparse] Picked λ=3.195e-02,  r=17, err=1.946767e-01

→ Final training on full data with λ = 3.195e-02 ...
  λ=3.195e-02 | Epoch   1 | lr=1.0000e-03 | Recon MSE=7.864077e-01 | ‖ω‖₁=8.580631e+01
  λ=3.195e-02 | Epoch  10 | lr=1.0000e-03 | Recon MSE=4.546447e+00 | ‖ω‖₁=3.197405e+00
  λ=3.195e-02 | Epoch  20 | lr=5.0000e-04 | Recon MSE=1.331321e+00 | ‖ω‖₁=2.065317e+00
  λ=3.195e-02 | Epoch  30 | lr=5.0000e-04 | Recon MSE=8.628175e-01 | ‖ω‖₁=1.302706e+00
  λ=3.195e-02 | Epoch  40 | lr=2.5000e-04 | Recon MSE=6.314204e-01 | ‖ω‖₁=7.384357e-01
  λ=3.195e-02 | Epoch  50 | lr=2.5000e-04 | Recon MSE=5.745341e-01 | ‖ω‖₁=4.395908e-01
  λ=3.195e-02 | Epoch  60 | lr=1.2500e-04 | Recon MSE=5.199331e-01 | ‖ω‖₁=3.330203e-01
  λ=3.195e-02 | Epoch  70 | lr=1.2500e-04 | Recon MSE=5.232850e-01 | ‖ω‖₁=2.564070e-01
  λ=3.195e-02 | Epoch  80 | lr=6.2500e-05 | Recon MSE=5.215680e-01 | ‖ω‖₁=2.078167e-01
  λ=3.195e-02 | Epoch  90 | lr=6.2500e-05 | Recon MSE=6.248646e-01 | ‖ω‖₁=1.652271e-01
  λ=3.195e-02 | Epoch 100 | lr=3.1250e-05 | Recon MSE=6.953476e-01 | ‖ω‖₁=1.329562e-01

Final skip-weights ω: [0.0, 0.0, 0.0, 0.0, 0.0, 0.0, 0.0, 0.0, 0.0, 0.007604529149830341] ...
Selected POD-mode indices (ω_j ≠ 0): [9, 10, 11, 12, 13, 14, 15, 16, 17, 18, 19, 20, 21, 22] (count = 14 / 100)
Final relative reconstruction of SparseModesNet: ||X - X_hat||_F / ||X||_F = 1.573833e-01
Final MSE per sample of SparseModesNet: = 8.454619e-01
Relative error using only selected  modes: 7.629860e-01
MSE per sample using only selected  modes: 4.098755e+00
2025-06-17 14:06:06,856 - sparsemodesnet.advecting_pulse - INFO - ==================================================
2025-06-17 14:06:06,856 - sparsemodesnet.advecting_pulse - INFO - Experiment completed successfully!
2025-06-17 14:06:06,857 - sparsemodesnet.advecting_pulse - INFO - Selected 14 modes out of 100
2025-06-17 14:06:06,857 - sparsemodesnet.advecting_pulse - INFO - Final lambda: 3.195e-02
