2025-06-17 16:28:36,811 - sparsemodesnet.advecting_pulse - INFO - Starting advecting_pulse experiment
2025-06-17 16:28:36,812 - sparsemodesnet.advecting_pulse - INFO - Log file: /Users/tkoike3/Dev/Research/sparsemodesnet/experiments/logs/advecting_pulse_20250617_162836.log
2025-06-17 16:28:36,812 - sparsemodesnet.advecting_pulse - INFO - Experiment: Advecting Pulse
2025-06-17 16:28:36,812 - sparsemodesnet.advecting_pulse - INFO - Data shape: (1024, 1000)
2025-06-17 16:28:36,813 - sparsemodesnet.advecting_pulse - INFO - POD dimension: 200
2025-06-17 16:28:36,813 - sparsemodesnet.advecting_pulse - INFO - Hidden units: [200, 5000, 200]
2025-06-17 16:28:36,813 - sparsemodesnet.advecting_pulse - INFO - Regularization method: dense2sparse
2025-06-17 16:28:36,814 - sparsemodesnet.advecting_pulse - INFO - Device: mps
2025-06-17 16:28:36,814 - sparsemodesnet.advecting_pulse - INFO - Training parameters: M=2.0, lr=0.001, batch_size=128
2025-06-17 16:28:36,814 - sparsemodesnet.advecting_pulse - INFO - Optimizer: Adam, knee_method: dfdt
2025-06-17 16:28:36,815 - sparsemodesnet.advecting_pulse - INFO - NN type: PiNetCCP with polynomial order of 2, and 2 number of polynomial blocks
2025-06-17 16:28:36,815 - sparsemodesnet.advecting_pulse - INFO - ==================================================

=== SparseModesNet (λ-path=dense2sparse) on Advecting Pulse: d=1024, n=1000, s=200 ===

=== Dense-To-Sparse (default) λ-Path ===

-- Path iteration 1, λ = 1.000e-03   (r(λ) prev = 200)
  λ=1.000e-03 | Epoch   1 | lr=1.0000e-03 | Recon MSE=1.799109e-01 | ‖ω‖₁=1.989247e+02
  λ=1.000e-03 | Epoch  10 | lr=1.0000e-03 | Recon MSE=1.047005e-02 | ‖ω‖₁=1.885047e+02
  λ=1.000e-03 | Epoch  20 | lr=5.0000e-04 | Recon MSE=2.665397e-03 | ‖ω‖₁=1.781711e+02
  λ=1.000e-03 | Epoch  30 | lr=5.0000e-04 | Recon MSE=5.677205e-03 | ‖ω‖₁=1.654784e+02
  λ=1.000e-03 | Epoch  40 | lr=2.5000e-04 | Recon MSE=5.557044e-02 | ‖ω‖₁=1.531023e+02
  λ=1.000e-03 | Epoch  50 | lr=2.5000e-04 | Recon MSE=9.031641e-03 | ‖ω‖₁=1.390952e+02
  λ=1.000e-03 | Epoch  60 | lr=1.2500e-04 | Recon MSE=1.475136e-02 | ‖ω‖₁=1.250015e+02
  λ=1.000e-03 | Epoch  70 | lr=1.2500e-04 | Recon MSE=1.449569e-02 | ‖ω‖₁=1.100060e+02
  λ=1.000e-03 | Epoch  80 | lr=6.2500e-05 | Recon MSE=1.474069e-02 | ‖ω‖₁=9.496254e+01
  λ=1.000e-03 | Epoch  90 | lr=6.2500e-05 | Recon MSE=1.618475e-02 | ‖ω‖₁=7.949575e+01
  λ=1.000e-03 | Epoch 100 | lr=3.1250e-05 | Recon MSE=1.871379e-02 | ‖ω‖₁=6.403461e+01
  → at λ=1.000e-03:  r(λ)=200,  rel_err=2.563821e-02

-- Path iteration 2, λ = 1.200e-03   (r(λ) prev = 200)
  λ=1.200e-03 | Epoch   1 | lr=1.0000e-03 | Recon MSE=2.124853e-01 | ‖ω‖₁=1.987549e+02
  λ=1.200e-03 | Epoch  10 | lr=1.0000e-03 | Recon MSE=1.903044e-02 | ‖ω‖₁=1.856926e+02
  λ=1.200e-03 | Epoch  20 | lr=5.0000e-04 | Recon MSE=5.066040e-03 | ‖ω‖₁=1.723337e+02
  λ=1.200e-03 | Epoch  30 | lr=5.0000e-04 | Recon MSE=1.476105e-02 | ‖ω‖₁=1.563822e+02
  λ=1.200e-03 | Epoch  40 | lr=2.5000e-04 | Recon MSE=4.787006e-02 | ‖ω‖₁=1.407271e+02
  λ=1.200e-03 | Epoch  50 | lr=2.5000e-04 | Recon MSE=1.438068e-02 | ‖ω‖₁=1.233354e+02
  λ=1.200e-03 | Epoch  60 | lr=1.2500e-04 | Recon MSE=3.943900e-02 | ‖ω‖₁=1.058570e+02
  λ=1.200e-03 | Epoch  70 | lr=1.2500e-04 | Recon MSE=1.713602e-02 | ‖ω‖₁=8.757027e+01
  λ=1.200e-03 | Epoch  80 | lr=6.2500e-05 | Recon MSE=1.894057e-02 | ‖ω‖₁=6.927778e+01
  λ=1.200e-03 | Epoch  90 | lr=6.2500e-05 | Recon MSE=2.328982e-02 | ‖ω‖₁=5.066355e+01
  λ=1.200e-03 | Epoch 100 | lr=3.1250e-05 | Recon MSE=2.724300e-02 | ‖ω‖₁=3.217846e+01
  → at λ=1.200e-03:  r(λ)=200,  rel_err=3.092365e-02

-- Path iteration 3, λ = 1.440e-03   (r(λ) prev = 200)
  λ=1.440e-03 | Epoch   1 | lr=1.0000e-03 | Recon MSE=1.851691e-01 | ‖ω‖₁=1.985309e+02
  λ=1.440e-03 | Epoch  10 | lr=1.0000e-03 | Recon MSE=3.544869e-02 | ‖ω‖₁=1.823030e+02
  λ=1.440e-03 | Epoch  20 | lr=5.0000e-04 | Recon MSE=1.211213e-02 | ‖ω‖₁=1.655799e+02
  λ=1.440e-03 | Epoch  30 | lr=5.0000e-04 | Recon MSE=1.472524e-02 | ‖ω‖₁=1.458235e+02
  λ=1.440e-03 | Epoch  40 | lr=2.5000e-04 | Recon MSE=5.870774e-02 | ‖ω‖₁=1.260854e+02
  λ=1.440e-03 | Epoch  50 | lr=2.5000e-04 | Recon MSE=1.811811e-02 | ‖ω‖₁=1.046697e+02
  λ=1.440e-03 | Epoch  60 | lr=1.2500e-04 | Recon MSE=3.256222e-02 | ‖ω‖₁=8.315956e+01
  λ=1.440e-03 | Epoch  70 | lr=1.2500e-04 | Recon MSE=1.960301e-02 | ‖ω‖₁=6.100665e+01
  λ=1.440e-03 | Epoch  80 | lr=6.2500e-05 | Recon MSE=2.215740e-02 | ‖ω‖₁=3.898656e+01
  λ=1.440e-03 | Epoch  90 | lr=6.2500e-05 | Recon MSE=3.256586e-02 | ‖ω‖₁=2.337142e+01
  λ=1.440e-03 | Epoch 100 | lr=3.1250e-05 | Recon MSE=4.872181e-02 | ‖ω‖₁=1.479462e+01
  → at λ=1.440e-03:  r(λ)=200,  rel_err=4.058302e-02

-- Path iteration 4, λ = 1.728e-03   (r(λ) prev = 200)
  λ=1.728e-03 | Epoch   1 | lr=1.0000e-03 | Recon MSE=2.806452e-01 | ‖ω‖₁=1.983023e+02
  λ=1.728e-03 | Epoch  10 | lr=1.0000e-03 | Recon MSE=7.269471e-02 | ‖ω‖₁=1.772170e+02
  λ=1.728e-03 | Epoch  20 | lr=5.0000e-04 | Recon MSE=2.309276e-02 | ‖ω‖₁=1.553549e+02
  λ=1.728e-03 | Epoch  30 | lr=5.0000e-04 | Recon MSE=4.833215e-02 | ‖ω‖₁=1.305880e+02
  λ=1.728e-03 | Epoch  40 | lr=2.5000e-04 | Recon MSE=9.355520e-02 | ‖ω‖₁=1.058031e+02
  λ=1.728e-03 | Epoch  50 | lr=2.5000e-04 | Recon MSE=2.992675e-02 | ‖ω‖₁=7.960005e+01
  λ=1.728e-03 | Epoch  60 | lr=1.2500e-04 | Recon MSE=3.044304e-02 | ‖ω‖₁=5.336973e+01
  λ=1.728e-03 | Epoch  70 | lr=1.2500e-04 | Recon MSE=3.070829e-02 | ‖ω‖₁=2.699652e+01
  λ=1.728e-03 | Epoch  80 | lr=6.2500e-05 | Recon MSE=4.672567e-02 | ‖ω‖₁=1.558661e+01
  λ=1.728e-03 | Epoch  90 | lr=6.2500e-05 | Recon MSE=6.554632e-02 | ‖ω‖₁=8.868068e+00
  λ=1.728e-03 | Epoch 100 | lr=3.1250e-05 | Recon MSE=5.908826e-02 | ‖ω‖₁=6.480586e+00
  → at λ=1.728e-03:  r(λ)=200,  rel_err=4.526033e-02

-- Path iteration 5, λ = 2.074e-03   (r(λ) prev = 200)
  λ=2.074e-03 | Epoch   1 | lr=1.0000e-03 | Recon MSE=1.936955e-01 | ‖ω‖₁=1.979865e+02
  λ=2.074e-03 | Epoch  10 | lr=1.0000e-03 | Recon MSE=3.887093e-02 | ‖ω‖₁=1.732449e+02
  λ=2.074e-03 | Epoch  20 | lr=5.0000e-04 | Recon MSE=1.679988e-01 | ‖ω‖₁=1.462646e+02
  λ=2.074e-03 | Epoch  30 | lr=5.0000e-04 | Recon MSE=4.374191e-02 | ‖ω‖₁=1.161074e+02
  λ=2.074e-03 | Epoch  40 | lr=2.5000e-04 | Recon MSE=1.698185e-01 | ‖ω‖₁=8.574802e+01
  λ=2.074e-03 | Epoch  50 | lr=2.5000e-04 | Recon MSE=2.542827e-02 | ‖ω‖₁=5.400259e+01
  λ=2.074e-03 | Epoch  60 | lr=1.2500e-04 | Recon MSE=2.880135e-02 | ‖ω‖₁=2.515642e+01
  λ=2.074e-03 | Epoch  70 | lr=1.2500e-04 | Recon MSE=6.557992e-02 | ‖ω‖₁=1.301781e+01
  λ=2.074e-03 | Epoch  80 | lr=6.2500e-05 | Recon MSE=5.037819e-02 | ‖ω‖₁=7.246114e+00
  λ=2.074e-03 | Epoch  90 | lr=6.2500e-05 | Recon MSE=4.787411e-02 | ‖ω‖₁=6.107057e+00
  λ=2.074e-03 | Epoch 100 | lr=3.1250e-05 | Recon MSE=4.180994e-02 | ‖ω‖₁=5.827318e+00
  → at λ=2.074e-03:  r(λ)=200,  rel_err=3.827368e-02

-- Path iteration 6, λ = 2.488e-03   (r(λ) prev = 200)
  λ=2.488e-03 | Epoch   1 | lr=1.0000e-03 | Recon MSE=2.096419e-01 | ‖ω‖₁=1.976291e+02
  λ=2.488e-03 | Epoch  10 | lr=1.0000e-03 | Recon MSE=3.570402e-02 | ‖ω‖₁=1.669448e+02
  λ=2.488e-03 | Epoch  20 | lr=5.0000e-04 | Recon MSE=1.754265e-01 | ‖ω‖₁=1.331506e+02
  λ=2.488e-03 | Epoch  30 | lr=5.0000e-04 | Recon MSE=5.270511e-02 | ‖ω‖₁=9.624195e+01
  λ=2.488e-03 | Epoch  40 | lr=2.5000e-04 | Recon MSE=2.248139e-01 | ‖ω‖₁=5.869079e+01
  λ=2.488e-03 | Epoch  50 | lr=2.5000e-04 | Recon MSE=3.726777e-02 | ‖ω‖₁=2.317396e+01
  λ=2.488e-03 | Epoch  60 | lr=1.2500e-04 | Recon MSE=6.095308e-02 | ‖ω‖₁=1.045087e+01
  λ=2.488e-03 | Epoch  70 | lr=1.2500e-04 | Recon MSE=5.565336e-02 | ‖ω‖₁=6.235645e+00
  λ=2.488e-03 | Epoch  80 | lr=6.2500e-05 | Recon MSE=4.315876e-02 | ‖ω‖₁=5.831647e+00
  λ=2.488e-03 | Epoch  90 | lr=6.2500e-05 | Recon MSE=3.942645e-02 | ‖ω‖₁=5.552683e+00
  λ=2.488e-03 | Epoch 100 | lr=3.1250e-05 | Recon MSE=3.651433e-02 | ‖ω‖₁=5.326826e+00
  → at λ=2.488e-03:  r(λ)=200,  rel_err=3.580405e-02

-- Path iteration 7, λ = 2.986e-03   (r(λ) prev = 200)
  λ=2.986e-03 | Epoch   1 | lr=1.0000e-03 | Recon MSE=2.003698e-01 | ‖ω‖₁=1.972237e+02
  λ=2.986e-03 | Epoch  10 | lr=1.0000e-03 | Recon MSE=8.922918e-02 | ‖ω‖₁=1.594295e+02
  λ=2.986e-03 | Epoch  20 | lr=5.0000e-04 | Recon MSE=1.848687e-01 | ‖ω‖₁=1.174009e+02
  λ=2.986e-03 | Epoch  30 | lr=5.0000e-04 | Recon MSE=6.026551e-02 | ‖ω‖₁=7.230298e+01
  λ=2.986e-03 | Epoch  40 | lr=2.5000e-04 | Recon MSE=1.929846e-01 | ‖ω‖₁=2.720793e+01
  λ=2.986e-03 | Epoch  50 | lr=2.5000e-04 | Recon MSE=6.822942e-02 | ‖ω‖₁=9.391399e+00
  λ=2.986e-03 | Epoch  60 | lr=1.2500e-04 | Recon MSE=4.860970e-02 | ‖ω‖₁=6.160425e+00
  λ=2.986e-03 | Epoch  70 | lr=1.2500e-04 | Recon MSE=4.159954e-02 | ‖ω‖₁=5.758078e+00
  λ=2.986e-03 | Epoch  80 | lr=6.2500e-05 | Recon MSE=3.705856e-02 | ‖ω‖₁=5.465649e+00
  λ=2.986e-03 | Epoch  90 | lr=6.2500e-05 | Recon MSE=3.502591e-02 | ‖ω‖₁=5.220961e+00
  λ=2.986e-03 | Epoch 100 | lr=3.1250e-05 | Recon MSE=3.334960e-02 | ‖ω‖₁=5.008151e+00
  → at λ=2.986e-03:  r(λ)=200,  rel_err=3.424298e-02

-- Path iteration 8, λ = 3.583e-03   (r(λ) prev = 200)
  λ=3.583e-03 | Epoch   1 | lr=1.0000e-03 | Recon MSE=2.333080e-01 | ‖ω‖₁=1.966377e+02
  λ=3.583e-03 | Epoch  10 | lr=1.0000e-03 | Recon MSE=8.104348e-02 | ‖ω‖₁=1.503806e+02
  λ=3.583e-03 | Epoch  20 | lr=5.0000e-04 | Recon MSE=4.660136e-01 | ‖ω‖₁=9.854689e+01
  λ=3.583e-03 | Epoch  30 | lr=5.0000e-04 | Recon MSE=6.550364e-02 | ‖ω‖₁=4.378453e+01
  λ=3.583e-03 | Epoch  40 | lr=2.5000e-04 | Recon MSE=9.304713e-02 | ‖ω‖₁=1.093261e+01
  λ=3.583e-03 | Epoch  50 | lr=2.5000e-04 | Recon MSE=5.487380e-02 | ‖ω‖₁=6.182061e+00
  λ=3.583e-03 | Epoch  60 | lr=1.2500e-04 | Recon MSE=4.190395e-02 | ‖ω‖₁=5.724039e+00
  λ=3.583e-03 | Epoch  70 | lr=1.2500e-04 | Recon MSE=3.693859e-02 | ‖ω‖₁=5.387813e+00
  λ=3.583e-03 | Epoch  80 | lr=6.2500e-05 | Recon MSE=3.355075e-02 | ‖ω‖₁=5.114169e+00
  λ=3.583e-03 | Epoch  90 | lr=6.2500e-05 | Recon MSE=3.187427e-02 | ‖ω‖₁=4.875253e+00
  λ=3.583e-03 | Epoch 100 | lr=3.1250e-05 | Recon MSE=3.053006e-02 | ‖ω‖₁=4.663176e+00
  → at λ=3.583e-03:  r(λ)=200,  rel_err=3.277508e-02

-- Path iteration 9, λ = 4.300e-03   (r(λ) prev = 200)
  λ=4.300e-03 | Epoch   1 | lr=1.0000e-03 | Recon MSE=3.795991e-01 | ‖ω‖₁=1.960501e+02
  λ=4.300e-03 | Epoch  10 | lr=1.0000e-03 | Recon MSE=1.663689e+00 | ‖ω‖₁=1.354756e+02
  λ=4.300e-03 | Epoch  20 | lr=5.0000e-04 | Recon MSE=4.917503e-01 | ‖ω‖₁=7.110739e+01
  λ=4.300e-03 | Epoch  30 | lr=5.0000e-04 | Recon MSE=5.327838e-01 | ‖ω‖₁=1.145971e+01
  λ=4.300e-03 | Epoch  40 | lr=2.5000e-04 | Recon MSE=3.461673e-01 | ‖ω‖₁=6.186058e+00
  λ=4.300e-03 | Epoch  50 | lr=2.5000e-04 | Recon MSE=2.708428e-01 | ‖ω‖₁=5.663526e+00
  λ=4.300e-03 | Epoch  60 | lr=1.2500e-04 | Recon MSE=2.240343e-01 | ‖ω‖₁=5.292088e+00
  λ=4.300e-03 | Epoch  70 | lr=1.2500e-04 | Recon MSE=2.039635e-01 | ‖ω‖₁=4.984581e+00
  λ=4.300e-03 | Epoch  80 | lr=6.2500e-05 | Recon MSE=1.880636e-01 | ‖ω‖₁=4.719254e+00
  λ=4.300e-03 | Epoch  90 | lr=6.2500e-05 | Recon MSE=1.825747e-01 | ‖ω‖₁=4.480196e+00
  λ=4.300e-03 | Epoch 100 | lr=3.1250e-05 | Recon MSE=1.764683e-01 | ‖ω‖₁=4.263217e+00
  → at λ=4.300e-03:  r(λ)=200,  rel_err=7.892887e-02

-- Path iteration 10, λ = 5.160e-03   (r(λ) prev = 200)
  λ=5.160e-03 | Epoch   1 | lr=1.0000e-03 | Recon MSE=1.793844e-01 | ‖ω‖₁=1.953294e+02
  λ=5.160e-03 | Epoch  10 | lr=1.0000e-03 | Recon MSE=2.662253e-01 | ‖ω‖₁=1.265774e+02
  λ=5.160e-03 | Epoch  20 | lr=5.0000e-04 | Recon MSE=5.244538e-01 | ‖ω‖₁=4.922106e+01
  λ=5.160e-03 | Epoch  30 | lr=5.0000e-04 | Recon MSE=1.745284e-01 | ‖ω‖₁=6.657424e+00
  λ=5.160e-03 | Epoch  40 | lr=2.5000e-04 | Recon MSE=7.175233e-02 | ‖ω‖₁=5.709975e+00
  λ=5.160e-03 | Epoch  50 | lr=2.5000e-04 | Recon MSE=5.688495e-02 | ‖ω‖₁=5.224503e+00
  λ=5.160e-03 | Epoch  60 | lr=1.2500e-04 | Recon MSE=4.742085e-02 | ‖ω‖₁=4.852362e+00
  λ=5.160e-03 | Epoch  70 | lr=1.2500e-04 | Recon MSE=4.337860e-02 | ‖ω‖₁=4.538607e+00
  λ=5.160e-03 | Epoch  80 | lr=6.2500e-05 | Recon MSE=4.012939e-02 | ‖ω‖₁=4.265310e+00
  λ=5.160e-03 | Epoch  90 | lr=6.2500e-05 | Recon MSE=3.886718e-02 | ‖ω‖₁=4.018507e+00
  λ=5.160e-03 | Epoch 100 | lr=3.1250e-05 | Recon MSE=3.754181e-02 | ‖ω‖₁=3.794632e+00
  → at λ=5.160e-03:  r(λ)=200,  rel_err=3.638660e-02

-- Path iteration 11, λ = 6.192e-03   (r(λ) prev = 200)
  λ=6.192e-03 | Epoch   1 | lr=1.0000e-03 | Recon MSE=1.773211e-01 | ‖ω‖₁=1.944128e+02
  λ=6.192e-03 | Epoch  10 | lr=1.0000e-03 | Recon MSE=4.938388e-01 | ‖ω‖₁=1.109337e+02
  λ=6.192e-03 | Epoch  20 | lr=5.0000e-04 | Recon MSE=4.071589e-01 | ‖ω‖₁=1.787623e+01
  λ=6.192e-03 | Epoch  30 | lr=5.0000e-04 | Recon MSE=1.079653e-01 | ‖ω‖₁=5.963134e+00
  λ=6.192e-03 | Epoch  40 | lr=2.5000e-04 | Recon MSE=6.889119e-02 | ‖ω‖₁=5.321639e+00
  λ=6.192e-03 | Epoch  50 | lr=2.5000e-04 | Recon MSE=5.756069e-02 | ‖ω‖₁=4.869307e+00
  λ=6.192e-03 | Epoch  60 | lr=1.2500e-04 | Recon MSE=4.989972e-02 | ‖ω‖₁=4.506355e+00
  λ=6.192e-03 | Epoch  70 | lr=1.2500e-04 | Recon MSE=4.624546e-02 | ‖ω‖₁=4.192447e+00
  λ=6.192e-03 | Epoch  80 | lr=6.2500e-05 | Recon MSE=4.327569e-02 | ‖ω‖₁=3.913921e+00
  λ=6.192e-03 | Epoch  90 | lr=6.2500e-05 | Recon MSE=4.242369e-02 | ‖ω‖₁=3.658610e+00
  λ=6.192e-03 | Epoch 100 | lr=3.1250e-05 | Recon MSE=4.127756e-02 | ‖ω‖₁=3.424019e+00
  → at λ=6.192e-03:  r(λ)=200,  rel_err=3.816229e-02

-- Path iteration 12, λ = 7.430e-03   (r(λ) prev = 200)
  λ=7.430e-03 | Epoch   1 | lr=1.0000e-03 | Recon MSE=1.905789e-01 | ‖ω‖₁=1.933197e+02
  λ=7.430e-03 | Epoch  10 | lr=1.0000e-03 | Recon MSE=7.200788e-01 | ‖ω‖₁=9.216415e+01
  λ=7.430e-03 | Epoch  20 | lr=5.0000e-04 | Recon MSE=3.620737e-01 | ‖ω‖₁=6.838068e+00
  λ=7.430e-03 | Epoch  30 | lr=5.0000e-04 | Recon MSE=8.883680e-02 | ‖ω‖₁=5.619022e+00
  λ=7.430e-03 | Epoch  40 | lr=2.5000e-04 | Recon MSE=6.137845e-02 | ‖ω‖₁=5.027428e+00
  λ=7.430e-03 | Epoch  50 | lr=2.5000e-04 | Recon MSE=5.119984e-02 | ‖ω‖₁=4.576026e+00
  λ=7.430e-03 | Epoch  60 | lr=1.2500e-04 | Recon MSE=4.425975e-02 | ‖ω‖₁=4.200623e+00
  λ=7.430e-03 | Epoch  70 | lr=1.2500e-04 | Recon MSE=4.138876e-02 | ‖ω‖₁=3.870631e+00
  λ=7.430e-03 | Epoch  80 | lr=6.2500e-05 | Recon MSE=3.887400e-02 | ‖ω‖₁=3.575990e+00
  λ=7.430e-03 | Epoch  90 | lr=6.2500e-05 | Recon MSE=3.837519e-02 | ‖ω‖₁=3.304742e+00
  λ=7.430e-03 | Epoch 100 | lr=3.1250e-05 | Recon MSE=3.749301e-02 | ‖ω‖₁=3.055157e+00
  → at λ=7.430e-03:  r(λ)=200,  rel_err=3.638321e-02

-- Path iteration 13, λ = 8.916e-03   (r(λ) prev = 200)
  λ=8.916e-03 | Epoch   1 | lr=1.0000e-03 | Recon MSE=1.894687e-01 | ‖ω‖₁=1.920865e+02
  λ=8.916e-03 | Epoch  10 | lr=1.0000e-03 | Recon MSE=7.217453e-01 | ‖ω‖₁=6.939632e+01
  λ=8.916e-03 | Epoch  20 | lr=5.0000e-04 | Recon MSE=2.530287e-01 | ‖ω‖₁=6.132592e+00
  λ=8.916e-03 | Epoch  30 | lr=5.0000e-04 | Recon MSE=9.588423e-02 | ‖ω‖₁=5.205414e+00
  λ=8.916e-03 | Epoch  40 | lr=2.5000e-04 | Recon MSE=6.771815e-02 | ‖ω‖₁=4.628643e+00
  λ=8.916e-03 | Epoch  50 | lr=2.5000e-04 | Recon MSE=5.768792e-02 | ‖ω‖₁=4.171279e+00
  λ=8.916e-03 | Epoch  60 | lr=1.2500e-04 | Recon MSE=5.049407e-02 | ‖ω‖₁=3.782996e+00
  λ=8.916e-03 | Epoch  70 | lr=1.2500e-04 | Recon MSE=4.768579e-02 | ‖ω‖₁=3.437926e+00
  λ=8.916e-03 | Epoch  80 | lr=6.2500e-05 | Recon MSE=4.511223e-02 | ‖ω‖₁=3.128129e+00
  λ=8.916e-03 | Epoch  90 | lr=6.2500e-05 | Recon MSE=4.490903e-02 | ‖ω‖₁=2.841980e+00
  λ=8.916e-03 | Epoch 100 | lr=3.1250e-05 | Recon MSE=4.415305e-02 | ‖ω‖₁=2.577793e+00
  → at λ=8.916e-03:  r(λ)=200,  rel_err=3.949480e-02

-- Path iteration 14, λ = 1.070e-02   (r(λ) prev = 200)
  λ=1.070e-02 | Epoch   1 | lr=1.0000e-03 | Recon MSE=2.546118e-01 | ‖ω‖₁=1.904443e+02
  λ=1.070e-02 | Epoch  10 | lr=1.0000e-03 | Recon MSE=9.185257e-01 | ‖ω‖₁=4.185207e+01
  λ=1.070e-02 | Epoch  20 | lr=5.0000e-04 | Recon MSE=1.807752e-01 | ‖ω‖₁=5.757511e+00
  λ=1.070e-02 | Epoch  30 | lr=5.0000e-04 | Recon MSE=9.477360e-02 | ‖ω‖₁=4.915707e+00
  λ=1.070e-02 | Epoch  40 | lr=2.5000e-04 | Recon MSE=6.633042e-02 | ‖ω‖₁=4.335718e+00
  λ=1.070e-02 | Epoch  50 | lr=2.5000e-04 | Recon MSE=5.614870e-02 | ‖ω‖₁=3.861234e+00
  λ=1.070e-02 | Epoch  60 | lr=1.2500e-04 | Recon MSE=4.874637e-02 | ‖ω‖₁=3.454703e+00
  λ=1.070e-02 | Epoch  70 | lr=1.2500e-04 | Recon MSE=4.621567e-02 | ‖ω‖₁=3.090313e+00
  λ=1.070e-02 | Epoch  80 | lr=6.2500e-05 | Recon MSE=4.375746e-02 | ‖ω‖₁=2.760237e+00
  λ=1.070e-02 | Epoch  90 | lr=6.2500e-05 | Recon MSE=4.409628e-02 | ‖ω‖₁=2.453256e+00
  λ=1.070e-02 | Epoch 100 | lr=3.1250e-05 | Recon MSE=4.340924e-02 | ‖ω‖₁=2.169709e+00
  → at λ=1.070e-02:  r(λ)=200,  rel_err=3.917438e-02

-- Path iteration 15, λ = 1.284e-02   (r(λ) prev = 200)
  λ=1.284e-02 | Epoch   1 | lr=1.0000e-03 | Recon MSE=2.349639e-01 | ‖ω‖₁=1.886271e+02
  λ=1.284e-02 | Epoch  10 | lr=1.0000e-03 | Recon MSE=1.170550e+00 | ‖ω‖₁=1.216592e+01
  λ=1.284e-02 | Epoch  20 | lr=5.0000e-04 | Recon MSE=1.742581e-01 | ‖ω‖₁=5.381864e+00
  λ=1.284e-02 | Epoch  30 | lr=5.0000e-04 | Recon MSE=1.013904e-01 | ‖ω‖₁=4.567701e+00
  λ=1.284e-02 | Epoch  40 | lr=2.5000e-04 | Recon MSE=6.974269e-02 | ‖ω‖₁=3.969469e+00
  λ=1.284e-02 | Epoch  50 | lr=2.5000e-04 | Recon MSE=5.945222e-02 | ‖ω‖₁=3.471916e+00
  λ=1.284e-02 | Epoch  60 | lr=1.2500e-04 | Recon MSE=5.144001e-02 | ‖ω‖₁=3.041174e+00
  λ=1.284e-02 | Epoch  70 | lr=1.2500e-04 | Recon MSE=4.906426e-02 | ‖ω‖₁=2.652414e+00
  λ=1.284e-02 | Epoch  80 | lr=6.2500e-05 | Recon MSE=4.654679e-02 | ‖ω‖₁=2.300569e+00
  λ=1.284e-02 | Epoch  90 | lr=6.2500e-05 | Recon MSE=4.775839e-02 | ‖ω‖₁=1.972900e+00
  λ=1.284e-02 | Epoch 100 | lr=3.1250e-05 | Recon MSE=4.739016e-02 | ‖ω‖₁=1.669147e+00
  → at λ=1.284e-02:  r(λ)=200,  rel_err=4.092506e-02

-- Path iteration 16, λ = 1.541e-02   (r(λ) prev = 200)
  λ=1.541e-02 | Epoch   1 | lr=1.0000e-03 | Recon MSE=2.503807e-01 | ‖ω‖₁=1.863958e+02
  λ=1.541e-02 | Epoch  10 | lr=1.0000e-03 | Recon MSE=2.732918e+00 | ‖ω‖₁=6.520047e+00
  λ=1.541e-02 | Epoch  20 | lr=5.0000e-04 | Recon MSE=1.929366e-01 | ‖ω‖₁=4.949942e+00
  λ=1.541e-02 | Epoch  30 | lr=5.0000e-04 | Recon MSE=1.185316e-01 | ‖ω‖₁=4.127895e+00
  λ=1.541e-02 | Epoch  40 | lr=2.5000e-04 | Recon MSE=8.345066e-02 | ‖ω‖₁=3.504718e+00
  λ=1.541e-02 | Epoch  50 | lr=2.5000e-04 | Recon MSE=7.194718e-02 | ‖ω‖₁=2.980899e+00
  λ=1.541e-02 | Epoch  60 | lr=1.2500e-04 | Recon MSE=6.327906e-02 | ‖ω‖₁=2.525909e+00
  λ=1.541e-02 | Epoch  70 | lr=1.2500e-04 | Recon MSE=6.089908e-02 | ‖ω‖₁=2.114746e+00
  λ=1.541e-02 | Epoch  80 | lr=6.2500e-05 | Recon MSE=5.832343e-02 | ‖ω‖₁=1.742562e+00
  λ=1.541e-02 | Epoch  90 | lr=6.2500e-05 | Recon MSE=6.107670e-02 | ‖ω‖₁=1.393653e+00
  λ=1.541e-02 | Epoch 100 | lr=3.1250e-05 | Recon MSE=6.156368e-02 | ‖ω‖₁=1.069399e+00
  → at λ=1.541e-02:  r(λ)=200,  rel_err=4.662698e-02

-- Path iteration 17, λ = 1.849e-02   (r(λ) prev = 200)
  λ=1.849e-02 | Epoch   1 | lr=1.0000e-03 | Recon MSE=3.042590e-01 | ‖ω‖₁=1.837119e+02
  λ=1.849e-02 | Epoch  10 | lr=1.0000e-03 | Recon MSE=1.638820e+00 | ‖ω‖₁=6.073581e+00
  λ=1.849e-02 | Epoch  20 | lr=5.0000e-04 | Recon MSE=1.992000e-01 | ‖ω‖₁=4.645925e+00
  λ=1.849e-02 | Epoch  30 | lr=5.0000e-04 | Recon MSE=1.263142e-01 | ‖ω‖₁=3.789902e+00
  λ=1.849e-02 | Epoch  40 | lr=2.5000e-04 | Recon MSE=8.966939e-02 | ‖ω‖₁=3.127487e+00
  λ=1.849e-02 | Epoch  50 | lr=2.5000e-04 | Recon MSE=7.854453e-02 | ‖ω‖₁=2.566560e+00
  λ=1.849e-02 | Epoch  60 | lr=1.2500e-04 | Recon MSE=7.004477e-02 | ‖ω‖₁=2.078573e+00
  λ=1.849e-02 | Epoch  70 | lr=1.2500e-04 | Recon MSE=6.903522e-02 | ‖ω‖₁=1.635180e+00
  λ=1.849e-02 | Epoch  80 | lr=6.2500e-05 | Recon MSE=6.726426e-02 | ‖ω‖₁=1.232257e+00
  λ=1.849e-02 | Epoch  90 | lr=6.2500e-05 | Recon MSE=7.264396e-02 | ‖ω‖₁=8.529767e-01
  λ=1.849e-02 | Epoch 100 | lr=3.1250e-05 | Recon MSE=7.485512e-02 | ‖ω‖₁=5.057033e-01
  → at λ=1.849e-02:  r(λ)=173,  rel_err=5.150938e-02

-- Path iteration 18, λ = 2.219e-02   (r(λ) prev = 173)
  λ=2.219e-02 | Epoch   1 | lr=1.0000e-03 | Recon MSE=3.449449e-01 | ‖ω‖₁=1.804437e+02
  λ=2.219e-02 | Epoch  10 | lr=1.0000e-03 | Recon MSE=1.206029e+00 | ‖ω‖₁=5.664213e+00
  λ=2.219e-02 | Epoch  20 | lr=5.0000e-04 | Recon MSE=2.191429e-01 | ‖ω‖₁=4.265144e+00
  λ=2.219e-02 | Epoch  30 | lr=5.0000e-04 | Recon MSE=1.434178e-01 | ‖ω‖₁=3.374638e+00
  λ=2.219e-02 | Epoch  40 | lr=2.5000e-04 | Recon MSE=1.061771e-01 | ‖ω‖₁=2.674789e+00
  λ=2.219e-02 | Epoch  50 | lr=2.5000e-04 | Recon MSE=9.449165e-02 | ‖ω‖₁=2.077199e+00
  λ=2.219e-02 | Epoch  60 | lr=1.2500e-04 | Recon MSE=8.543793e-02 | ‖ω‖₁=1.557596e+00
  λ=2.219e-02 | Epoch  70 | lr=1.2500e-04 | Recon MSE=8.556728e-02 | ‖ω‖₁=1.083576e+00
  λ=2.219e-02 | Epoch  80 | lr=6.2500e-05 | Recon MSE=8.570842e-02 | ‖ω‖₁=6.526123e-01
  λ=2.219e-02 | Epoch  90 | lr=6.2500e-05 | Recon MSE=9.341618e-02 | ‖ω‖₁=3.556511e-01
  λ=2.219e-02 | Epoch 100 | lr=3.1250e-05 | Recon MSE=9.491496e-02 | ‖ω‖₁=2.809749e-01
  → at λ=2.219e-02:  r(λ)=35,  rel_err=5.791636e-02

-- Path iteration 19, λ = 2.662e-02   (r(λ) prev = 35)
  λ=2.662e-02 | Epoch   1 | lr=1.0000e-03 | Recon MSE=4.396351e-01 | ‖ω‖₁=1.765503e+02
  λ=2.662e-02 | Epoch  10 | lr=1.0000e-03 | Recon MSE=1.236748e+00 | ‖ω‖₁=5.287335e+00
  λ=2.662e-02 | Epoch  20 | lr=5.0000e-04 | Recon MSE=2.844015e-01 | ‖ω‖₁=3.859899e+00
  λ=2.662e-02 | Epoch  30 | lr=5.0000e-04 | Recon MSE=1.842777e-01 | ‖ω‖₁=2.914534e+00
  λ=2.662e-02 | Epoch  40 | lr=2.5000e-04 | Recon MSE=1.352542e-01 | ‖ω‖₁=2.170948e+00
  λ=2.662e-02 | Epoch  50 | lr=2.5000e-04 | Recon MSE=1.204968e-01 | ‖ω‖₁=1.534113e+00
  λ=2.662e-02 | Epoch  60 | lr=1.2500e-04 | Recon MSE=1.099270e-01 | ‖ω‖₁=9.811409e-01
  λ=2.662e-02 | Epoch  70 | lr=1.2500e-04 | Recon MSE=1.130085e-01 | ‖ω‖₁=4.905645e-01
  λ=2.662e-02 | Epoch  80 | lr=6.2500e-05 | Recon MSE=1.130410e-01 | ‖ω‖₁=3.099136e-01
  λ=2.662e-02 | Epoch  90 | lr=6.2500e-05 | Recon MSE=1.265441e-01 | ‖ω‖₁=2.460685e-01
  λ=2.662e-02 | Epoch 100 | lr=3.1250e-05 | Recon MSE=1.292717e-01 | ‖ω‖₁=2.111860e-01
  → at λ=2.662e-02:  r(λ)=25,  rel_err=6.761944e-02

-- Path iteration 20, λ = 3.195e-02   (r(λ) prev = 25)
  λ=3.195e-02 | Epoch   1 | lr=1.0000e-03 | Recon MSE=5.726455e-01 | ‖ω‖₁=1.718675e+02
  λ=3.195e-02 | Epoch  10 | lr=1.0000e-03 | Recon MSE=1.254414e+00 | ‖ω‖₁=4.933831e+00
  λ=3.195e-02 | Epoch  20 | lr=5.0000e-04 | Recon MSE=3.007373e-01 | ‖ω‖₁=3.459291e+00
  λ=3.195e-02 | Epoch  30 | lr=5.0000e-04 | Recon MSE=2.005247e-01 | ‖ω‖₁=2.448658e+00
  λ=3.195e-02 | Epoch  40 | lr=2.5000e-04 | Recon MSE=1.492242e-01 | ‖ω‖₁=1.651435e+00
  λ=3.195e-02 | Epoch  50 | lr=2.5000e-04 | Recon MSE=1.363769e-01 | ‖ω‖₁=9.671547e-01
  λ=3.195e-02 | Epoch  60 | lr=1.2500e-04 | Recon MSE=1.266957e-01 | ‖ω‖₁=4.117624e-01
  λ=3.195e-02 | Epoch  70 | lr=1.2500e-04 | Recon MSE=1.304899e-01 | ‖ω‖₁=2.708732e-01
  λ=3.195e-02 | Epoch  80 | lr=6.2500e-05 | Recon MSE=1.277615e-01 | ‖ω‖₁=2.217304e-01
  λ=3.195e-02 | Epoch  90 | lr=6.2500e-05 | Recon MSE=1.358029e-01 | ‖ω‖₁=1.936176e-01
  λ=3.195e-02 | Epoch 100 | lr=3.1250e-05 | Recon MSE=1.381396e-01 | ‖ω‖₁=1.725364e-01
  → at λ=3.195e-02:  r(λ)=21,  rel_err=6.981057e-02

-- Path iteration 21, λ = 3.834e-02   (r(λ) prev = 21)
  λ=3.834e-02 | Epoch   1 | lr=1.0000e-03 | Recon MSE=7.204649e-01 | ‖ω‖₁=1.662981e+02
  λ=3.834e-02 | Epoch  10 | lr=1.0000e-03 | Recon MSE=1.195125e+00 | ‖ω‖₁=4.572461e+00
  λ=3.834e-02 | Epoch  20 | lr=5.0000e-04 | Recon MSE=3.172157e-01 | ‖ω‖₁=3.036640e+00
  λ=3.834e-02 | Epoch  30 | lr=5.0000e-04 | Recon MSE=2.084961e-01 | ‖ω‖₁=1.962720e+00
  λ=3.834e-02 | Epoch  40 | lr=2.5000e-04 | Recon MSE=1.546515e-01 | ‖ω‖₁=1.109388e+00
  λ=3.834e-02 | Epoch  50 | lr=2.5000e-04 | Recon MSE=1.453399e-01 | ‖ω‖₁=4.126919e-01
  λ=3.834e-02 | Epoch  60 | lr=1.2500e-04 | Recon MSE=1.377104e-01 | ‖ω‖₁=2.622293e-01
  λ=3.834e-02 | Epoch  70 | lr=1.2500e-04 | Recon MSE=1.395643e-01 | ‖ω‖₁=2.102608e-01
  λ=3.834e-02 | Epoch  80 | lr=6.2500e-05 | Recon MSE=1.370020e-01 | ‖ω‖₁=1.808803e-01
  λ=3.834e-02 | Epoch  90 | lr=6.2500e-05 | Recon MSE=1.547942e-01 | ‖ω‖₁=1.577293e-01
  λ=3.834e-02 | Epoch 100 | lr=3.1250e-05 | Recon MSE=1.611839e-01 | ‖ω‖₁=1.371722e-01
  → at λ=3.834e-02:  r(λ)=20,  rel_err=7.545940e-02

-- Path iteration 22, λ = 4.601e-02   (r(λ) prev = 20)
  λ=4.601e-02 | Epoch   1 | lr=1.0000e-03 | Recon MSE=9.786009e-01 | ‖ω‖₁=1.595388e+02
  λ=4.601e-02 | Epoch  10 | lr=1.0000e-03 | Recon MSE=1.493631e+00 | ‖ω‖₁=4.183451e+00
  λ=4.601e-02 | Epoch  20 | lr=5.0000e-04 | Recon MSE=3.827768e-01 | ‖ω‖₁=2.567185e+00
  λ=4.601e-02 | Epoch  30 | lr=5.0000e-04 | Recon MSE=2.634342e-01 | ‖ω‖₁=1.422597e+00
  λ=4.601e-02 | Epoch  40 | lr=2.5000e-04 | Recon MSE=2.029852e-01 | ‖ω‖₁=5.253599e-01
  λ=4.601e-02 | Epoch  50 | lr=2.5000e-04 | Recon MSE=1.972489e-01 | ‖ω‖₁=2.578365e-01
  λ=4.601e-02 | Epoch  60 | lr=1.2500e-04 | Recon MSE=1.867040e-01 | ‖ω‖₁=2.003830e-01
  λ=4.601e-02 | Epoch  70 | lr=1.2500e-04 | Recon MSE=1.979671e-01 | ‖ω‖₁=1.578419e-01
  λ=4.601e-02 | Epoch  80 | lr=6.2500e-05 | Recon MSE=1.963938e-01 | ‖ω‖₁=1.299805e-01
  λ=4.601e-02 | Epoch  90 | lr=6.2500e-05 | Recon MSE=2.232156e-01 | ‖ω‖₁=1.113505e-01
  λ=4.601e-02 | Epoch 100 | lr=3.1250e-05 | Recon MSE=2.347403e-01 | ‖ω‖₁=9.513101e-02
  → at λ=4.601e-02:  r(λ)=16,  rel_err=9.111536e-02

-- Path iteration 23, λ = 5.521e-02   (r(λ) prev = 16)
  λ=5.521e-02 | Epoch   1 | lr=1.0000e-03 | Recon MSE=1.343771e+00 | ‖ω‖₁=1.513760e+02
  λ=5.521e-02 | Epoch  10 | lr=1.0000e-03 | Recon MSE=1.433223e+00 | ‖ω‖₁=3.818871e+00
  λ=5.521e-02 | Epoch  20 | lr=5.0000e-04 | Recon MSE=3.930891e-01 | ‖ω‖₁=2.086158e+00
  λ=5.521e-02 | Epoch  30 | lr=5.0000e-04 | Recon MSE=2.781373e-01 | ‖ω‖₁=8.656717e-01
  λ=5.521e-02 | Epoch  40 | lr=2.5000e-04 | Recon MSE=2.214819e-01 | ‖ω‖₁=2.940609e-01
  λ=5.521e-02 | Epoch  50 | lr=2.5000e-04 | Recon MSE=2.104861e-01 | ‖ω‖₁=2.062772e-01
  λ=5.521e-02 | Epoch  60 | lr=1.2500e-04 | Recon MSE=1.913266e-01 | ‖ω‖₁=1.708581e-01
  λ=5.521e-02 | Epoch  70 | lr=1.2500e-04 | Recon MSE=1.971129e-01 | ‖ω‖₁=1.418714e-01
  λ=5.521e-02 | Epoch  80 | lr=6.2500e-05 | Recon MSE=1.990301e-01 | ‖ω‖₁=1.205229e-01
  λ=5.521e-02 | Epoch  90 | lr=6.2500e-05 | Recon MSE=2.613833e-01 | ‖ω‖₁=9.793430e-02
  λ=5.521e-02 | Epoch 100 | lr=3.1250e-05 | Recon MSE=3.100353e-01 | ‖ω‖₁=7.991417e-02
  → at λ=5.521e-02:  r(λ)=17,  rel_err=1.048247e-01

-- Path iteration 24, λ = 6.625e-02   (r(λ) prev = 17)
  λ=6.625e-02 | Epoch   1 | lr=1.0000e-03 | Recon MSE=1.854314e+00 | ‖ω‖₁=1.416464e+02
  λ=6.625e-02 | Epoch  10 | lr=1.0000e-03 | Recon MSE=1.450383e+00 | ‖ω‖₁=3.397320e+00
  λ=6.625e-02 | Epoch  20 | lr=5.0000e-04 | Recon MSE=3.678161e-01 | ‖ω‖₁=1.557312e+00
  λ=6.625e-02 | Epoch  30 | lr=5.0000e-04 | Recon MSE=2.830637e-01 | ‖ω‖₁=3.597963e-01
  λ=6.625e-02 | Epoch  40 | lr=2.5000e-04 | Recon MSE=2.370915e-01 | ‖ω‖₁=2.358572e-01
  λ=6.625e-02 | Epoch  50 | lr=2.5000e-04 | Recon MSE=2.275583e-01 | ‖ω‖₁=1.753888e-01
  λ=6.625e-02 | Epoch  60 | lr=1.2500e-04 | Recon MSE=2.178168e-01 | ‖ω‖₁=1.448346e-01
  λ=6.625e-02 | Epoch  70 | lr=1.2500e-04 | Recon MSE=2.324567e-01 | ‖ω‖₁=1.098691e-01
  λ=6.625e-02 | Epoch  80 | lr=6.2500e-05 | Recon MSE=2.398139e-01 | ‖ω‖₁=8.825472e-02
  λ=6.625e-02 | Epoch  90 | lr=6.2500e-05 | Recon MSE=3.571390e-01 | ‖ω‖₁=6.884208e-02
  λ=6.625e-02 | Epoch 100 | lr=3.1250e-05 | Recon MSE=5.064293e-01 | ‖ω‖₁=5.374907e-02
  → at λ=6.625e-02:  r(λ)=16,  rel_err=1.357720e-01

-- Path iteration 25, λ = 7.950e-02   (r(λ) prev = 16)
  λ=7.950e-02 | Epoch   1 | lr=1.0000e-03 | Recon MSE=2.596369e+00 | ‖ω‖₁=1.299663e+02
  λ=7.950e-02 | Epoch  10 | lr=1.0000e-03 | Recon MSE=1.879653e+00 | ‖ω‖₁=2.952643e+00
  λ=7.950e-02 | Epoch  20 | lr=5.0000e-04 | Recon MSE=5.066595e-01 | ‖ω‖₁=9.807514e-01
  λ=7.950e-02 | Epoch  30 | lr=5.0000e-04 | Recon MSE=3.747224e-01 | ‖ω‖₁=2.340700e-01
  λ=7.950e-02 | Epoch  40 | lr=2.5000e-04 | Recon MSE=3.016977e-01 | ‖ω‖₁=1.667783e-01
  λ=7.950e-02 | Epoch  50 | lr=2.5000e-04 | Recon MSE=2.802075e-01 | ‖ω‖₁=1.276870e-01
  λ=7.950e-02 | Epoch  60 | lr=1.2500e-04 | Recon MSE=2.596312e-01 | ‖ω‖₁=1.035733e-01
  λ=7.950e-02 | Epoch  70 | lr=1.2500e-04 | Recon MSE=2.857259e-01 | ‖ω‖₁=8.085777e-02
  λ=7.950e-02 | Epoch  80 | lr=6.2500e-05 | Recon MSE=2.994266e-01 | ‖ω‖₁=6.361254e-02
  λ=7.950e-02 | Epoch  90 | lr=6.2500e-05 | Recon MSE=8.537224e-01 | ‖ω‖₁=4.553808e-02
  λ=7.950e-02 | Epoch 100 | lr=3.1250e-05 | Recon MSE=2.120697e+00 | ‖ω‖₁=3.007234e-02
  → at λ=7.950e-02:  r(λ)=15,  rel_err=2.822839e-01

-- Path iteration 26, λ = 9.540e-02   (r(λ) prev = 15)
  λ=9.540e-02 | Epoch   1 | lr=1.0000e-03 | Recon MSE=3.726361e+00 | ‖ω‖₁=1.159025e+02
  λ=9.540e-02 | Epoch  10 | lr=1.0000e-03 | Recon MSE=2.143072e+00 | ‖ω‖₁=2.502000e+00
  λ=9.540e-02 | Epoch  20 | lr=5.0000e-04 | Recon MSE=5.879675e-01 | ‖ω‖₁=4.278574e-01
  λ=9.540e-02 | Epoch  30 | lr=5.0000e-04 | Recon MSE=4.280283e-01 | ‖ω‖₁=1.783640e-01
  λ=9.540e-02 | Epoch  40 | lr=2.5000e-04 | Recon MSE=3.584540e-01 | ‖ω‖₁=1.332261e-01
  λ=9.540e-02 | Epoch  50 | lr=2.5000e-04 | Recon MSE=3.447263e-01 | ‖ω‖₁=9.768139e-02
  λ=9.540e-02 | Epoch  60 | lr=1.2500e-04 | Recon MSE=3.375447e-01 | ‖ω‖₁=7.619047e-02
  λ=9.540e-02 | Epoch  70 | lr=1.2500e-04 | Recon MSE=4.118841e-01 | ‖ω‖₁=5.383421e-02
  λ=9.540e-02 | Epoch  80 | lr=6.2500e-05 | Recon MSE=4.329290e-01 | ‖ω‖₁=4.185184e-02
  λ=9.540e-02 | Epoch  90 | lr=6.2500e-05 | Recon MSE=5.572676e+00 | ‖ω‖₁=2.305779e-02
  λ=9.540e-02 | Epoch 100 | lr=3.1250e-05 | Recon MSE=2.693694e+01 | ‖ω‖₁=0.000000e+00
  → at λ=9.540e-02:  r(λ)=0,  rel_err=9.771176e-01
All skip-weights have zeroed out. Stopping path.

Found knees using DFDT method: [15 18 21 23 24]
[Dense2Sparse] Picked λ=4.601e-02,  r=16, err=9.111536e-02

→ Final training on full data with λ = 4.601e-02 ...
  λ=4.601e-02 | Epoch   1 | lr=1.0000e-03 | Recon MSE=9.673859e-01 | ‖ω‖₁=1.594963e+02
  λ=4.601e-02 | Epoch  10 | lr=1.0000e-03 | Recon MSE=1.428915e+00 | ‖ω‖₁=4.223954e+00
  λ=4.601e-02 | Epoch  20 | lr=5.0000e-04 | Recon MSE=3.854138e-01 | ‖ω‖₁=2.595391e+00
  λ=4.601e-02 | Epoch  30 | lr=5.0000e-04 | Recon MSE=2.561624e-01 | ‖ω‖₁=1.448245e+00
  λ=4.601e-02 | Epoch  40 | lr=2.5000e-04 | Recon MSE=1.985361e-01 | ‖ω‖₁=5.490177e-01
  λ=4.601e-02 | Epoch  50 | lr=2.5000e-04 | Recon MSE=1.891802e-01 | ‖ω‖₁=2.634207e-01
  λ=4.601e-02 | Epoch  60 | lr=1.2500e-04 | Recon MSE=1.782610e-01 | ‖ω‖₁=2.046860e-01
  λ=4.601e-02 | Epoch  70 | lr=1.2500e-04 | Recon MSE=1.805173e-01 | ‖ω‖₁=1.708451e-01
  λ=4.601e-02 | Epoch  80 | lr=6.2500e-05 | Recon MSE=1.803626e-01 | ‖ω‖₁=1.465686e-01
  λ=4.601e-02 | Epoch  90 | lr=6.2500e-05 | Recon MSE=2.183863e-01 | ‖ω‖₁=1.207967e-01
  λ=4.601e-02 | Epoch 100 | lr=3.1250e-05 | Recon MSE=2.337290e-01 | ‖ω‖₁=1.012167e-01

Final skip-weights ω: [0.0, 0.0, 0.0, 0.0, 0.0, 0.0, 0.0, 0.0, 0.0, 0.00248546339571476] ...
Selected POD-mode indices (ω_j ≠ 0): [9, 10, 11, 12, 13, 14, 15, 16, 17, 18, 19, 20, 21, 22, 23, 24, 27] (count = 17 / 200)
Final relative reconstruction of SparseModesNet: ||X - X_hat||_F / ||X||_F = 9.098862e-02
Final MSE per sample of SparseModesNet: = 4.887902e-01
Relative error using only selected  modes: 7.313078e-01
MSE per sample using only selected  modes: 3.928580e+00
2025-06-17 16:30:25,335 - sparsemodesnet.advecting_pulse - INFO - ==================================================
2025-06-17 16:30:25,335 - sparsemodesnet.advecting_pulse - INFO - Experiment completed successfully!
2025-06-17 16:30:25,335 - sparsemodesnet.advecting_pulse - INFO - Selected 17 modes out of 200
2025-06-17 16:30:25,336 - sparsemodesnet.advecting_pulse - INFO - Final lambda: 4.601e-02
