2025-06-17 17:46:36,391 - sparsemodesnet.advecting_pulse - INFO - Starting advecting_pulse experiment
2025-06-17 17:46:36,391 - sparsemodesnet.advecting_pulse - INFO - Log file: /Users/tkoike3/Dev/Research/sparsemodesnet/experiments/logs/advecting_pulse_20250617_174636.log
2025-06-17 17:46:36,392 - sparsemodesnet.advecting_pulse - INFO - Experiment: Advecting Pulse
2025-06-17 17:46:36,392 - sparsemodesnet.advecting_pulse - INFO - Data shape: (1024, 1000)
2025-06-17 17:46:36,393 - sparsemodesnet.advecting_pulse - INFO - POD dimension: 200
2025-06-17 17:46:36,393 - sparsemodesnet.advecting_pulse - INFO - Hidden units: [200, 5000, 200]
2025-06-17 17:46:36,393 - sparsemodesnet.advecting_pulse - INFO - Regularization method: dense2sparse
2025-06-17 17:46:36,394 - sparsemodesnet.advecting_pulse - INFO - Device: mps
2025-06-17 17:46:36,394 - sparsemodesnet.advecting_pulse - INFO - Training parameters: M=2.0, lr=0.001, batch_size=256
2025-06-17 17:46:36,395 - sparsemodesnet.advecting_pulse - INFO - Optimizer: Adam, knee_method: dfdt
2025-06-17 17:46:36,396 - sparsemodesnet.advecting_pulse - INFO - NN type: PiNetNCP with polynomial order of 2, and 1 number of polynomial blocks
2025-06-17 17:46:36,396 - sparsemodesnet.advecting_pulse - INFO - ==================================================

=== SparseModesNet (λ-path=dense2sparse) on Advecting Pulse: d=1024, n=1000, s=200 ===

=== Dense-To-Sparse (default) λ-Path ===

-- Path iteration 1, λ = 1.000e-03   (r(λ) prev = 200)
  λ=1.000e-03 | Epoch   1 | lr=1.0000e-03 | Recon MSE=5.965707e-05 | ‖ω‖₁=1.995907e+02
  λ=1.000e-03 | Epoch  10 | lr=1.0000e-03 | Recon MSE=9.545173e-05 | ‖ω‖₁=1.955157e+02
  λ=1.000e-03 | Epoch  20 | lr=5.0000e-04 | Recon MSE=1.833261e-04 | ‖ω‖₁=1.909548e+02
  λ=1.000e-03 | Epoch  30 | lr=5.0000e-04 | Recon MSE=4.525778e-04 | ‖ω‖₁=1.853829e+02
  λ=1.000e-03 | Epoch  40 | lr=2.5000e-04 | Recon MSE=5.466416e-04 | ‖ω‖₁=1.798815e+02
  λ=1.000e-03 | Epoch  50 | lr=2.5000e-04 | Recon MSE=8.142012e-04 | ‖ω‖₁=1.732423e+02
  λ=1.000e-03 | Epoch  60 | lr=1.2500e-04 | Recon MSE=1.332173e-03 | ‖ω‖₁=1.665757e+02
  λ=1.000e-03 | Epoch  70 | lr=1.2500e-04 | Recon MSE=2.011401e-03 | ‖ω‖₁=1.592396e+02
  λ=1.000e-03 | Epoch  80 | lr=6.2500e-05 | Recon MSE=2.592137e-03 | ‖ω‖₁=1.518545e+02
  λ=1.000e-03 | Epoch  90 | lr=6.2500e-05 | Recon MSE=3.315018e-03 | ‖ω‖₁=1.441616e+02
  λ=1.000e-03 | Epoch 100 | lr=3.1250e-05 | Recon MSE=3.897271e-03 | ‖ω‖₁=1.364461e+02
  → at λ=1.000e-03:  r(λ)=200,  rel_err=1.179299e-02

-- Path iteration 2, λ = 1.200e-03   (r(λ) prev = 200)
  λ=1.200e-03 | Epoch   1 | lr=1.0000e-03 | Recon MSE=6.787622e-05 | ‖ω‖₁=1.995106e+02
  λ=1.200e-03 | Epoch  10 | lr=1.0000e-03 | Recon MSE=5.648721e-04 | ‖ω‖₁=1.942079e+02
  λ=1.200e-03 | Epoch  20 | lr=5.0000e-04 | Recon MSE=5.612677e-04 | ‖ω‖₁=1.882011e+02
  λ=1.200e-03 | Epoch  30 | lr=5.0000e-04 | Recon MSE=5.000232e-04 | ‖ω‖₁=1.807472e+02
  λ=1.200e-03 | Epoch  40 | lr=2.5000e-04 | Recon MSE=1.104129e-03 | ‖ω‖₁=1.733989e+02
  λ=1.200e-03 | Epoch  50 | lr=2.5000e-04 | Recon MSE=1.286637e-03 | ‖ω‖₁=1.649827e+02
  λ=1.200e-03 | Epoch  60 | lr=1.2500e-04 | Recon MSE=1.634464e-03 | ‖ω‖₁=1.565093e+02
  λ=1.200e-03 | Epoch  70 | lr=1.2500e-04 | Recon MSE=1.983962e-03 | ‖ω‖₁=1.474700e+02
  λ=1.200e-03 | Epoch  80 | lr=6.2500e-05 | Recon MSE=2.922611e-03 | ‖ω‖₁=1.383988e+02
  λ=1.200e-03 | Epoch  90 | lr=6.2500e-05 | Recon MSE=3.253999e-03 | ‖ω‖₁=1.290730e+02
  λ=1.200e-03 | Epoch 100 | lr=3.1250e-05 | Recon MSE=3.909373e-03 | ‖ω‖₁=1.197312e+02
  → at λ=1.200e-03:  r(λ)=200,  rel_err=1.177902e-02

-- Path iteration 3, λ = 1.440e-03   (r(λ) prev = 200)
  λ=1.440e-03 | Epoch   1 | lr=1.0000e-03 | Recon MSE=1.277549e-04 | ‖ω‖₁=1.993822e+02
  λ=1.440e-03 | Epoch  10 | lr=1.0000e-03 | Recon MSE=6.174225e-04 | ‖ω‖₁=1.923442e+02
  λ=1.440e-03 | Epoch  20 | lr=5.0000e-04 | Recon MSE=1.038034e-03 | ‖ω‖₁=1.843638e+02
  λ=1.440e-03 | Epoch  30 | lr=5.0000e-04 | Recon MSE=1.030592e-03 | ‖ω‖₁=1.747801e+02
  λ=1.440e-03 | Epoch  40 | lr=2.5000e-04 | Recon MSE=5.208116e-03 | ‖ω‖₁=1.652578e+02
  λ=1.440e-03 | Epoch  50 | lr=2.5000e-04 | Recon MSE=1.898342e-03 | ‖ω‖₁=1.548123e+02
  λ=1.440e-03 | Epoch  60 | lr=1.2500e-04 | Recon MSE=2.069948e-03 | ‖ω‖₁=1.442897e+02
  λ=1.440e-03 | Epoch  70 | lr=1.2500e-04 | Recon MSE=2.674218e-03 | ‖ω‖₁=1.332793e+02
  λ=1.440e-03 | Epoch  80 | lr=6.2500e-05 | Recon MSE=3.746124e-03 | ‖ω‖₁=1.222403e+02
  λ=1.440e-03 | Epoch  90 | lr=6.2500e-05 | Recon MSE=3.983813e-03 | ‖ω‖₁=1.109726e+02
  λ=1.440e-03 | Epoch 100 | lr=3.1250e-05 | Recon MSE=4.638968e-03 | ‖ω‖₁=9.969353e+01
  → at λ=1.440e-03:  r(λ)=200,  rel_err=1.283401e-02

-- Path iteration 4, λ = 1.728e-03   (r(λ) prev = 200)
  λ=1.728e-03 | Epoch   1 | lr=1.0000e-03 | Recon MSE=1.625807e-04 | ‖ω‖₁=1.992429e+02
  λ=1.728e-03 | Epoch  10 | lr=1.0000e-03 | Recon MSE=1.597333e-03 | ‖ω‖₁=1.901598e+02
  λ=1.728e-03 | Epoch  20 | lr=5.0000e-04 | Recon MSE=2.021755e-03 | ‖ω‖₁=1.799120e+02
  λ=1.728e-03 | Epoch  30 | lr=5.0000e-04 | Recon MSE=1.546588e-03 | ‖ω‖₁=1.679226e+02
  λ=1.728e-03 | Epoch  40 | lr=2.5000e-04 | Recon MSE=3.374634e-03 | ‖ω‖₁=1.559519e+02
  λ=1.728e-03 | Epoch  50 | lr=2.5000e-04 | Recon MSE=2.294668e-03 | ‖ω‖₁=1.430889e+02
  λ=1.728e-03 | Epoch  60 | lr=1.2500e-04 | Recon MSE=3.397143e-03 | ‖ω‖₁=1.301794e+02
  λ=1.728e-03 | Epoch  70 | lr=1.2500e-04 | Recon MSE=3.390643e-03 | ‖ω‖₁=1.168315e+02
  λ=1.728e-03 | Epoch  80 | lr=6.2500e-05 | Recon MSE=4.141825e-03 | ‖ω‖₁=1.034636e+02
  λ=1.728e-03 | Epoch  90 | lr=6.2500e-05 | Recon MSE=4.690523e-03 | ‖ω‖₁=8.988410e+01
  λ=1.728e-03 | Epoch 100 | lr=3.1250e-05 | Recon MSE=5.506820e-03 | ‖ω‖₁=7.629939e+01
  → at λ=1.728e-03:  r(λ)=200,  rel_err=1.395118e-02

-- Path iteration 5, λ = 2.074e-03   (r(λ) prev = 200)
  λ=2.074e-03 | Epoch   1 | lr=1.0000e-03 | Recon MSE=2.467994e-04 | ‖ω‖₁=1.990743e+02
  λ=2.074e-03 | Epoch  10 | lr=1.0000e-03 | Recon MSE=2.632982e-03 | ‖ω‖₁=1.874705e+02
  λ=2.074e-03 | Epoch  20 | lr=5.0000e-04 | Recon MSE=2.807894e-03 | ‖ω‖₁=1.744694e+02
  λ=2.074e-03 | Epoch  30 | lr=5.0000e-04 | Recon MSE=2.316901e-03 | ‖ω‖₁=1.596724e+02
  λ=2.074e-03 | Epoch  40 | lr=2.5000e-04 | Recon MSE=4.725418e-03 | ‖ω‖₁=1.448570e+02
  λ=2.074e-03 | Epoch  50 | lr=2.5000e-04 | Recon MSE=3.486259e-03 | ‖ω‖₁=1.291749e+02
  λ=2.074e-03 | Epoch  60 | lr=1.2500e-04 | Recon MSE=4.174863e-03 | ‖ω‖₁=1.134546e+02
  λ=2.074e-03 | Epoch  70 | lr=1.2500e-04 | Recon MSE=4.785711e-03 | ‖ω‖₁=9.732732e+01
  λ=2.074e-03 | Epoch  80 | lr=6.2500e-05 | Recon MSE=5.758969e-03 | ‖ω‖₁=8.118421e+01
  λ=2.074e-03 | Epoch  90 | lr=6.2500e-05 | Recon MSE=6.327174e-03 | ‖ω‖₁=6.484825e+01
  λ=2.074e-03 | Epoch 100 | lr=3.1250e-05 | Recon MSE=7.312541e-03 | ‖ω‖₁=4.852380e+01
  → at λ=2.074e-03:  r(λ)=200,  rel_err=1.612361e-02

-- Path iteration 6, λ = 2.488e-03   (r(λ) prev = 200)
  λ=2.488e-03 | Epoch   1 | lr=1.0000e-03 | Recon MSE=3.906176e-04 | ‖ω‖₁=1.988729e+02
  λ=2.488e-03 | Epoch  10 | lr=1.0000e-03 | Recon MSE=5.423804e-03 | ‖ω‖₁=1.842907e+02
  λ=2.488e-03 | Epoch  20 | lr=5.0000e-04 | Recon MSE=5.553255e-03 | ‖ω‖₁=1.678859e+02
  λ=2.488e-03 | Epoch  30 | lr=5.0000e-04 | Recon MSE=4.177567e-03 | ‖ω‖₁=1.497131e+02
  λ=2.488e-03 | Epoch  40 | lr=2.5000e-04 | Recon MSE=8.620721e-03 | ‖ω‖₁=1.314782e+02
  λ=2.488e-03 | Epoch  50 | lr=2.5000e-04 | Recon MSE=4.941960e-03 | ‖ω‖₁=1.124280e+02
  λ=2.488e-03 | Epoch  60 | lr=1.2500e-04 | Recon MSE=5.501138e-03 | ‖ω‖₁=9.335233e+01
  λ=2.488e-03 | Epoch  70 | lr=1.2500e-04 | Recon MSE=6.233215e-03 | ‖ω‖₁=7.390067e+01
  λ=2.488e-03 | Epoch  80 | lr=6.2500e-05 | Recon MSE=7.817481e-03 | ‖ω‖₁=5.445500e+01
  λ=2.488e-03 | Epoch  90 | lr=6.2500e-05 | Recon MSE=8.685113e-03 | ‖ω‖₁=3.487029e+01
  λ=2.488e-03 | Epoch 100 | lr=3.1250e-05 | Recon MSE=1.362688e-02 | ‖ω‖₁=1.772786e+01
  → at λ=2.488e-03:  r(λ)=200,  rel_err=2.300834e-02

-- Path iteration 7, λ = 2.986e-03   (r(λ) prev = 200)
  λ=2.986e-03 | Epoch   1 | lr=1.0000e-03 | Recon MSE=5.846789e-04 | ‖ω‖₁=1.986390e+02
  λ=2.986e-03 | Epoch  10 | lr=1.0000e-03 | Recon MSE=8.731410e-03 | ‖ω‖₁=1.804582e+02
  λ=2.986e-03 | Epoch  20 | lr=5.0000e-04 | Recon MSE=1.221314e-02 | ‖ω‖₁=1.600594e+02
  λ=2.986e-03 | Epoch  30 | lr=5.0000e-04 | Recon MSE=7.289615e-03 | ‖ω‖₁=1.379065e+02
  λ=2.986e-03 | Epoch  40 | lr=2.5000e-04 | Recon MSE=9.635515e-03 | ‖ω‖₁=1.156707e+02
  λ=2.986e-03 | Epoch  50 | lr=2.5000e-04 | Recon MSE=7.698231e-03 | ‖ω‖₁=9.264219e+01
  λ=2.986e-03 | Epoch  60 | lr=1.2500e-04 | Recon MSE=9.608137e-03 | ‖ω‖₁=6.956918e+01
  λ=2.986e-03 | Epoch  70 | lr=1.2500e-04 | Recon MSE=9.324497e-03 | ‖ω‖₁=4.615145e+01
  λ=2.986e-03 | Epoch  80 | lr=6.2500e-05 | Recon MSE=1.273713e-02 | ‖ω‖₁=2.285250e+01
  λ=2.986e-03 | Epoch  90 | lr=6.2500e-05 | Recon MSE=8.694949e-02 | ‖ω‖₁=1.130960e+01
  λ=2.986e-03 | Epoch 100 | lr=3.1250e-05 | Recon MSE=2.894456e-02 | ‖ω‖₁=6.975077e+00
  → at λ=2.986e-03:  r(λ)=200,  rel_err=3.133700e-02

-- Path iteration 8, λ = 3.583e-03   (r(λ) prev = 200)
  λ=3.583e-03 | Epoch   1 | lr=1.0000e-03 | Recon MSE=8.135171e-04 | ‖ω‖₁=1.983491e+02
  λ=3.583e-03 | Epoch  10 | lr=1.0000e-03 | Recon MSE=1.685874e-02 | ‖ω‖₁=1.758702e+02
  λ=3.583e-03 | Epoch  20 | lr=5.0000e-04 | Recon MSE=1.338692e-02 | ‖ω‖₁=1.506643e+02
  λ=3.583e-03 | Epoch  30 | lr=5.0000e-04 | Recon MSE=9.520762e-03 | ‖ω‖₁=1.236703e+02
  λ=3.583e-03 | Epoch  40 | lr=2.5000e-04 | Recon MSE=2.279894e-02 | ‖ω‖₁=9.658465e+01
  λ=3.583e-03 | Epoch  50 | lr=2.5000e-04 | Recon MSE=1.126121e-02 | ‖ω‖₁=6.875025e+01
  λ=3.583e-03 | Epoch  60 | lr=1.2500e-04 | Recon MSE=1.237728e-02 | ‖ω‖₁=4.091944e+01
  λ=3.583e-03 | Epoch  70 | lr=1.2500e-04 | Recon MSE=2.427628e-02 | ‖ω‖₁=1.595881e+01
  λ=3.583e-03 | Epoch  80 | lr=6.2500e-05 | Recon MSE=2.581979e-02 | ‖ω‖₁=7.877384e+00
  λ=3.583e-03 | Epoch  90 | lr=6.2500e-05 | Recon MSE=1.964965e-02 | ‖ω‖₁=6.676520e+00
  λ=3.583e-03 | Epoch 100 | lr=3.1250e-05 | Recon MSE=1.761870e-02 | ‖ω‖₁=6.381668e+00
  → at λ=3.583e-03:  r(λ)=200,  rel_err=2.489819e-02

-- Path iteration 9, λ = 4.300e-03   (r(λ) prev = 200)
  λ=4.300e-03 | Epoch   1 | lr=1.0000e-03 | Recon MSE=1.270723e-03 | ‖ω‖₁=1.979840e+02
  λ=4.300e-03 | Epoch  10 | lr=1.0000e-03 | Recon MSE=2.207105e-02 | ‖ω‖₁=1.703552e+02
  λ=4.300e-03 | Epoch  20 | lr=5.0000e-04 | Recon MSE=2.222710e-02 | ‖ω‖₁=1.394255e+02
  λ=4.300e-03 | Epoch  30 | lr=5.0000e-04 | Recon MSE=1.697665e-02 | ‖ω‖₁=1.066870e+02
  λ=4.300e-03 | Epoch  40 | lr=2.5000e-04 | Recon MSE=2.850829e-02 | ‖ω‖₁=7.379597e+01
  λ=4.300e-03 | Epoch  50 | lr=2.5000e-04 | Recon MSE=1.704085e-02 | ‖ω‖₁=4.021195e+01
  λ=4.300e-03 | Epoch  60 | lr=1.2500e-04 | Recon MSE=4.979291e-02 | ‖ω‖₁=1.301317e+01
  λ=4.300e-03 | Epoch  70 | lr=1.2500e-04 | Recon MSE=2.174379e-02 | ‖ω‖₁=6.938812e+00
  λ=4.300e-03 | Epoch  80 | lr=6.2500e-05 | Recon MSE=1.651785e-02 | ‖ω‖₁=6.487433e+00
  λ=4.300e-03 | Epoch  90 | lr=6.2500e-05 | Recon MSE=1.524786e-02 | ‖ω‖₁=6.196667e+00
  λ=4.300e-03 | Epoch 100 | lr=3.1250e-05 | Recon MSE=1.423510e-02 | ‖ω‖₁=5.966716e+00
  → at λ=4.300e-03:  r(λ)=200,  rel_err=2.239363e-02

-- Path iteration 10, λ = 5.160e-03   (r(λ) prev = 200)
  λ=5.160e-03 | Epoch   1 | lr=1.0000e-03 | Recon MSE=1.895121e-03 | ‖ω‖₁=1.975518e+02
  λ=5.160e-03 | Epoch  10 | lr=1.0000e-03 | Recon MSE=3.739935e-02 | ‖ω‖₁=1.637506e+02
  λ=5.160e-03 | Epoch  20 | lr=5.0000e-04 | Recon MSE=3.463907e-02 | ‖ω‖₁=1.259240e+02
  λ=5.160e-03 | Epoch  30 | lr=5.0000e-04 | Recon MSE=2.079122e-02 | ‖ω‖₁=8.624135e+01
  λ=5.160e-03 | Epoch  40 | lr=2.5000e-04 | Recon MSE=4.819764e-02 | ‖ω‖₁=4.645307e+01
  λ=5.160e-03 | Epoch  50 | lr=2.5000e-04 | Recon MSE=1.365680e-01 | ‖ω‖₁=1.224374e+01
  λ=5.160e-03 | Epoch  60 | lr=1.2500e-04 | Recon MSE=2.984599e-02 | ‖ω‖₁=6.809977e+00
  λ=5.160e-03 | Epoch  70 | lr=1.2500e-04 | Recon MSE=2.183575e-02 | ‖ω‖₁=6.371814e+00
  λ=5.160e-03 | Epoch  80 | lr=6.2500e-05 | Recon MSE=1.955752e-02 | ‖ω‖₁=6.067037e+00
  λ=5.160e-03 | Epoch  90 | lr=6.2500e-05 | Recon MSE=1.867861e-02 | ‖ω‖₁=5.816952e+00
  λ=5.160e-03 | Epoch 100 | lr=3.1250e-05 | Recon MSE=1.783660e-02 | ‖ω‖₁=5.602326e+00
  → at λ=5.160e-03:  r(λ)=200,  rel_err=2.509488e-02

-- Path iteration 11, λ = 6.192e-03   (r(λ) prev = 200)
  λ=6.192e-03 | Epoch   1 | lr=1.0000e-03 | Recon MSE=2.849250e-03 | ‖ω‖₁=1.970482e+02
  λ=6.192e-03 | Epoch  10 | lr=1.0000e-03 | Recon MSE=5.717777e-02 | ‖ω‖₁=1.557832e+02
  λ=6.192e-03 | Epoch  20 | lr=5.0000e-04 | Recon MSE=5.233535e-02 | ‖ω‖₁=1.096212e+02
  λ=6.192e-03 | Epoch  30 | lr=5.0000e-04 | Recon MSE=3.534672e-02 | ‖ω‖₁=6.166555e+01
  λ=6.192e-03 | Epoch  40 | lr=2.5000e-04 | Recon MSE=5.232378e-02 | ‖ω‖₁=1.537397e+01
  λ=6.192e-03 | Epoch  50 | lr=2.5000e-04 | Recon MSE=8.424139e-02 | ‖ω‖₁=6.758366e+00
  λ=6.192e-03 | Epoch  60 | lr=1.2500e-04 | Recon MSE=3.101099e-02 | ‖ω‖₁=6.273971e+00
  λ=6.192e-03 | Epoch  70 | lr=1.2500e-04 | Recon MSE=2.818700e-02 | ‖ω‖₁=5.940616e+00
  λ=6.192e-03 | Epoch  80 | lr=6.2500e-05 | Recon MSE=2.624101e-02 | ‖ω‖₁=5.672987e+00
  λ=6.192e-03 | Epoch  90 | lr=6.2500e-05 | Recon MSE=2.568638e-02 | ‖ω‖₁=5.440957e+00
  λ=6.192e-03 | Epoch 100 | lr=3.1250e-05 | Recon MSE=2.493381e-02 | ‖ω‖₁=5.235177e+00
  → at λ=6.192e-03:  r(λ)=200,  rel_err=2.968460e-02

-- Path iteration 12, λ = 7.430e-03   (r(λ) prev = 200)
  λ=7.430e-03 | Epoch   1 | lr=1.0000e-03 | Recon MSE=4.283983e-03 | ‖ω‖₁=1.964450e+02
  λ=7.430e-03 | Epoch  10 | lr=1.0000e-03 | Recon MSE=9.476482e-02 | ‖ω‖₁=1.462564e+02
  λ=7.430e-03 | Epoch  20 | lr=5.0000e-04 | Recon MSE=1.043911e-01 | ‖ω‖₁=9.011330e+01
  λ=7.430e-03 | Epoch  30 | lr=5.0000e-04 | Recon MSE=5.482036e-02 | ‖ω‖₁=3.216865e+01
  λ=7.430e-03 | Epoch  40 | lr=2.5000e-04 | Recon MSE=9.457630e-02 | ‖ω‖₁=6.916083e+00
  λ=7.430e-03 | Epoch  50 | lr=2.5000e-04 | Recon MSE=3.575302e-02 | ‖ω‖₁=6.282639e+00
  λ=7.430e-03 | Epoch  60 | lr=1.2500e-04 | Recon MSE=2.836885e-02 | ‖ω‖₁=5.897055e+00
  λ=7.430e-03 | Epoch  70 | lr=1.2500e-04 | Recon MSE=2.566347e-02 | ‖ω‖₁=5.589103e+00
  λ=7.430e-03 | Epoch  80 | lr=6.2500e-05 | Recon MSE=2.341219e-02 | ‖ω‖₁=5.328704e+00
  λ=7.430e-03 | Epoch  90 | lr=6.2500e-05 | Recon MSE=2.253861e-02 | ‖ω‖₁=5.096222e+00
  λ=7.430e-03 | Epoch 100 | lr=3.1250e-05 | Recon MSE=2.155910e-02 | ‖ω‖₁=4.887017e+00
  → at λ=7.430e-03:  r(λ)=200,  rel_err=2.759552e-02

-- Path iteration 13, λ = 8.916e-03   (r(λ) prev = 200)
  λ=8.916e-03 | Epoch   1 | lr=1.0000e-03 | Recon MSE=6.233872e-03 | ‖ω‖₁=1.957093e+02
  λ=8.916e-03 | Epoch  10 | lr=1.0000e-03 | Recon MSE=1.376087e-01 | ‖ω‖₁=1.348537e+02
  λ=8.916e-03 | Epoch  20 | lr=5.0000e-04 | Recon MSE=1.630513e-01 | ‖ω‖₁=6.668684e+01
  λ=8.916e-03 | Epoch  30 | lr=5.0000e-04 | Recon MSE=5.361800e-01 | ‖ω‖₁=8.423630e+00
  λ=8.916e-03 | Epoch  40 | lr=2.5000e-04 | Recon MSE=7.897869e-02 | ‖ω‖₁=6.385885e+00
  λ=8.916e-03 | Epoch  50 | lr=2.5000e-04 | Recon MSE=4.666329e-02 | ‖ω‖₁=5.895759e+00
  λ=8.916e-03 | Epoch  60 | lr=1.2500e-04 | Recon MSE=3.960463e-02 | ‖ω‖₁=5.532123e+00
  λ=8.916e-03 | Epoch  70 | lr=1.2500e-04 | Recon MSE=3.681732e-02 | ‖ω‖₁=5.228664e+00
  λ=8.916e-03 | Epoch  80 | lr=6.2500e-05 | Recon MSE=3.410090e-02 | ‖ω‖₁=4.964947e+00
  λ=8.916e-03 | Epoch  90 | lr=6.2500e-05 | Recon MSE=3.335270e-02 | ‖ω‖₁=4.727706e+00
  λ=8.916e-03 | Epoch 100 | lr=3.1250e-05 | Recon MSE=3.220848e-02 | ‖ω‖₁=4.510784e+00
  → at λ=8.916e-03:  r(λ)=200,  rel_err=3.373772e-02

-- Path iteration 14, λ = 1.070e-02   (r(λ) prev = 200)
  λ=1.070e-02 | Epoch   1 | lr=1.0000e-03 | Recon MSE=9.323293e-03 | ‖ω‖₁=1.948276e+02
  λ=1.070e-02 | Epoch  10 | lr=1.0000e-03 | Recon MSE=1.966494e-01 | ‖ω‖₁=1.210781e+02
  λ=1.070e-02 | Epoch  20 | lr=5.0000e-04 | Recon MSE=1.593409e-01 | ‖ω‖₁=3.856602e+01
  λ=1.070e-02 | Epoch  30 | lr=5.0000e-04 | Recon MSE=2.461911e-01 | ‖ω‖₁=6.588089e+00
  λ=1.070e-02 | Epoch  40 | lr=2.5000e-04 | Recon MSE=7.347536e-02 | ‖ω‖₁=5.939744e+00
  λ=1.070e-02 | Epoch  50 | lr=2.5000e-04 | Recon MSE=5.959605e-02 | ‖ω‖₁=5.498286e+00
  λ=1.070e-02 | Epoch  60 | lr=1.2500e-04 | Recon MSE=5.187534e-02 | ‖ω‖₁=5.142553e+00
  λ=1.070e-02 | Epoch  70 | lr=1.2500e-04 | Recon MSE=4.872237e-02 | ‖ω‖₁=4.835017e+00
  λ=1.070e-02 | Epoch  80 | lr=6.2500e-05 | Recon MSE=4.574758e-02 | ‖ω‖₁=4.563546e+00
  λ=1.070e-02 | Epoch  90 | lr=6.2500e-05 | Recon MSE=4.602525e-02 | ‖ω‖₁=4.315790e+00
  λ=1.070e-02 | Epoch 100 | lr=3.1250e-05 | Recon MSE=4.418783e-02 | ‖ω‖₁=4.089386e+00
  → at λ=1.070e-02:  r(λ)=200,  rel_err=3.953730e-02

-- Path iteration 15, λ = 1.284e-02   (r(λ) prev = 200)
  λ=1.284e-02 | Epoch   1 | lr=1.0000e-03 | Recon MSE=1.300049e-02 | ‖ω‖₁=1.937980e+02
  λ=1.284e-02 | Epoch  10 | lr=1.0000e-03 | Recon MSE=2.813469e-01 | ‖ω‖₁=1.046629e+02
  λ=1.284e-02 | Epoch  20 | lr=5.0000e-04 | Recon MSE=4.590621e-01 | ‖ω‖₁=9.961934e+00
  λ=1.284e-02 | Epoch  30 | lr=5.0000e-04 | Recon MSE=1.155601e-01 | ‖ω‖₁=6.164244e+00
  λ=1.284e-02 | Epoch  40 | lr=2.5000e-04 | Recon MSE=6.520508e-02 | ‖ω‖₁=5.590711e+00
  λ=1.284e-02 | Epoch  50 | lr=2.5000e-04 | Recon MSE=5.483719e-02 | ‖ω‖₁=5.159947e+00
  λ=1.284e-02 | Epoch  60 | lr=1.2500e-04 | Recon MSE=4.692445e-02 | ‖ω‖₁=4.802754e+00
  λ=1.284e-02 | Epoch  70 | lr=1.2500e-04 | Recon MSE=4.389602e-02 | ‖ω‖₁=4.487495e+00
  λ=1.284e-02 | Epoch  80 | lr=6.2500e-05 | Recon MSE=4.062074e-02 | ‖ω‖₁=4.206362e+00
  λ=1.284e-02 | Epoch  90 | lr=6.2500e-05 | Recon MSE=3.999841e-02 | ‖ω‖₁=3.947568e+00
  λ=1.284e-02 | Epoch 100 | lr=3.1250e-05 | Recon MSE=3.878736e-02 | ‖ω‖₁=3.708981e+00
  → at λ=1.284e-02:  r(λ)=200,  rel_err=3.702566e-02

-- Path iteration 16, λ = 1.541e-02   (r(λ) prev = 200)
  λ=1.541e-02 | Epoch   1 | lr=1.0000e-03 | Recon MSE=1.931195e-02 | ‖ω‖₁=1.925122e+02
  λ=1.541e-02 | Epoch  10 | lr=1.0000e-03 | Recon MSE=4.504745e-01 | ‖ω‖₁=8.489336e+01
  λ=1.541e-02 | Epoch  20 | lr=5.0000e-04 | Recon MSE=6.216950e-01 | ‖ω‖₁=6.753758e+00
  λ=1.541e-02 | Epoch  30 | lr=5.0000e-04 | Recon MSE=1.198008e-01 | ‖ω‖₁=5.813870e+00
  λ=1.541e-02 | Epoch  40 | lr=2.5000e-04 | Recon MSE=8.066292e-02 | ‖ω‖₁=5.247806e+00
  λ=1.541e-02 | Epoch  50 | lr=2.5000e-04 | Recon MSE=6.894623e-02 | ‖ω‖₁=4.804403e+00
  λ=1.541e-02 | Epoch  60 | lr=1.2500e-04 | Recon MSE=5.987983e-02 | ‖ω‖₁=4.430218e+00
  λ=1.541e-02 | Epoch  70 | lr=1.2500e-04 | Recon MSE=5.657089e-02 | ‖ω‖₁=4.098512e+00
  λ=1.541e-02 | Epoch  80 | lr=6.2500e-05 | Recon MSE=5.297887e-02 | ‖ω‖₁=3.800662e+00
  λ=1.541e-02 | Epoch  90 | lr=6.2500e-05 | Recon MSE=5.315952e-02 | ‖ω‖₁=3.525358e+00
  λ=1.541e-02 | Epoch 100 | lr=3.1250e-05 | Recon MSE=5.167376e-02 | ‖ω‖₁=3.271817e+00
  → at λ=1.541e-02:  r(λ)=200,  rel_err=4.275213e-02

-- Path iteration 17, λ = 1.849e-02   (r(λ) prev = 200)
  λ=1.849e-02 | Epoch   1 | lr=1.0000e-03 | Recon MSE=2.849418e-02 | ‖ω‖₁=1.910130e+02
  λ=1.849e-02 | Epoch  10 | lr=1.0000e-03 | Recon MSE=6.287556e-01 | ‖ω‖₁=6.113241e+01
  λ=1.849e-02 | Epoch  20 | lr=5.0000e-04 | Recon MSE=6.876001e-01 | ‖ω‖₁=6.227838e+00
  λ=1.849e-02 | Epoch  30 | lr=5.0000e-04 | Recon MSE=1.803365e-01 | ‖ω‖₁=5.403715e+00
  λ=1.849e-02 | Epoch  40 | lr=2.5000e-04 | Recon MSE=1.305213e-01 | ‖ω‖₁=4.845744e+00
  λ=1.849e-02 | Epoch  50 | lr=2.5000e-04 | Recon MSE=1.143153e-01 | ‖ω‖₁=4.395450e+00
  λ=1.849e-02 | Epoch  60 | lr=1.2500e-04 | Recon MSE=1.003076e-01 | ‖ω‖₁=4.009548e+00
  λ=1.849e-02 | Epoch  70 | lr=1.2500e-04 | Recon MSE=9.629018e-02 | ‖ω‖₁=3.663321e+00
  λ=1.849e-02 | Epoch  80 | lr=6.2500e-05 | Recon MSE=9.050906e-02 | ‖ω‖₁=3.349666e+00
  λ=1.849e-02 | Epoch  90 | lr=6.2500e-05 | Recon MSE=9.508697e-02 | ‖ω‖₁=3.058357e+00
  λ=1.849e-02 | Epoch 100 | lr=3.1250e-05 | Recon MSE=9.254441e-02 | ‖ω‖₁=2.789129e+00
  → at λ=1.849e-02:  r(λ)=200,  rel_err=5.720894e-02

-- Path iteration 18, λ = 2.219e-02   (r(λ) prev = 200)
  λ=2.219e-02 | Epoch   1 | lr=1.0000e-03 | Recon MSE=4.197974e-02 | ‖ω‖₁=1.891771e+02
  λ=2.219e-02 | Epoch  10 | lr=1.0000e-03 | Recon MSE=8.590305e-01 | ‖ω‖₁=3.271537e+01
  λ=2.219e-02 | Epoch  20 | lr=5.0000e-04 | Recon MSE=5.514207e-01 | ‖ω‖₁=5.861893e+00
  λ=2.219e-02 | Epoch  30 | lr=5.0000e-04 | Recon MSE=2.145259e-01 | ‖ω‖₁=5.065444e+00
  λ=2.219e-02 | Epoch  40 | lr=2.5000e-04 | Recon MSE=1.500448e-01 | ‖ω‖₁=4.495556e+00
  λ=2.219e-02 | Epoch  50 | lr=2.5000e-04 | Recon MSE=1.305831e-01 | ‖ω‖₁=4.021598e+00
  λ=2.219e-02 | Epoch  60 | lr=1.2500e-04 | Recon MSE=1.149828e-01 | ‖ω‖₁=3.613094e+00
  λ=2.219e-02 | Epoch  70 | lr=1.2500e-04 | Recon MSE=1.128938e-01 | ‖ω‖₁=3.243877e+00
  λ=2.219e-02 | Epoch  80 | lr=6.2500e-05 | Recon MSE=1.057909e-01 | ‖ω‖₁=2.909880e+00
  λ=2.219e-02 | Epoch  90 | lr=6.2500e-05 | Recon MSE=1.140799e-01 | ‖ω‖₁=2.597771e+00
  λ=2.219e-02 | Epoch 100 | lr=3.1250e-05 | Recon MSE=1.123539e-01 | ‖ω‖₁=2.309311e+00
  → at λ=2.219e-02:  r(λ)=200,  rel_err=6.306840e-02

-- Path iteration 19, λ = 2.662e-02   (r(λ) prev = 200)
  λ=2.662e-02 | Epoch   1 | lr=1.0000e-03 | Recon MSE=5.966027e-02 | ‖ω‖₁=1.869952e+02
  λ=2.662e-02 | Epoch  10 | lr=1.0000e-03 | Recon MSE=3.538875e+00 | ‖ω‖₁=7.391085e+00
  λ=2.662e-02 | Epoch  20 | lr=5.0000e-04 | Recon MSE=5.076165e-01 | ‖ω‖₁=5.458323e+00
  λ=2.662e-02 | Epoch  30 | lr=5.0000e-04 | Recon MSE=2.536358e-01 | ‖ω‖₁=4.665506e+00
  λ=2.662e-02 | Epoch  40 | lr=2.5000e-04 | Recon MSE=1.822050e-01 | ‖ω‖₁=4.072689e+00
  λ=2.662e-02 | Epoch  50 | lr=2.5000e-04 | Recon MSE=1.600252e-01 | ‖ω‖₁=3.574089e+00
  λ=2.662e-02 | Epoch  60 | lr=1.2500e-04 | Recon MSE=1.417616e-01 | ‖ω‖₁=3.139326e+00
  λ=2.662e-02 | Epoch  70 | lr=1.2500e-04 | Recon MSE=1.412076e-01 | ‖ω‖₁=2.744557e+00
  λ=2.662e-02 | Epoch  80 | lr=6.2500e-05 | Recon MSE=1.324167e-01 | ‖ω‖₁=2.386728e+00
  λ=2.662e-02 | Epoch  90 | lr=6.2500e-05 | Recon MSE=1.465022e-01 | ‖ω‖₁=2.052306e+00
  λ=2.662e-02 | Epoch 100 | lr=3.1250e-05 | Recon MSE=1.453918e-01 | ‖ω‖₁=1.742779e+00
  → at λ=2.662e-02:  r(λ)=200,  rel_err=7.175444e-02

-- Path iteration 20, λ = 3.195e-02   (r(λ) prev = 200)
  λ=3.195e-02 | Epoch   1 | lr=1.0000e-03 | Recon MSE=8.872212e-02 | ‖ω‖₁=1.843664e+02
  λ=3.195e-02 | Epoch  10 | lr=1.0000e-03 | Recon MSE=3.360704e+00 | ‖ω‖₁=6.445262e+00
  λ=3.195e-02 | Epoch  20 | lr=5.0000e-04 | Recon MSE=5.618166e-01 | ‖ω‖₁=5.094434e+00
  λ=3.195e-02 | Epoch  30 | lr=5.0000e-04 | Recon MSE=3.219895e-01 | ‖ω‖₁=4.292199e+00
  λ=3.195e-02 | Epoch  40 | lr=2.5000e-04 | Recon MSE=2.259856e-01 | ‖ω‖₁=3.671125e+00
  λ=3.195e-02 | Epoch  50 | lr=2.5000e-04 | Recon MSE=1.964661e-01 | ‖ω‖₁=3.141661e+00
  λ=3.195e-02 | Epoch  60 | lr=1.2500e-04 | Recon MSE=1.726750e-01 | ‖ω‖₁=2.675344e+00
  λ=3.195e-02 | Epoch  70 | lr=1.2500e-04 | Recon MSE=1.724418e-01 | ‖ω‖₁=2.251976e+00
  λ=3.195e-02 | Epoch  80 | lr=6.2500e-05 | Recon MSE=1.616758e-01 | ‖ω‖₁=1.867763e+00
  λ=3.195e-02 | Epoch  90 | lr=6.2500e-05 | Recon MSE=1.842414e-01 | ‖ω‖₁=1.508349e+00
  λ=3.195e-02 | Epoch 100 | lr=3.1250e-05 | Recon MSE=1.841793e-01 | ‖ω‖₁=1.174515e+00
  → at λ=3.195e-02:  r(λ)=200,  rel_err=8.080014e-02

-- Path iteration 21, λ = 3.834e-02   (r(λ) prev = 200)
  λ=3.834e-02 | Epoch   1 | lr=1.0000e-03 | Recon MSE=1.291923e-01 | ‖ω‖₁=1.812299e+02
  λ=3.834e-02 | Epoch  10 | lr=1.0000e-03 | Recon MSE=5.173475e+00 | ‖ω‖₁=5.997265e+00
  λ=3.834e-02 | Epoch  20 | lr=5.0000e-04 | Recon MSE=6.815318e-01 | ‖ω‖₁=4.697070e+00
  λ=3.834e-02 | Epoch  30 | lr=5.0000e-04 | Recon MSE=4.091210e-01 | ‖ω‖₁=3.866485e+00
  λ=3.834e-02 | Epoch  40 | lr=2.5000e-04 | Recon MSE=2.827055e-01 | ‖ω‖₁=3.213746e+00
  λ=3.834e-02 | Epoch  50 | lr=2.5000e-04 | Recon MSE=2.447446e-01 | ‖ω‖₁=2.651354e+00
  λ=3.834e-02 | Epoch  60 | lr=1.2500e-04 | Recon MSE=2.140113e-01 | ‖ω‖₁=2.157316e+00
  λ=3.834e-02 | Epoch  70 | lr=1.2500e-04 | Recon MSE=2.104284e-01 | ‖ω‖₁=1.707465e+00
  λ=3.834e-02 | Epoch  80 | lr=6.2500e-05 | Recon MSE=1.966609e-01 | ‖ω‖₁=1.296085e+00
  λ=3.834e-02 | Epoch  90 | lr=6.2500e-05 | Recon MSE=2.254957e-01 | ‖ω‖₁=9.087017e-01
  λ=3.834e-02 | Epoch 100 | lr=3.1250e-05 | Recon MSE=2.215994e-01 | ‖ω‖₁=5.943006e-01
  → at λ=3.834e-02:  r(λ)=115,  rel_err=8.852369e-02

-- Path iteration 22, λ = 4.601e-02   (r(λ) prev = 115)
  λ=4.601e-02 | Epoch   1 | lr=1.0000e-03 | Recon MSE=1.883989e-01 | ‖ω‖₁=1.774323e+02
  λ=4.601e-02 | Epoch  10 | lr=1.0000e-03 | Recon MSE=3.926850e+00 | ‖ω‖₁=5.683111e+00
  λ=4.601e-02 | Epoch  20 | lr=5.0000e-04 | Recon MSE=8.072759e-01 | ‖ω‖₁=4.349946e+00
  λ=4.601e-02 | Epoch  30 | lr=5.0000e-04 | Recon MSE=4.950875e-01 | ‖ω‖₁=3.467159e+00
  λ=4.601e-02 | Epoch  40 | lr=2.5000e-04 | Recon MSE=3.365953e-01 | ‖ω‖₁=2.763900e+00
  λ=4.601e-02 | Epoch  50 | lr=2.5000e-04 | Recon MSE=2.868350e-01 | ‖ω‖₁=2.156223e+00
  λ=4.601e-02 | Epoch  60 | lr=1.2500e-04 | Recon MSE=2.456726e-01 | ‖ω‖₁=1.621430e+00
  λ=4.601e-02 | Epoch  70 | lr=1.2500e-04 | Recon MSE=2.407776e-01 | ‖ω‖₁=1.132948e+00
  λ=4.601e-02 | Epoch  80 | lr=6.2500e-05 | Recon MSE=2.277243e-01 | ‖ω‖₁=6.937205e-01
  λ=4.601e-02 | Epoch  90 | lr=6.2500e-05 | Recon MSE=2.834994e-01 | ‖ω‖₁=4.862296e-01
  λ=4.601e-02 | Epoch 100 | lr=3.1250e-05 | Recon MSE=2.755796e-01 | ‖ω‖₁=4.152077e-01
  → at λ=4.601e-02:  r(λ)=42,  rel_err=9.868373e-02

-- Path iteration 23, λ = 5.521e-02   (r(λ) prev = 42)
  λ=5.521e-02 | Epoch   1 | lr=1.0000e-03 | Recon MSE=2.738693e-01 | ‖ω‖₁=1.729222e+02
  λ=5.521e-02 | Epoch  10 | lr=1.0000e-03 | Recon MSE=3.340232e+00 | ‖ω‖₁=5.370773e+00
  λ=5.521e-02 | Epoch  20 | lr=5.0000e-04 | Recon MSE=7.329592e-01 | ‖ω‖₁=3.983018e+00
  λ=5.521e-02 | Epoch  30 | lr=5.0000e-04 | Recon MSE=4.596359e-01 | ‖ω‖₁=3.032612e+00
  λ=5.521e-02 | Epoch  40 | lr=2.5000e-04 | Recon MSE=3.219429e-01 | ‖ω‖₁=2.278677e+00
  λ=5.521e-02 | Epoch  50 | lr=2.5000e-04 | Recon MSE=2.810058e-01 | ‖ω‖₁=1.627689e+00
  λ=5.521e-02 | Epoch  60 | lr=1.2500e-04 | Recon MSE=2.397004e-01 | ‖ω‖₁=1.054804e+00
  λ=5.521e-02 | Epoch  70 | lr=1.2500e-04 | Recon MSE=2.380431e-01 | ‖ω‖₁=5.855531e-01
  λ=5.521e-02 | Epoch  80 | lr=6.2500e-05 | Recon MSE=2.270389e-01 | ‖ω‖₁=4.544344e-01
  λ=5.521e-02 | Epoch  90 | lr=6.2500e-05 | Recon MSE=3.001420e-01 | ‖ω‖₁=3.737119e-01
  λ=5.521e-02 | Epoch 100 | lr=3.1250e-05 | Recon MSE=2.950576e-01 | ‖ω‖₁=3.131868e-01
  → at λ=5.521e-02:  r(λ)=31,  rel_err=1.023427e-01

-- Path iteration 24, λ = 6.625e-02   (r(λ) prev = 31)
  λ=6.625e-02 | Epoch   1 | lr=1.0000e-03 | Recon MSE=3.994566e-01 | ‖ω‖₁=1.674631e+02
  λ=6.625e-02 | Epoch  10 | lr=1.0000e-03 | Recon MSE=3.443795e+00 | ‖ω‖₁=4.966090e+00
  λ=6.625e-02 | Epoch  20 | lr=5.0000e-04 | Recon MSE=8.304118e-01 | ‖ω‖₁=3.530724e+00
  λ=6.625e-02 | Epoch  30 | lr=5.0000e-04 | Recon MSE=5.334782e-01 | ‖ω‖₁=2.522794e+00
  λ=6.625e-02 | Epoch  40 | lr=2.5000e-04 | Recon MSE=3.690043e-01 | ‖ω‖₁=1.716077e+00
  λ=6.625e-02 | Epoch  50 | lr=2.5000e-04 | Recon MSE=3.221066e-01 | ‖ω‖₁=1.014320e+00
  λ=6.625e-02 | Epoch  60 | lr=1.2500e-04 | Recon MSE=2.782382e-01 | ‖ω‖₁=5.018564e-01
  λ=6.625e-02 | Epoch  70 | lr=1.2500e-04 | Recon MSE=2.832310e-01 | ‖ω‖₁=3.917627e-01
  λ=6.625e-02 | Epoch  80 | lr=6.2500e-05 | Recon MSE=2.728280e-01 | ‖ω‖₁=3.232585e-01
  λ=6.625e-02 | Epoch  90 | lr=6.2500e-05 | Recon MSE=4.024088e-01 | ‖ω‖₁=2.647051e-01
  λ=6.625e-02 | Epoch 100 | lr=3.1250e-05 | Recon MSE=4.449417e-01 | ‖ω‖₁=2.240723e-01
  → at λ=6.625e-02:  r(λ)=25,  rel_err=1.261594e-01

-- Path iteration 25, λ = 7.950e-02   (r(λ) prev = 25)
  λ=7.950e-02 | Epoch   1 | lr=1.0000e-03 | Recon MSE=5.771692e-01 | ‖ω‖₁=1.609488e+02
  λ=7.950e-02 | Epoch  10 | lr=1.0000e-03 | Recon MSE=3.797614e+00 | ‖ω‖₁=4.625665e+00
  λ=7.950e-02 | Epoch  20 | lr=5.0000e-04 | Recon MSE=9.420339e-01 | ‖ω‖₁=3.110828e+00
  λ=7.950e-02 | Epoch  30 | lr=5.0000e-04 | Recon MSE=5.828206e-01 | ‖ω‖₁=2.031363e+00
  λ=7.950e-02 | Epoch  40 | lr=2.5000e-04 | Recon MSE=3.931611e-01 | ‖ω‖₁=1.163523e+00
  λ=7.950e-02 | Epoch  50 | lr=2.5000e-04 | Recon MSE=3.375203e-01 | ‖ω‖₁=5.045808e-01
  λ=7.950e-02 | Epoch  60 | lr=1.2500e-04 | Recon MSE=2.905684e-01 | ‖ω‖₁=3.840582e-01
  λ=7.950e-02 | Epoch  70 | lr=1.2500e-04 | Recon MSE=3.011580e-01 | ‖ω‖₁=3.064540e-01
  λ=7.950e-02 | Epoch  80 | lr=6.2500e-05 | Recon MSE=2.902499e-01 | ‖ω‖₁=2.572501e-01
  λ=7.950e-02 | Epoch  90 | lr=6.2500e-05 | Recon MSE=5.329492e-01 | ‖ω‖₁=2.091804e-01
  λ=7.950e-02 | Epoch 100 | lr=3.1250e-05 | Recon MSE=6.967964e-01 | ‖ω‖₁=1.667263e-01
  → at λ=7.950e-02:  r(λ)=22,  rel_err=1.585033e-01

-- Path iteration 26, λ = 9.540e-02   (r(λ) prev = 22)
  λ=9.540e-02 | Epoch   1 | lr=1.0000e-03 | Recon MSE=8.392417e-01 | ‖ω‖₁=1.531017e+02
  λ=9.540e-02 | Epoch  10 | lr=1.0000e-03 | Recon MSE=3.931086e+00 | ‖ω‖₁=4.266173e+00
  λ=9.540e-02 | Epoch  20 | lr=5.0000e-04 | Recon MSE=9.915382e-01 | ‖ω‖₁=2.644372e+00
  λ=9.540e-02 | Epoch  30 | lr=5.0000e-04 | Recon MSE=5.969038e-01 | ‖ω‖₁=1.485893e+00
  λ=9.540e-02 | Epoch  40 | lr=2.5000e-04 | Recon MSE=3.966282e-01 | ‖ω‖₁=5.717382e-01
  λ=9.540e-02 | Epoch  50 | lr=2.5000e-04 | Recon MSE=3.452196e-01 | ‖ω‖₁=3.659119e-01
  λ=9.540e-02 | Epoch  60 | lr=1.2500e-04 | Recon MSE=2.975719e-01 | ‖ω‖₁=2.840958e-01
  λ=9.540e-02 | Epoch  70 | lr=1.2500e-04 | Recon MSE=3.300893e-01 | ‖ω‖₁=2.301016e-01
  λ=9.540e-02 | Epoch  80 | lr=6.2500e-05 | Recon MSE=3.247897e-01 | ‖ω‖₁=1.930162e-01
  λ=9.540e-02 | Epoch  90 | lr=6.2500e-05 | Recon MSE=9.569136e-01 | ‖ω‖₁=1.495304e-01
  λ=9.540e-02 | Epoch 100 | lr=3.1250e-05 | Recon MSE=1.988941e+00 | ‖ω‖₁=1.139699e-01
  → at λ=9.540e-02:  r(λ)=18,  rel_err=2.724638e-01

-- Path iteration 27, λ = 1.145e-01   (r(λ) prev = 18)
  λ=1.145e-01 | Epoch   1 | lr=1.0000e-03 | Recon MSE=1.219820e+00 | ‖ω‖₁=1.436955e+02
  λ=1.145e-01 | Epoch  10 | lr=1.0000e-03 | Recon MSE=4.883323e+00 | ‖ω‖₁=3.811056e+00
  λ=1.145e-01 | Epoch  20 | lr=5.0000e-04 | Recon MSE=1.243402e+00 | ‖ω‖₁=2.068309e+00
  λ=1.145e-01 | Epoch  30 | lr=5.0000e-04 | Recon MSE=7.515294e-01 | ‖ω‖₁=8.203410e-01
  λ=1.145e-01 | Epoch  40 | lr=2.5000e-04 | Recon MSE=5.037785e-01 | ‖ω‖₁=3.406132e-01
  λ=1.145e-01 | Epoch  50 | lr=2.5000e-04 | Recon MSE=4.522092e-01 | ‖ω‖₁=2.458298e-01
  λ=1.145e-01 | Epoch  60 | lr=1.2500e-04 | Recon MSE=4.025171e-01 | ‖ω‖₁=1.847241e-01
  λ=1.145e-01 | Epoch  70 | lr=1.2500e-04 | Recon MSE=5.145003e-01 | ‖ω‖₁=1.485651e-01
  λ=1.145e-01 | Epoch  80 | lr=6.2500e-05 | Recon MSE=5.684480e-01 | ‖ω‖₁=1.188403e-01
  λ=1.145e-01 | Epoch  90 | lr=6.2500e-05 | Recon MSE=5.821930e+00 | ‖ω‖₁=7.857423e-02
  λ=1.145e-01 | Epoch 100 | lr=3.1250e-05 | Recon MSE=2.028481e+01 | ‖ω‖₁=3.386733e-02
  → at λ=1.145e-01:  r(λ)=15,  rel_err=8.701037e-01

-- Path iteration 28, λ = 1.374e-01   (r(λ) prev = 15)
  λ=1.374e-01 | Epoch   1 | lr=1.0000e-03 | Recon MSE=1.762350e+00 | ‖ω‖₁=1.324251e+02
  λ=1.374e-01 | Epoch  10 | lr=1.0000e-03 | Recon MSE=5.339369e+00 | ‖ω‖₁=3.386605e+00
  λ=1.374e-01 | Epoch  20 | lr=5.0000e-04 | Recon MSE=1.253697e+00 | ‖ω‖₁=1.507089e+00
  λ=1.374e-01 | Epoch  30 | lr=5.0000e-04 | Recon MSE=7.315880e-01 | ‖ω‖₁=3.555442e-01
  λ=1.374e-01 | Epoch  40 | lr=2.5000e-04 | Recon MSE=4.810877e-01 | ‖ω‖₁=2.400947e-01
  λ=1.374e-01 | Epoch  50 | lr=2.5000e-04 | Recon MSE=4.413275e-01 | ‖ω‖₁=1.718517e-01
  λ=1.374e-01 | Epoch  60 | lr=1.2500e-04 | Recon MSE=4.026368e-01 | ‖ω‖₁=1.380082e-01
  λ=1.374e-01 | Epoch  70 | lr=1.2500e-04 | Recon MSE=7.654424e-01 | ‖ω‖₁=1.010501e-01
  λ=1.374e-01 | Epoch  80 | lr=6.2500e-05 | Recon MSE=1.175895e+00 | ‖ω‖₁=7.462070e-02
  λ=1.374e-01 | Epoch  90 | lr=6.2500e-05 | Recon MSE=2.521110e+01 | ‖ω‖₁=1.469161e-02
  λ=1.374e-01 | Epoch 100 | lr=3.1250e-05 | Recon MSE=2.809368e+01 | ‖ω‖₁=0.000000e+00
  → at λ=1.374e-01:  r(λ)=0,  rel_err=9.984162e-01
All skip-weights have zeroed out. Stopping path.

Found knees using DFDT method: [19 21 24 26]
[Dense2Sparse] Picked λ=1.145e-01,  r=15, err=8.701037e-01

→ Final training on full data with λ = 1.145e-01 ...
  λ=1.145e-01 | Epoch   1 | lr=1.0000e-03 | Recon MSE=1.214303e+00 | ‖ω‖₁=1.437079e+02
  λ=1.145e-01 | Epoch  10 | lr=1.0000e-03 | Recon MSE=4.977291e+00 | ‖ω‖₁=3.813460e+00
  λ=1.145e-01 | Epoch  20 | lr=5.0000e-04 | Recon MSE=1.278146e+00 | ‖ω‖₁=2.067970e+00
  λ=1.145e-01 | Epoch  30 | lr=5.0000e-04 | Recon MSE=7.728916e-01 | ‖ω‖₁=8.190374e-01
  λ=1.145e-01 | Epoch  40 | lr=2.5000e-04 | Recon MSE=5.226680e-01 | ‖ω‖₁=3.389638e-01
  λ=1.145e-01 | Epoch  50 | lr=2.5000e-04 | Recon MSE=4.695819e-01 | ‖ω‖₁=2.431847e-01
  λ=1.145e-01 | Epoch  60 | lr=1.2500e-04 | Recon MSE=4.243927e-01 | ‖ω‖₁=1.887058e-01
  λ=1.145e-01 | Epoch  70 | lr=1.2500e-04 | Recon MSE=5.234017e-01 | ‖ω‖₁=1.427218e-01
  λ=1.145e-01 | Epoch  80 | lr=6.2500e-05 | Recon MSE=5.530344e-01 | ‖ω‖₁=1.164474e-01
  λ=1.145e-01 | Epoch  90 | lr=6.2500e-05 | Recon MSE=5.341113e+00 | ‖ω‖₁=7.814249e-02
  λ=1.145e-01 | Epoch 100 | lr=3.1250e-05 | Recon MSE=1.911925e+01 | ‖ω‖₁=3.609172e-02

Final skip-weights ω: [0.0, 0.0, 0.0, 0.0, 0.0, 0.0, 0.0, 0.0, 0.0, 0.0] ...
Selected POD-mode indices (ω_j ≠ 0): [10, 11, 12, 13, 14, 15, 16, 17, 18, 19, 20, 21, 22, 23] (count = 14 / 200)
Final relative reconstruction of SparseModesNet: ||X - X_hat||_F / ||X||_F = 8.470585e-01
Final MSE per sample of SparseModesNet: = 4.550391e+00
Relative error using only selected  modes: 7.772185e-01
MSE per sample using only selected  modes: 4.175211e+00
2025-06-17 17:51:30,717 - sparsemodesnet.advecting_pulse - INFO - ==================================================
2025-06-17 17:51:30,717 - sparsemodesnet.advecting_pulse - INFO - Experiment completed successfully!
2025-06-17 17:51:30,717 - sparsemodesnet.advecting_pulse - INFO - Selected 14 modes out of 200
2025-06-17 17:51:30,718 - sparsemodesnet.advecting_pulse - INFO - Final lambda: 1.145e-01
