2025-06-16 14:38:47,454 - sparsemodesnet.advecting_pulse - INFO - Starting advecting_pulse experiment
2025-06-16 14:38:47,455 - sparsemodesnet.advecting_pulse - INFO - Log file: /Users/tkoike3/Dev/Research/sparsemodesnet/experiments/logs/advecting_pulse_20250616_143847.log
2025-06-16 14:38:47,455 - sparsemodesnet.advecting_pulse - INFO - Experiment: Advecting Pulse
2025-06-16 14:38:47,455 - sparsemodesnet.advecting_pulse - INFO - Data shape: (1024, 1000)
2025-06-16 14:38:47,456 - sparsemodesnet.advecting_pulse - INFO - POD dimension: 100
2025-06-16 14:38:47,456 - sparsemodesnet.advecting_pulse - INFO - Hidden units: [100, 2000, 5050]
2025-06-16 14:38:47,457 - sparsemodesnet.advecting_pulse - INFO - Regularization method: dense2sparse
2025-06-16 14:38:47,457 - sparsemodesnet.advecting_pulse - INFO - Device: mps
2025-06-16 14:38:47,457 - sparsemodesnet.advecting_pulse - INFO - Training parameters: M=10.0, lr=0.001, batch_size=256
2025-06-16 14:38:47,457 - sparsemodesnet.advecting_pulse - INFO - Optimizer: Adam, knee_method: zmethod
2025-06-16 14:38:47,458 - sparsemodesnet.advecting_pulse - INFO - ==================================================

=== SparseModesNet (λ-path=dense2sparse) on Advecting Pulse: d=1024, n=1000, s=100 ===

=== Dense-To-Sparse (default) λ-Path ===

-- Path iteration 1, λ = 5.000e-03   (r(λ) prev = 100)
  λ=5.000e-03 | Epoch   1 | lr=1.0000e-03 | Recon MSE=9.459190e+00 | ‖ω‖₁=9.862334e+01
  λ=5.000e-03 | Epoch  10 | lr=1.0000e-03 | Recon MSE=2.453148e-01 | ‖ω‖₁=8.077559e+01
  λ=5.000e-03 | Epoch  20 | lr=1.0000e-03 | Recon MSE=1.391883e-01 | ‖ω‖₁=6.275903e+01
  λ=5.000e-03 | Epoch  30 | lr=1.0000e-03 | Recon MSE=1.443442e-01 | ‖ω‖₁=4.527250e+01
  λ=5.000e-03 | Epoch  40 | lr=5.0000e-04 | Recon MSE=1.943606e-01 | ‖ω‖₁=2.731458e+01
  λ=5.000e-03 | Epoch  50 | lr=5.0000e-04 | Recon MSE=2.779302e-01 | ‖ω‖₁=9.849645e+00
  λ=5.000e-03 | Epoch  60 | lr=5.0000e-04 | Recon MSE=2.991693e-01 | ‖ω‖₁=1.325772e+00
  λ=5.000e-03 | Epoch  70 | lr=2.5000e-04 | Recon MSE=2.183423e-01 | ‖ω‖₁=1.111584e+00
  λ=5.000e-03 | Epoch  80 | lr=2.5000e-04 | Recon MSE=2.005354e-01 | ‖ω‖₁=1.065364e+00
  λ=5.000e-03 | Epoch  90 | lr=2.5000e-04 | Recon MSE=1.890748e-01 | ‖ω‖₁=1.033308e+00
  λ=5.000e-03 | Epoch 100 | lr=1.2500e-04 | Recon MSE=1.772537e-01 | ‖ω‖₁=1.007447e+00
  λ=5.000e-03 | Epoch 110 | lr=1.2500e-04 | Recon MSE=1.738735e-01 | ‖ω‖₁=9.851271e-01
  λ=5.000e-03 | Epoch 120 | lr=1.2500e-04 | Recon MSE=1.675316e-01 | ‖ω‖₁=9.658391e-01
  λ=5.000e-03 | Epoch 130 | lr=6.2500e-05 | Recon MSE=1.655346e-01 | ‖ω‖₁=9.485478e-01
  λ=5.000e-03 | Epoch 140 | lr=6.2500e-05 | Recon MSE=1.629172e-01 | ‖ω‖₁=9.324911e-01
  λ=5.000e-03 | Epoch 150 | lr=6.2500e-05 | Recon MSE=1.622894e-01 | ‖ω‖₁=9.177301e-01
  λ=5.000e-03 | Epoch 160 | lr=3.1250e-05 | Recon MSE=1.603001e-01 | ‖ω‖₁=9.040745e-01
  → at λ=5.000e-03:  r(λ)=100,  rel_err=2.389243e-02

-- Path iteration 2, λ = 5.500e-03   (r(λ) prev = 100)
  λ=5.500e-03 | Epoch   1 | lr=1.0000e-03 | Recon MSE=8.373182e+00 | ‖ω‖₁=9.850101e+01
  λ=5.500e-03 | Epoch  10 | lr=1.0000e-03 | Recon MSE=2.461985e-01 | ‖ω‖₁=7.898296e+01
  λ=5.500e-03 | Epoch  20 | lr=1.0000e-03 | Recon MSE=1.419545e-01 | ‖ω‖₁=5.906342e+01
  λ=5.500e-03 | Epoch  30 | lr=1.0000e-03 | Recon MSE=1.524997e-01 | ‖ω‖₁=3.967470e+01
  λ=5.500e-03 | Epoch  40 | lr=5.0000e-04 | Recon MSE=2.213445e-01 | ‖ω‖₁=1.992487e+01
  λ=5.500e-03 | Epoch  50 | lr=5.0000e-04 | Recon MSE=3.774552e-01 | ‖ω‖₁=3.558119e+00
  λ=5.500e-03 | Epoch  60 | lr=5.0000e-04 | Recon MSE=2.504249e-01 | ‖ω‖₁=1.134867e+00
  λ=5.500e-03 | Epoch  70 | lr=2.5000e-04 | Recon MSE=2.020277e-01 | ‖ω‖₁=1.071247e+00
  λ=5.500e-03 | Epoch  80 | lr=2.5000e-04 | Recon MSE=1.908254e-01 | ‖ω‖₁=1.029844e+00
  λ=5.500e-03 | Epoch  90 | lr=2.5000e-04 | Recon MSE=1.822885e-01 | ‖ω‖₁=1.000412e+00
  λ=5.500e-03 | Epoch 100 | lr=1.2500e-04 | Recon MSE=1.705084e-01 | ‖ω‖₁=9.749630e-01
  λ=5.500e-03 | Epoch 110 | lr=1.2500e-04 | Recon MSE=1.676445e-01 | ‖ω‖₁=9.526768e-01
  λ=5.500e-03 | Epoch 120 | lr=1.2500e-04 | Recon MSE=1.645516e-01 | ‖ω‖₁=9.334290e-01
  λ=5.500e-03 | Epoch 130 | lr=6.2500e-05 | Recon MSE=1.596526e-01 | ‖ω‖₁=9.158028e-01
  λ=5.500e-03 | Epoch 140 | lr=6.2500e-05 | Recon MSE=1.572691e-01 | ‖ω‖₁=8.992323e-01
  λ=5.500e-03 | Epoch 150 | lr=6.2500e-05 | Recon MSE=1.553162e-01 | ‖ω‖₁=8.842881e-01
  λ=5.500e-03 | Epoch 160 | lr=3.1250e-05 | Recon MSE=1.544437e-01 | ‖ω‖₁=8.703825e-01
  → at λ=5.500e-03:  r(λ)=100,  rel_err=2.281505e-02

-- Path iteration 3, λ = 6.050e-03   (r(λ) prev = 100)
  λ=6.050e-03 | Epoch   1 | lr=1.0000e-03 | Recon MSE=8.683740e+00 | ‖ω‖₁=9.837129e+01
  λ=6.050e-03 | Epoch  10 | lr=1.0000e-03 | Recon MSE=2.590847e-01 | ‖ω‖₁=7.682117e+01
  λ=6.050e-03 | Epoch  20 | lr=1.0000e-03 | Recon MSE=1.564197e-01 | ‖ω‖₁=5.466252e+01
  λ=6.050e-03 | Epoch  30 | lr=1.0000e-03 | Recon MSE=1.712166e-01 | ‖ω‖₁=3.310506e+01
  λ=6.050e-03 | Epoch  40 | lr=5.0000e-04 | Recon MSE=3.011856e-01 | ‖ω‖₁=1.143438e+01
  λ=6.050e-03 | Epoch  50 | lr=5.0000e-04 | Recon MSE=3.355258e-01 | ‖ω‖₁=1.151366e+00
  λ=6.050e-03 | Epoch  60 | lr=5.0000e-04 | Recon MSE=2.381062e-01 | ‖ω‖₁=1.072943e+00
  λ=6.050e-03 | Epoch  70 | lr=2.5000e-04 | Recon MSE=1.999152e-01 | ‖ω‖₁=1.026610e+00
  λ=6.050e-03 | Epoch  80 | lr=2.5000e-04 | Recon MSE=1.880926e-01 | ‖ω‖₁=9.924087e-01
  λ=6.050e-03 | Epoch  90 | lr=2.5000e-04 | Recon MSE=1.818290e-01 | ‖ω‖₁=9.648775e-01
  λ=6.050e-03 | Epoch 100 | lr=1.2500e-04 | Recon MSE=1.711075e-01 | ‖ω‖₁=9.415121e-01
  λ=6.050e-03 | Epoch 110 | lr=1.2500e-04 | Recon MSE=1.678553e-01 | ‖ω‖₁=9.205021e-01
  λ=6.050e-03 | Epoch 120 | lr=1.2500e-04 | Recon MSE=1.635775e-01 | ‖ω‖₁=9.018377e-01
  λ=6.050e-03 | Epoch 130 | lr=6.2500e-05 | Recon MSE=1.584511e-01 | ‖ω‖₁=8.848213e-01
  λ=6.050e-03 | Epoch 140 | lr=6.2500e-05 | Recon MSE=1.585242e-01 | ‖ω‖₁=8.689912e-01
  λ=6.050e-03 | Epoch 150 | lr=6.2500e-05 | Recon MSE=1.577589e-01 | ‖ω‖₁=8.545452e-01
  λ=6.050e-03 | Epoch 160 | lr=3.1250e-05 | Recon MSE=1.548372e-01 | ‖ω‖₁=8.411668e-01
  → at λ=6.050e-03:  r(λ)=100,  rel_err=2.276323e-02

-- Path iteration 4, λ = 6.655e-03   (r(λ) prev = 100)
  λ=6.655e-03 | Epoch   1 | lr=1.0000e-03 | Recon MSE=9.348978e+00 | ‖ω‖₁=9.820846e+01
  λ=6.655e-03 | Epoch  10 | lr=1.0000e-03 | Recon MSE=2.766893e-01 | ‖ω‖₁=7.468463e+01
  λ=6.655e-03 | Epoch  20 | lr=1.0000e-03 | Recon MSE=1.765675e-01 | ‖ω‖₁=5.049265e+01
  λ=6.655e-03 | Epoch  30 | lr=1.0000e-03 | Recon MSE=2.052170e-01 | ‖ω‖₁=2.699537e+01
  λ=6.655e-03 | Epoch  40 | lr=5.0000e-04 | Recon MSE=4.313209e-01 | ‖ω‖₁=4.505467e+00
  λ=6.655e-03 | Epoch  50 | lr=5.0000e-04 | Recon MSE=2.806846e-01 | ‖ω‖₁=1.118306e+00
  λ=6.655e-03 | Epoch  60 | lr=5.0000e-04 | Recon MSE=2.268574e-01 | ‖ω‖₁=1.055207e+00
  λ=6.655e-03 | Epoch  70 | lr=2.5000e-04 | Recon MSE=1.960540e-01 | ‖ω‖₁=1.013556e+00
  λ=6.655e-03 | Epoch  80 | lr=2.5000e-04 | Recon MSE=1.898739e-01 | ‖ω‖₁=9.818147e-01
  λ=6.655e-03 | Epoch  90 | lr=2.5000e-04 | Recon MSE=1.811248e-01 | ‖ω‖₁=9.561946e-01
  λ=6.655e-03 | Epoch 100 | lr=1.2500e-04 | Recon MSE=1.719379e-01 | ‖ω‖₁=9.337655e-01
  λ=6.655e-03 | Epoch 110 | lr=1.2500e-04 | Recon MSE=1.680840e-01 | ‖ω‖₁=9.138575e-01
  λ=6.655e-03 | Epoch 120 | lr=1.2500e-04 | Recon MSE=1.664104e-01 | ‖ω‖₁=8.957371e-01
  λ=6.655e-03 | Epoch 130 | lr=6.2500e-05 | Recon MSE=1.620581e-01 | ‖ω‖₁=8.788252e-01
  λ=6.655e-03 | Epoch 140 | lr=6.2500e-05 | Recon MSE=1.598550e-01 | ‖ω‖₁=8.630974e-01
  λ=6.655e-03 | Epoch 150 | lr=6.2500e-05 | Recon MSE=1.604371e-01 | ‖ω‖₁=8.484283e-01
  λ=6.655e-03 | Epoch 160 | lr=3.1250e-05 | Recon MSE=1.584366e-01 | ‖ω‖₁=8.346824e-01
  → at λ=6.655e-03:  r(λ)=100,  rel_err=2.165754e-02

-- Path iteration 5, λ = 7.321e-03   (r(λ) prev = 100)
  λ=7.321e-03 | Epoch   1 | lr=1.0000e-03 | Recon MSE=1.015730e+01 | ‖ω‖₁=9.805273e+01
  λ=7.321e-03 | Epoch  10 | lr=1.0000e-03 | Recon MSE=3.350032e-01 | ‖ω‖₁=7.222286e+01
  λ=7.321e-03 | Epoch  20 | lr=1.0000e-03 | Recon MSE=2.030173e-01 | ‖ω‖₁=4.532411e+01
  λ=7.321e-03 | Epoch  30 | lr=1.0000e-03 | Recon MSE=2.529020e-01 | ‖ω‖₁=1.920307e+01
  λ=7.321e-03 | Epoch  40 | lr=5.0000e-04 | Recon MSE=4.697432e-01 | ‖ω‖₁=1.227279e+00
  λ=7.321e-03 | Epoch  50 | lr=5.0000e-04 | Recon MSE=2.631441e-01 | ‖ω‖₁=1.070761e+00
  λ=7.321e-03 | Epoch  60 | lr=5.0000e-04 | Recon MSE=2.226053e-01 | ‖ω‖₁=1.017998e+00
  λ=7.321e-03 | Epoch  70 | lr=2.5000e-04 | Recon MSE=1.969169e-01 | ‖ω‖₁=9.815760e-01
  λ=7.321e-03 | Epoch  80 | lr=2.5000e-04 | Recon MSE=1.891873e-01 | ‖ω‖₁=9.523316e-01
  λ=7.321e-03 | Epoch  90 | lr=2.5000e-04 | Recon MSE=1.809778e-01 | ‖ω‖₁=9.277748e-01
  λ=7.321e-03 | Epoch 100 | lr=1.2500e-04 | Recon MSE=1.730086e-01 | ‖ω‖₁=9.060909e-01
  λ=7.321e-03 | Epoch 110 | lr=1.2500e-04 | Recon MSE=1.693076e-01 | ‖ω‖₁=8.863728e-01
  λ=7.321e-03 | Epoch 120 | lr=1.2500e-04 | Recon MSE=1.659374e-01 | ‖ω‖₁=8.683190e-01
  λ=7.321e-03 | Epoch 130 | lr=6.2500e-05 | Recon MSE=1.642119e-01 | ‖ω‖₁=8.515380e-01
  λ=7.321e-03 | Epoch 140 | lr=6.2500e-05 | Recon MSE=1.622669e-01 | ‖ω‖₁=8.357881e-01
  λ=7.321e-03 | Epoch 150 | lr=6.2500e-05 | Recon MSE=1.604031e-01 | ‖ω‖₁=8.211330e-01
  λ=7.321e-03 | Epoch 160 | lr=3.1250e-05 | Recon MSE=1.594763e-01 | ‖ω‖₁=8.073546e-01
  → at λ=7.321e-03:  r(λ)=100,  rel_err=2.213386e-02

-- Path iteration 6, λ = 8.053e-03   (r(λ) prev = 100)
  λ=8.053e-03 | Epoch   1 | lr=1.0000e-03 | Recon MSE=9.662131e+00 | ‖ω‖₁=9.787719e+01
  λ=8.053e-03 | Epoch  10 | lr=1.0000e-03 | Recon MSE=3.015568e-01 | ‖ω‖₁=6.940590e+01
  λ=8.053e-03 | Epoch  20 | lr=1.0000e-03 | Recon MSE=2.206412e-01 | ‖ω‖₁=3.973643e+01
  λ=8.053e-03 | Epoch  30 | lr=1.0000e-03 | Recon MSE=3.226365e-01 | ‖ω‖₁=1.095965e+01
  λ=8.053e-03 | Epoch  40 | lr=5.0000e-04 | Recon MSE=3.305082e-01 | ‖ω‖₁=1.131484e+00
  λ=8.053e-03 | Epoch  50 | lr=5.0000e-04 | Recon MSE=2.461588e-01 | ‖ω‖₁=1.052412e+00
  λ=8.053e-03 | Epoch  60 | lr=5.0000e-04 | Recon MSE=2.169847e-01 | ‖ω‖₁=1.005292e+00
  λ=8.053e-03 | Epoch  70 | lr=2.5000e-04 | Recon MSE=1.907857e-01 | ‖ω‖₁=9.686722e-01
  λ=8.053e-03 | Epoch  80 | lr=2.5000e-04 | Recon MSE=1.842963e-01 | ‖ω‖₁=9.388127e-01
  λ=8.053e-03 | Epoch  90 | lr=2.5000e-04 | Recon MSE=1.784883e-01 | ‖ω‖₁=9.132678e-01
  λ=8.053e-03 | Epoch 100 | lr=1.2500e-04 | Recon MSE=1.695580e-01 | ‖ω‖₁=8.906578e-01
  λ=8.053e-03 | Epoch 110 | lr=1.2500e-04 | Recon MSE=1.666670e-01 | ‖ω‖₁=8.705283e-01
  λ=8.053e-03 | Epoch 120 | lr=1.2500e-04 | Recon MSE=1.657213e-01 | ‖ω‖₁=8.521530e-01
  λ=8.053e-03 | Epoch 130 | lr=6.2500e-05 | Recon MSE=1.623250e-01 | ‖ω‖₁=8.351238e-01
  λ=8.053e-03 | Epoch 140 | lr=6.2500e-05 | Recon MSE=1.592874e-01 | ‖ω‖₁=8.191166e-01
  λ=8.053e-03 | Epoch 150 | lr=6.2500e-05 | Recon MSE=1.594936e-01 | ‖ω‖₁=8.041225e-01
  λ=8.053e-03 | Epoch 160 | lr=3.1250e-05 | Recon MSE=1.594602e-01 | ‖ω‖₁=7.898894e-01
  → at λ=8.053e-03:  r(λ)=100,  rel_err=2.131242e-02

-- Path iteration 7, λ = 8.858e-03   (r(λ) prev = 100)
  λ=8.858e-03 | Epoch   1 | lr=1.0000e-03 | Recon MSE=8.787744e+00 | ‖ω‖₁=9.768399e+01
  λ=8.858e-03 | Epoch  10 | lr=1.0000e-03 | Recon MSE=3.191464e-01 | ‖ω‖₁=6.658539e+01
  λ=8.858e-03 | Epoch  20 | lr=1.0000e-03 | Recon MSE=2.376114e-01 | ‖ω‖₁=3.394470e+01
  λ=8.858e-03 | Epoch  30 | lr=1.0000e-03 | Recon MSE=4.673755e-01 | ‖ω‖₁=3.865654e+00
  λ=8.858e-03 | Epoch  40 | lr=5.0000e-04 | Recon MSE=2.750847e-01 | ‖ω‖₁=1.078479e+00
  λ=8.858e-03 | Epoch  50 | lr=5.0000e-04 | Recon MSE=2.316277e-01 | ‖ω‖₁=1.012487e+00
  λ=8.858e-03 | Epoch  60 | lr=5.0000e-04 | Recon MSE=2.106335e-01 | ‖ω‖₁=9.694803e-01
  λ=8.858e-03 | Epoch  70 | lr=2.5000e-04 | Recon MSE=1.881152e-01 | ‖ω‖₁=9.360980e-01
  λ=8.858e-03 | Epoch  80 | lr=2.5000e-04 | Recon MSE=1.807465e-01 | ‖ω‖₁=9.078984e-01
  λ=8.858e-03 | Epoch  90 | lr=2.5000e-04 | Recon MSE=1.752631e-01 | ‖ω‖₁=8.838917e-01
  λ=8.858e-03 | Epoch 100 | lr=1.2500e-04 | Recon MSE=1.670613e-01 | ‖ω‖₁=8.622612e-01
  λ=8.858e-03 | Epoch 110 | lr=1.2500e-04 | Recon MSE=1.631192e-01 | ‖ω‖₁=8.424003e-01
  λ=8.858e-03 | Epoch 120 | lr=1.2500e-04 | Recon MSE=1.618726e-01 | ‖ω‖₁=8.242941e-01
  λ=8.858e-03 | Epoch 130 | lr=6.2500e-05 | Recon MSE=1.572944e-01 | ‖ω‖₁=8.075199e-01
  λ=8.858e-03 | Epoch 140 | lr=6.2500e-05 | Recon MSE=1.562683e-01 | ‖ω‖₁=7.916559e-01
  λ=8.858e-03 | Epoch 150 | lr=6.2500e-05 | Recon MSE=1.572146e-01 | ‖ω‖₁=7.768151e-01
  λ=8.858e-03 | Epoch 160 | lr=3.1250e-05 | Recon MSE=1.549962e-01 | ‖ω‖₁=7.627493e-01
  → at λ=8.858e-03:  r(λ)=100,  rel_err=2.113825e-02

-- Path iteration 8, λ = 9.744e-03   (r(λ) prev = 100)
  λ=9.744e-03 | Epoch   1 | lr=1.0000e-03 | Recon MSE=8.674768e+00 | ‖ω‖₁=9.746902e+01
  λ=9.744e-03 | Epoch  10 | lr=1.0000e-03 | Recon MSE=3.327582e-01 | ‖ω‖₁=6.315831e+01
  λ=9.744e-03 | Epoch  20 | lr=1.0000e-03 | Recon MSE=2.774953e-01 | ‖ω‖₁=2.708997e+01
  λ=9.744e-03 | Epoch  30 | lr=1.0000e-03 | Recon MSE=5.821889e-01 | ‖ω‖₁=1.151585e+00
  λ=9.744e-03 | Epoch  40 | lr=5.0000e-04 | Recon MSE=2.600211e-01 | ‖ω‖₁=1.037703e+00
  λ=9.744e-03 | Epoch  50 | lr=5.0000e-04 | Recon MSE=2.270213e-01 | ‖ω‖₁=9.800891e-01
  λ=9.744e-03 | Epoch  60 | lr=5.0000e-04 | Recon MSE=2.083225e-01 | ‖ω‖₁=9.394116e-01
  λ=9.744e-03 | Epoch  70 | lr=2.5000e-04 | Recon MSE=1.861049e-01 | ‖ω‖₁=9.065926e-01
  λ=9.744e-03 | Epoch  80 | lr=2.5000e-04 | Recon MSE=1.787772e-01 | ‖ω‖₁=8.787893e-01
  λ=9.744e-03 | Epoch  90 | lr=2.5000e-04 | Recon MSE=1.749219e-01 | ‖ω‖₁=8.545895e-01
  λ=9.744e-03 | Epoch 100 | lr=1.2500e-04 | Recon MSE=1.672168e-01 | ‖ω‖₁=8.329929e-01
  λ=9.744e-03 | Epoch 110 | lr=1.2500e-04 | Recon MSE=1.641546e-01 | ‖ω‖₁=8.131687e-01
  λ=9.744e-03 | Epoch 120 | lr=1.2500e-04 | Recon MSE=1.633262e-01 | ‖ω‖₁=7.948521e-01
  λ=9.744e-03 | Epoch 130 | lr=6.2500e-05 | Recon MSE=1.591953e-01 | ‖ω‖₁=7.778147e-01
  λ=9.744e-03 | Epoch 140 | lr=6.2500e-05 | Recon MSE=1.550956e-01 | ‖ω‖₁=7.618268e-01
  λ=9.744e-03 | Epoch 150 | lr=6.2500e-05 | Recon MSE=1.542106e-01 | ‖ω‖₁=7.469630e-01
  λ=9.744e-03 | Epoch 160 | lr=3.1250e-05 | Recon MSE=1.532374e-01 | ‖ω‖₁=7.328110e-01
  → at λ=9.744e-03:  r(λ)=100,  rel_err=2.092125e-02

-- Path iteration 9, λ = 1.072e-02   (r(λ) prev = 100)
  λ=1.072e-02 | Epoch   1 | lr=1.0000e-03 | Recon MSE=9.465543e+00 | ‖ω‖₁=9.721276e+01
  λ=1.072e-02 | Epoch  10 | lr=1.0000e-03 | Recon MSE=3.975041e-01 | ‖ω‖₁=5.946412e+01
  λ=1.072e-02 | Epoch  20 | lr=1.0000e-03 | Recon MSE=3.623374e-01 | ‖ω‖₁=1.962259e+01
  λ=1.072e-02 | Epoch  30 | lr=1.0000e-03 | Recon MSE=4.762361e-01 | ‖ω‖₁=1.093540e+00
  λ=1.072e-02 | Epoch  40 | lr=5.0000e-04 | Recon MSE=2.618656e-01 | ‖ω‖₁=9.998090e-01
  λ=1.072e-02 | Epoch  50 | lr=5.0000e-04 | Recon MSE=2.309569e-01 | ‖ω‖₁=9.480530e-01
  λ=1.072e-02 | Epoch  60 | lr=5.0000e-04 | Recon MSE=2.118115e-01 | ‖ω‖₁=9.102707e-01
  λ=1.072e-02 | Epoch  70 | lr=2.5000e-04 | Recon MSE=1.895211e-01 | ‖ω‖₁=8.789827e-01
  λ=1.072e-02 | Epoch  80 | lr=2.5000e-04 | Recon MSE=1.828952e-01 | ‖ω‖₁=8.518424e-01
  λ=1.072e-02 | Epoch  90 | lr=2.5000e-04 | Recon MSE=1.786516e-01 | ‖ω‖₁=8.280553e-01
  λ=1.072e-02 | Epoch 100 | lr=1.2500e-04 | Recon MSE=1.696056e-01 | ‖ω‖₁=8.065391e-01
  λ=1.072e-02 | Epoch 110 | lr=1.2500e-04 | Recon MSE=1.674673e-01 | ‖ω‖₁=7.868658e-01
  λ=1.072e-02 | Epoch 120 | lr=1.2500e-04 | Recon MSE=1.653598e-01 | ‖ω‖₁=7.686046e-01
  λ=1.072e-02 | Epoch 130 | lr=6.2500e-05 | Recon MSE=1.611300e-01 | ‖ω‖₁=7.515153e-01
  λ=1.072e-02 | Epoch 140 | lr=6.2500e-05 | Recon MSE=1.602794e-01 | ‖ω‖₁=7.353575e-01
  λ=1.072e-02 | Epoch 150 | lr=6.2500e-05 | Recon MSE=1.577695e-01 | ‖ω‖₁=7.202350e-01
  λ=1.072e-02 | Epoch 160 | lr=3.1250e-05 | Recon MSE=1.576312e-01 | ‖ω‖₁=7.059326e-01
  → at λ=1.072e-02:  r(λ)=100,  rel_err=2.159440e-02

-- Path iteration 10, λ = 1.179e-02   (r(λ) prev = 100)
  λ=1.179e-02 | Epoch   1 | lr=1.0000e-03 | Recon MSE=9.591985e+00 | ‖ω‖₁=9.696399e+01
  λ=1.179e-02 | Epoch  10 | lr=1.0000e-03 | Recon MSE=4.446138e-01 | ‖ω‖₁=5.542063e+01
  λ=1.179e-02 | Epoch  20 | lr=1.0000e-03 | Recon MSE=5.085912e-01 | ‖ω‖₁=1.149628e+01
  λ=1.179e-02 | Epoch  30 | lr=1.0000e-03 | Recon MSE=4.138205e-01 | ‖ω‖₁=1.045711e+00
  λ=1.179e-02 | Epoch  40 | lr=5.0000e-04 | Recon MSE=2.610262e-01 | ‖ω‖₁=9.687420e-01
  λ=1.179e-02 | Epoch  50 | lr=5.0000e-04 | Recon MSE=2.280174e-01 | ‖ω‖₁=9.212654e-01
  λ=1.179e-02 | Epoch  60 | lr=5.0000e-04 | Recon MSE=2.079694e-01 | ‖ω‖₁=8.849748e-01
  λ=1.179e-02 | Epoch  70 | lr=2.5000e-04 | Recon MSE=1.890803e-01 | ‖ω‖₁=8.544183e-01
  λ=1.179e-02 | Epoch  80 | lr=2.5000e-04 | Recon MSE=1.827982e-01 | ‖ω‖₁=8.280486e-01
  λ=1.179e-02 | Epoch  90 | lr=2.5000e-04 | Recon MSE=1.774181e-01 | ‖ω‖₁=8.047497e-01
  λ=1.179e-02 | Epoch 100 | lr=1.2500e-04 | Recon MSE=1.705297e-01 | ‖ω‖₁=7.834015e-01
  λ=1.179e-02 | Epoch 110 | lr=1.2500e-04 | Recon MSE=1.681380e-01 | ‖ω‖₁=7.636993e-01
  λ=1.179e-02 | Epoch 120 | lr=1.2500e-04 | Recon MSE=1.652142e-01 | ‖ω‖₁=7.454898e-01
  λ=1.179e-02 | Epoch 130 | lr=6.2500e-05 | Recon MSE=1.645846e-01 | ‖ω‖₁=7.283125e-01
  λ=1.179e-02 | Epoch 140 | lr=6.2500e-05 | Recon MSE=1.606011e-01 | ‖ω‖₁=7.118751e-01
  λ=1.179e-02 | Epoch 150 | lr=6.2500e-05 | Recon MSE=1.604586e-01 | ‖ω‖₁=6.964170e-01
  λ=1.179e-02 | Epoch 160 | lr=3.1250e-05 | Recon MSE=1.588195e-01 | ‖ω‖₁=6.816343e-01
  → at λ=1.179e-02:  r(λ)=100,  rel_err=2.144911e-02

-- Path iteration 11, λ = 1.297e-02   (r(λ) prev = 100)
  λ=1.297e-02 | Epoch   1 | lr=1.0000e-03 | Recon MSE=9.291927e+00 | ‖ω‖₁=9.667351e+01
  λ=1.297e-02 | Epoch  10 | lr=1.0000e-03 | Recon MSE=4.465925e-01 | ‖ω‖₁=5.107192e+01
  λ=1.297e-02 | Epoch  20 | lr=1.0000e-03 | Recon MSE=8.304823e-01 | ‖ω‖₁=3.473375e+00
  λ=1.297e-02 | Epoch  30 | lr=1.0000e-03 | Recon MSE=3.678183e-01 | ‖ω‖₁=1.011461e+00
  λ=1.297e-02 | Epoch  40 | lr=5.0000e-04 | Recon MSE=2.506195e-01 | ‖ω‖₁=9.437313e-01
  λ=1.297e-02 | Epoch  50 | lr=5.0000e-04 | Recon MSE=2.235093e-01 | ‖ω‖₁=8.984471e-01
  λ=1.297e-02 | Epoch  60 | lr=5.0000e-04 | Recon MSE=2.047318e-01 | ‖ω‖₁=8.633426e-01
  λ=1.297e-02 | Epoch  70 | lr=2.5000e-04 | Recon MSE=1.868847e-01 | ‖ω‖₁=8.330604e-01
  λ=1.297e-02 | Epoch  80 | lr=2.5000e-04 | Recon MSE=1.818473e-01 | ‖ω‖₁=8.066340e-01
  λ=1.297e-02 | Epoch  90 | lr=2.5000e-04 | Recon MSE=1.771953e-01 | ‖ω‖₁=7.828920e-01
  λ=1.297e-02 | Epoch 100 | lr=1.2500e-04 | Recon MSE=1.701200e-01 | ‖ω‖₁=7.610164e-01
  λ=1.297e-02 | Epoch 110 | lr=1.2500e-04 | Recon MSE=1.665909e-01 | ‖ω‖₁=7.407578e-01
  λ=1.297e-02 | Epoch 120 | lr=1.2500e-04 | Recon MSE=1.644579e-01 | ‖ω‖₁=7.218848e-01
  λ=1.297e-02 | Epoch 130 | lr=6.2500e-05 | Recon MSE=1.629453e-01 | ‖ω‖₁=7.042532e-01
  λ=1.297e-02 | Epoch 140 | lr=6.2500e-05 | Recon MSE=1.602525e-01 | ‖ω‖₁=6.874366e-01
  λ=1.297e-02 | Epoch 150 | lr=6.2500e-05 | Recon MSE=1.590203e-01 | ‖ω‖₁=6.715393e-01
  λ=1.297e-02 | Epoch 160 | lr=3.1250e-05 | Recon MSE=1.589264e-01 | ‖ω‖₁=6.563480e-01
  → at λ=1.297e-02:  r(λ)=100,  rel_err=2.098179e-02

-- Path iteration 12, λ = 1.427e-02   (r(λ) prev = 100)
  λ=1.427e-02 | Epoch   1 | lr=1.0000e-03 | Recon MSE=9.297164e+00 | ‖ω‖₁=9.633794e+01
  λ=1.427e-02 | Epoch  10 | lr=1.0000e-03 | Recon MSE=5.065965e-01 | ‖ω‖₁=4.612535e+01
  λ=1.427e-02 | Epoch  20 | lr=1.0000e-03 | Recon MSE=1.377347e+00 | ‖ω‖₁=1.110620e+00
  λ=1.427e-02 | Epoch  30 | lr=1.0000e-03 | Recon MSE=3.542794e-01 | ‖ω‖₁=9.710415e-01
  λ=1.427e-02 | Epoch  40 | lr=5.0000e-04 | Recon MSE=2.487191e-01 | ‖ω‖₁=9.103225e-01
  λ=1.427e-02 | Epoch  50 | lr=5.0000e-04 | Recon MSE=2.245742e-01 | ‖ω‖₁=8.677828e-01
  λ=1.427e-02 | Epoch  60 | lr=5.0000e-04 | Recon MSE=2.068011e-01 | ‖ω‖₁=8.335298e-01
  λ=1.427e-02 | Epoch  70 | lr=2.5000e-04 | Recon MSE=1.866488e-01 | ‖ω‖₁=8.040379e-01
  λ=1.427e-02 | Epoch  80 | lr=2.5000e-04 | Recon MSE=1.826983e-01 | ‖ω‖₁=7.779272e-01
  λ=1.427e-02 | Epoch  90 | lr=2.5000e-04 | Recon MSE=1.774738e-01 | ‖ω‖₁=7.544926e-01
  λ=1.427e-02 | Epoch 100 | lr=1.2500e-04 | Recon MSE=1.706675e-01 | ‖ω‖₁=7.328097e-01
  λ=1.427e-02 | Epoch 110 | lr=1.2500e-04 | Recon MSE=1.651592e-01 | ‖ω‖₁=7.126615e-01
  λ=1.427e-02 | Epoch 120 | lr=1.2500e-04 | Recon MSE=1.638570e-01 | ‖ω‖₁=6.938174e-01
  λ=1.427e-02 | Epoch 130 | lr=6.2500e-05 | Recon MSE=1.612007e-01 | ‖ω‖₁=6.760898e-01
  λ=1.427e-02 | Epoch 140 | lr=6.2500e-05 | Recon MSE=1.602870e-01 | ‖ω‖₁=6.592862e-01
  λ=1.427e-02 | Epoch 150 | lr=6.2500e-05 | Recon MSE=1.592694e-01 | ‖ω‖₁=6.434728e-01
  λ=1.427e-02 | Epoch 160 | lr=3.1250e-05 | Recon MSE=1.586458e-01 | ‖ω‖₁=6.283355e-01
  → at λ=1.427e-02:  r(λ)=100,  rel_err=2.144370e-02

-- Path iteration 13, λ = 1.569e-02   (r(λ) prev = 100)
  λ=1.569e-02 | Epoch   1 | lr=1.0000e-03 | Recon MSE=9.089839e+00 | ‖ω‖₁=9.598196e+01
  λ=1.569e-02 | Epoch  10 | lr=1.0000e-03 | Recon MSE=6.089537e-01 | ‖ω‖₁=4.081711e+01
  λ=1.569e-02 | Epoch  20 | lr=1.0000e-03 | Recon MSE=1.063219e+00 | ‖ω‖₁=1.046946e+00
  λ=1.569e-02 | Epoch  30 | lr=1.0000e-03 | Recon MSE=3.411586e-01 | ‖ω‖₁=9.422409e-01
  λ=1.569e-02 | Epoch  40 | lr=5.0000e-04 | Recon MSE=2.465062e-01 | ‖ω‖₁=8.849706e-01
  λ=1.569e-02 | Epoch  50 | lr=5.0000e-04 | Recon MSE=2.215661e-01 | ‖ω‖₁=8.431421e-01
  λ=1.569e-02 | Epoch  60 | lr=5.0000e-04 | Recon MSE=2.029659e-01 | ‖ω‖₁=8.088150e-01
  λ=1.569e-02 | Epoch  70 | lr=2.5000e-04 | Recon MSE=1.862010e-01 | ‖ω‖₁=7.786524e-01
  λ=1.569e-02 | Epoch  80 | lr=2.5000e-04 | Recon MSE=1.822025e-01 | ‖ω‖₁=7.519197e-01
  λ=1.569e-02 | Epoch  90 | lr=2.5000e-04 | Recon MSE=1.761097e-01 | ‖ω‖₁=7.278762e-01
  λ=1.569e-02 | Epoch 100 | lr=1.2500e-04 | Recon MSE=1.680447e-01 | ‖ω‖₁=7.056417e-01
  λ=1.569e-02 | Epoch 110 | lr=1.2500e-04 | Recon MSE=1.666037e-01 | ‖ω‖₁=6.849549e-01
  λ=1.569e-02 | Epoch 120 | lr=1.2500e-04 | Recon MSE=1.652820e-01 | ‖ω‖₁=6.656805e-01
  λ=1.569e-02 | Epoch 130 | lr=6.2500e-05 | Recon MSE=1.617388e-01 | ‖ω‖₁=6.473955e-01
  λ=1.569e-02 | Epoch 140 | lr=6.2500e-05 | Recon MSE=1.602144e-01 | ‖ω‖₁=6.299964e-01
  λ=1.569e-02 | Epoch 150 | lr=6.2500e-05 | Recon MSE=1.577622e-01 | ‖ω‖₁=6.135047e-01
  λ=1.569e-02 | Epoch 160 | lr=3.1250e-05 | Recon MSE=1.597436e-01 | ‖ω‖₁=5.977620e-01
  → at λ=1.569e-02:  r(λ)=100,  rel_err=2.142195e-02

-- Path iteration 14, λ = 1.726e-02   (r(λ) prev = 100)
  λ=1.726e-02 | Epoch   1 | lr=1.0000e-03 | Recon MSE=9.279440e+00 | ‖ω‖₁=9.561173e+01
  λ=1.726e-02 | Epoch  10 | lr=1.0000e-03 | Recon MSE=7.312178e-01 | ‖ω‖₁=3.478106e+01
  λ=1.726e-02 | Epoch  20 | lr=1.0000e-03 | Recon MSE=9.694498e-01 | ‖ω‖₁=1.003973e+00
  λ=1.726e-02 | Epoch  30 | lr=1.0000e-03 | Recon MSE=3.443775e-01 | ‖ω‖₁=9.112967e-01
  λ=1.726e-02 | Epoch  40 | lr=5.0000e-04 | Recon MSE=2.514583e-01 | ‖ω‖₁=8.558786e-01
  λ=1.726e-02 | Epoch  50 | lr=5.0000e-04 | Recon MSE=2.256022e-01 | ‖ω‖₁=8.146704e-01
  λ=1.726e-02 | Epoch  60 | lr=5.0000e-04 | Recon MSE=2.092598e-01 | ‖ω‖₁=7.810838e-01
  λ=1.726e-02 | Epoch  70 | lr=2.5000e-04 | Recon MSE=1.897790e-01 | ‖ω‖₁=7.511672e-01
  λ=1.726e-02 | Epoch  80 | lr=2.5000e-04 | Recon MSE=1.849533e-01 | ‖ω‖₁=7.244089e-01
  λ=1.726e-02 | Epoch  90 | lr=2.5000e-04 | Recon MSE=1.778356e-01 | ‖ω‖₁=7.002251e-01
  λ=1.726e-02 | Epoch 100 | lr=1.2500e-04 | Recon MSE=1.731764e-01 | ‖ω‖₁=6.777646e-01
  λ=1.726e-02 | Epoch 110 | lr=1.2500e-04 | Recon MSE=1.698144e-01 | ‖ω‖₁=6.568328e-01
  λ=1.726e-02 | Epoch 120 | lr=1.2500e-04 | Recon MSE=1.674561e-01 | ‖ω‖₁=6.374336e-01
  λ=1.726e-02 | Epoch 130 | lr=6.2500e-05 | Recon MSE=1.633661e-01 | ‖ω‖₁=6.191304e-01
  λ=1.726e-02 | Epoch 140 | lr=6.2500e-05 | Recon MSE=1.626048e-01 | ‖ω‖₁=6.016933e-01
  λ=1.726e-02 | Epoch 150 | lr=6.2500e-05 | Recon MSE=1.619342e-01 | ‖ω‖₁=5.850784e-01
  λ=1.726e-02 | Epoch 160 | lr=3.1250e-05 | Recon MSE=1.610035e-01 | ‖ω‖₁=5.691415e-01
  → at λ=1.726e-02:  r(λ)=100,  rel_err=2.271288e-02

-- Path iteration 15, λ = 1.899e-02   (r(λ) prev = 100)
  λ=1.899e-02 | Epoch   1 | lr=1.0000e-03 | Recon MSE=9.061681e+00 | ‖ω‖₁=9.520239e+01
  λ=1.899e-02 | Epoch  10 | lr=1.0000e-03 | Recon MSE=8.961522e-01 | ‖ω‖₁=2.837531e+01
  λ=1.899e-02 | Epoch  20 | lr=1.0000e-03 | Recon MSE=9.071140e-01 | ‖ω‖₁=9.670327e-01
  λ=1.899e-02 | Epoch  30 | lr=1.0000e-03 | Recon MSE=3.529906e-01 | ‖ω‖₁=8.824826e-01
  λ=1.899e-02 | Epoch  40 | lr=5.0000e-04 | Recon MSE=2.551122e-01 | ‖ω‖₁=8.294715e-01
  λ=1.899e-02 | Epoch  50 | lr=5.0000e-04 | Recon MSE=2.267718e-01 | ‖ω‖₁=7.889209e-01
  λ=1.899e-02 | Epoch  60 | lr=5.0000e-04 | Recon MSE=2.082493e-01 | ‖ω‖₁=7.551095e-01
  λ=1.899e-02 | Epoch  70 | lr=2.5000e-04 | Recon MSE=1.906808e-01 | ‖ω‖₁=7.250016e-01
  λ=1.899e-02 | Epoch  80 | lr=2.5000e-04 | Recon MSE=1.848377e-01 | ‖ω‖₁=6.979983e-01
  λ=1.899e-02 | Epoch  90 | lr=2.5000e-04 | Recon MSE=1.816209e-01 | ‖ω‖₁=6.732885e-01
  λ=1.899e-02 | Epoch 100 | lr=1.2500e-04 | Recon MSE=1.726299e-01 | ‖ω‖₁=6.503942e-01
  λ=1.899e-02 | Epoch 110 | lr=1.2500e-04 | Recon MSE=1.708824e-01 | ‖ω‖₁=6.289468e-01
  λ=1.899e-02 | Epoch 120 | lr=1.2500e-04 | Recon MSE=1.683414e-01 | ‖ω‖₁=6.088758e-01
  λ=1.899e-02 | Epoch 130 | lr=6.2500e-05 | Recon MSE=1.642308e-01 | ‖ω‖₁=5.897503e-01
  λ=1.899e-02 | Epoch 140 | lr=6.2500e-05 | Recon MSE=1.625970e-01 | ‖ω‖₁=5.714343e-01
  λ=1.899e-02 | Epoch 150 | lr=6.2500e-05 | Recon MSE=1.626504e-01 | ‖ω‖₁=5.539802e-01
  λ=1.899e-02 | Epoch 160 | lr=3.1250e-05 | Recon MSE=1.629657e-01 | ‖ω‖₁=5.373442e-01
  → at λ=1.899e-02:  r(λ)=100,  rel_err=2.331737e-02

-- Path iteration 16, λ = 2.089e-02   (r(λ) prev = 100)
  λ=2.089e-02 | Epoch   1 | lr=1.0000e-03 | Recon MSE=8.167680e+00 | ‖ω‖₁=9.472767e+01
  λ=2.089e-02 | Epoch  10 | lr=1.0000e-03 | Recon MSE=1.144549e+00 | ‖ω‖₁=2.115151e+01
  λ=2.089e-02 | Epoch  20 | lr=1.0000e-03 | Recon MSE=8.404154e-01 | ‖ω‖₁=9.344111e-01
  λ=2.089e-02 | Epoch  30 | lr=1.0000e-03 | Recon MSE=3.271254e-01 | ‖ω‖₁=8.567076e-01
  λ=2.089e-02 | Epoch  40 | lr=5.0000e-04 | Recon MSE=2.423109e-01 | ‖ω‖₁=8.045755e-01
  λ=2.089e-02 | Epoch  50 | lr=5.0000e-04 | Recon MSE=2.139453e-01 | ‖ω‖₁=7.639977e-01
  λ=2.089e-02 | Epoch  60 | lr=5.0000e-04 | Recon MSE=1.992615e-01 | ‖ω‖₁=7.298215e-01
  λ=2.089e-02 | Epoch  70 | lr=2.5000e-04 | Recon MSE=1.818274e-01 | ‖ω‖₁=6.990022e-01
  λ=2.089e-02 | Epoch  80 | lr=2.5000e-04 | Recon MSE=1.785421e-01 | ‖ω‖₁=6.712488e-01
  λ=2.089e-02 | Epoch  90 | lr=2.5000e-04 | Recon MSE=1.732116e-01 | ‖ω‖₁=6.460341e-01
  λ=2.089e-02 | Epoch 100 | lr=1.2500e-04 | Recon MSE=1.683981e-01 | ‖ω‖₁=6.225048e-01
  λ=2.089e-02 | Epoch 110 | lr=1.2500e-04 | Recon MSE=1.645695e-01 | ‖ω‖₁=6.004260e-01
  λ=2.089e-02 | Epoch 120 | lr=1.2500e-04 | Recon MSE=1.642369e-01 | ‖ω‖₁=5.797860e-01
  λ=2.089e-02 | Epoch 130 | lr=6.2500e-05 | Recon MSE=1.618384e-01 | ‖ω‖₁=5.603037e-01
  λ=2.089e-02 | Epoch 140 | lr=6.2500e-05 | Recon MSE=1.579750e-01 | ‖ω‖₁=5.416599e-01
  λ=2.089e-02 | Epoch 150 | lr=6.2500e-05 | Recon MSE=1.585092e-01 | ‖ω‖₁=5.239300e-01
  λ=2.089e-02 | Epoch 160 | lr=3.1250e-05 | Recon MSE=1.573690e-01 | ‖ω‖₁=5.069994e-01
  → at λ=2.089e-02:  r(λ)=100,  rel_err=2.317796e-02

-- Path iteration 17, λ = 2.297e-02   (r(λ) prev = 100)
  λ=2.297e-02 | Epoch   1 | lr=1.0000e-03 | Recon MSE=9.698565e+00 | ‖ω‖₁=9.421186e+01
  λ=2.297e-02 | Epoch  10 | lr=1.0000e-03 | Recon MSE=2.054209e+00 | ‖ω‖₁=1.311636e+01
  λ=2.297e-02 | Epoch  20 | lr=1.0000e-03 | Recon MSE=8.116215e-01 | ‖ω‖₁=9.046813e-01
  λ=2.297e-02 | Epoch  30 | lr=1.0000e-03 | Recon MSE=3.252368e-01 | ‖ω‖₁=8.327753e-01
  λ=2.297e-02 | Epoch  40 | lr=5.0000e-04 | Recon MSE=2.470061e-01 | ‖ω‖₁=7.829218e-01
  λ=2.297e-02 | Epoch  50 | lr=5.0000e-04 | Recon MSE=2.201437e-01 | ‖ω‖₁=7.425773e-01
  λ=2.297e-02 | Epoch  60 | lr=5.0000e-04 | Recon MSE=2.040684e-01 | ‖ω‖₁=7.077023e-01
  λ=2.297e-02 | Epoch  70 | lr=2.5000e-04 | Recon MSE=1.891191e-01 | ‖ω‖₁=6.761520e-01
  λ=2.297e-02 | Epoch  80 | lr=2.5000e-04 | Recon MSE=1.834250e-01 | ‖ω‖₁=6.479045e-01
  λ=2.297e-02 | Epoch  90 | lr=2.5000e-04 | Recon MSE=1.792082e-01 | ‖ω‖₁=6.220947e-01
  λ=2.297e-02 | Epoch 100 | lr=1.2500e-04 | Recon MSE=1.728341e-01 | ‖ω‖₁=5.980080e-01
  λ=2.297e-02 | Epoch 110 | lr=1.2500e-04 | Recon MSE=1.693390e-01 | ‖ω‖₁=5.755003e-01
  λ=2.297e-02 | Epoch 120 | lr=1.2500e-04 | Recon MSE=1.682825e-01 | ‖ω‖₁=5.543149e-01
  λ=2.297e-02 | Epoch 130 | lr=6.2500e-05 | Recon MSE=1.665893e-01 | ‖ω‖₁=5.342052e-01
  λ=2.297e-02 | Epoch 140 | lr=6.2500e-05 | Recon MSE=1.646270e-01 | ‖ω‖₁=5.148859e-01
  λ=2.297e-02 | Epoch 150 | lr=6.2500e-05 | Recon MSE=1.658479e-01 | ‖ω‖₁=4.965701e-01
  λ=2.297e-02 | Epoch 160 | lr=3.1250e-05 | Recon MSE=1.649724e-01 | ‖ω‖₁=4.791000e-01
  → at λ=2.297e-02:  r(λ)=100,  rel_err=2.398495e-02

-- Path iteration 18, λ = 2.527e-02   (r(λ) prev = 100)
  λ=2.527e-02 | Epoch   1 | lr=1.0000e-03 | Recon MSE=8.752946e+00 | ‖ω‖₁=9.364503e+01
  λ=2.527e-02 | Epoch  10 | lr=1.0000e-03 | Recon MSE=4.725925e+00 | ‖ω‖₁=4.699233e+00
  λ=2.527e-02 | Epoch  20 | lr=1.0000e-03 | Recon MSE=7.909817e-01 | ‖ω‖₁=8.879839e-01
  λ=2.527e-02 | Epoch  30 | lr=1.0000e-03 | Recon MSE=3.210421e-01 | ‖ω‖₁=8.179665e-01
  λ=2.527e-02 | Epoch  40 | lr=5.0000e-04 | Recon MSE=2.432713e-01 | ‖ω‖₁=7.663995e-01
  λ=2.527e-02 | Epoch  50 | lr=5.0000e-04 | Recon MSE=2.176081e-01 | ‖ω‖₁=7.249830e-01
  λ=2.527e-02 | Epoch  60 | lr=5.0000e-04 | Recon MSE=2.011686e-01 | ‖ω‖₁=6.892216e-01
  λ=2.527e-02 | Epoch  70 | lr=2.5000e-04 | Recon MSE=1.857489e-01 | ‖ω‖₁=6.572974e-01
  λ=2.527e-02 | Epoch  80 | lr=2.5000e-04 | Recon MSE=1.820597e-01 | ‖ω‖₁=6.285271e-01
  λ=2.527e-02 | Epoch  90 | lr=2.5000e-04 | Recon MSE=1.779455e-01 | ‖ω‖₁=6.020650e-01
  λ=2.527e-02 | Epoch 100 | lr=1.2500e-04 | Recon MSE=1.720686e-01 | ‖ω‖₁=5.772485e-01
  λ=2.527e-02 | Epoch 110 | lr=1.2500e-04 | Recon MSE=1.685295e-01 | ‖ω‖₁=5.537257e-01
  λ=2.527e-02 | Epoch 120 | lr=1.2500e-04 | Recon MSE=1.656456e-01 | ‖ω‖₁=5.317499e-01
  λ=2.527e-02 | Epoch 130 | lr=6.2500e-05 | Recon MSE=1.644867e-01 | ‖ω‖₁=5.109078e-01
  λ=2.527e-02 | Epoch 140 | lr=6.2500e-05 | Recon MSE=1.628866e-01 | ‖ω‖₁=4.909171e-01
  λ=2.527e-02 | Epoch 150 | lr=6.2500e-05 | Recon MSE=1.630853e-01 | ‖ω‖₁=4.719228e-01
  λ=2.527e-02 | Epoch 160 | lr=3.1250e-05 | Recon MSE=1.631371e-01 | ‖ω‖₁=4.538075e-01
  → at λ=2.527e-02:  r(λ)=100,  rel_err=2.482674e-02

-- Path iteration 19, λ = 2.780e-02   (r(λ) prev = 100)
  λ=2.780e-02 | Epoch   1 | lr=1.0000e-03 | Recon MSE=7.833554e+00 | ‖ω‖₁=9.300790e+01
  λ=2.780e-02 | Epoch  10 | lr=1.0000e-03 | Recon MSE=8.734054e+00 | ‖ω‖₁=1.029331e+00
  λ=2.780e-02 | Epoch  20 | lr=1.0000e-03 | Recon MSE=7.016252e-01 | ‖ω‖₁=8.648589e-01
  λ=2.780e-02 | Epoch  30 | lr=1.0000e-03 | Recon MSE=3.077954e-01 | ‖ω‖₁=7.947750e-01
  λ=2.780e-02 | Epoch  40 | lr=5.0000e-04 | Recon MSE=2.345521e-01 | ‖ω‖₁=7.427853e-01
  λ=2.780e-02 | Epoch  50 | lr=5.0000e-04 | Recon MSE=2.136252e-01 | ‖ω‖₁=7.002484e-01
  λ=2.780e-02 | Epoch  60 | lr=5.0000e-04 | Recon MSE=1.966943e-01 | ‖ω‖₁=6.637980e-01
  λ=2.780e-02 | Epoch  70 | lr=2.5000e-04 | Recon MSE=1.830665e-01 | ‖ω‖₁=6.313601e-01
  λ=2.780e-02 | Epoch  80 | lr=2.5000e-04 | Recon MSE=1.791626e-01 | ‖ω‖₁=6.018117e-01
  λ=2.780e-02 | Epoch  90 | lr=2.5000e-04 | Recon MSE=1.735104e-01 | ‖ω‖₁=5.747061e-01
  λ=2.780e-02 | Epoch 100 | lr=1.2500e-04 | Recon MSE=1.662215e-01 | ‖ω‖₁=5.492754e-01
  λ=2.780e-02 | Epoch 110 | lr=1.2500e-04 | Recon MSE=1.654233e-01 | ‖ω‖₁=5.254497e-01
  λ=2.780e-02 | Epoch 120 | lr=1.2500e-04 | Recon MSE=1.656368e-01 | ‖ω‖₁=5.030683e-01
  λ=2.780e-02 | Epoch 130 | lr=6.2500e-05 | Recon MSE=1.617988e-01 | ‖ω‖₁=4.816448e-01
  λ=2.780e-02 | Epoch 140 | lr=6.2500e-05 | Recon MSE=1.617965e-01 | ‖ω‖₁=4.610438e-01
  λ=2.780e-02 | Epoch 150 | lr=6.2500e-05 | Recon MSE=1.592710e-01 | ‖ω‖₁=4.414548e-01
  λ=2.780e-02 | Epoch 160 | lr=3.1250e-05 | Recon MSE=1.611842e-01 | ‖ω‖₁=4.227433e-01
  → at λ=2.780e-02:  r(λ)=100,  rel_err=2.600401e-02

-- Path iteration 20, λ = 3.058e-02   (r(λ) prev = 100)
  λ=3.058e-02 | Epoch   1 | lr=1.0000e-03 | Recon MSE=9.811624e+00 | ‖ω‖₁=9.232598e+01
  λ=3.058e-02 | Epoch  10 | lr=1.0000e-03 | Recon MSE=5.956441e+00 | ‖ω‖₁=9.876967e-01
  λ=3.058e-02 | Epoch  20 | lr=1.0000e-03 | Recon MSE=7.835711e-01 | ‖ω‖₁=8.451908e-01
  λ=3.058e-02 | Epoch  30 | lr=1.0000e-03 | Recon MSE=3.235585e-01 | ‖ω‖₁=7.782221e-01
  λ=3.058e-02 | Epoch  40 | lr=5.0000e-04 | Recon MSE=2.477233e-01 | ‖ω‖₁=7.263936e-01
  λ=3.058e-02 | Epoch  50 | lr=5.0000e-04 | Recon MSE=2.221567e-01 | ‖ω‖₁=6.830306e-01
  λ=3.058e-02 | Epoch  60 | lr=5.0000e-04 | Recon MSE=2.046684e-01 | ‖ω‖₁=6.457195e-01
  λ=3.058e-02 | Epoch  70 | lr=2.5000e-04 | Recon MSE=1.916761e-01 | ‖ω‖₁=6.120627e-01
  λ=3.058e-02 | Epoch  80 | lr=2.5000e-04 | Recon MSE=1.863433e-01 | ‖ω‖₁=5.815766e-01
  λ=3.058e-02 | Epoch  90 | lr=2.5000e-04 | Recon MSE=1.831155e-01 | ‖ω‖₁=5.535930e-01
  λ=3.058e-02 | Epoch 100 | lr=1.2500e-04 | Recon MSE=1.766784e-01 | ‖ω‖₁=5.273760e-01
  λ=3.058e-02 | Epoch 110 | lr=1.2500e-04 | Recon MSE=1.712961e-01 | ‖ω‖₁=5.027642e-01
  λ=3.058e-02 | Epoch 120 | lr=1.2500e-04 | Recon MSE=1.715551e-01 | ‖ω‖₁=4.796162e-01
  λ=3.058e-02 | Epoch 130 | lr=6.2500e-05 | Recon MSE=1.705540e-01 | ‖ω‖₁=4.575655e-01
  λ=3.058e-02 | Epoch 140 | lr=6.2500e-05 | Recon MSE=1.688969e-01 | ‖ω‖₁=4.362641e-01
  λ=3.058e-02 | Epoch 150 | lr=6.2500e-05 | Recon MSE=1.699046e-01 | ‖ω‖₁=4.160552e-01
  λ=3.058e-02 | Epoch 160 | lr=3.1250e-05 | Recon MSE=1.683690e-01 | ‖ω‖₁=3.967924e-01
  → at λ=3.058e-02:  r(λ)=100,  rel_err=2.810349e-02

-- Path iteration 21, λ = 3.364e-02   (r(λ) prev = 100)
  λ=3.364e-02 | Epoch   1 | lr=1.0000e-03 | Recon MSE=8.890677e+00 | ‖ω‖₁=9.159478e+01
  λ=3.364e-02 | Epoch  10 | lr=1.0000e-03 | Recon MSE=6.307189e+00 | ‖ω‖₁=9.612637e-01
  λ=3.364e-02 | Epoch  20 | lr=1.0000e-03 | Recon MSE=7.362025e-01 | ‖ω‖₁=8.270408e-01
  λ=3.364e-02 | Epoch  30 | lr=1.0000e-03 | Recon MSE=3.214790e-01 | ‖ω‖₁=7.580231e-01
  λ=3.364e-02 | Epoch  40 | lr=5.0000e-04 | Recon MSE=2.434961e-01 | ‖ω‖₁=7.046583e-01
  λ=3.364e-02 | Epoch  50 | lr=5.0000e-04 | Recon MSE=2.160535e-01 | ‖ω‖₁=6.602800e-01
  λ=3.364e-02 | Epoch  60 | lr=5.0000e-04 | Recon MSE=2.024432e-01 | ‖ω‖₁=6.216853e-01
  λ=3.364e-02 | Epoch  70 | lr=2.5000e-04 | Recon MSE=1.883023e-01 | ‖ω‖₁=5.866809e-01
  λ=3.364e-02 | Epoch  80 | lr=2.5000e-04 | Recon MSE=1.860274e-01 | ‖ω‖₁=5.547270e-01
  λ=3.364e-02 | Epoch  90 | lr=2.5000e-04 | Recon MSE=1.805714e-01 | ‖ω‖₁=5.254101e-01
  λ=3.364e-02 | Epoch 100 | lr=1.2500e-04 | Recon MSE=1.749959e-01 | ‖ω‖₁=4.980948e-01
  λ=3.364e-02 | Epoch 110 | lr=1.2500e-04 | Recon MSE=1.729084e-01 | ‖ω‖₁=4.725287e-01
  λ=3.364e-02 | Epoch 120 | lr=1.2500e-04 | Recon MSE=1.705635e-01 | ‖ω‖₁=4.486053e-01
  λ=3.364e-02 | Epoch 130 | lr=6.2500e-05 | Recon MSE=1.686737e-01 | ‖ω‖₁=4.258670e-01
  λ=3.364e-02 | Epoch 140 | lr=6.2500e-05 | Recon MSE=1.666992e-01 | ‖ω‖₁=4.039571e-01
  λ=3.364e-02 | Epoch 150 | lr=6.2500e-05 | Recon MSE=1.683406e-01 | ‖ω‖₁=3.832348e-01
  λ=3.364e-02 | Epoch 160 | lr=3.1250e-05 | Recon MSE=1.680765e-01 | ‖ω‖₁=3.635311e-01
  → at λ=3.364e-02:  r(λ)=100,  rel_err=2.895656e-02

-- Path iteration 22, λ = 3.700e-02   (r(λ) prev = 100)
  λ=3.700e-02 | Epoch   1 | lr=1.0000e-03 | Recon MSE=9.536842e+00 | ‖ω‖₁=9.075395e+01
  λ=3.700e-02 | Epoch  10 | lr=1.0000e-03 | Recon MSE=5.627105e+00 | ‖ω‖₁=9.414959e-01
  λ=3.700e-02 | Epoch  20 | lr=1.0000e-03 | Recon MSE=7.424872e-01 | ‖ω‖₁=8.132005e-01
  λ=3.700e-02 | Epoch  30 | lr=1.0000e-03 | Recon MSE=3.134875e-01 | ‖ω‖₁=7.426748e-01
  λ=3.700e-02 | Epoch  40 | lr=5.0000e-04 | Recon MSE=2.445326e-01 | ‖ω‖₁=6.873824e-01
  λ=3.700e-02 | Epoch  50 | lr=5.0000e-04 | Recon MSE=2.209246e-01 | ‖ω‖₁=6.410969e-01
  λ=3.700e-02 | Epoch  60 | lr=5.0000e-04 | Recon MSE=2.059657e-01 | ‖ω‖₁=6.009021e-01
  λ=3.700e-02 | Epoch  70 | lr=2.5000e-04 | Recon MSE=1.913677e-01 | ‖ω‖₁=5.644802e-01
  λ=3.700e-02 | Epoch  80 | lr=2.5000e-04 | Recon MSE=1.881218e-01 | ‖ω‖₁=5.313861e-01
  λ=3.700e-02 | Epoch  90 | lr=2.5000e-04 | Recon MSE=1.818498e-01 | ‖ω‖₁=5.009294e-01
  λ=3.700e-02 | Epoch 100 | lr=1.2500e-04 | Recon MSE=1.785211e-01 | ‖ω‖₁=4.723882e-01
  λ=3.700e-02 | Epoch 110 | lr=1.2500e-04 | Recon MSE=1.751729e-01 | ‖ω‖₁=4.456850e-01
  λ=3.700e-02 | Epoch 120 | lr=1.2500e-04 | Recon MSE=1.743703e-01 | ‖ω‖₁=4.206912e-01
  λ=3.700e-02 | Epoch 130 | lr=6.2500e-05 | Recon MSE=1.734644e-01 | ‖ω‖₁=3.971115e-01
  λ=3.700e-02 | Epoch 140 | lr=6.2500e-05 | Recon MSE=1.720309e-01 | ‖ω‖₁=3.744723e-01
  λ=3.700e-02 | Epoch 150 | lr=6.2500e-05 | Recon MSE=1.721484e-01 | ‖ω‖₁=3.531547e-01
  λ=3.700e-02 | Epoch 160 | lr=3.1250e-05 | Recon MSE=1.751731e-01 | ‖ω‖₁=3.329958e-01
  → at λ=3.700e-02:  r(λ)=100,  rel_err=3.096652e-02

-- Path iteration 23, λ = 4.070e-02   (r(λ) prev = 100)
  λ=4.070e-02 | Epoch   1 | lr=1.0000e-03 | Recon MSE=9.677971e+00 | ‖ω‖₁=8.982914e+01
  λ=4.070e-02 | Epoch  10 | lr=1.0000e-03 | Recon MSE=5.208233e+00 | ‖ω‖₁=9.100651e-01
  λ=4.070e-02 | Epoch  20 | lr=1.0000e-03 | Recon MSE=7.400575e-01 | ‖ω‖₁=7.877695e-01
  λ=4.070e-02 | Epoch  30 | lr=1.0000e-03 | Recon MSE=3.140623e-01 | ‖ω‖₁=7.183659e-01
  λ=4.070e-02 | Epoch  40 | lr=5.0000e-04 | Recon MSE=2.444902e-01 | ‖ω‖₁=6.626229e-01
  λ=4.070e-02 | Epoch  50 | lr=5.0000e-04 | Recon MSE=2.219528e-01 | ‖ω‖₁=6.158551e-01
  λ=4.070e-02 | Epoch  60 | lr=5.0000e-04 | Recon MSE=2.067414e-01 | ‖ω‖₁=5.749721e-01
  λ=4.070e-02 | Epoch  70 | lr=2.5000e-04 | Recon MSE=1.929988e-01 | ‖ω‖₁=5.379613e-01
  λ=4.070e-02 | Epoch  80 | lr=2.5000e-04 | Recon MSE=1.874166e-01 | ‖ω‖₁=5.042199e-01
  λ=4.070e-02 | Epoch  90 | lr=2.5000e-04 | Recon MSE=1.841955e-01 | ‖ω‖₁=4.730421e-01
  λ=4.070e-02 | Epoch 100 | lr=1.2500e-04 | Recon MSE=1.779867e-01 | ‖ω‖₁=4.436792e-01
  λ=4.070e-02 | Epoch 110 | lr=1.2500e-04 | Recon MSE=1.768334e-01 | ‖ω‖₁=4.161688e-01
  λ=4.070e-02 | Epoch 120 | lr=1.2500e-04 | Recon MSE=1.737406e-01 | ‖ω‖₁=3.905221e-01
  λ=4.070e-02 | Epoch 130 | lr=6.2500e-05 | Recon MSE=1.745257e-01 | ‖ω‖₁=3.661594e-01
  λ=4.070e-02 | Epoch 140 | lr=6.2500e-05 | Recon MSE=1.768276e-01 | ‖ω‖₁=3.427436e-01
  λ=4.070e-02 | Epoch 150 | lr=6.2500e-05 | Recon MSE=1.776443e-01 | ‖ω‖₁=3.207913e-01
  λ=4.070e-02 | Epoch 160 | lr=3.1250e-05 | Recon MSE=1.782051e-01 | ‖ω‖₁=3.000578e-01
  → at λ=4.070e-02:  r(λ)=100,  rel_err=3.389874e-02

-- Path iteration 24, λ = 4.477e-02   (r(λ) prev = 100)
  λ=4.477e-02 | Epoch   1 | lr=1.0000e-03 | Recon MSE=8.312998e+00 | ‖ω‖₁=8.882897e+01
  λ=4.477e-02 | Epoch  10 | lr=1.0000e-03 | Recon MSE=4.450573e+00 | ‖ω‖₁=8.893074e-01
  λ=4.477e-02 | Epoch  20 | lr=1.0000e-03 | Recon MSE=6.937154e-01 | ‖ω‖₁=7.725414e-01
  λ=4.477e-02 | Epoch  30 | lr=1.0000e-03 | Recon MSE=3.046436e-01 | ‖ω‖₁=7.020339e-01
  λ=4.477e-02 | Epoch  40 | lr=5.0000e-04 | Recon MSE=2.407892e-01 | ‖ω‖₁=6.442189e-01
  λ=4.477e-02 | Epoch  50 | lr=5.0000e-04 | Recon MSE=2.162800e-01 | ‖ω‖₁=5.955951e-01
  λ=4.477e-02 | Epoch  60 | lr=5.0000e-04 | Recon MSE=2.007906e-01 | ‖ω‖₁=5.531422e-01
  λ=4.477e-02 | Epoch  70 | lr=2.5000e-04 | Recon MSE=1.871628e-01 | ‖ω‖₁=5.146882e-01
  λ=4.477e-02 | Epoch  80 | lr=2.5000e-04 | Recon MSE=1.829151e-01 | ‖ω‖₁=4.797027e-01
  λ=4.477e-02 | Epoch  90 | lr=2.5000e-04 | Recon MSE=1.787881e-01 | ‖ω‖₁=4.473948e-01
  λ=4.477e-02 | Epoch 100 | lr=1.2500e-04 | Recon MSE=1.737983e-01 | ‖ω‖₁=4.169356e-01
  λ=4.477e-02 | Epoch 110 | lr=1.2500e-04 | Recon MSE=1.718352e-01 | ‖ω‖₁=3.885337e-01
  λ=4.477e-02 | Epoch 120 | lr=1.2500e-04 | Recon MSE=1.706864e-01 | ‖ω‖₁=3.619789e-01
  λ=4.477e-02 | Epoch 130 | lr=6.2500e-05 | Recon MSE=1.715707e-01 | ‖ω‖₁=3.367898e-01
  λ=4.477e-02 | Epoch 140 | lr=6.2500e-05 | Recon MSE=1.735288e-01 | ‖ω‖₁=3.126313e-01
  λ=4.477e-02 | Epoch 150 | lr=6.2500e-05 | Recon MSE=1.749588e-01 | ‖ω‖₁=2.900431e-01
  λ=4.477e-02 | Epoch 160 | lr=3.1250e-05 | Recon MSE=1.774003e-01 | ‖ω‖₁=2.687876e-01
  → at λ=4.477e-02:  r(λ)=100,  rel_err=3.535403e-02

-- Path iteration 25, λ = 4.925e-02   (r(λ) prev = 100)
  λ=4.925e-02 | Epoch   1 | lr=1.0000e-03 | Recon MSE=9.195641e+00 | ‖ω‖₁=8.773065e+01
  λ=4.925e-02 | Epoch  10 | lr=1.0000e-03 | Recon MSE=4.629365e+00 | ‖ω‖₁=8.719760e-01
  λ=4.925e-02 | Epoch  20 | lr=1.0000e-03 | Recon MSE=7.210665e-01 | ‖ω‖₁=7.548388e-01
  λ=4.925e-02 | Epoch  30 | lr=1.0000e-03 | Recon MSE=3.155814e-01 | ‖ω‖₁=6.803531e-01
  λ=4.925e-02 | Epoch  40 | lr=5.0000e-04 | Recon MSE=2.481660e-01 | ‖ω‖₁=6.206147e-01
  λ=4.925e-02 | Epoch  50 | lr=5.0000e-04 | Recon MSE=2.254123e-01 | ‖ω‖₁=5.701642e-01
  λ=4.925e-02 | Epoch  60 | lr=5.0000e-04 | Recon MSE=2.093100e-01 | ‖ω‖₁=5.260491e-01
  λ=4.925e-02 | Epoch  70 | lr=2.5000e-04 | Recon MSE=1.936939e-01 | ‖ω‖₁=4.860213e-01
  λ=4.925e-02 | Epoch  80 | lr=2.5000e-04 | Recon MSE=1.909102e-01 | ‖ω‖₁=4.496487e-01
  λ=4.925e-02 | Epoch  90 | lr=2.5000e-04 | Recon MSE=1.839865e-01 | ‖ω‖₁=4.162726e-01
  λ=4.925e-02 | Epoch 100 | lr=1.2500e-04 | Recon MSE=1.820526e-01 | ‖ω‖₁=3.848595e-01
  λ=4.925e-02 | Epoch 110 | lr=1.2500e-04 | Recon MSE=1.786226e-01 | ‖ω‖₁=3.554949e-01
  λ=4.925e-02 | Epoch 120 | lr=1.2500e-04 | Recon MSE=1.790572e-01 | ‖ω‖₁=3.282971e-01
  λ=4.925e-02 | Epoch 130 | lr=6.2500e-05 | Recon MSE=1.790412e-01 | ‖ω‖₁=3.026103e-01
  λ=4.925e-02 | Epoch 140 | lr=6.2500e-05 | Recon MSE=1.841891e-01 | ‖ω‖₁=2.778607e-01
  λ=4.925e-02 | Epoch 150 | lr=6.2500e-05 | Recon MSE=1.860330e-01 | ‖ω‖₁=2.550328e-01
  λ=4.925e-02 | Epoch 160 | lr=3.1250e-05 | Recon MSE=1.890172e-01 | ‖ω‖₁=2.337701e-01
  → at λ=4.925e-02:  r(λ)=100,  rel_err=3.990404e-02

-- Path iteration 26, λ = 5.417e-02   (r(λ) prev = 100)
  λ=5.417e-02 | Epoch   1 | lr=1.0000e-03 | Recon MSE=8.184503e+00 | ‖ω‖₁=8.651076e+01
  λ=5.417e-02 | Epoch  10 | lr=1.0000e-03 | Recon MSE=4.225865e+00 | ‖ω‖₁=8.529421e-01
  λ=5.417e-02 | Epoch  20 | lr=1.0000e-03 | Recon MSE=6.671827e-01 | ‖ω‖₁=7.364305e-01
  λ=5.417e-02 | Epoch  30 | lr=1.0000e-03 | Recon MSE=3.056757e-01 | ‖ω‖₁=6.634491e-01
  λ=5.417e-02 | Epoch  40 | lr=5.0000e-04 | Recon MSE=2.403953e-01 | ‖ω‖₁=6.033455e-01
  λ=5.417e-02 | Epoch  50 | lr=5.0000e-04 | Recon MSE=2.172737e-01 | ‖ω‖₁=5.525857e-01
  λ=5.417e-02 | Epoch  60 | lr=5.0000e-04 | Recon MSE=2.048619e-01 | ‖ω‖₁=5.078929e-01
  λ=5.417e-02 | Epoch  70 | lr=2.5000e-04 | Recon MSE=1.882665e-01 | ‖ω‖₁=4.669679e-01
  λ=5.417e-02 | Epoch  80 | lr=2.5000e-04 | Recon MSE=1.856771e-01 | ‖ω‖₁=4.294394e-01
  λ=5.417e-02 | Epoch  90 | lr=2.5000e-04 | Recon MSE=1.819187e-01 | ‖ω‖₁=3.950584e-01
  λ=5.417e-02 | Epoch 100 | lr=1.2500e-04 | Recon MSE=1.777708e-01 | ‖ω‖₁=3.627272e-01
  λ=5.417e-02 | Epoch 110 | lr=1.2500e-04 | Recon MSE=1.776496e-01 | ‖ω‖₁=3.323629e-01
  λ=5.417e-02 | Epoch 120 | lr=1.2500e-04 | Recon MSE=1.766339e-01 | ‖ω‖₁=3.043293e-01
  λ=5.417e-02 | Epoch 130 | lr=6.2500e-05 | Recon MSE=1.764542e-01 | ‖ω‖₁=2.778686e-01
  λ=5.417e-02 | Epoch 140 | lr=6.2500e-05 | Recon MSE=1.825534e-01 | ‖ω‖₁=2.524608e-01
  λ=5.417e-02 | Epoch 150 | lr=6.2500e-05 | Recon MSE=1.867816e-01 | ‖ω‖₁=2.293092e-01
  λ=5.417e-02 | Epoch 160 | lr=3.1250e-05 | Recon MSE=1.921047e-01 | ‖ω‖₁=2.079429e-01
  → at λ=5.417e-02:  r(λ)=100,  rel_err=4.312004e-02

-- Path iteration 27, λ = 5.959e-02   (r(λ) prev = 100)
  λ=5.959e-02 | Epoch   1 | lr=1.0000e-03 | Recon MSE=7.557674e+00 | ‖ω‖₁=8.517816e+01
  λ=5.959e-02 | Epoch  10 | lr=1.0000e-03 | Recon MSE=4.117230e+00 | ‖ω‖₁=8.374052e-01
  λ=5.959e-02 | Epoch  20 | lr=1.0000e-03 | Recon MSE=6.916712e-01 | ‖ω‖₁=7.165363e-01
  λ=5.959e-02 | Epoch  30 | lr=1.0000e-03 | Recon MSE=3.128556e-01 | ‖ω‖₁=6.396045e-01
  λ=5.959e-02 | Epoch  40 | lr=5.0000e-04 | Recon MSE=2.437621e-01 | ‖ω‖₁=5.770135e-01
  λ=5.959e-02 | Epoch  50 | lr=5.0000e-04 | Recon MSE=2.189963e-01 | ‖ω‖₁=5.240271e-01
  λ=5.959e-02 | Epoch  60 | lr=5.0000e-04 | Recon MSE=2.017228e-01 | ‖ω‖₁=4.774004e-01
  λ=5.959e-02 | Epoch  70 | lr=2.5000e-04 | Recon MSE=1.895745e-01 | ‖ω‖₁=4.347062e-01
  λ=5.959e-02 | Epoch  80 | lr=2.5000e-04 | Recon MSE=1.846177e-01 | ‖ω‖₁=3.957879e-01
  λ=5.959e-02 | Epoch  90 | lr=2.5000e-04 | Recon MSE=1.804713e-01 | ‖ω‖₁=3.601916e-01
  λ=5.959e-02 | Epoch 100 | lr=1.2500e-04 | Recon MSE=1.776306e-01 | ‖ω‖₁=3.268574e-01
  λ=5.959e-02 | Epoch 110 | lr=1.2500e-04 | Recon MSE=1.784669e-01 | ‖ω‖₁=2.958824e-01
  λ=5.959e-02 | Epoch 120 | lr=1.2500e-04 | Recon MSE=1.789521e-01 | ‖ω‖₁=2.673531e-01
  λ=5.959e-02 | Epoch 130 | lr=6.2500e-05 | Recon MSE=1.801410e-01 | ‖ω‖₁=2.405921e-01
  λ=5.959e-02 | Epoch 140 | lr=6.2500e-05 | Recon MSE=1.900095e-01 | ‖ω‖₁=2.150819e-01
  λ=5.959e-02 | Epoch 150 | lr=6.2500e-05 | Recon MSE=1.971080e-01 | ‖ω‖₁=1.922052e-01
  λ=5.959e-02 | Epoch 160 | lr=3.1250e-05 | Recon MSE=2.031132e-01 | ‖ω‖₁=1.714043e-01
  → at λ=5.959e-02:  r(λ)=100,  rel_err=4.940655e-02

-- Path iteration 28, λ = 6.555e-02   (r(λ) prev = 100)
  λ=6.555e-02 | Epoch   1 | lr=1.0000e-03 | Recon MSE=9.789647e+00 | ‖ω‖₁=8.371003e+01
  λ=6.555e-02 | Epoch  10 | lr=1.0000e-03 | Recon MSE=4.546457e+00 | ‖ω‖₁=8.246120e-01
  λ=6.555e-02 | Epoch  20 | lr=1.0000e-03 | Recon MSE=7.075824e-01 | ‖ω‖₁=7.073718e-01
  λ=6.555e-02 | Epoch  30 | lr=1.0000e-03 | Recon MSE=3.216066e-01 | ‖ω‖₁=6.293488e-01
  λ=6.555e-02 | Epoch  40 | lr=5.0000e-04 | Recon MSE=2.513981e-01 | ‖ω‖₁=5.646266e-01
  λ=6.555e-02 | Epoch  50 | lr=5.0000e-04 | Recon MSE=2.262272e-01 | ‖ω‖₁=5.100058e-01
  λ=6.555e-02 | Epoch  60 | lr=5.0000e-04 | Recon MSE=2.108935e-01 | ‖ω‖₁=4.617777e-01
  λ=6.555e-02 | Epoch  70 | lr=2.5000e-04 | Recon MSE=1.972058e-01 | ‖ω‖₁=4.176365e-01
  λ=6.555e-02 | Epoch  80 | lr=2.5000e-04 | Recon MSE=1.932289e-01 | ‖ω‖₁=3.776136e-01
  λ=6.555e-02 | Epoch  90 | lr=2.5000e-04 | Recon MSE=1.882613e-01 | ‖ω‖₁=3.409384e-01
  λ=6.555e-02 | Epoch 100 | lr=1.2500e-04 | Recon MSE=1.853998e-01 | ‖ω‖₁=3.064842e-01
  λ=6.555e-02 | Epoch 110 | lr=1.2500e-04 | Recon MSE=1.863452e-01 | ‖ω‖₁=2.745973e-01
  λ=6.555e-02 | Epoch 120 | lr=1.2500e-04 | Recon MSE=1.880476e-01 | ‖ω‖₁=2.456126e-01
  λ=6.555e-02 | Epoch 130 | lr=6.2500e-05 | Recon MSE=1.902452e-01 | ‖ω‖₁=2.185989e-01
  λ=6.555e-02 | Epoch 140 | lr=6.2500e-05 | Recon MSE=2.054054e-01 | ‖ω‖₁=1.929819e-01
  λ=6.555e-02 | Epoch 150 | lr=6.2500e-05 | Recon MSE=2.119765e-01 | ‖ω‖₁=1.704139e-01
  λ=6.555e-02 | Epoch 160 | lr=3.1250e-05 | Recon MSE=2.221198e-01 | ‖ω‖₁=1.503541e-01
  → at λ=6.555e-02:  r(λ)=100,  rel_err=5.427442e-02

-- Path iteration 29, λ = 7.210e-02   (r(λ) prev = 100)
  λ=7.210e-02 | Epoch   1 | lr=1.0000e-03 | Recon MSE=1.007025e+01 | ‖ω‖₁=8.209644e+01
  λ=7.210e-02 | Epoch  10 | lr=1.0000e-03 | Recon MSE=4.475328e+00 | ‖ω‖₁=7.985327e-01
  λ=7.210e-02 | Epoch  20 | lr=1.0000e-03 | Recon MSE=7.160675e-01 | ‖ω‖₁=6.799482e-01
  λ=7.210e-02 | Epoch  30 | lr=1.0000e-03 | Recon MSE=3.313165e-01 | ‖ω‖₁=6.001266e-01
  λ=7.210e-02 | Epoch  40 | lr=5.0000e-04 | Recon MSE=2.586041e-01 | ‖ω‖₁=5.341546e-01
  λ=7.210e-02 | Epoch  50 | lr=5.0000e-04 | Recon MSE=2.338940e-01 | ‖ω‖₁=4.779731e-01
  λ=7.210e-02 | Epoch  60 | lr=5.0000e-04 | Recon MSE=2.127897e-01 | ‖ω‖₁=4.283360e-01
  λ=7.210e-02 | Epoch  70 | lr=2.5000e-04 | Recon MSE=2.010539e-01 | ‖ω‖₁=3.831075e-01
  λ=7.210e-02 | Epoch  80 | lr=2.5000e-04 | Recon MSE=1.972406e-01 | ‖ω‖₁=3.421070e-01
  λ=7.210e-02 | Epoch  90 | lr=2.5000e-04 | Recon MSE=1.911069e-01 | ‖ω‖₁=3.048076e-01
  λ=7.210e-02 | Epoch 100 | lr=1.2500e-04 | Recon MSE=1.906031e-01 | ‖ω‖₁=2.700210e-01
  λ=7.210e-02 | Epoch 110 | lr=1.2500e-04 | Recon MSE=1.930970e-01 | ‖ω‖₁=2.384169e-01
  λ=7.210e-02 | Epoch 120 | lr=1.2500e-04 | Recon MSE=1.957308e-01 | ‖ω‖₁=2.102578e-01
  λ=7.210e-02 | Epoch 130 | lr=6.2500e-05 | Recon MSE=2.017270e-01 | ‖ω‖₁=1.843212e-01
  λ=7.210e-02 | Epoch 140 | lr=6.2500e-05 | Recon MSE=2.226267e-01 | ‖ω‖₁=1.600577e-01
  λ=7.210e-02 | Epoch 150 | lr=6.2500e-05 | Recon MSE=2.356509e-01 | ‖ω‖₁=1.392824e-01
  λ=7.210e-02 | Epoch 160 | lr=3.1250e-05 | Recon MSE=2.435149e-01 | ‖ω‖₁=1.212740e-01
  → at λ=7.210e-02:  r(λ)=100,  rel_err=6.179372e-02

-- Path iteration 30, λ = 7.932e-02   (r(λ) prev = 100)
  λ=7.932e-02 | Epoch   1 | lr=1.0000e-03 | Recon MSE=7.823991e+00 | ‖ω‖₁=8.032487e+01
  λ=7.932e-02 | Epoch  10 | lr=1.0000e-03 | Recon MSE=3.880234e+00 | ‖ω‖₁=7.850130e-01
  λ=7.932e-02 | Epoch  20 | lr=1.0000e-03 | Recon MSE=6.211630e-01 | ‖ω‖₁=6.617350e-01
  λ=7.932e-02 | Epoch  30 | lr=1.0000e-03 | Recon MSE=3.047048e-01 | ‖ω‖₁=5.776468e-01
  λ=7.932e-02 | Epoch  40 | lr=5.0000e-04 | Recon MSE=2.409509e-01 | ‖ω‖₁=5.074885e-01
  λ=7.932e-02 | Epoch  50 | lr=5.0000e-04 | Recon MSE=2.192328e-01 | ‖ω‖₁=4.479141e-01
  λ=7.932e-02 | Epoch  60 | lr=5.0000e-04 | Recon MSE=2.041814e-01 | ‖ω‖₁=3.957442e-01
  λ=7.932e-02 | Epoch  70 | lr=2.5000e-04 | Recon MSE=1.921722e-01 | ‖ω‖₁=3.484547e-01
  λ=7.932e-02 | Epoch  80 | lr=2.5000e-04 | Recon MSE=1.887408e-01 | ‖ω‖₁=3.062919e-01
  λ=7.932e-02 | Epoch  90 | lr=2.5000e-04 | Recon MSE=1.842556e-01 | ‖ω‖₁=2.684130e-01
  λ=7.932e-02 | Epoch 100 | lr=1.2500e-04 | Recon MSE=1.858666e-01 | ‖ω‖₁=2.333897e-01
  λ=7.932e-02 | Epoch 110 | lr=1.2500e-04 | Recon MSE=1.888712e-01 | ‖ω‖₁=2.020720e-01
  λ=7.932e-02 | Epoch 120 | lr=1.2500e-04 | Recon MSE=1.938810e-01 | ‖ω‖₁=1.746666e-01
  λ=7.932e-02 | Epoch 130 | lr=6.2500e-05 | Recon MSE=2.065125e-01 | ‖ω‖₁=1.496410e-01
  λ=7.932e-02 | Epoch 140 | lr=6.2500e-05 | Recon MSE=2.325965e-01 | ‖ω‖₁=1.267079e-01
  λ=7.932e-02 | Epoch 150 | lr=6.2500e-05 | Recon MSE=2.516997e-01 | ‖ω‖₁=1.077243e-01
  λ=7.932e-02 | Epoch 160 | lr=3.1250e-05 | Recon MSE=2.647981e-01 | ‖ω‖₁=9.155641e-02
  → at λ=7.932e-02:  r(λ)=100,  rel_err=6.948784e-02

-- Path iteration 31, λ = 8.725e-02   (r(λ) prev = 100)
  λ=8.725e-02 | Epoch   1 | lr=1.0000e-03 | Recon MSE=8.787966e+00 | ‖ω‖₁=7.838434e+01
  λ=8.725e-02 | Epoch  10 | lr=1.0000e-03 | Recon MSE=4.072430e+00 | ‖ω‖₁=7.750466e-01
  λ=8.725e-02 | Epoch  20 | lr=1.0000e-03 | Recon MSE=6.507200e-01 | ‖ω‖₁=6.501796e-01
  λ=8.725e-02 | Epoch  30 | lr=1.0000e-03 | Recon MSE=3.109275e-01 | ‖ω‖₁=5.637974e-01
  λ=8.725e-02 | Epoch  40 | lr=5.0000e-04 | Recon MSE=2.469065e-01 | ‖ω‖₁=4.917632e-01
  λ=8.725e-02 | Epoch  50 | lr=5.0000e-04 | Recon MSE=2.219893e-01 | ‖ω‖₁=4.301381e-01
  λ=8.725e-02 | Epoch  60 | lr=5.0000e-04 | Recon MSE=2.060782e-01 | ‖ω‖₁=3.761888e-01
  λ=8.725e-02 | Epoch  70 | lr=2.5000e-04 | Recon MSE=1.958194e-01 | ‖ω‖₁=3.272237e-01
  λ=8.725e-02 | Epoch  80 | lr=2.5000e-04 | Recon MSE=1.926138e-01 | ‖ω‖₁=2.838808e-01
  λ=8.725e-02 | Epoch  90 | lr=2.5000e-04 | Recon MSE=1.884546e-01 | ‖ω‖₁=2.454895e-01
  λ=8.725e-02 | Epoch 100 | lr=1.2500e-04 | Recon MSE=1.938413e-01 | ‖ω‖₁=2.100830e-01
  λ=8.725e-02 | Epoch 110 | lr=1.2500e-04 | Recon MSE=2.005252e-01 | ‖ω‖₁=1.791233e-01
  λ=8.725e-02 | Epoch 120 | lr=1.2500e-04 | Recon MSE=2.030055e-01 | ‖ω‖₁=1.528786e-01
  λ=8.725e-02 | Epoch 130 | lr=6.2500e-05 | Recon MSE=2.228205e-01 | ‖ω‖₁=1.292192e-01
  λ=8.725e-02 | Epoch 140 | lr=6.2500e-05 | Recon MSE=2.547840e-01 | ‖ω‖₁=1.078311e-01
  λ=8.725e-02 | Epoch 150 | lr=6.2500e-05 | Recon MSE=2.786104e-01 | ‖ω‖₁=9.056850e-02
  λ=8.725e-02 | Epoch 160 | lr=3.1250e-05 | Recon MSE=2.967076e-01 | ‖ω‖₁=7.619135e-02
  → at λ=8.725e-02:  r(λ)=98,  rel_err=7.823659e-02

-- Path iteration 32, λ = 9.597e-02   (r(λ) prev = 98)
  λ=9.597e-02 | Epoch   1 | lr=1.0000e-03 | Recon MSE=7.824210e+00 | ‖ω‖₁=7.623218e+01
  λ=9.597e-02 | Epoch  10 | lr=1.0000e-03 | Recon MSE=3.845335e+00 | ‖ω‖₁=7.555628e-01
  λ=9.597e-02 | Epoch  20 | lr=1.0000e-03 | Recon MSE=6.193609e-01 | ‖ω‖₁=6.244261e-01
  λ=9.597e-02 | Epoch  30 | lr=1.0000e-03 | Recon MSE=3.006389e-01 | ‖ω‖₁=5.340167e-01
  λ=9.597e-02 | Epoch  40 | lr=5.0000e-04 | Recon MSE=2.390513e-01 | ‖ω‖₁=4.589114e-01
  λ=9.597e-02 | Epoch  50 | lr=5.0000e-04 | Recon MSE=2.146624e-01 | ‖ω‖₁=3.953036e-01
  λ=9.597e-02 | Epoch  60 | lr=5.0000e-04 | Recon MSE=2.013375e-01 | ‖ω‖₁=3.397209e-01
  λ=9.597e-02 | Epoch  70 | lr=2.5000e-04 | Recon MSE=1.922823e-01 | ‖ω‖₁=2.896871e-01
  λ=9.597e-02 | Epoch  80 | lr=2.5000e-04 | Recon MSE=1.886794e-01 | ‖ω‖₁=2.458518e-01
  λ=9.597e-02 | Epoch  90 | lr=2.5000e-04 | Recon MSE=1.871823e-01 | ‖ω‖₁=2.077621e-01
  λ=9.597e-02 | Epoch 100 | lr=1.2500e-04 | Recon MSE=1.950254e-01 | ‖ω‖₁=1.731223e-01
  λ=9.597e-02 | Epoch 110 | lr=1.2500e-04 | Recon MSE=2.055409e-01 | ‖ω‖₁=1.439763e-01
  λ=9.597e-02 | Epoch 120 | lr=1.2500e-04 | Recon MSE=2.121801e-01 | ‖ω‖₁=1.202180e-01
  λ=9.597e-02 | Epoch 130 | lr=6.2500e-05 | Recon MSE=2.388272e-01 | ‖ω‖₁=9.902506e-02
  λ=9.597e-02 | Epoch 140 | lr=6.2500e-05 | Recon MSE=2.867440e-01 | ‖ω‖₁=8.039116e-02
  λ=9.597e-02 | Epoch 150 | lr=6.2500e-05 | Recon MSE=3.196631e-01 | ‖ω‖₁=6.585304e-02
  λ=9.597e-02 | Epoch 160 | lr=3.1250e-05 | Recon MSE=3.479599e-01 | ‖ω‖₁=5.461883e-02
  → at λ=9.597e-02:  r(λ)=93,  rel_err=8.939496e-02

-- Path iteration 33, λ = 1.056e-01   (r(λ) prev = 93)
  λ=1.056e-01 | Epoch   1 | lr=1.0000e-03 | Recon MSE=7.730287e+00 | ‖ω‖₁=7.389250e+01
  λ=1.056e-01 | Epoch  10 | lr=1.0000e-03 | Recon MSE=3.774529e+00 | ‖ω‖₁=7.436230e-01
  λ=1.056e-01 | Epoch  20 | lr=1.0000e-03 | Recon MSE=5.970129e-01 | ‖ω‖₁=6.110170e-01
  λ=1.056e-01 | Epoch  30 | lr=1.0000e-03 | Recon MSE=3.122305e-01 | ‖ω‖₁=5.171088e-01
  λ=1.056e-01 | Epoch  40 | lr=5.0000e-04 | Recon MSE=2.394967e-01 | ‖ω‖₁=4.394456e-01
  λ=1.056e-01 | Epoch  50 | lr=5.0000e-04 | Recon MSE=2.172512e-01 | ‖ω‖₁=3.739464e-01
  λ=1.056e-01 | Epoch  60 | lr=5.0000e-04 | Recon MSE=2.011033e-01 | ‖ω‖₁=3.169261e-01
  λ=1.056e-01 | Epoch  70 | lr=2.5000e-04 | Recon MSE=1.947634e-01 | ‖ω‖₁=2.655522e-01
  λ=1.056e-01 | Epoch  80 | lr=2.5000e-04 | Recon MSE=1.924075e-01 | ‖ω‖₁=2.212425e-01
  λ=1.056e-01 | Epoch  90 | lr=2.5000e-04 | Recon MSE=1.917446e-01 | ‖ω‖₁=1.836858e-01
  λ=1.056e-01 | Epoch 100 | lr=1.2500e-04 | Recon MSE=2.051096e-01 | ‖ω‖₁=1.500999e-01
  λ=1.056e-01 | Epoch 110 | lr=1.2500e-04 | Recon MSE=2.192323e-01 | ‖ω‖₁=1.229615e-01
  λ=1.056e-01 | Epoch 120 | lr=1.2500e-04 | Recon MSE=2.224349e-01 | ‖ω‖₁=1.017004e-01
  λ=1.056e-01 | Epoch 130 | lr=6.2500e-05 | Recon MSE=2.695374e-01 | ‖ω‖₁=8.243962e-02
  λ=1.056e-01 | Epoch 140 | lr=6.2500e-05 | Recon MSE=3.256591e-01 | ‖ω‖₁=6.611111e-02
  λ=1.056e-01 | Epoch 150 | lr=6.2500e-05 | Recon MSE=3.727918e-01 | ‖ω‖₁=5.360519e-02
  λ=1.056e-01 | Epoch 160 | lr=3.1250e-05 | Recon MSE=4.080284e-01 | ‖ω‖₁=4.383403e-02
  → at λ=1.056e-01:  r(λ)=93,  rel_err=1.015075e-01

-- Path iteration 34, λ = 1.161e-01   (r(λ) prev = 93)
  λ=1.161e-01 | Epoch   1 | lr=1.0000e-03 | Recon MSE=7.877338e+00 | ‖ω‖₁=7.131126e+01
  λ=1.161e-01 | Epoch  10 | lr=1.0000e-03 | Recon MSE=3.560182e+00 | ‖ω‖₁=7.281381e-01
  λ=1.161e-01 | Epoch  20 | lr=1.0000e-03 | Recon MSE=5.824042e-01 | ‖ω‖₁=5.902823e-01
  λ=1.161e-01 | Epoch  30 | lr=1.0000e-03 | Recon MSE=3.048872e-01 | ‖ω‖₁=4.926858e-01
  λ=1.161e-01 | Epoch  40 | lr=5.0000e-04 | Recon MSE=2.340582e-01 | ‖ω‖₁=4.115780e-01
  λ=1.161e-01 | Epoch  50 | lr=5.0000e-04 | Recon MSE=2.144783e-01 | ‖ω‖₁=3.431488e-01
  λ=1.161e-01 | Epoch  60 | lr=5.0000e-04 | Recon MSE=2.016744e-01 | ‖ω‖₁=2.840611e-01
  λ=1.161e-01 | Epoch  70 | lr=2.5000e-04 | Recon MSE=1.962333e-01 | ‖ω‖₁=2.317436e-01
  λ=1.161e-01 | Epoch  80 | lr=2.5000e-04 | Recon MSE=1.964874e-01 | ‖ω‖₁=1.880072e-01
  λ=1.161e-01 | Epoch  90 | lr=2.5000e-04 | Recon MSE=1.989093e-01 | ‖ω‖₁=1.525603e-01
  λ=1.161e-01 | Epoch 100 | lr=1.2500e-04 | Recon MSE=2.187641e-01 | ‖ω‖₁=1.215725e-01
  λ=1.161e-01 | Epoch 110 | lr=1.2500e-04 | Recon MSE=2.307833e-01 | ‖ω‖₁=9.775244e-02
  λ=1.161e-01 | Epoch 120 | lr=1.2500e-04 | Recon MSE=2.393440e-01 | ‖ω‖₁=7.972563e-02
  λ=1.161e-01 | Epoch 130 | lr=6.2500e-05 | Recon MSE=3.103988e-01 | ‖ω‖₁=6.331821e-02
  λ=1.161e-01 | Epoch 140 | lr=6.2500e-05 | Recon MSE=3.790661e-01 | ‖ω‖₁=5.017044e-02
  λ=1.161e-01 | Epoch 150 | lr=6.2500e-05 | Recon MSE=4.386684e-01 | ‖ω‖₁=4.008844e-02
  λ=1.161e-01 | Epoch 160 | lr=3.1250e-05 | Recon MSE=4.991366e-01 | ‖ω‖₁=3.232188e-02
  → at λ=1.161e-01:  r(λ)=89,  rel_err=1.163590e-01

-- Path iteration 35, λ = 1.277e-01   (r(λ) prev = 89)
  λ=1.277e-01 | Epoch   1 | lr=1.0000e-03 | Recon MSE=7.796575e+00 | ‖ω‖₁=6.844442e+01
  λ=1.277e-01 | Epoch  10 | lr=1.0000e-03 | Recon MSE=3.349682e+00 | ‖ω‖₁=7.129970e-01
  λ=1.277e-01 | Epoch  20 | lr=1.0000e-03 | Recon MSE=5.519930e-01 | ‖ω‖₁=5.690812e-01
  λ=1.277e-01 | Epoch  30 | lr=1.0000e-03 | Recon MSE=2.992817e-01 | ‖ω‖₁=4.679446e-01
  λ=1.277e-01 | Epoch  40 | lr=5.0000e-04 | Recon MSE=2.317593e-01 | ‖ω‖₁=3.839819e-01
  λ=1.277e-01 | Epoch  50 | lr=5.0000e-04 | Recon MSE=2.145362e-01 | ‖ω‖₁=3.140272e-01
  λ=1.277e-01 | Epoch  60 | lr=5.0000e-04 | Recon MSE=2.024089e-01 | ‖ω‖₁=2.548904e-01
  λ=1.277e-01 | Epoch  70 | lr=2.5000e-04 | Recon MSE=1.989557e-01 | ‖ω‖₁=2.027253e-01
  λ=1.277e-01 | Epoch  80 | lr=2.5000e-04 | Recon MSE=2.016374e-01 | ‖ω‖₁=1.607915e-01
  λ=1.277e-01 | Epoch  90 | lr=2.5000e-04 | Recon MSE=2.006044e-01 | ‖ω‖₁=1.282654e-01
  λ=1.277e-01 | Epoch 100 | lr=1.2500e-04 | Recon MSE=2.338962e-01 | ‖ω‖₁=1.003136e-01
  λ=1.277e-01 | Epoch 110 | lr=1.2500e-04 | Recon MSE=2.450350e-01 | ‖ω‖₁=7.976471e-02
  λ=1.277e-01 | Epoch 120 | lr=1.2500e-04 | Recon MSE=2.500682e-01 | ‖ω‖₁=6.465464e-02
  λ=1.277e-01 | Epoch 130 | lr=6.2500e-05 | Recon MSE=3.590978e-01 | ‖ω‖₁=5.041005e-02
  λ=1.277e-01 | Epoch 140 | lr=6.2500e-05 | Recon MSE=4.393539e-01 | ‖ω‖₁=3.923319e-02
  λ=1.277e-01 | Epoch 150 | lr=6.2500e-05 | Recon MSE=5.282988e-01 | ‖ω‖₁=3.054368e-02
  λ=1.277e-01 | Epoch 160 | lr=3.1250e-05 | Recon MSE=6.135773e-01 | ‖ω‖₁=2.399142e-02
  → at λ=1.277e-01:  r(λ)=87,  rel_err=1.341321e-01

-- Path iteration 36, λ = 1.405e-01   (r(λ) prev = 87)
  λ=1.405e-01 | Epoch   1 | lr=1.0000e-03 | Recon MSE=7.615040e+00 | ‖ω‖₁=6.530824e+01
  λ=1.405e-01 | Epoch  10 | lr=1.0000e-03 | Recon MSE=3.078870e+00 | ‖ω‖₁=7.013992e-01
  λ=1.405e-01 | Epoch  20 | lr=1.0000e-03 | Recon MSE=5.247403e-01 | ‖ω‖₁=5.515201e-01
  λ=1.405e-01 | Epoch  30 | lr=1.0000e-03 | Recon MSE=2.802898e-01 | ‖ω‖₁=4.453285e-01
  λ=1.405e-01 | Epoch  40 | lr=5.0000e-04 | Recon MSE=2.268054e-01 | ‖ω‖₁=3.581604e-01
  λ=1.405e-01 | Epoch  50 | lr=5.0000e-04 | Recon MSE=2.118014e-01 | ‖ω‖₁=2.862442e-01
  λ=1.405e-01 | Epoch  60 | lr=5.0000e-04 | Recon MSE=2.000685e-01 | ‖ω‖₁=2.259060e-01
  λ=1.405e-01 | Epoch  70 | lr=2.5000e-04 | Recon MSE=2.019446e-01 | ‖ω‖₁=1.741936e-01
  λ=1.405e-01 | Epoch  80 | lr=2.5000e-04 | Recon MSE=2.045916e-01 | ‖ω‖₁=1.349238e-01
  λ=1.405e-01 | Epoch  90 | lr=2.5000e-04 | Recon MSE=2.053285e-01 | ‖ω‖₁=1.054606e-01
  λ=1.405e-01 | Epoch 100 | lr=1.2500e-04 | Recon MSE=2.469171e-01 | ‖ω‖₁=8.058447e-02
  λ=1.405e-01 | Epoch 110 | lr=1.2500e-04 | Recon MSE=2.594236e-01 | ‖ω‖₁=6.316089e-02
  λ=1.405e-01 | Epoch 120 | lr=1.2500e-04 | Recon MSE=2.682788e-01 | ‖ω‖₁=5.075535e-02
  λ=1.405e-01 | Epoch 130 | lr=6.2500e-05 | Recon MSE=4.459430e-01 | ‖ω‖₁=3.837134e-02
  λ=1.405e-01 | Epoch 140 | lr=6.2500e-05 | Recon MSE=5.531992e-01 | ‖ω‖₁=2.900079e-02
  λ=1.405e-01 | Epoch 150 | lr=6.2500e-05 | Recon MSE=7.012687e-01 | ‖ω‖₁=2.174311e-02
  λ=1.405e-01 | Epoch 160 | lr=3.1250e-05 | Recon MSE=8.369344e-01 | ‖ω‖₁=1.640013e-02
  → at λ=1.405e-01:  r(λ)=82,  rel_err=1.622346e-01

-- Path iteration 37, λ = 1.546e-01   (r(λ) prev = 82)
  λ=1.546e-01 | Epoch   1 | lr=1.0000e-03 | Recon MSE=7.821667e+00 | ‖ω‖₁=6.186765e+01
  λ=1.546e-01 | Epoch  10 | lr=1.0000e-03 | Recon MSE=3.163957e+00 | ‖ω‖₁=6.700521e-01
  λ=1.546e-01 | Epoch  20 | lr=1.0000e-03 | Recon MSE=5.414502e-01 | ‖ω‖₁=5.159964e-01
  λ=1.546e-01 | Epoch  30 | lr=1.0000e-03 | Recon MSE=2.880059e-01 | ‖ω‖₁=4.066259e-01
  λ=1.546e-01 | Epoch  40 | lr=5.0000e-04 | Recon MSE=2.338840e-01 | ‖ω‖₁=3.168789e-01
  λ=1.546e-01 | Epoch  50 | lr=5.0000e-04 | Recon MSE=2.154148e-01 | ‖ω‖₁=2.440835e-01
  λ=1.546e-01 | Epoch  60 | lr=5.0000e-04 | Recon MSE=2.068176e-01 | ‖ω‖₁=1.854121e-01
  λ=1.546e-01 | Epoch  70 | lr=2.5000e-04 | Recon MSE=2.128468e-01 | ‖ω‖₁=1.375294e-01
  λ=1.546e-01 | Epoch  80 | lr=2.5000e-04 | Recon MSE=2.190148e-01 | ‖ω‖₁=1.038652e-01
  λ=1.546e-01 | Epoch  90 | lr=2.5000e-04 | Recon MSE=2.184480e-01 | ‖ω‖₁=8.054406e-02
  λ=1.546e-01 | Epoch 100 | lr=1.2500e-04 | Recon MSE=2.674371e-01 | ‖ω‖₁=6.109917e-02
  λ=1.546e-01 | Epoch 110 | lr=1.2500e-04 | Recon MSE=2.878789e-01 | ‖ω‖₁=4.777032e-02
  λ=1.546e-01 | Epoch 120 | lr=1.2500e-04 | Recon MSE=3.016866e-01 | ‖ω‖₁=3.832656e-02
  λ=1.546e-01 | Epoch 130 | lr=6.2500e-05 | Recon MSE=5.780695e-01 | ‖ω‖₁=2.815006e-02
  λ=1.546e-01 | Epoch 140 | lr=6.2500e-05 | Recon MSE=7.508219e-01 | ‖ω‖₁=2.062057e-02
  λ=1.546e-01 | Epoch 150 | lr=6.2500e-05 | Recon MSE=1.002210e+00 | ‖ω‖₁=1.469401e-02
  λ=1.546e-01 | Epoch 160 | lr=3.1250e-05 | Recon MSE=1.254258e+00 | ‖ω‖₁=1.052102e-02
  → at λ=1.546e-01:  r(λ)=79,  rel_err=2.044039e-01

-- Path iteration 38, λ = 1.700e-01   (r(λ) prev = 79)
  λ=1.700e-01 | Epoch   1 | lr=1.0000e-03 | Recon MSE=7.474325e+00 | ‖ω‖₁=5.806047e+01
  λ=1.700e-01 | Epoch  10 | lr=1.0000e-03 | Recon MSE=2.992902e+00 | ‖ω‖₁=6.627219e-01
  λ=1.700e-01 | Epoch  20 | lr=1.0000e-03 | Recon MSE=5.301391e-01 | ‖ω‖₁=5.028797e-01
  λ=1.700e-01 | Epoch  30 | lr=1.0000e-03 | Recon MSE=2.792114e-01 | ‖ω‖₁=3.881968e-01
  λ=1.700e-01 | Epoch  40 | lr=5.0000e-04 | Recon MSE=2.288932e-01 | ‖ω‖₁=2.951091e-01
  λ=1.700e-01 | Epoch  50 | lr=5.0000e-04 | Recon MSE=2.136111e-01 | ‖ω‖₁=2.208963e-01
  λ=1.700e-01 | Epoch  60 | lr=5.0000e-04 | Recon MSE=2.031442e-01 | ‖ω‖₁=1.628438e-01
  λ=1.700e-01 | Epoch  70 | lr=2.5000e-04 | Recon MSE=2.187529e-01 | ‖ω‖₁=1.172120e-01
  λ=1.700e-01 | Epoch  80 | lr=2.5000e-04 | Recon MSE=2.241136e-01 | ‖ω‖₁=8.687193e-02
  λ=1.700e-01 | Epoch  90 | lr=2.5000e-04 | Recon MSE=2.232005e-01 | ‖ω‖₁=6.672600e-02
  λ=1.700e-01 | Epoch 100 | lr=1.2500e-04 | Recon MSE=2.850736e-01 | ‖ω‖₁=4.998166e-02
  λ=1.700e-01 | Epoch 110 | lr=1.2500e-04 | Recon MSE=3.153494e-01 | ‖ω‖₁=3.826591e-02
  λ=1.700e-01 | Epoch 120 | lr=1.2500e-04 | Recon MSE=3.312402e-01 | ‖ω‖₁=3.024517e-02
  λ=1.700e-01 | Epoch 130 | lr=6.2500e-05 | Recon MSE=8.214436e-01 | ‖ω‖₁=2.092753e-02
  λ=1.700e-01 | Epoch 140 | lr=6.2500e-05 | Recon MSE=1.108375e+00 | ‖ω‖₁=1.440315e-02
  λ=1.700e-01 | Epoch 150 | lr=6.2500e-05 | Recon MSE=1.612082e+00 | ‖ω‖₁=9.427018e-03
  λ=1.700e-01 | Epoch 160 | lr=3.1250e-05 | Recon MSE=2.153238e+00 | ‖ω‖₁=6.196898e-03
  → at λ=1.700e-01:  r(λ)=75,  rel_err=2.743757e-01

-- Path iteration 39, λ = 1.870e-01   (r(λ) prev = 75)
  λ=1.870e-01 | Epoch   1 | lr=1.0000e-03 | Recon MSE=7.131673e+00 | ‖ω‖₁=5.387886e+01
  λ=1.870e-01 | Epoch  10 | lr=1.0000e-03 | Recon MSE=2.836299e+00 | ‖ω‖₁=6.364591e-01
  λ=1.870e-01 | Epoch  20 | lr=1.0000e-03 | Recon MSE=5.196463e-01 | ‖ω‖₁=4.690007e-01
  λ=1.870e-01 | Epoch  30 | lr=1.0000e-03 | Recon MSE=2.773641e-01 | ‖ω‖₁=3.507798e-01
  λ=1.870e-01 | Epoch  40 | lr=5.0000e-04 | Recon MSE=2.318429e-01 | ‖ω‖₁=2.560333e-01
  λ=1.870e-01 | Epoch  50 | lr=5.0000e-04 | Recon MSE=2.153540e-01 | ‖ω‖₁=1.833232e-01
  λ=1.870e-01 | Epoch  60 | lr=5.0000e-04 | Recon MSE=2.087681e-01 | ‖ω‖₁=1.306290e-01
  λ=1.870e-01 | Epoch  70 | lr=2.5000e-04 | Recon MSE=2.286928e-01 | ‖ω‖₁=9.146989e-02
  λ=1.870e-01 | Epoch  80 | lr=2.5000e-04 | Recon MSE=2.345312e-01 | ‖ω‖₁=6.696566e-02
  λ=1.870e-01 | Epoch  90 | lr=2.5000e-04 | Recon MSE=2.342848e-01 | ‖ω‖₁=5.147432e-02
  λ=1.870e-01 | Epoch 100 | lr=1.2500e-04 | Recon MSE=3.203662e-01 | ‖ω‖₁=3.812984e-02
  λ=1.870e-01 | Epoch 110 | lr=1.2500e-04 | Recon MSE=3.553229e-01 | ‖ω‖₁=2.851941e-02
  λ=1.870e-01 | Epoch 120 | lr=1.2500e-04 | Recon MSE=3.866946e-01 | ‖ω‖₁=2.209253e-02
  λ=1.870e-01 | Epoch 130 | lr=6.2500e-05 | Recon MSE=1.372510e+00 | ‖ω‖₁=1.382332e-02
  λ=1.870e-01 | Epoch 140 | lr=6.2500e-05 | Recon MSE=2.165971e+00 | ‖ω‖₁=8.389801e-03
  λ=1.870e-01 | Epoch 150 | lr=6.2500e-05 | Recon MSE=3.592875e+00 | ‖ω‖₁=4.662673e-03
  λ=1.870e-01 | Epoch 160 | lr=3.1250e-05 | Recon MSE=5.475720e+00 | ‖ω‖₁=2.568524e-03
  → at λ=1.870e-01:  r(λ)=78,  rel_err=4.454251e-01

-- Path iteration 40, λ = 2.057e-01   (r(λ) prev = 78)
  λ=2.057e-01 | Epoch   1 | lr=1.0000e-03 | Recon MSE=7.555983e+00 | ‖ω‖₁=4.929483e+01
  λ=2.057e-01 | Epoch  10 | lr=1.0000e-03 | Recon MSE=2.684734e+00 | ‖ω‖₁=6.202156e-01
  λ=2.057e-01 | Epoch  20 | lr=1.0000e-03 | Recon MSE=5.022282e-01 | ‖ω‖₁=4.462231e-01
  λ=2.057e-01 | Epoch  30 | lr=1.0000e-03 | Recon MSE=2.741388e-01 | ‖ω‖₁=3.241696e-01
  λ=2.057e-01 | Epoch  40 | lr=5.0000e-04 | Recon MSE=2.332943e-01 | ‖ω‖₁=2.272157e-01
  λ=2.057e-01 | Epoch  50 | lr=5.0000e-04 | Recon MSE=2.224334e-01 | ‖ω‖₁=1.560484e-01
  λ=2.057e-01 | Epoch  60 | lr=5.0000e-04 | Recon MSE=2.144261e-01 | ‖ω‖₁=1.083464e-01
  λ=2.057e-01 | Epoch  70 | lr=2.5000e-04 | Recon MSE=2.380366e-01 | ‖ω‖₁=7.496156e-02
  λ=2.057e-01 | Epoch  80 | lr=2.5000e-04 | Recon MSE=2.451617e-01 | ‖ω‖₁=5.511399e-02
  λ=2.057e-01 | Epoch  90 | lr=2.5000e-04 | Recon MSE=2.476930e-01 | ‖ω‖₁=4.225976e-02
  λ=2.057e-01 | Epoch 100 | lr=1.2500e-04 | Recon MSE=3.431032e-01 | ‖ω‖₁=3.102687e-02
  λ=2.057e-01 | Epoch 110 | lr=1.2500e-04 | Recon MSE=4.072687e-01 | ‖ω‖₁=2.254675e-02
  λ=2.057e-01 | Epoch 120 | lr=1.2500e-04 | Recon MSE=4.466972e-01 | ‖ω‖₁=1.706926e-02
  λ=2.057e-01 | Epoch 130 | lr=6.2500e-05 | Recon MSE=2.343433e+00 | ‖ω‖₁=9.372829e-03
  λ=2.057e-01 | Epoch 140 | lr=6.2500e-05 | Recon MSE=5.258966e+00 | ‖ω‖₁=4.287220e-03
  λ=2.057e-01 | Epoch 150 | lr=6.2500e-05 | Recon MSE=1.113979e+01 | ‖ω‖₁=1.547233e-03
  λ=2.057e-01 | Epoch 160 | lr=3.1250e-05 | Recon MSE=1.974413e+01 | ‖ω‖₁=4.226716e-04
  → at λ=2.057e-01:  r(λ)=57,  rel_err=8.504989e-01

-- Path iteration 41, λ = 2.263e-01   (r(λ) prev = 57)
  λ=2.263e-01 | Epoch   1 | lr=1.0000e-03 | Recon MSE=8.728965e+00 | ‖ω‖₁=4.422114e+01
  λ=2.263e-01 | Epoch  10 | lr=1.0000e-03 | Recon MSE=2.979126e+00 | ‖ω‖₁=5.937648e-01
  λ=2.263e-01 | Epoch  20 | lr=1.0000e-03 | Recon MSE=5.402526e-01 | ‖ω‖₁=4.115983e-01
  λ=2.263e-01 | Epoch  30 | lr=1.0000e-03 | Recon MSE=2.903405e-01 | ‖ω‖₁=2.854437e-01
  λ=2.263e-01 | Epoch  40 | lr=5.0000e-04 | Recon MSE=2.554944e-01 | ‖ω‖₁=1.890529e-01
  λ=2.263e-01 | Epoch  50 | lr=5.0000e-04 | Recon MSE=2.437693e-01 | ‖ω‖₁=1.238808e-01
  λ=2.263e-01 | Epoch  60 | lr=5.0000e-04 | Recon MSE=2.307147e-01 | ‖ω‖₁=8.441192e-02
  λ=2.263e-01 | Epoch  70 | lr=2.5000e-04 | Recon MSE=2.671590e-01 | ‖ω‖₁=5.764592e-02
  λ=2.263e-01 | Epoch  80 | lr=2.5000e-04 | Recon MSE=2.719771e-01 | ‖ω‖₁=4.209983e-02
  λ=2.263e-01 | Epoch  90 | lr=2.5000e-04 | Recon MSE=2.725152e-01 | ‖ω‖₁=3.225668e-02
  λ=2.263e-01 | Epoch 100 | lr=1.2500e-04 | Recon MSE=4.131734e-01 | ‖ω‖₁=2.326643e-02
  λ=2.263e-01 | Epoch 110 | lr=1.2500e-04 | Recon MSE=5.059151e-01 | ‖ω‖₁=1.632662e-02
  λ=2.263e-01 | Epoch 120 | lr=1.2500e-04 | Recon MSE=5.793212e-01 | ‖ω‖₁=1.198248e-02
  λ=2.263e-01 | Epoch 130 | lr=6.2500e-05 | Recon MSE=5.056304e+00 | ‖ω‖₁=4.945941e-03
  λ=2.263e-01 | Epoch 140 | lr=6.2500e-05 | Recon MSE=2.085735e+01 | ‖ω‖₁=6.405832e-04
  λ=2.263e-01 | Epoch 150 | lr=6.2500e-05 | Recon MSE=2.989161e+01 | ‖ω‖₁=6.461991e-06
  λ=2.263e-01 | Epoch 160 | lr=3.1250e-05 | Recon MSE=2.999931e+01 | ‖ω‖₁=0.000000e+00
  → at λ=2.263e-01:  r(λ)=0,  rel_err=1.031584e+00
All skip-weights have zeroed out. Stopping path.

Found knees using Z-method: [31 33 35 37]
[Dense2Sparse] Picked λ=9.597e-02,  r=93, err=8.939496e-02

→ Final training on full data with λ = 9.597e-02 ...
  λ=9.597e-02 | Epoch   1 | lr=1.0000e-03 | Recon MSE=8.787683e+00 | ‖ω‖₁=7.623292e+01
  λ=9.597e-02 | Epoch  10 | lr=1.0000e-03 | Recon MSE=3.900684e+00 | ‖ω‖₁=7.538992e-01
  λ=9.597e-02 | Epoch  20 | lr=1.0000e-03 | Recon MSE=6.170979e-01 | ‖ω‖₁=6.271573e-01
  λ=9.597e-02 | Epoch  30 | lr=1.0000e-03 | Recon MSE=3.097571e-01 | ‖ω‖₁=5.368920e-01
  λ=9.597e-02 | Epoch  40 | lr=5.0000e-04 | Recon MSE=2.437362e-01 | ‖ω‖₁=4.621623e-01
  λ=9.597e-02 | Epoch  50 | lr=5.0000e-04 | Recon MSE=2.234002e-01 | ‖ω‖₁=3.989939e-01
  λ=9.597e-02 | Epoch  60 | lr=5.0000e-04 | Recon MSE=2.065883e-01 | ‖ω‖₁=3.438214e-01
  λ=9.597e-02 | Epoch  70 | lr=2.5000e-04 | Recon MSE=1.976676e-01 | ‖ω‖₁=2.938484e-01
  λ=9.597e-02 | Epoch  80 | lr=2.5000e-04 | Recon MSE=1.936406e-01 | ‖ω‖₁=2.501850e-01
  λ=9.597e-02 | Epoch  90 | lr=2.5000e-04 | Recon MSE=1.929135e-01 | ‖ω‖₁=2.123300e-01
  λ=9.597e-02 | Epoch 100 | lr=1.2500e-04 | Recon MSE=2.000351e-01 | ‖ω‖₁=1.778374e-01
  λ=9.597e-02 | Epoch 110 | lr=1.2500e-04 | Recon MSE=2.088959e-01 | ‖ω‖₁=1.486815e-01
  λ=9.597e-02 | Epoch 120 | lr=1.2500e-04 | Recon MSE=2.128109e-01 | ‖ω‖₁=1.251148e-01
  λ=9.597e-02 | Epoch 130 | lr=6.2500e-05 | Recon MSE=2.381876e-01 | ‖ω‖₁=1.037453e-01
  λ=9.597e-02 | Epoch 140 | lr=6.2500e-05 | Recon MSE=2.861162e-01 | ‖ω‖₁=8.489992e-02
  λ=9.597e-02 | Epoch 150 | lr=6.2500e-05 | Recon MSE=3.204907e-01 | ‖ω‖₁=7.019687e-02
  λ=9.597e-02 | Epoch 160 | lr=3.1250e-05 | Recon MSE=3.417164e-01 | ‖ω‖₁=5.851685e-02

Final skip-weights ω: [0.0, 0.00025714311050251126, 0.0, 0.0, 0.0006910489755682647, 0.0, 0.0, 0.0, 0.00010285799362463877, 0.00019665941363200545] ...
Selected POD-mode indices (ω_j ≠ 0): [1, 4, 8, 9, 10, 11, 12, 13, 14, 15, 16, 17, 18, 19, 20, 21, 22, 23, 24, 25, 26, 27, 28, 29, 30, 31, 32, 33, 34, 35, 36, 37, 38, 39, 40, 41, 42, 43, 44, 45, 46, 47, 48, 49, 50, 51, 52, 53, 54, 55, 56, 57, 58, 59, 60, 61, 62, 63, 64, 65, 66, 67, 68, 69, 70, 71, 72, 73, 74, 75, 76, 77, 78, 79, 80, 81, 82, 83, 84, 85, 86, 87, 88, 89, 90, 91, 92, 93, 94, 95, 96, 97, 98, 99] (count = 94 / 100)
Final relative reconstruction of SparseModesNet: ||X - X_hat||_F / ||X||_F = 8.788616e-02
Final MSE per sample of SparseModesNet: = 4.721238e-01
Relative error using only selected  modes: 5.195966e-01
MSE per sample using only selected  modes: 2.791269e+00
2025-06-16 14:42:05,688 - sparsemodesnet.advecting_pulse - INFO - ==================================================
2025-06-16 14:42:05,688 - sparsemodesnet.advecting_pulse - INFO - Experiment completed successfully!
2025-06-16 14:42:05,689 - sparsemodesnet.advecting_pulse - INFO - Selected 94 modes out of 100
2025-06-16 14:42:05,689 - sparsemodesnet.advecting_pulse - INFO - Final lambda: 9.597e-02
