2025-07-30 11:24:19,826 - sparsemodesnet.advecting_pulse - INFO - Starting advecting_pulse experiment
2025-07-30 11:24:19,827 - sparsemodesnet.advecting_pulse - INFO - Log file: logs/advecting_pulse_20250730_112419.log
2025-07-30 11:24:19,827 - sparsemodesnet.advecting_pulse - INFO - ==================================================
2025-07-30 11:24:19,827 - sparsemodesnet.advecting_pulse - INFO - EXPERIMENT CONFIGURATION
2025-07-30 11:24:19,828 - sparsemodesnet.advecting_pulse - INFO - ==================================================
2025-07-30 11:24:19,828 - sparsemodesnet.advecting_pulse - INFO - Data shape: (1024, 1000)
2025-07-30 11:24:19,828 - sparsemodesnet.advecting_pulse - INFO - Data type: float64
2025-07-30 11:24:19,829 - sparsemodesnet.advecting_pulse - INFO - Data range: [0.000000, 25.231325]
2025-07-30 11:24:19,829 - sparsemodesnet.advecting_pulse - INFO - Data mean: 0.999023
2025-07-30 11:24:19,831 - sparsemodesnet.advecting_pulse - INFO - Data std: 4.101923
2025-07-30 11:24:19,831 - sparsemodesnet.advecting_pulse - INFO - ------------------------------
2025-07-30 11:24:19,832 - sparsemodesnet.advecting_pulse - INFO - CORE PARAMETERS
2025-07-30 11:24:19,832 - sparsemodesnet.advecting_pulse - INFO - ------------------------------
2025-07-30 11:24:19,832 - sparsemodesnet.advecting_pulse - INFO - s (latent dimension): 100
2025-07-30 11:24:19,832 - sparsemodesnet.advecting_pulse - INFO - I_nn provided: False
2025-07-30 11:24:19,833 - sparsemodesnet.advecting_pulse - INFO - ------------------------------
2025-07-30 11:24:19,833 - sparsemodesnet.advecting_pulse - INFO - NETWORK CONFIGURATION
2025-07-30 11:24:19,833 - sparsemodesnet.advecting_pulse - INFO - ------------------------------
2025-07-30 11:24:19,834 - sparsemodesnet.advecting_pulse - INFO - Network type: FF
2025-07-30 11:24:19,834 - sparsemodesnet.advecting_pulse - INFO - Hidden units: [100, 2000, 100]
2025-07-30 11:24:19,834 - sparsemodesnet.advecting_pulse - INFO - Polynomial order: 2
2025-07-30 11:24:19,834 - sparsemodesnet.advecting_pulse - INFO - Number of polynomials: 2
2025-07-30 11:24:19,834 - sparsemodesnet.advecting_pulse - INFO - Drop linear: False
2025-07-30 11:24:19,834 - sparsemodesnet.advecting_pulse - INFO - Drop constant: False
2025-07-30 11:24:19,835 - sparsemodesnet.advecting_pulse - INFO - ------------------------------
2025-07-30 11:24:19,835 - sparsemodesnet.advecting_pulse - INFO - TRAINING CONFIGURATION
2025-07-30 11:24:19,835 - sparsemodesnet.advecting_pulse - INFO - ------------------------------
2025-07-30 11:24:19,835 - sparsemodesnet.advecting_pulse - INFO - Learning rate: 0.001
2025-07-30 11:24:19,835 - sparsemodesnet.advecting_pulse - INFO - Number of epochs: 100
2025-07-30 11:24:19,836 - sparsemodesnet.advecting_pulse - INFO - Batch size: 200
2025-07-30 11:24:19,836 - sparsemodesnet.advecting_pulse - INFO - Optimizer: Adam
2025-07-30 11:24:19,836 - sparsemodesnet.advecting_pulse - INFO - Device: mps
2025-07-30 11:24:19,836 - sparsemodesnet.advecting_pulse - INFO - ------------------------------
2025-07-30 11:24:19,836 - sparsemodesnet.advecting_pulse - INFO - PREPROCESSING CONFIGURATION
2025-07-30 11:24:19,837 - sparsemodesnet.advecting_pulse - INFO - ------------------------------
2025-07-30 11:24:19,837 - sparsemodesnet.advecting_pulse - INFO - Normalize: True
2025-07-30 11:24:19,837 - sparsemodesnet.advecting_pulse - INFO - Center: True
2025-07-30 11:24:19,837 - sparsemodesnet.advecting_pulse - INFO - Whiten: False
2025-07-30 11:24:19,837 - sparsemodesnet.advecting_pulse - INFO - Whitening epsilon: 1e-05
