2025-06-17 13:47:57,263 - sparsemodesnet.advecting_pulse - INFO - Starting advecting_pulse experiment
2025-06-17 13:47:57,264 - sparsemodesnet.advecting_pulse - INFO - Log file: /Users/tkoike3/Dev/Research/sparsemodesnet/experiments/logs/advecting_pulse_20250617_134757.log
2025-06-17 13:47:57,264 - sparsemodesnet.advecting_pulse - INFO - Experiment: Advecting Pulse
2025-06-17 13:47:57,265 - sparsemodesnet.advecting_pulse - INFO - Data shape: (1024, 1000)
2025-06-17 13:47:57,265 - sparsemodesnet.advecting_pulse - INFO - POD dimension: 100
2025-06-17 13:47:57,265 - sparsemodesnet.advecting_pulse - INFO - Hidden units: [100, 5050, 100]
2025-06-17 13:47:57,266 - sparsemodesnet.advecting_pulse - INFO - Regularization method: dense2sparse
2025-06-17 13:47:57,266 - sparsemodesnet.advecting_pulse - INFO - Device: mps
2025-06-17 13:47:57,266 - sparsemodesnet.advecting_pulse - INFO - Training parameters: M=2.0, lr=0.001, batch_size=128
2025-06-17 13:47:57,267 - sparsemodesnet.advecting_pulse - INFO - Optimizer: Adam, knee_method: dfdt
2025-06-17 13:47:57,267 - sparsemodesnet.advecting_pulse - INFO - NN type: PiNetNCP with polynomial order of 2, and 2 number of polynomial blocks
2025-06-17 13:47:57,267 - sparsemodesnet.advecting_pulse - INFO - ==================================================

=== SparseModesNet (λ-path=dense2sparse) on Advecting Pulse: d=1024, n=1000, s=100 ===

=== Dense-To-Sparse (default) λ-Path ===

-- Path iteration 1, λ = 1.000e-03   (r(λ) prev = 100)
  λ=1.000e-03 | Epoch   1 | lr=1.0000e-03 | Recon MSE=8.415361e-05 | ‖ω‖₁=9.978865e+01
  λ=1.000e-03 | Epoch  10 | lr=1.0000e-03 | Recon MSE=9.301544e-05 | ‖ω‖₁=9.945084e+01
  λ=1.000e-03 | Epoch  20 | lr=5.0000e-04 | Recon MSE=2.982599e-04 | ‖ω‖₁=9.915285e+01
  λ=1.000e-03 | Epoch  30 | lr=5.0000e-04 | Recon MSE=1.362182e-03 | ‖ω‖₁=9.762441e+01
  λ=1.000e-03 | Epoch  40 | lr=2.5000e-04 | Recon MSE=2.570310e-03 | ‖ω‖₁=9.595247e+01
  λ=1.000e-03 | Epoch  50 | lr=2.5000e-04 | Recon MSE=1.125565e-02 | ‖ω‖₁=9.176396e+01
  λ=1.000e-03 | Epoch  60 | lr=1.2500e-04 | Recon MSE=2.272196e-02 | ‖ω‖₁=8.719507e+01
  λ=1.000e-03 | Epoch  70 | lr=1.2500e-04 | Recon MSE=3.400669e-02 | ‖ω‖₁=8.080359e+01
  λ=1.000e-03 | Epoch  80 | lr=6.2500e-05 | Recon MSE=4.675499e-02 | ‖ω‖₁=7.421312e+01
  λ=1.000e-03 | Epoch  90 | lr=6.2500e-05 | Recon MSE=6.354439e-02 | ‖ω‖₁=6.689831e+01
  λ=1.000e-03 | Epoch 100 | lr=3.1250e-05 | Recon MSE=8.227836e-02 | ‖ω‖₁=5.952395e+01
  → at λ=1.000e-03:  r(λ)=100,  rel_err=5.408733e-02

-- Path iteration 2, λ = 1.200e-03   (r(λ) prev = 100)
  λ=1.200e-03 | Epoch   1 | lr=1.0000e-03 | Recon MSE=1.583863e-04 | ‖ω‖₁=9.971805e+01
  λ=1.200e-03 | Epoch  10 | lr=1.0000e-03 | Recon MSE=1.012736e-03 | ‖ω‖₁=9.880540e+01
  λ=1.200e-03 | Epoch  20 | lr=5.0000e-04 | Recon MSE=2.792979e-03 | ‖ω‖₁=9.741639e+01
  λ=1.200e-03 | Epoch  30 | lr=5.0000e-04 | Recon MSE=7.383131e-03 | ‖ω‖₁=9.331962e+01
  λ=1.200e-03 | Epoch  40 | lr=2.5000e-04 | Recon MSE=1.078691e-02 | ‖ω‖₁=8.895475e+01
  λ=1.200e-03 | Epoch  50 | lr=2.5000e-04 | Recon MSE=1.988659e-02 | ‖ω‖₁=8.208386e+01
  λ=1.200e-03 | Epoch  60 | lr=1.2500e-04 | Recon MSE=2.869869e-02 | ‖ω‖₁=7.497497e+01
  λ=1.200e-03 | Epoch  70 | lr=1.2500e-04 | Recon MSE=3.739554e-02 | ‖ω‖₁=6.660747e+01
  λ=1.200e-03 | Epoch  80 | lr=6.2500e-05 | Recon MSE=5.806467e-02 | ‖ω‖₁=5.813668e+01
  λ=1.200e-03 | Epoch  90 | lr=6.2500e-05 | Recon MSE=6.496209e-02 | ‖ω‖₁=4.911750e+01
  λ=1.200e-03 | Epoch 100 | lr=3.1250e-05 | Recon MSE=8.700139e-02 | ‖ω‖₁=4.010144e+01
  → at λ=1.200e-03:  r(λ)=100,  rel_err=5.575972e-02

-- Path iteration 3, λ = 1.440e-03   (r(λ) prev = 100)
  λ=1.440e-03 | Epoch   1 | lr=1.0000e-03 | Recon MSE=3.036999e-04 | ‖ω‖₁=9.962774e+01
  λ=1.440e-03 | Epoch  10 | lr=1.0000e-03 | Recon MSE=5.166925e-03 | ‖ω‖₁=9.730141e+01
  λ=1.440e-03 | Epoch  20 | lr=5.0000e-04 | Recon MSE=8.923396e-03 | ‖ω‖₁=9.387507e+01
  λ=1.440e-03 | Epoch  30 | lr=5.0000e-04 | Recon MSE=1.510223e-02 | ‖ω‖₁=8.690835e+01
  λ=1.440e-03 | Epoch  40 | lr=2.5000e-04 | Recon MSE=2.063035e-02 | ‖ω‖₁=7.975310e+01
  λ=1.440e-03 | Epoch  50 | lr=2.5000e-04 | Recon MSE=2.570234e-02 | ‖ω‖₁=7.038239e+01
  λ=1.440e-03 | Epoch  60 | lr=1.2500e-04 | Recon MSE=4.653188e-02 | ‖ω‖₁=6.089901e+01
  λ=1.440e-03 | Epoch  70 | lr=1.2500e-04 | Recon MSE=4.757031e-02 | ‖ω‖₁=5.039031e+01
  λ=1.440e-03 | Epoch  80 | lr=6.2500e-05 | Recon MSE=6.627426e-02 | ‖ω‖₁=3.984328e+01
  λ=1.440e-03 | Epoch  90 | lr=6.2500e-05 | Recon MSE=8.711712e-02 | ‖ω‖₁=2.895385e+01
  λ=1.440e-03 | Epoch 100 | lr=3.1250e-05 | Recon MSE=1.166668e-01 | ‖ω‖₁=1.933339e+01
  → at λ=1.440e-03:  r(λ)=100,  rel_err=6.397715e-02

-- Path iteration 4, λ = 1.728e-03   (r(λ) prev = 100)
  λ=1.728e-03 | Epoch   1 | lr=1.0000e-03 | Recon MSE=5.527322e-04 | ‖ω‖₁=9.948091e+01
  λ=1.728e-03 | Epoch  10 | lr=1.0000e-03 | Recon MSE=1.620700e-02 | ‖ω‖₁=9.515325e+01
  λ=1.728e-03 | Epoch  20 | lr=5.0000e-04 | Recon MSE=2.254845e-02 | ‖ω‖₁=8.948429e+01
  λ=1.728e-03 | Epoch  30 | lr=5.0000e-04 | Recon MSE=2.954985e-02 | ‖ω‖₁=7.984911e+01
  λ=1.728e-03 | Epoch  40 | lr=2.5000e-04 | Recon MSE=4.672963e-02 | ‖ω‖₁=6.983397e+01
  λ=1.728e-03 | Epoch  50 | lr=2.5000e-04 | Recon MSE=4.097309e-02 | ‖ω‖₁=5.783276e+01
  λ=1.728e-03 | Epoch  60 | lr=1.2500e-04 | Recon MSE=7.889184e-02 | ‖ω‖₁=4.574971e+01
  λ=1.728e-03 | Epoch  70 | lr=1.2500e-04 | Recon MSE=7.286133e-02 | ‖ω‖₁=3.285984e+01
  λ=1.728e-03 | Epoch  80 | lr=6.2500e-05 | Recon MSE=1.249094e-01 | ‖ω‖₁=2.062041e+01
  λ=1.728e-03 | Epoch  90 | lr=6.2500e-05 | Recon MSE=1.260436e-01 | ‖ω‖₁=1.193660e+01
  λ=1.728e-03 | Epoch 100 | lr=3.1250e-05 | Recon MSE=1.560747e-01 | ‖ω‖₁=6.173831e+00
  → at λ=1.728e-03:  r(λ)=100,  rel_err=7.472339e-02

-- Path iteration 5, λ = 2.074e-03   (r(λ) prev = 100)
  λ=2.074e-03 | Epoch   1 | lr=1.0000e-03 | Recon MSE=9.843908e-04 | ‖ω‖₁=9.934814e+01
  λ=2.074e-03 | Epoch  10 | lr=1.0000e-03 | Recon MSE=4.175839e-02 | ‖ω‖₁=9.260331e+01
  λ=2.074e-03 | Epoch  20 | lr=5.0000e-04 | Recon MSE=5.948219e-02 | ‖ω‖₁=8.412115e+01
  λ=2.074e-03 | Epoch  30 | lr=5.0000e-04 | Recon MSE=5.195874e-02 | ‖ω‖₁=7.131165e+01
  λ=2.074e-03 | Epoch  40 | lr=2.5000e-04 | Recon MSE=8.778485e-02 | ‖ω‖₁=5.811502e+01
  λ=2.074e-03 | Epoch  50 | lr=2.5000e-04 | Recon MSE=7.939914e-02 | ‖ω‖₁=4.315748e+01
  λ=2.074e-03 | Epoch  60 | lr=1.2500e-04 | Recon MSE=1.305608e-01 | ‖ω‖₁=2.826823e+01
  λ=2.074e-03 | Epoch  70 | lr=1.2500e-04 | Recon MSE=1.434016e-01 | ‖ω‖₁=1.497981e+01
  λ=2.074e-03 | Epoch  80 | lr=6.2500e-05 | Recon MSE=1.615066e-01 | ‖ω‖₁=7.309000e+00
  λ=2.074e-03 | Epoch  90 | lr=6.2500e-05 | Recon MSE=1.800311e-01 | ‖ω‖₁=4.606340e+00
  λ=2.074e-03 | Epoch 100 | lr=3.1250e-05 | Recon MSE=1.681691e-01 | ‖ω‖₁=4.304949e+00
  → at λ=2.074e-03:  r(λ)=100,  rel_err=7.698086e-02

-- Path iteration 6, λ = 2.488e-03   (r(λ) prev = 100)
  λ=2.488e-03 | Epoch   1 | lr=1.0000e-03 | Recon MSE=1.550215e-03 | ‖ω‖₁=9.917755e+01
  λ=2.488e-03 | Epoch  10 | lr=1.0000e-03 | Recon MSE=1.007340e-01 | ‖ω‖₁=8.965096e+01
  λ=2.488e-03 | Epoch  20 | lr=5.0000e-04 | Recon MSE=9.215462e-02 | ‖ω‖₁=7.779390e+01
  λ=2.488e-03 | Epoch  30 | lr=5.0000e-04 | Recon MSE=1.204590e-01 | ‖ω‖₁=6.133334e+01
  λ=2.488e-03 | Epoch  40 | lr=2.5000e-04 | Recon MSE=1.399933e-01 | ‖ω‖₁=4.454758e+01
  λ=2.488e-03 | Epoch  50 | lr=2.5000e-04 | Recon MSE=1.593293e-01 | ‖ω‖₁=2.629485e+01
  λ=2.488e-03 | Epoch  60 | lr=1.2500e-04 | Recon MSE=2.425663e-01 | ‖ω‖₁=1.171130e+01
  λ=2.488e-03 | Epoch  70 | lr=1.2500e-04 | Recon MSE=2.526959e-01 | ‖ω‖₁=4.817342e+00
  λ=2.488e-03 | Epoch  80 | lr=6.2500e-05 | Recon MSE=2.212063e-01 | ‖ω‖₁=4.340890e+00
  λ=2.488e-03 | Epoch  90 | lr=6.2500e-05 | Recon MSE=2.092199e-01 | ‖ω‖₁=4.080061e+00
  λ=2.488e-03 | Epoch 100 | lr=3.1250e-05 | Recon MSE=1.998561e-01 | ‖ω‖₁=3.873736e+00
  → at λ=2.488e-03:  r(λ)=100,  rel_err=8.400232e-02

-- Path iteration 7, λ = 2.986e-03   (r(λ) prev = 100)
  λ=2.986e-03 | Epoch   1 | lr=1.0000e-03 | Recon MSE=2.605654e-03 | ‖ω‖₁=9.893897e+01
  λ=2.986e-03 | Epoch  10 | lr=1.0000e-03 | Recon MSE=4.311018e-01 | ‖ω‖₁=8.634007e+01
  λ=2.986e-03 | Epoch  20 | lr=5.0000e-04 | Recon MSE=4.453467e-01 | ‖ω‖₁=7.212615e+01
  λ=2.986e-03 | Epoch  30 | lr=5.0000e-04 | Recon MSE=4.567194e-01 | ‖ω‖₁=5.224318e+01
  λ=2.986e-03 | Epoch  40 | lr=2.5000e-04 | Recon MSE=4.598700e-01 | ‖ω‖₁=3.133139e+01
  λ=2.986e-03 | Epoch  50 | lr=2.5000e-04 | Recon MSE=5.669504e-01 | ‖ω‖₁=1.172383e+01
  λ=2.986e-03 | Epoch  60 | lr=1.2500e-04 | Recon MSE=5.540729e-01 | ‖ω‖₁=4.731210e+00
  λ=2.986e-03 | Epoch  70 | lr=1.2500e-04 | Recon MSE=4.783291e-01 | ‖ω‖₁=4.250432e+00
  λ=2.986e-03 | Epoch  80 | lr=6.2500e-05 | Recon MSE=4.218605e-01 | ‖ω‖₁=3.951900e+00
  λ=2.986e-03 | Epoch  90 | lr=6.2500e-05 | Recon MSE=3.947923e-01 | ‖ω‖₁=3.714510e+00
  λ=2.986e-03 | Epoch 100 | lr=3.1250e-05 | Recon MSE=3.709834e-01 | ‖ω‖₁=3.513779e+00
  → at λ=2.986e-03:  r(λ)=100,  rel_err=1.144289e-01

-- Path iteration 8, λ = 3.583e-03   (r(λ) prev = 100)
  λ=3.583e-03 | Epoch   1 | lr=1.0000e-03 | Recon MSE=3.854436e-03 | ‖ω‖₁=9.869185e+01
  λ=3.583e-03 | Epoch  10 | lr=1.0000e-03 | Recon MSE=5.052264e-01 | ‖ω‖₁=8.146853e+01
  λ=3.583e-03 | Epoch  20 | lr=5.0000e-04 | Recon MSE=4.681042e-01 | ‖ω‖₁=6.079572e+01
  λ=3.583e-03 | Epoch  30 | lr=5.0000e-04 | Recon MSE=3.963741e-01 | ‖ω‖₁=3.531334e+01
  λ=3.583e-03 | Epoch  40 | lr=2.5000e-04 | Recon MSE=6.750548e-01 | ‖ω‖₁=1.160894e+01
  λ=3.583e-03 | Epoch  50 | lr=2.5000e-04 | Recon MSE=4.737361e-01 | ‖ω‖₁=4.538152e+00
  λ=3.583e-03 | Epoch  60 | lr=1.2500e-04 | Recon MSE=3.912929e-01 | ‖ω‖₁=4.094860e+00
  λ=3.583e-03 | Epoch  70 | lr=1.2500e-04 | Recon MSE=3.564450e-01 | ‖ω‖₁=3.798506e+00
  λ=3.583e-03 | Epoch  80 | lr=6.2500e-05 | Recon MSE=3.279605e-01 | ‖ω‖₁=3.559602e+00
  λ=3.583e-03 | Epoch  90 | lr=6.2500e-05 | Recon MSE=3.141934e-01 | ‖ω‖₁=3.354216e+00
  λ=3.583e-03 | Epoch 100 | lr=3.1250e-05 | Recon MSE=3.019230e-01 | ‖ω‖₁=3.172445e+00
  → at λ=3.583e-03:  r(λ)=100,  rel_err=1.032988e-01

-- Path iteration 9, λ = 4.300e-03   (r(λ) prev = 100)
  λ=4.300e-03 | Epoch   1 | lr=1.0000e-03 | Recon MSE=6.293970e-03 | ‖ω‖₁=9.837679e+01
  λ=4.300e-03 | Epoch  10 | lr=1.0000e-03 | Recon MSE=1.005444e+00 | ‖ω‖₁=7.617547e+01
  λ=4.300e-03 | Epoch  20 | lr=5.0000e-04 | Recon MSE=7.852346e-01 | ‖ω‖₁=4.969360e+01
  λ=4.300e-03 | Epoch  30 | lr=5.0000e-04 | Recon MSE=7.288501e-01 | ‖ω‖₁=1.871881e+01
  λ=4.300e-03 | Epoch  40 | lr=2.5000e-04 | Recon MSE=6.637815e-01 | ‖ω‖₁=4.692411e+00
  λ=4.300e-03 | Epoch  50 | lr=2.5000e-04 | Recon MSE=5.015185e-01 | ‖ω‖₁=4.123104e+00
  λ=4.300e-03 | Epoch  60 | lr=1.2500e-04 | Recon MSE=4.269255e-01 | ‖ω‖₁=3.770907e+00
  λ=4.300e-03 | Epoch  70 | lr=1.2500e-04 | Recon MSE=3.989537e-01 | ‖ω‖₁=3.494667e+00
  λ=4.300e-03 | Epoch  80 | lr=6.2500e-05 | Recon MSE=3.751146e-01 | ‖ω‖₁=3.261844e+00
  λ=4.300e-03 | Epoch  90 | lr=6.2500e-05 | Recon MSE=3.635864e-01 | ‖ω‖₁=3.054775e+00
  λ=4.300e-03 | Epoch 100 | lr=3.1250e-05 | Recon MSE=3.533864e-01 | ‖ω‖₁=2.867144e+00
  → at λ=4.300e-03:  r(λ)=100,  rel_err=1.118175e-01

-- Path iteration 10, λ = 5.160e-03   (r(λ) prev = 100)
  λ=5.160e-03 | Epoch   1 | lr=1.0000e-03 | Recon MSE=9.420525e-03 | ‖ω‖₁=9.799302e+01
  λ=5.160e-03 | Epoch  10 | lr=1.0000e-03 | Recon MSE=1.505268e+00 | ‖ω‖₁=6.952804e+01
  λ=5.160e-03 | Epoch  20 | lr=5.0000e-04 | Recon MSE=1.296764e+00 | ‖ω‖₁=3.557216e+01
  λ=5.160e-03 | Epoch  30 | lr=5.0000e-04 | Recon MSE=1.260267e+00 | ‖ω‖₁=5.329564e+00
  λ=5.160e-03 | Epoch  40 | lr=2.5000e-04 | Recon MSE=7.587613e-01 | ‖ω‖₁=4.150943e+00
  λ=5.160e-03 | Epoch  50 | lr=2.5000e-04 | Recon MSE=6.148685e-01 | ‖ω‖₁=3.730848e+00
  λ=5.160e-03 | Epoch  60 | lr=1.2500e-04 | Recon MSE=5.105654e-01 | ‖ω‖₁=3.419354e+00
  λ=5.160e-03 | Epoch  70 | lr=1.2500e-04 | Recon MSE=4.636915e-01 | ‖ω‖₁=3.154527e+00
  λ=5.160e-03 | Epoch  80 | lr=6.2500e-05 | Recon MSE=4.229772e-01 | ‖ω‖₁=2.923027e+00
  λ=5.160e-03 | Epoch  90 | lr=6.2500e-05 | Recon MSE=4.039726e-01 | ‖ω‖₁=2.712892e+00
  λ=5.160e-03 | Epoch 100 | lr=3.1250e-05 | Recon MSE=3.871379e-01 | ‖ω‖₁=2.520741e+00
  → at λ=5.160e-03:  r(λ)=100,  rel_err=1.169815e-01

-- Path iteration 11, λ = 6.192e-03   (r(λ) prev = 100)
  λ=6.192e-03 | Epoch   1 | lr=1.0000e-03 | Recon MSE=1.440478e-02 | ‖ω‖₁=9.753209e+01
  λ=6.192e-03 | Epoch  10 | lr=1.0000e-03 | Recon MSE=3.692911e+00 | ‖ω‖₁=6.194077e+01
  λ=6.192e-03 | Epoch  20 | lr=5.0000e-04 | Recon MSE=8.916617e+00 | ‖ω‖₁=2.224972e+01
  λ=6.192e-03 | Epoch  30 | lr=5.0000e-04 | Recon MSE=7.815743e+00 | ‖ω‖₁=4.360346e+00
  λ=6.192e-03 | Epoch  40 | lr=2.5000e-04 | Recon MSE=4.770536e+00 | ‖ω‖₁=3.757393e+00
  λ=6.192e-03 | Epoch  50 | lr=2.5000e-04 | Recon MSE=3.647880e+00 | ‖ω‖₁=3.357599e+00
  λ=6.192e-03 | Epoch  60 | lr=1.2500e-04 | Recon MSE=2.776560e+00 | ‖ω‖₁=3.042992e+00
  λ=6.192e-03 | Epoch  70 | lr=1.2500e-04 | Recon MSE=2.357962e+00 | ‖ω‖₁=2.766711e+00
  λ=6.192e-03 | Epoch  80 | lr=6.2500e-05 | Recon MSE=2.068491e+00 | ‖ω‖₁=2.526804e+00
  λ=6.192e-03 | Epoch  90 | lr=6.2500e-05 | Recon MSE=1.941487e+00 | ‖ω‖₁=2.305290e+00
  λ=6.192e-03 | Epoch 100 | lr=3.1250e-05 | Recon MSE=1.833515e+00 | ‖ω‖₁=2.102729e+00
  → at λ=6.192e-03:  r(λ)=100,  rel_err=2.545723e-01

-- Path iteration 12, λ = 7.430e-03   (r(λ) prev = 100)
  λ=7.430e-03 | Epoch   1 | lr=1.0000e-03 | Recon MSE=2.159547e-02 | ‖ω‖₁=9.700332e+01
  λ=7.430e-03 | Epoch  10 | lr=1.0000e-03 | Recon MSE=5.204939e+00 | ‖ω‖₁=5.235222e+01
  λ=7.430e-03 | Epoch  20 | lr=5.0000e-04 | Recon MSE=6.241188e+00 | ‖ω‖₁=5.508249e+00
  λ=7.430e-03 | Epoch  30 | lr=5.0000e-04 | Recon MSE=3.260047e+00 | ‖ω‖₁=4.032659e+00
  λ=7.430e-03 | Epoch  40 | lr=2.5000e-04 | Recon MSE=2.087062e+00 | ‖ω‖₁=3.511526e+00
  λ=7.430e-03 | Epoch  50 | lr=2.5000e-04 | Recon MSE=1.646446e+00 | ‖ω‖₁=3.115343e+00
  λ=7.430e-03 | Epoch  60 | lr=1.2500e-04 | Recon MSE=1.239428e+00 | ‖ω‖₁=2.785988e+00
  λ=7.430e-03 | Epoch  70 | lr=1.2500e-04 | Recon MSE=1.079930e+00 | ‖ω‖₁=2.497797e+00
  λ=7.430e-03 | Epoch  80 | lr=6.2500e-05 | Recon MSE=9.635448e-01 | ‖ω‖₁=2.241168e+00
  λ=7.430e-03 | Epoch  90 | lr=6.2500e-05 | Recon MSE=9.133069e-01 | ‖ω‖₁=2.006620e+00
  λ=7.430e-03 | Epoch 100 | lr=3.1250e-05 | Recon MSE=8.708534e-01 | ‖ω‖₁=1.791830e+00
  → at λ=7.430e-03:  r(λ)=100,  rel_err=1.754834e-01

-- Path iteration 13, λ = 8.916e-03   (r(λ) prev = 100)
  λ=8.916e-03 | Epoch   1 | lr=1.0000e-03 | Recon MSE=3.189664e-02 | ‖ω‖₁=9.634759e+01
  λ=8.916e-03 | Epoch  10 | lr=1.0000e-03 | Recon MSE=8.917095e+00 | ‖ω‖₁=4.120117e+01
  λ=8.916e-03 | Epoch  20 | lr=5.0000e-04 | Recon MSE=1.954192e+01 | ‖ω‖₁=4.505987e+00
  λ=8.916e-03 | Epoch  30 | lr=5.0000e-04 | Recon MSE=1.549494e+01 | ‖ω‖₁=3.664465e+00
  λ=8.916e-03 | Epoch  40 | lr=2.5000e-04 | Recon MSE=8.966444e+00 | ‖ω‖₁=3.194702e+00
  λ=8.916e-03 | Epoch  50 | lr=2.5000e-04 | Recon MSE=6.660489e+00 | ‖ω‖₁=2.764106e+00
  λ=8.916e-03 | Epoch  60 | lr=1.2500e-04 | Recon MSE=5.055415e+00 | ‖ω‖₁=2.436799e+00
  λ=8.916e-03 | Epoch  70 | lr=1.2500e-04 | Recon MSE=4.266541e+00 | ‖ω‖₁=2.132441e+00
  λ=8.916e-03 | Epoch  80 | lr=6.2500e-05 | Recon MSE=3.767276e+00 | ‖ω‖₁=1.867811e+00
  λ=8.916e-03 | Epoch  90 | lr=6.2500e-05 | Recon MSE=3.552914e+00 | ‖ω‖₁=1.624392e+00
  λ=8.916e-03 | Epoch 100 | lr=3.1250e-05 | Recon MSE=3.360353e+00 | ‖ω‖₁=1.405625e+00
  → at λ=8.916e-03:  r(λ)=100,  rel_err=3.446115e-01

-- Path iteration 14, λ = 1.070e-02   (r(λ) prev = 100)
  λ=1.070e-02 | Epoch   1 | lr=1.0000e-03 | Recon MSE=4.735493e-02 | ‖ω‖₁=9.555718e+01
  λ=1.070e-02 | Epoch  10 | lr=1.0000e-03 | Recon MSE=1.363893e+01 | ‖ω‖₁=2.732109e+01
  λ=1.070e-02 | Epoch  20 | lr=5.0000e-04 | Recon MSE=2.410257e+01 | ‖ω‖₁=4.060880e+00
  λ=1.070e-02 | Epoch  30 | lr=5.0000e-04 | Recon MSE=2.264049e+01 | ‖ω‖₁=3.325039e+00
  λ=1.070e-02 | Epoch  40 | lr=2.5000e-04 | Recon MSE=2.069910e+01 | ‖ω‖₁=2.823578e+00
  λ=1.070e-02 | Epoch  50 | lr=2.5000e-04 | Recon MSE=2.073672e+01 | ‖ω‖₁=2.384643e+00
  λ=1.070e-02 | Epoch  60 | lr=1.2500e-04 | Recon MSE=2.051619e+01 | ‖ω‖₁=2.039727e+00
  λ=1.070e-02 | Epoch  70 | lr=1.2500e-04 | Recon MSE=1.949900e+01 | ‖ω‖₁=1.709613e+00
  λ=1.070e-02 | Epoch  80 | lr=6.2500e-05 | Recon MSE=1.763687e+01 | ‖ω‖₁=1.423819e+00
  λ=1.070e-02 | Epoch  90 | lr=6.2500e-05 | Recon MSE=1.669846e+01 | ‖ω‖₁=1.144419e+00
  λ=1.070e-02 | Epoch 100 | lr=3.1250e-05 | Recon MSE=1.574950e+01 | ‖ω‖₁=8.931179e-01
  → at λ=1.070e-02:  r(λ)=100,  rel_err=7.469048e-01

-- Path iteration 15, λ = 1.284e-02   (r(λ) prev = 100)
  λ=1.284e-02 | Epoch   1 | lr=1.0000e-03 | Recon MSE=6.945900e-02 | ‖ω‖₁=9.460211e+01
  λ=1.284e-02 | Epoch  10 | lr=1.0000e-03 | Recon MSE=2.048643e+01 | ‖ω‖₁=1.115311e+01
  λ=1.284e-02 | Epoch  20 | lr=5.0000e-04 | Recon MSE=1.810117e+01 | ‖ω‖₁=3.819818e+00
  λ=1.284e-02 | Epoch  30 | lr=5.0000e-04 | Recon MSE=1.315969e+01 | ‖ω‖₁=3.033729e+00
  λ=1.284e-02 | Epoch  40 | lr=2.5000e-04 | Recon MSE=9.032150e+00 | ‖ω‖₁=2.514162e+00
  λ=1.284e-02 | Epoch  50 | lr=2.5000e-04 | Recon MSE=6.969906e+00 | ‖ω‖₁=2.080310e+00
  λ=1.284e-02 | Epoch  60 | lr=1.2500e-04 | Recon MSE=5.524926e+00 | ‖ω‖₁=1.710409e+00
  λ=1.284e-02 | Epoch  70 | lr=1.2500e-04 | Recon MSE=5.058547e+00 | ‖ω‖₁=1.368424e+00
  λ=1.284e-02 | Epoch  80 | lr=6.2500e-05 | Recon MSE=4.570562e+00 | ‖ω‖₁=1.076143e+00
  λ=1.284e-02 | Epoch  90 | lr=6.2500e-05 | Recon MSE=4.388472e+00 | ‖ω‖₁=8.046224e-01
  λ=1.284e-02 | Epoch 100 | lr=3.1250e-05 | Recon MSE=4.250893e+00 | ‖ω‖₁=5.623082e-01
  → at λ=1.284e-02:  r(λ)=100,  rel_err=3.879596e-01

-- Path iteration 16, λ = 1.541e-02   (r(λ) prev = 100)
  λ=1.541e-02 | Epoch   1 | lr=1.0000e-03 | Recon MSE=1.025622e-01 | ‖ω‖₁=9.347570e+01
  λ=1.541e-02 | Epoch  10 | lr=1.0000e-03 | Recon MSE=2.426138e+01 | ‖ω‖₁=4.725849e+00
  λ=1.541e-02 | Epoch  20 | lr=5.0000e-04 | Recon MSE=2.431658e+01 | ‖ω‖₁=3.471079e+00
  λ=1.541e-02 | Epoch  30 | lr=5.0000e-04 | Recon MSE=2.409581e+01 | ‖ω‖₁=2.671795e+00
  λ=1.541e-02 | Epoch  40 | lr=2.5000e-04 | Recon MSE=2.318760e+01 | ‖ω‖₁=2.134519e+00
  λ=1.541e-02 | Epoch  50 | lr=2.5000e-04 | Recon MSE=2.033004e+01 | ‖ω‖₁=1.671507e+00
  λ=1.541e-02 | Epoch  60 | lr=1.2500e-04 | Recon MSE=2.009510e+01 | ‖ω‖₁=1.251046e+00
  λ=1.541e-02 | Epoch  70 | lr=1.2500e-04 | Recon MSE=1.955620e+01 | ‖ω‖₁=8.782111e-01
  λ=1.541e-02 | Epoch  80 | lr=6.2500e-05 | Recon MSE=1.925657e+01 | ‖ω‖₁=5.460288e-01
  λ=1.541e-02 | Epoch  90 | lr=6.2500e-05 | Recon MSE=1.925969e+01 | ‖ω‖₁=2.594672e-01
  λ=1.541e-02 | Epoch 100 | lr=3.1250e-05 | Recon MSE=1.909525e+01 | ‖ω‖₁=1.289888e-01
  → at λ=1.541e-02:  r(λ)=23,  rel_err=8.227179e-01

-- Path iteration 17, λ = 1.849e-02   (r(λ) prev = 23)
  λ=1.849e-02 | Epoch   1 | lr=1.0000e-03 | Recon MSE=1.500929e-01 | ‖ω‖₁=9.211261e+01
  λ=1.849e-02 | Epoch  10 | lr=1.0000e-03 | Recon MSE=2.449732e+01 | ‖ω‖₁=4.246453e+00
  λ=1.849e-02 | Epoch  20 | lr=5.0000e-04 | Recon MSE=2.508589e+01 | ‖ω‖₁=3.070579e+00
  λ=1.849e-02 | Epoch  30 | lr=5.0000e-04 | Recon MSE=2.531080e+01 | ‖ω‖₁=2.346221e+00
  λ=1.849e-02 | Epoch  40 | lr=2.5000e-04 | Recon MSE=2.453943e+01 | ‖ω‖₁=1.771879e+00
  λ=1.849e-02 | Epoch  50 | lr=2.5000e-04 | Recon MSE=2.400614e+01 | ‖ω‖₁=1.273149e+00
  λ=1.849e-02 | Epoch  60 | lr=1.2500e-04 | Recon MSE=2.369468e+01 | ‖ω‖₁=8.311567e-01
  λ=1.849e-02 | Epoch  70 | lr=1.2500e-04 | Recon MSE=2.298957e+01 | ‖ω‖₁=4.439820e-01
  λ=1.849e-02 | Epoch  80 | lr=6.2500e-05 | Recon MSE=2.262743e+01 | ‖ω‖₁=1.736521e-01
  λ=1.849e-02 | Epoch  90 | lr=6.2500e-05 | Recon MSE=2.236961e+01 | ‖ω‖₁=8.952706e-02
  λ=1.849e-02 | Epoch 100 | lr=3.1250e-05 | Recon MSE=2.216937e+01 | ‖ω‖₁=6.356078e-02
  → at λ=1.849e-02:  r(λ)=10,  rel_err=8.867175e-01

-- Path iteration 18, λ = 2.219e-02   (r(λ) prev = 10)
  λ=2.219e-02 | Epoch   1 | lr=1.0000e-03 | Recon MSE=2.177341e-01 | ‖ω‖₁=9.047641e+01
  λ=2.219e-02 | Epoch  10 | lr=1.0000e-03 | Recon MSE=2.470733e+01 | ‖ω‖₁=3.892326e+00
  λ=2.219e-02 | Epoch  20 | lr=5.0000e-04 | Recon MSE=2.529450e+01 | ‖ω‖₁=2.720789e+00
  λ=2.219e-02 | Epoch  30 | lr=5.0000e-04 | Recon MSE=2.561969e+01 | ‖ω‖₁=1.948436e+00
  λ=2.219e-02 | Epoch  40 | lr=2.5000e-04 | Recon MSE=2.483415e+01 | ‖ω‖₁=1.383227e+00
  λ=2.219e-02 | Epoch  50 | lr=2.5000e-04 | Recon MSE=2.506612e+01 | ‖ω‖₁=7.974529e-01
  λ=2.219e-02 | Epoch  60 | lr=1.2500e-04 | Recon MSE=2.526701e+01 | ‖ω‖₁=3.297683e-01
  λ=2.219e-02 | Epoch  70 | lr=1.2500e-04 | Recon MSE=2.528135e+01 | ‖ω‖₁=7.776589e-02
  λ=2.219e-02 | Epoch  80 | lr=6.2500e-05 | Recon MSE=2.430437e+01 | ‖ω‖₁=4.037412e-02
  λ=2.219e-02 | Epoch  90 | lr=6.2500e-05 | Recon MSE=2.430975e+01 | ‖ω‖₁=2.435948e-02
  λ=2.219e-02 | Epoch 100 | lr=3.1250e-05 | Recon MSE=2.431262e+01 | ‖ω‖₁=1.635361e-02
  → at λ=2.219e-02:  r(λ)=5,  rel_err=9.288072e-01

-- Path iteration 19, λ = 2.662e-02   (r(λ) prev = 5)
  λ=2.662e-02 | Epoch   1 | lr=1.0000e-03 | Recon MSE=3.169954e-01 | ‖ω‖₁=8.852419e+01
  λ=2.662e-02 | Epoch  10 | lr=1.0000e-03 | Recon MSE=2.561058e+01 | ‖ω‖₁=3.481278e+00
  λ=2.662e-02 | Epoch  20 | lr=5.0000e-04 | Recon MSE=2.558655e+01 | ‖ω‖₁=2.321405e+00
  λ=2.662e-02 | Epoch  30 | lr=5.0000e-04 | Recon MSE=2.600023e+01 | ‖ω‖₁=1.510386e+00
  λ=2.662e-02 | Epoch  40 | lr=2.5000e-04 | Recon MSE=2.632865e+01 | ‖ω‖₁=8.655251e-01
  λ=2.662e-02 | Epoch  50 | lr=2.5000e-04 | Recon MSE=2.660967e+01 | ‖ω‖₁=3.100955e-01
  λ=2.662e-02 | Epoch  60 | lr=1.2500e-04 | Recon MSE=2.675437e+01 | ‖ω‖₁=7.752562e-02
  λ=2.662e-02 | Epoch  70 | lr=1.2500e-04 | Recon MSE=2.680678e+01 | ‖ω‖₁=3.084053e-02
  λ=2.662e-02 | Epoch  80 | lr=6.2500e-05 | Recon MSE=2.681506e+01 | ‖ω‖₁=1.977381e-02
  λ=2.662e-02 | Epoch  90 | lr=6.2500e-05 | Recon MSE=2.684429e+01 | ‖ω‖₁=7.322776e-03
  λ=2.662e-02 | Epoch 100 | lr=3.1250e-05 | Recon MSE=2.685408e+01 | ‖ω‖₁=4.491001e-03
  → at λ=2.662e-02:  r(λ)=2,  rel_err=9.761648e-01

-- Path iteration 20, λ = 3.195e-02   (r(λ) prev = 2)
  λ=3.195e-02 | Epoch   1 | lr=1.0000e-03 | Recon MSE=4.633236e-01 | ‖ω‖₁=8.616178e+01
  λ=3.195e-02 | Epoch  10 | lr=1.0000e-03 | Recon MSE=2.504949e+01 | ‖ω‖₁=3.250796e+00
  λ=3.195e-02 | Epoch  20 | lr=5.0000e-04 | Recon MSE=2.565204e+01 | ‖ω‖₁=1.999308e+00
  λ=3.195e-02 | Epoch  30 | lr=5.0000e-04 | Recon MSE=2.508974e+01 | ‖ω‖₁=1.166065e+00
  λ=3.195e-02 | Epoch  40 | lr=2.5000e-04 | Recon MSE=2.528682e+01 | ‖ω‖₁=4.255814e-01
  λ=3.195e-02 | Epoch  50 | lr=2.5000e-04 | Recon MSE=2.551210e+01 | ‖ω‖₁=6.319236e-02
  λ=3.195e-02 | Epoch  60 | lr=1.2500e-04 | Recon MSE=2.556578e+01 | ‖ω‖₁=3.139966e-02
  λ=3.195e-02 | Epoch  70 | lr=1.2500e-04 | Recon MSE=2.558613e+01 | ‖ω‖₁=2.138005e-02
  λ=3.195e-02 | Epoch  80 | lr=6.2500e-05 | Recon MSE=2.559337e+01 | ‖ω‖₁=1.632634e-02
  λ=3.195e-02 | Epoch  90 | lr=6.2500e-05 | Recon MSE=2.564121e+01 | ‖ω‖₁=1.139363e-02
  λ=3.195e-02 | Epoch 100 | lr=3.1250e-05 | Recon MSE=2.569000e+01 | ‖ω‖₁=7.975557e-03
  → at λ=3.195e-02:  r(λ)=5,  rel_err=9.546907e-01

-- Path iteration 21, λ = 3.834e-02   (r(λ) prev = 5)
  λ=3.834e-02 | Epoch   1 | lr=1.0000e-03 | Recon MSE=6.673845e-01 | ‖ω‖₁=8.336489e+01
  λ=3.834e-02 | Epoch  10 | lr=1.0000e-03 | Recon MSE=2.517591e+01 | ‖ω‖₁=2.949712e+00
  λ=3.834e-02 | Epoch  20 | lr=5.0000e-04 | Recon MSE=2.585422e+01 | ‖ω‖₁=1.622182e+00
  λ=3.834e-02 | Epoch  30 | lr=5.0000e-04 | Recon MSE=2.631123e+01 | ‖ω‖₁=6.726978e-01
  λ=3.834e-02 | Epoch  40 | lr=2.5000e-04 | Recon MSE=2.546091e+01 | ‖ω‖₁=9.115371e-02
  λ=3.834e-02 | Epoch  50 | lr=2.5000e-04 | Recon MSE=2.554123e+01 | ‖ω‖₁=2.670388e-02
  λ=3.834e-02 | Epoch  60 | lr=1.2500e-04 | Recon MSE=2.555669e+01 | ‖ω‖₁=1.546481e-02
  λ=3.834e-02 | Epoch  70 | lr=1.2500e-04 | Recon MSE=2.557135e+01 | ‖ω‖₁=7.125336e-03
  λ=3.834e-02 | Epoch  80 | lr=6.2500e-05 | Recon MSE=2.556762e+01 | ‖ω‖₁=5.102023e-03
  λ=3.834e-02 | Epoch  90 | lr=6.2500e-05 | Recon MSE=2.560083e+01 | ‖ω‖₁=3.569096e-03
  λ=3.834e-02 | Epoch 100 | lr=3.1250e-05 | Recon MSE=2.564739e+01 | ‖ω‖₁=2.203584e-03
  → at λ=3.834e-02:  r(λ)=2,  rel_err=9.540033e-01

-- Path iteration 22, λ = 4.601e-02   (r(λ) prev = 2)
  λ=4.601e-02 | Epoch   1 | lr=1.0000e-03 | Recon MSE=9.680226e-01 | ‖ω‖₁=7.997085e+01
  λ=4.601e-02 | Epoch  10 | lr=1.0000e-03 | Recon MSE=2.535262e+01 | ‖ω‖₁=2.638816e+00
  λ=4.601e-02 | Epoch  20 | lr=5.0000e-04 | Recon MSE=2.609496e+01 | ‖ω‖₁=1.226767e+00
  λ=4.601e-02 | Epoch  30 | lr=5.0000e-04 | Recon MSE=2.664462e+01 | ‖ω‖₁=2.119700e-01
  λ=4.601e-02 | Epoch  40 | lr=2.5000e-04 | Recon MSE=2.684812e+01 | ‖ω‖₁=1.108289e-02
  λ=4.601e-02 | Epoch  50 | lr=2.5000e-04 | Recon MSE=2.684542e+01 | ‖ω‖₁=6.675364e-03
  λ=4.601e-02 | Epoch  60 | lr=1.2500e-04 | Recon MSE=2.677588e+01 | ‖ω‖₁=7.367378e-03
  λ=4.601e-02 | Epoch  70 | lr=1.2500e-04 | Recon MSE=2.646791e+01 | ‖ω‖₁=7.425456e-03
  λ=4.601e-02 | Epoch  80 | lr=6.2500e-05 | Recon MSE=2.567173e+01 | ‖ω‖₁=6.303465e-03
  λ=4.601e-02 | Epoch  90 | lr=6.2500e-05 | Recon MSE=2.561899e+01 | ‖ω‖₁=3.948605e-03
  λ=4.601e-02 | Epoch 100 | lr=3.1250e-05 | Recon MSE=2.573311e+01 | ‖ω‖₁=2.126143e-03
  → at λ=4.601e-02:  r(λ)=1,  rel_err=9.558141e-01

-- Path iteration 23, λ = 5.521e-02   (r(λ) prev = 1)
  λ=5.521e-02 | Epoch   1 | lr=1.0000e-03 | Recon MSE=1.401407e+00 | ‖ω‖₁=7.590672e+01
  λ=5.521e-02 | Epoch  10 | lr=1.0000e-03 | Recon MSE=2.555123e+01 | ‖ω‖₁=2.262756e+00
  λ=5.521e-02 | Epoch  20 | lr=5.0000e-04 | Recon MSE=2.636402e+01 | ‖ω‖₁=7.375503e-01
  λ=5.521e-02 | Epoch  30 | lr=5.0000e-04 | Recon MSE=2.684027e+01 | ‖ω‖₁=1.737577e-02
  λ=5.521e-02 | Epoch  40 | lr=2.5000e-04 | Recon MSE=2.578152e+01 | ‖ω‖₁=1.745726e-02
  λ=5.521e-02 | Epoch  50 | lr=2.5000e-04 | Recon MSE=2.556902e+01 | ‖ω‖₁=9.450942e-03
  λ=5.521e-02 | Epoch  60 | lr=1.2500e-04 | Recon MSE=2.557975e+01 | ‖ω‖₁=5.788490e-03
  λ=5.521e-02 | Epoch  70 | lr=1.2500e-04 | Recon MSE=2.569332e+01 | ‖ω‖₁=2.598886e-03
  λ=5.521e-02 | Epoch  80 | lr=6.2500e-05 | Recon MSE=2.573345e+01 | ‖ω‖₁=1.387016e-03
  λ=5.521e-02 | Epoch  90 | lr=6.2500e-05 | Recon MSE=2.687577e+01 | ‖ω‖₁=0.000000e+00
  λ=5.521e-02 | Epoch 100 | lr=3.1250e-05 | Recon MSE=2.687555e+01 | ‖ω‖₁=0.000000e+00
  → at λ=5.521e-02:  r(λ)=0,  rel_err=9.764796e-01
All skip-weights have zeroed out. Stopping path.

Found knees using DFDT method: [14 16 19 20 21]
[Dense2Sparse] Picked λ=1.849e-02,  r=10, err=8.867175e-01

→ Final training on full data with λ = 1.849e-02 ...
  λ=1.849e-02 | Epoch   1 | lr=1.0000e-03 | Recon MSE=1.501064e-01 | ‖ω‖₁=9.210405e+01
  λ=1.849e-02 | Epoch  10 | lr=1.0000e-03 | Recon MSE=2.452097e+01 | ‖ω‖₁=4.267561e+00
  λ=1.849e-02 | Epoch  20 | lr=5.0000e-04 | Recon MSE=2.502643e+01 | ‖ω‖₁=3.091040e+00
  λ=1.849e-02 | Epoch  30 | lr=5.0000e-04 | Recon MSE=2.425869e+01 | ‖ω‖₁=2.379908e+00
  λ=1.849e-02 | Epoch  40 | lr=2.5000e-04 | Recon MSE=2.306639e+01 | ‖ω‖₁=1.804017e+00
  λ=1.849e-02 | Epoch  50 | lr=2.5000e-04 | Recon MSE=2.240323e+01 | ‖ω‖₁=1.272047e+00
  λ=1.849e-02 | Epoch  60 | lr=1.2500e-04 | Recon MSE=2.165582e+01 | ‖ω‖₁=8.372306e-01
  λ=1.849e-02 | Epoch  70 | lr=1.2500e-04 | Recon MSE=2.144104e+01 | ‖ω‖₁=4.338687e-01
  λ=1.849e-02 | Epoch  80 | lr=6.2500e-05 | Recon MSE=2.081708e+01 | ‖ω‖₁=1.603670e-01
  λ=1.849e-02 | Epoch  90 | lr=6.2500e-05 | Recon MSE=2.014893e+01 | ‖ω‖₁=8.931222e-02
  λ=1.849e-02 | Epoch 100 | lr=3.1250e-05 | Recon MSE=1.978476e+01 | ‖ω‖₁=6.831216e-02

Final skip-weights ω: [0.010789607651531696, 0.008337308652698994, 0.009593303315341473, 0.007013485301285982, 0.00812694150954485, 0.0, 0.007884489372372627, 0.006071446929126978, 0.00553434481844306, 0.0] ...
Selected POD-mode indices (ω_j ≠ 0): [0, 1, 2, 3, 4, 6, 7, 8, 10, 11, 14] (count = 11 / 100)
Final relative reconstruction of SparseModesNet: ||X - X_hat||_F / ||X||_F = 8.375900e-01
Final MSE per sample of SparseModesNet: = 4.499527e+00
Relative error using only selected  modes: 7.300900e-01
MSE per sample using only selected  modes: 3.922038e+00
2025-06-17 13:55:44,029 - sparsemodesnet.advecting_pulse - INFO - ==================================================
2025-06-17 13:55:44,030 - sparsemodesnet.advecting_pulse - INFO - Experiment completed successfully!
2025-06-17 13:55:44,030 - sparsemodesnet.advecting_pulse - INFO - Selected 11 modes out of 100
2025-06-17 13:55:44,030 - sparsemodesnet.advecting_pulse - INFO - Final lambda: 1.849e-02
