2025-06-17 13:13:04,759 - sparsemodesnet.advecting_pulse - INFO - Starting advecting_pulse experiment
2025-06-17 13:13:04,760 - sparsemodesnet.advecting_pulse - INFO - Log file: /Users/tkoike3/Dev/Research/sparsemodesnet/experiments/logs/advecting_pulse_20250617_131304.log
2025-06-17 13:13:04,760 - sparsemodesnet.advecting_pulse - INFO - Experiment: Advecting Pulse
2025-06-17 13:13:04,760 - sparsemodesnet.advecting_pulse - INFO - Data shape: (1024, 1000)
2025-06-17 13:13:04,761 - sparsemodesnet.advecting_pulse - INFO - POD dimension: 100
2025-06-17 13:13:04,761 - sparsemodesnet.advecting_pulse - INFO - Hidden units: [100, 2000, 100]
2025-06-17 13:13:04,762 - sparsemodesnet.advecting_pulse - INFO - Regularization method: dense2sparse
2025-06-17 13:13:04,762 - sparsemodesnet.advecting_pulse - INFO - Device: mps
2025-06-17 13:13:04,762 - sparsemodesnet.advecting_pulse - INFO - Training parameters: M=2.0, lr=0.001, batch_size=128
2025-06-17 13:13:04,763 - sparsemodesnet.advecting_pulse - INFO - Optimizer: Adam, knee_method: dfdt
2025-06-17 13:13:04,763 - sparsemodesnet.advecting_pulse - INFO - NN type: PiNetCCP with polynomial order of 2, and 2 number of polynomial blocks
2025-06-17 13:13:04,763 - sparsemodesnet.advecting_pulse - INFO - ==================================================

=== SparseModesNet (λ-path=dense2sparse) on Advecting Pulse: d=1024, n=1000, s=100 ===

=== Dense-To-Sparse (default) λ-Path ===

-- Path iteration 1, λ = 1.000e-03   (r(λ) prev = 100)
  λ=1.000e-03 | Epoch   1 | lr=1.0000e-03 | Recon MSE=5.563279e-01 | ‖ω‖₁=9.932116e+01
  λ=1.000e-03 | Epoch  10 | lr=1.0000e-03 | Recon MSE=4.698538e-02 | ‖ω‖₁=9.437984e+01
  λ=1.000e-03 | Epoch  20 | lr=5.0000e-04 | Recon MSE=3.434007e-02 | ‖ω‖₁=9.191831e+01
  λ=1.000e-03 | Epoch  30 | lr=5.0000e-04 | Recon MSE=4.219705e-02 | ‖ω‖₁=8.722428e+01
  λ=1.000e-03 | Epoch  40 | lr=2.5000e-04 | Recon MSE=2.826615e-02 | ‖ω‖₁=8.258410e+01
  λ=1.000e-03 | Epoch  50 | lr=2.5000e-04 | Recon MSE=3.582763e-02 | ‖ω‖₁=7.637536e+01
  λ=1.000e-03 | Epoch  60 | lr=1.2500e-04 | Recon MSE=3.652659e-02 | ‖ω‖₁=7.015549e+01
  λ=1.000e-03 | Epoch  70 | lr=1.2500e-04 | Recon MSE=4.689166e-02 | ‖ω‖₁=6.310601e+01
  λ=1.000e-03 | Epoch  80 | lr=6.2500e-05 | Recon MSE=5.297296e-02 | ‖ω‖₁=5.603429e+01
  λ=1.000e-03 | Epoch  90 | lr=6.2500e-05 | Recon MSE=6.625517e-02 | ‖ω‖₁=4.855615e+01
  λ=1.000e-03 | Epoch 100 | lr=3.1250e-05 | Recon MSE=7.823615e-02 | ‖ω‖₁=4.108629e+01
  → at λ=1.000e-03:  r(λ)=100,  rel_err=5.277639e-02

-- Path iteration 2, λ = 1.200e-03   (r(λ) prev = 100)
  λ=1.200e-03 | Epoch   1 | lr=1.0000e-03 | Recon MSE=5.334877e-01 | ‖ω‖₁=9.924036e+01
  λ=1.200e-03 | Epoch  10 | lr=1.0000e-03 | Recon MSE=6.818521e-02 | ‖ω‖₁=9.345430e+01
  λ=1.200e-03 | Epoch  20 | lr=5.0000e-04 | Recon MSE=3.251234e-02 | ‖ω‖₁=8.999491e+01
  λ=1.200e-03 | Epoch  30 | lr=5.0000e-04 | Recon MSE=3.475773e-02 | ‖ω‖₁=8.372496e+01
  λ=1.200e-03 | Epoch  40 | lr=2.5000e-04 | Recon MSE=2.642049e-02 | ‖ω‖₁=7.747554e+01
  λ=1.200e-03 | Epoch  50 | lr=2.5000e-04 | Recon MSE=3.434850e-02 | ‖ω‖₁=6.967027e+01
  λ=1.200e-03 | Epoch  60 | lr=1.2500e-04 | Recon MSE=3.659166e-02 | ‖ω‖₁=6.184485e+01
  λ=1.200e-03 | Epoch  70 | lr=1.2500e-04 | Recon MSE=4.599545e-02 | ‖ω‖₁=5.321598e+01
  λ=1.200e-03 | Epoch  80 | lr=6.2500e-05 | Recon MSE=5.121853e-02 | ‖ω‖₁=4.458973e+01
  λ=1.200e-03 | Epoch  90 | lr=6.2500e-05 | Recon MSE=6.475397e-02 | ‖ω‖₁=3.561217e+01
  λ=1.200e-03 | Epoch 100 | lr=3.1250e-05 | Recon MSE=7.928734e-02 | ‖ω‖₁=2.674481e+01
  → at λ=1.200e-03:  r(λ)=100,  rel_err=5.307822e-02

-- Path iteration 3, λ = 1.440e-03   (r(λ) prev = 100)
  λ=1.440e-03 | Epoch   1 | lr=1.0000e-03 | Recon MSE=6.394463e-01 | ‖ω‖₁=9.911479e+01
  λ=1.440e-03 | Epoch  10 | lr=1.0000e-03 | Recon MSE=1.179670e-01 | ‖ω‖₁=9.144207e+01
  λ=1.440e-03 | Epoch  20 | lr=5.0000e-04 | Recon MSE=4.966695e-02 | ‖ω‖₁=8.605390e+01
  λ=1.440e-03 | Epoch  30 | lr=5.0000e-04 | Recon MSE=4.795159e-02 | ‖ω‖₁=7.769405e+01
  λ=1.440e-03 | Epoch  40 | lr=2.5000e-04 | Recon MSE=3.878513e-02 | ‖ω‖₁=6.930465e+01
  λ=1.440e-03 | Epoch  50 | lr=2.5000e-04 | Recon MSE=4.581635e-02 | ‖ω‖₁=5.945986e+01
  λ=1.440e-03 | Epoch  60 | lr=1.2500e-04 | Recon MSE=4.754470e-02 | ‖ω‖₁=4.959993e+01
  λ=1.440e-03 | Epoch  70 | lr=1.2500e-04 | Recon MSE=5.865623e-02 | ‖ω‖₁=3.904736e+01
  λ=1.440e-03 | Epoch  80 | lr=6.2500e-05 | Recon MSE=6.984524e-02 | ‖ω‖₁=2.861924e+01
  λ=1.440e-03 | Epoch  90 | lr=6.2500e-05 | Recon MSE=1.140579e-01 | ‖ω‖₁=1.835723e+01
  λ=1.440e-03 | Epoch 100 | lr=3.1250e-05 | Recon MSE=1.429524e-01 | ‖ω‖₁=1.067206e+01
  → at λ=1.440e-03:  r(λ)=100,  rel_err=7.107337e-02

-- Path iteration 4, λ = 1.728e-03   (r(λ) prev = 100)
  λ=1.728e-03 | Epoch   1 | lr=1.0000e-03 | Recon MSE=5.046141e-01 | ‖ω‖₁=9.902141e+01
  λ=1.728e-03 | Epoch  10 | lr=1.0000e-03 | Recon MSE=1.414830e-01 | ‖ω‖₁=9.001829e+01
  λ=1.728e-03 | Epoch  20 | lr=5.0000e-04 | Recon MSE=4.056865e-02 | ‖ω‖₁=8.251551e+01
  λ=1.728e-03 | Epoch  30 | lr=5.0000e-04 | Recon MSE=4.143508e-02 | ‖ω‖₁=7.180587e+01
  λ=1.728e-03 | Epoch  40 | lr=2.5000e-04 | Recon MSE=5.080557e-02 | ‖ω‖₁=6.104719e+01
  λ=1.728e-03 | Epoch  50 | lr=2.5000e-04 | Recon MSE=4.657622e-02 | ‖ω‖₁=4.885772e+01
  λ=1.728e-03 | Epoch  60 | lr=1.2500e-04 | Recon MSE=5.661527e-02 | ‖ω‖₁=3.668845e+01
  λ=1.728e-03 | Epoch  70 | lr=1.2500e-04 | Recon MSE=6.711643e-02 | ‖ω‖₁=2.409773e+01
  λ=1.728e-03 | Epoch  80 | lr=6.2500e-05 | Recon MSE=9.786121e-02 | ‖ω‖₁=1.362429e+01
  λ=1.728e-03 | Epoch  90 | lr=6.2500e-05 | Recon MSE=1.277376e-01 | ‖ω‖₁=7.195832e+00
  λ=1.728e-03 | Epoch 100 | lr=3.1250e-05 | Recon MSE=1.317406e-01 | ‖ω‖₁=4.853071e+00
  → at λ=1.728e-03:  r(λ)=100,  rel_err=6.795636e-02

-- Path iteration 5, λ = 2.074e-03   (r(λ) prev = 100)
  λ=2.074e-03 | Epoch   1 | lr=1.0000e-03 | Recon MSE=5.111243e-01 | ‖ω‖₁=9.884200e+01
  λ=2.074e-03 | Epoch  10 | lr=1.0000e-03 | Recon MSE=1.890094e-01 | ‖ω‖₁=8.776613e+01
  λ=2.074e-03 | Epoch  20 | lr=5.0000e-04 | Recon MSE=4.219565e-02 | ‖ω‖₁=7.758459e+01
  λ=2.074e-03 | Epoch  30 | lr=5.0000e-04 | Recon MSE=4.311280e-02 | ‖ω‖₁=6.412782e+01
  λ=2.074e-03 | Epoch  40 | lr=2.5000e-04 | Recon MSE=1.064899e-01 | ‖ω‖₁=5.052483e+01
  λ=2.074e-03 | Epoch  50 | lr=2.5000e-04 | Recon MSE=5.448679e-02 | ‖ω‖₁=3.549725e+01
  λ=2.074e-03 | Epoch  60 | lr=1.2500e-04 | Recon MSE=6.622039e-02 | ‖ω‖₁=2.115196e+01
  λ=2.074e-03 | Epoch  70 | lr=1.2500e-04 | Recon MSE=1.106990e-01 | ‖ω‖₁=1.005596e+01
  λ=2.074e-03 | Epoch  80 | lr=6.2500e-05 | Recon MSE=1.176028e-01 | ‖ω‖₁=5.151068e+00
  λ=2.074e-03 | Epoch  90 | lr=6.2500e-05 | Recon MSE=1.105533e-01 | ‖ω‖₁=4.563283e+00
  λ=2.074e-03 | Epoch 100 | lr=3.1250e-05 | Recon MSE=1.031117e-01 | ‖ω‖₁=4.324921e+00
  → at λ=2.074e-03:  r(λ)=100,  rel_err=6.024719e-02

-- Path iteration 6, λ = 2.488e-03   (r(λ) prev = 100)
  λ=2.488e-03 | Epoch   1 | lr=1.0000e-03 | Recon MSE=5.931952e-01 | ‖ω‖₁=9.869122e+01
  λ=2.488e-03 | Epoch  10 | lr=1.0000e-03 | Recon MSE=2.936730e-01 | ‖ω‖₁=8.472720e+01
  λ=2.488e-03 | Epoch  20 | lr=5.0000e-04 | Recon MSE=7.483885e-02 | ‖ω‖₁=7.141122e+01
  λ=2.488e-03 | Epoch  30 | lr=5.0000e-04 | Recon MSE=7.596887e-02 | ‖ω‖₁=5.470113e+01
  λ=2.488e-03 | Epoch  40 | lr=2.5000e-04 | Recon MSE=9.992181e-02 | ‖ω‖₁=3.777426e+01
  λ=2.488e-03 | Epoch  50 | lr=2.5000e-04 | Recon MSE=9.682781e-02 | ‖ω‖₁=2.004581e+01
  λ=2.488e-03 | Epoch  60 | lr=1.2500e-04 | Recon MSE=1.189457e-01 | ‖ω‖₁=8.338460e+00
  λ=2.488e-03 | Epoch  70 | lr=1.2500e-04 | Recon MSE=1.301305e-01 | ‖ω‖₁=4.800408e+00
  λ=2.488e-03 | Epoch  80 | lr=6.2500e-05 | Recon MSE=1.118981e-01 | ‖ω‖₁=4.449835e+00
  λ=2.488e-03 | Epoch  90 | lr=6.2500e-05 | Recon MSE=1.054314e-01 | ‖ω‖₁=4.209025e+00
  λ=2.488e-03 | Epoch 100 | lr=3.1250e-05 | Recon MSE=1.000998e-01 | ‖ω‖₁=4.018237e+00
  → at λ=2.488e-03:  r(λ)=100,  rel_err=5.941127e-02

-- Path iteration 7, λ = 2.986e-03   (r(λ) prev = 100)
  λ=2.986e-03 | Epoch   1 | lr=1.0000e-03 | Recon MSE=5.602607e-01 | ‖ω‖₁=9.846867e+01
  λ=2.986e-03 | Epoch  10 | lr=1.0000e-03 | Recon MSE=3.153849e-01 | ‖ω‖₁=8.121399e+01
  λ=2.986e-03 | Epoch  20 | lr=5.0000e-04 | Recon MSE=1.076054e-01 | ‖ω‖₁=6.367140e+01
  λ=2.986e-03 | Epoch  30 | lr=5.0000e-04 | Recon MSE=1.037500e-01 | ‖ω‖₁=4.283887e+01
  λ=2.986e-03 | Epoch  40 | lr=2.5000e-04 | Recon MSE=1.497169e-01 | ‖ω‖₁=2.197757e+01
  λ=2.986e-03 | Epoch  50 | lr=2.5000e-04 | Recon MSE=1.423103e-01 | ‖ω‖₁=7.222498e+00
  λ=2.986e-03 | Epoch  60 | lr=1.2500e-04 | Recon MSE=1.216805e-01 | ‖ω‖₁=4.612267e+00
  λ=2.986e-03 | Epoch  70 | lr=1.2500e-04 | Recon MSE=1.082084e-01 | ‖ω‖₁=4.270677e+00
  λ=2.986e-03 | Epoch  80 | lr=6.2500e-05 | Recon MSE=9.839761e-02 | ‖ω‖₁=4.024815e+00
  λ=2.986e-03 | Epoch  90 | lr=6.2500e-05 | Recon MSE=9.463346e-02 | ‖ω‖₁=3.818688e+00
  λ=2.986e-03 | Epoch 100 | lr=3.1250e-05 | Recon MSE=9.106004e-02 | ‖ω‖₁=3.641315e+00
  → at λ=2.986e-03:  r(λ)=100,  rel_err=5.669675e-02

-- Path iteration 8, λ = 3.583e-03   (r(λ) prev = 100)
  λ=3.583e-03 | Epoch   1 | lr=1.0000e-03 | Recon MSE=5.759279e-01 | ‖ω‖₁=9.818542e+01
  λ=3.583e-03 | Epoch  10 | lr=1.0000e-03 | Recon MSE=3.914275e-01 | ‖ω‖₁=7.687480e+01
  λ=3.583e-03 | Epoch  20 | lr=5.0000e-04 | Recon MSE=1.524470e-01 | ‖ω‖₁=5.455540e+01
  λ=3.583e-03 | Epoch  30 | lr=5.0000e-04 | Recon MSE=1.233872e-01 | ‖ω‖₁=2.895665e+01
  λ=3.583e-03 | Epoch  40 | lr=2.5000e-04 | Recon MSE=1.451024e-01 | ‖ω‖₁=8.558243e+00
  λ=3.583e-03 | Epoch  50 | lr=2.5000e-04 | Recon MSE=1.296817e-01 | ‖ω‖₁=4.642363e+00
  λ=3.583e-03 | Epoch  60 | lr=1.2500e-04 | Recon MSE=1.034742e-01 | ‖ω‖₁=4.263290e+00
  λ=3.583e-03 | Epoch  70 | lr=1.2500e-04 | Recon MSE=9.381230e-02 | ‖ω‖₁=3.987076e+00
  λ=3.583e-03 | Epoch  80 | lr=6.2500e-05 | Recon MSE=8.633401e-02 | ‖ω‖₁=3.765875e+00
  λ=3.583e-03 | Epoch  90 | lr=6.2500e-05 | Recon MSE=8.349532e-02 | ‖ω‖₁=3.569578e+00
  λ=3.583e-03 | Epoch 100 | lr=3.1250e-05 | Recon MSE=8.079356e-02 | ‖ω‖₁=3.395915e+00
  → at λ=3.583e-03:  r(λ)=100,  rel_err=5.339964e-02

-- Path iteration 9, λ = 4.300e-03   (r(λ) prev = 100)
  λ=4.300e-03 | Epoch   1 | lr=1.0000e-03 | Recon MSE=5.169712e-01 | ‖ω‖₁=9.791678e+01
  λ=4.300e-03 | Epoch  10 | lr=1.0000e-03 | Recon MSE=3.619082e-01 | ‖ω‖₁=7.186032e+01
  λ=4.300e-03 | Epoch  20 | lr=5.0000e-04 | Recon MSE=3.257965e-01 | ‖ω‖₁=4.365257e+01
  λ=4.300e-03 | Epoch  30 | lr=5.0000e-04 | Recon MSE=2.073682e-01 | ‖ω‖₁=1.343487e+01
  λ=4.300e-03 | Epoch  40 | lr=2.5000e-04 | Recon MSE=1.573942e-01 | ‖ω‖₁=4.629712e+00
  λ=4.300e-03 | Epoch  50 | lr=2.5000e-04 | Recon MSE=1.277375e-01 | ‖ω‖₁=4.166636e+00
  λ=4.300e-03 | Epoch  60 | lr=1.2500e-04 | Recon MSE=1.092235e-01 | ‖ω‖₁=3.856828e+00
  λ=4.300e-03 | Epoch  70 | lr=1.2500e-04 | Recon MSE=1.018968e-01 | ‖ω‖₁=3.596687e+00
  λ=4.300e-03 | Epoch  80 | lr=6.2500e-05 | Recon MSE=9.555244e-02 | ‖ω‖₁=3.375544e+00
  λ=4.300e-03 | Epoch  90 | lr=6.2500e-05 | Recon MSE=9.347116e-02 | ‖ω‖₁=3.176232e+00
  λ=4.300e-03 | Epoch 100 | lr=3.1250e-05 | Recon MSE=9.109402e-02 | ‖ω‖₁=2.999928e+00
  → at λ=4.300e-03:  r(λ)=100,  rel_err=5.673631e-02

-- Path iteration 10, λ = 5.160e-03   (r(λ) prev = 100)
  λ=5.160e-03 | Epoch   1 | lr=1.0000e-03 | Recon MSE=5.459392e-01 | ‖ω‖₁=9.750682e+01
  λ=5.160e-03 | Epoch  10 | lr=1.0000e-03 | Recon MSE=4.329440e-01 | ‖ω‖₁=6.535813e+01
  λ=5.160e-03 | Epoch  20 | lr=5.0000e-04 | Recon MSE=3.391097e-01 | ‖ω‖₁=3.016501e+01
  λ=5.160e-03 | Epoch  30 | lr=5.0000e-04 | Recon MSE=2.639153e-01 | ‖ω‖₁=4.852656e+00
  λ=5.160e-03 | Epoch  40 | lr=2.5000e-04 | Recon MSE=1.641006e-01 | ‖ω‖₁=4.188313e+00
  λ=5.160e-03 | Epoch  50 | lr=2.5000e-04 | Recon MSE=1.375496e-01 | ‖ω‖₁=3.809779e+00
  λ=5.160e-03 | Epoch  60 | lr=1.2500e-04 | Recon MSE=1.181241e-01 | ‖ω‖₁=3.520189e+00
  λ=5.160e-03 | Epoch  70 | lr=1.2500e-04 | Recon MSE=1.096433e-01 | ‖ω‖₁=3.269307e+00
  λ=5.160e-03 | Epoch  80 | lr=6.2500e-05 | Recon MSE=1.027174e-01 | ‖ω‖₁=3.052890e+00
  λ=5.160e-03 | Epoch  90 | lr=6.2500e-05 | Recon MSE=1.007700e-01 | ‖ω‖₁=2.854477e+00
  λ=5.160e-03 | Epoch 100 | lr=3.1250e-05 | Recon MSE=9.829034e-02 | ‖ω‖₁=2.675225e+00
  → at λ=5.160e-03:  r(λ)=100,  rel_err=5.892992e-02

-- Path iteration 11, λ = 6.192e-03   (r(λ) prev = 100)
  λ=6.192e-03 | Epoch   1 | lr=1.0000e-03 | Recon MSE=6.049998e-01 | ‖ω‖₁=9.701627e+01
  λ=6.192e-03 | Epoch  10 | lr=1.0000e-03 | Recon MSE=6.769642e-01 | ‖ω‖₁=5.752926e+01
  λ=6.192e-03 | Epoch  20 | lr=5.0000e-04 | Recon MSE=4.833501e-01 | ‖ω‖₁=1.456752e+01
  λ=6.192e-03 | Epoch  30 | lr=5.0000e-04 | Recon MSE=2.777300e-01 | ‖ω‖₁=4.416814e+00
  λ=6.192e-03 | Epoch  40 | lr=2.5000e-04 | Recon MSE=1.890845e-01 | ‖ω‖₁=3.900051e+00
  λ=6.192e-03 | Epoch  50 | lr=2.5000e-04 | Recon MSE=1.635341e-01 | ‖ω‖₁=3.533407e+00
  λ=6.192e-03 | Epoch  60 | lr=1.2500e-04 | Recon MSE=1.452337e-01 | ‖ω‖₁=3.238493e+00
  λ=6.192e-03 | Epoch  70 | lr=1.2500e-04 | Recon MSE=1.383338e-01 | ‖ω‖₁=2.981139e+00
  λ=6.192e-03 | Epoch  80 | lr=6.2500e-05 | Recon MSE=1.319118e-01 | ‖ω‖₁=2.754284e+00
  λ=6.192e-03 | Epoch  90 | lr=6.2500e-05 | Recon MSE=1.314497e-01 | ‖ω‖₁=2.545958e+00
  λ=6.192e-03 | Epoch 100 | lr=3.1250e-05 | Recon MSE=1.295431e-01 | ‖ω‖₁=2.356325e+00
  → at λ=6.192e-03:  r(λ)=100,  rel_err=6.768290e-02

-- Path iteration 12, λ = 7.430e-03   (r(λ) prev = 100)
  λ=7.430e-03 | Epoch   1 | lr=1.0000e-03 | Recon MSE=5.346842e-01 | ‖ω‖₁=9.650079e+01
  λ=7.430e-03 | Epoch  10 | lr=1.0000e-03 | Recon MSE=6.927032e-01 | ‖ω‖₁=4.842139e+01
  λ=7.430e-03 | Epoch  20 | lr=5.0000e-04 | Recon MSE=5.230755e-01 | ‖ω‖₁=4.976553e+00
  λ=7.430e-03 | Epoch  30 | lr=5.0000e-04 | Recon MSE=2.341181e-01 | ‖ω‖₁=4.053819e+00
  λ=7.430e-03 | Epoch  40 | lr=2.5000e-04 | Recon MSE=1.634644e-01 | ‖ω‖₁=3.601519e+00
  λ=7.430e-03 | Epoch  50 | lr=2.5000e-04 | Recon MSE=1.407632e-01 | ‖ω‖₁=3.245691e+00
  λ=7.430e-03 | Epoch  60 | lr=1.2500e-04 | Recon MSE=1.231337e-01 | ‖ω‖₁=2.951866e+00
  λ=7.430e-03 | Epoch  70 | lr=1.2500e-04 | Recon MSE=1.163172e-01 | ‖ω‖₁=2.690192e+00
  λ=7.430e-03 | Epoch  80 | lr=6.2500e-05 | Recon MSE=1.100943e-01 | ‖ω‖₁=2.458445e+00
  λ=7.430e-03 | Epoch  90 | lr=6.2500e-05 | Recon MSE=1.092241e-01 | ‖ω‖₁=2.241619e+00
  λ=7.430e-03 | Epoch 100 | lr=3.1250e-05 | Recon MSE=1.074104e-01 | ‖ω‖₁=2.045009e+00
  → at λ=7.430e-03:  r(λ)=100,  rel_err=6.160570e-02

-- Path iteration 13, λ = 8.916e-03   (r(λ) prev = 100)
  λ=8.916e-03 | Epoch   1 | lr=1.0000e-03 | Recon MSE=5.190647e-01 | ‖ω‖₁=9.586549e+01
  λ=8.916e-03 | Epoch  10 | lr=1.0000e-03 | Recon MSE=9.596314e-01 | ‖ω‖₁=3.730826e+01
  λ=8.916e-03 | Epoch  20 | lr=5.0000e-04 | Recon MSE=4.541485e-01 | ‖ω‖₁=4.452236e+00
  λ=8.916e-03 | Epoch  30 | lr=5.0000e-04 | Recon MSE=2.676689e-01 | ‖ω‖₁=3.751881e+00
  λ=8.916e-03 | Epoch  40 | lr=2.5000e-04 | Recon MSE=1.828997e-01 | ‖ω‖₁=3.299081e+00
  λ=8.916e-03 | Epoch  50 | lr=2.5000e-04 | Recon MSE=1.569909e-01 | ‖ω‖₁=2.933327e+00
  λ=8.916e-03 | Epoch  60 | lr=1.2500e-04 | Recon MSE=1.388151e-01 | ‖ω‖₁=2.626861e+00
  λ=8.916e-03 | Epoch  70 | lr=1.2500e-04 | Recon MSE=1.326588e-01 | ‖ω‖₁=2.350166e+00
  λ=8.916e-03 | Epoch  80 | lr=6.2500e-05 | Recon MSE=1.272422e-01 | ‖ω‖₁=2.106747e+00
  λ=8.916e-03 | Epoch  90 | lr=6.2500e-05 | Recon MSE=1.276684e-01 | ‖ω‖₁=1.879798e+00
  λ=8.916e-03 | Epoch 100 | lr=3.1250e-05 | Recon MSE=1.268982e-01 | ‖ω‖₁=1.674212e+00
  → at λ=8.916e-03:  r(λ)=100,  rel_err=6.697859e-02

-- Path iteration 14, λ = 1.070e-02   (r(λ) prev = 100)
  λ=1.070e-02 | Epoch   1 | lr=1.0000e-03 | Recon MSE=5.684381e-01 | ‖ω‖₁=9.507018e+01
  λ=1.070e-02 | Epoch  10 | lr=1.0000e-03 | Recon MSE=1.380746e+00 | ‖ω‖₁=2.370592e+01
  λ=1.070e-02 | Epoch  20 | lr=5.0000e-04 | Recon MSE=5.222471e-01 | ‖ω‖₁=4.117912e+00
  λ=1.070e-02 | Epoch  30 | lr=5.0000e-04 | Recon MSE=3.252626e-01 | ‖ω‖₁=3.456628e+00
  λ=1.070e-02 | Epoch  40 | lr=2.5000e-04 | Recon MSE=2.300753e-01 | ‖ω‖₁=3.001671e+00
  λ=1.070e-02 | Epoch  50 | lr=2.5000e-04 | Recon MSE=1.980146e-01 | ‖ω‖₁=2.628032e+00
  λ=1.070e-02 | Epoch  60 | lr=1.2500e-04 | Recon MSE=1.738087e-01 | ‖ω‖₁=2.315960e+00
  λ=1.070e-02 | Epoch  70 | lr=1.2500e-04 | Recon MSE=1.651360e-01 | ‖ω‖₁=2.034498e+00
  λ=1.070e-02 | Epoch  80 | lr=6.2500e-05 | Recon MSE=1.572514e-01 | ‖ω‖₁=1.786041e+00
  λ=1.070e-02 | Epoch  90 | lr=6.2500e-05 | Recon MSE=1.589113e-01 | ‖ω‖₁=1.549837e+00
  λ=1.070e-02 | Epoch 100 | lr=3.1250e-05 | Recon MSE=1.578726e-01 | ‖ω‖₁=1.335203e+00
  → at λ=1.070e-02:  r(λ)=100,  rel_err=7.475545e-02

-- Path iteration 15, λ = 1.284e-02   (r(λ) prev = 100)
  λ=1.284e-02 | Epoch   1 | lr=1.0000e-03 | Recon MSE=5.682002e-01 | ‖ω‖₁=9.412290e+01
  λ=1.284e-02 | Epoch  10 | lr=1.0000e-03 | Recon MSE=2.390935e+00 | ‖ω‖₁=8.070530e+00
  λ=1.284e-02 | Epoch  20 | lr=5.0000e-04 | Recon MSE=6.722681e-01 | ‖ω‖₁=3.731375e+00
  λ=1.284e-02 | Epoch  30 | lr=5.0000e-04 | Recon MSE=4.355997e-01 | ‖ω‖₁=3.096488e+00
  λ=1.284e-02 | Epoch  40 | lr=2.5000e-04 | Recon MSE=3.157562e-01 | ‖ω‖₁=2.630978e+00
  λ=1.284e-02 | Epoch  50 | lr=2.5000e-04 | Recon MSE=2.731899e-01 | ‖ω‖₁=2.240131e+00
  λ=1.284e-02 | Epoch  60 | lr=1.2500e-04 | Recon MSE=2.393274e-01 | ‖ω‖₁=1.909223e+00
  λ=1.284e-02 | Epoch  70 | lr=1.2500e-04 | Recon MSE=2.273790e-01 | ‖ω‖₁=1.609858e+00
  λ=1.284e-02 | Epoch  80 | lr=6.2500e-05 | Recon MSE=2.156896e-01 | ‖ω‖₁=1.345129e+00
  λ=1.284e-02 | Epoch  90 | lr=6.2500e-05 | Recon MSE=2.195187e-01 | ‖ω‖₁=1.093448e+00
  λ=1.284e-02 | Epoch 100 | lr=3.1250e-05 | Recon MSE=2.201857e-01 | ‖ω‖₁=8.622476e-01
  → at λ=1.284e-02:  r(λ)=99,  rel_err=8.830943e-02

-- Path iteration 16, λ = 1.541e-02   (r(λ) prev = 99)
  λ=1.541e-02 | Epoch   1 | lr=1.0000e-03 | Recon MSE=6.091725e-01 | ‖ω‖₁=9.299818e+01
  λ=1.541e-02 | Epoch  10 | lr=1.0000e-03 | Recon MSE=3.862246e+00 | ‖ω‖₁=4.657339e+00
  λ=1.541e-02 | Epoch  20 | lr=5.0000e-04 | Recon MSE=8.074239e-01 | ‖ω‖₁=3.420755e+00
  λ=1.541e-02 | Epoch  30 | lr=5.0000e-04 | Recon MSE=5.241622e-01 | ‖ω‖₁=2.758536e+00
  λ=1.541e-02 | Epoch  40 | lr=2.5000e-04 | Recon MSE=3.793901e-01 | ‖ω‖₁=2.269119e+00
  λ=1.541e-02 | Epoch  50 | lr=2.5000e-04 | Recon MSE=3.334729e-01 | ‖ω‖₁=1.856862e+00
  λ=1.541e-02 | Epoch  60 | lr=1.2500e-04 | Recon MSE=2.968327e-01 | ‖ω‖₁=1.508140e+00
  λ=1.541e-02 | Epoch  70 | lr=1.2500e-04 | Recon MSE=2.868816e-01 | ‖ω‖₁=1.190503e+00
  λ=1.541e-02 | Epoch  80 | lr=6.2500e-05 | Recon MSE=2.766465e-01 | ‖ω‖₁=9.105877e-01
  λ=1.541e-02 | Epoch  90 | lr=6.2500e-05 | Recon MSE=2.898459e-01 | ‖ω‖₁=6.759616e-01
  λ=1.541e-02 | Epoch 100 | lr=3.1250e-05 | Recon MSE=2.947970e-01 | ‖ω‖₁=5.392081e-01
  → at λ=1.541e-02:  r(λ)=47,  rel_err=1.021587e-01

-- Path iteration 17, λ = 1.849e-02   (r(λ) prev = 47)
  λ=1.849e-02 | Epoch   1 | lr=1.0000e-03 | Recon MSE=7.990017e-01 | ‖ω‖₁=9.163343e+01
  λ=1.849e-02 | Epoch  10 | lr=1.0000e-03 | Recon MSE=4.705448e+00 | ‖ω‖₁=4.167782e+00
  λ=1.849e-02 | Epoch  20 | lr=5.0000e-04 | Recon MSE=1.290288e+00 | ‖ω‖₁=3.064917e+00
  λ=1.849e-02 | Epoch  30 | lr=5.0000e-04 | Recon MSE=8.124203e-01 | ‖ω‖₁=2.405044e+00
  λ=1.849e-02 | Epoch  40 | lr=2.5000e-04 | Recon MSE=5.638632e-01 | ‖ω‖₁=1.904602e+00
  λ=1.849e-02 | Epoch  50 | lr=2.5000e-04 | Recon MSE=4.863816e-01 | ‖ω‖₁=1.476363e+00
  λ=1.849e-02 | Epoch  60 | lr=1.2500e-04 | Recon MSE=4.297638e-01 | ‖ω‖₁=1.119641e+00
  λ=1.849e-02 | Epoch  70 | lr=1.2500e-04 | Recon MSE=4.194298e-01 | ‖ω‖₁=7.899441e-01
  λ=1.849e-02 | Epoch  80 | lr=6.2500e-05 | Recon MSE=4.071252e-01 | ‖ω‖₁=5.749568e-01
  λ=1.849e-02 | Epoch  90 | lr=6.2500e-05 | Recon MSE=4.314330e-01 | ‖ω‖₁=4.662074e-01
  λ=1.849e-02 | Epoch 100 | lr=3.1250e-05 | Recon MSE=4.384968e-01 | ‖ω‖₁=3.948314e-01
  → at λ=1.849e-02:  r(λ)=30,  rel_err=1.246536e-01

-- Path iteration 18, λ = 2.219e-02   (r(λ) prev = 30)
  λ=2.219e-02 | Epoch   1 | lr=1.0000e-03 | Recon MSE=6.896289e-01 | ‖ω‖₁=9.005548e+01
  λ=2.219e-02 | Epoch  10 | lr=1.0000e-03 | Recon MSE=4.308188e+00 | ‖ω‖₁=3.832789e+00
  λ=2.219e-02 | Epoch  20 | lr=5.0000e-04 | Recon MSE=1.247659e+00 | ‖ω‖₁=2.747829e+00
  λ=2.219e-02 | Epoch  30 | lr=5.0000e-04 | Recon MSE=7.926478e-01 | ‖ω‖₁=2.049669e+00
  λ=2.219e-02 | Epoch  40 | lr=2.5000e-04 | Recon MSE=5.576810e-01 | ‖ω‖₁=1.513805e+00
  λ=2.219e-02 | Epoch  50 | lr=2.5000e-04 | Recon MSE=4.882024e-01 | ‖ω‖₁=1.057036e+00
  λ=2.219e-02 | Epoch  60 | lr=1.2500e-04 | Recon MSE=4.384681e-01 | ‖ω‖₁=6.869217e-01
  λ=2.219e-02 | Epoch  70 | lr=1.2500e-04 | Recon MSE=4.379610e-01 | ‖ω‖₁=4.754091e-01
  λ=2.219e-02 | Epoch  80 | lr=6.2500e-05 | Recon MSE=4.311586e-01 | ‖ω‖₁=3.768284e-01
  λ=2.219e-02 | Epoch  90 | lr=6.2500e-05 | Recon MSE=4.609094e-01 | ‖ω‖₁=3.100350e-01
  λ=2.219e-02 | Epoch 100 | lr=3.1250e-05 | Recon MSE=4.713972e-01 | ‖ω‖₁=2.610100e-01
  → at λ=2.219e-02:  r(λ)=21,  rel_err=1.291957e-01

-- Path iteration 19, λ = 2.662e-02   (r(λ) prev = 21)
  λ=2.662e-02 | Epoch   1 | lr=1.0000e-03 | Recon MSE=8.849385e-01 | ‖ω‖₁=8.808615e+01
  λ=2.662e-02 | Epoch  10 | lr=1.0000e-03 | Recon MSE=6.119412e+00 | ‖ω‖₁=3.520413e+00
  λ=2.662e-02 | Epoch  20 | lr=5.0000e-04 | Recon MSE=1.744171e+00 | ‖ω‖₁=2.422740e+00
  λ=2.662e-02 | Epoch  30 | lr=5.0000e-04 | Recon MSE=1.091711e+00 | ‖ω‖₁=1.684936e+00
  λ=2.662e-02 | Epoch  40 | lr=2.5000e-04 | Recon MSE=7.823860e-01 | ‖ω‖₁=1.131562e+00
  λ=2.662e-02 | Epoch  50 | lr=2.5000e-04 | Recon MSE=6.933451e-01 | ‖ω‖₁=6.693648e-01
  λ=2.662e-02 | Epoch  60 | lr=1.2500e-04 | Recon MSE=6.255843e-01 | ‖ω‖₁=4.694815e-01
  λ=2.662e-02 | Epoch  70 | lr=1.2500e-04 | Recon MSE=6.265945e-01 | ‖ω‖₁=3.657271e-01
  λ=2.662e-02 | Epoch  80 | lr=6.2500e-05 | Recon MSE=6.185489e-01 | ‖ω‖₁=3.018571e-01
  λ=2.662e-02 | Epoch  90 | lr=6.2500e-05 | Recon MSE=6.998956e-01 | ‖ω‖₁=2.428392e-01
  λ=2.662e-02 | Epoch 100 | lr=3.1250e-05 | Recon MSE=7.506564e-01 | ‖ω‖₁=1.963312e-01
  → at λ=2.662e-02:  r(λ)=20,  rel_err=1.632389e-01

-- Path iteration 20, λ = 3.195e-02   (r(λ) prev = 20)
  λ=3.195e-02 | Epoch   1 | lr=1.0000e-03 | Recon MSE=9.457463e-01 | ‖ω‖₁=8.577394e+01
  λ=3.195e-02 | Epoch  10 | lr=1.0000e-03 | Recon MSE=7.246716e+00 | ‖ω‖₁=3.189726e+00
  λ=3.195e-02 | Epoch  20 | lr=5.0000e-04 | Recon MSE=1.981479e+00 | ‖ω‖₁=2.046268e+00
  λ=3.195e-02 | Epoch  30 | lr=5.0000e-04 | Recon MSE=1.305848e+00 | ‖ω‖₁=1.288656e+00
  λ=3.195e-02 | Epoch  40 | lr=2.5000e-04 | Recon MSE=9.584017e-01 | ‖ω‖₁=7.336108e-01
  λ=3.195e-02 | Epoch  50 | lr=2.5000e-04 | Recon MSE=8.369189e-01 | ‖ω‖₁=4.586869e-01
  λ=3.195e-02 | Epoch  60 | lr=1.2500e-04 | Recon MSE=7.269832e-01 | ‖ω‖₁=3.740298e-01
  λ=3.195e-02 | Epoch  70 | lr=1.2500e-04 | Recon MSE=7.136336e-01 | ‖ω‖₁=2.887192e-01
  λ=3.195e-02 | Epoch  80 | lr=6.2500e-05 | Recon MSE=6.925999e-01 | ‖ω‖₁=2.336764e-01
  λ=3.195e-02 | Epoch  90 | lr=6.2500e-05 | Recon MSE=8.211531e-01 | ‖ω‖₁=1.806234e-01
  λ=3.195e-02 | Epoch 100 | lr=3.1250e-05 | Recon MSE=9.629992e-01 | ‖ω‖₁=1.445576e-01
  → at λ=3.195e-02:  r(λ)=17,  rel_err=1.855708e-01

-- Path iteration 21, λ = 3.834e-02   (r(λ) prev = 17)
  λ=3.834e-02 | Epoch   1 | lr=1.0000e-03 | Recon MSE=1.050758e+00 | ‖ω‖₁=8.294890e+01
  λ=3.834e-02 | Epoch  10 | lr=1.0000e-03 | Recon MSE=6.412010e+00 | ‖ω‖₁=2.867047e+00
  λ=3.834e-02 | Epoch  20 | lr=5.0000e-04 | Recon MSE=1.853304e+00 | ‖ω‖₁=1.668687e+00
  λ=3.834e-02 | Epoch  30 | lr=5.0000e-04 | Recon MSE=1.227800e+00 | ‖ω‖₁=8.727707e-01
  λ=3.834e-02 | Epoch  40 | lr=2.5000e-04 | Recon MSE=9.078480e-01 | ‖ω‖₁=4.641237e-01
  λ=3.834e-02 | Epoch  50 | lr=2.5000e-04 | Recon MSE=8.184000e-01 | ‖ω‖₁=3.385298e-01
  λ=3.834e-02 | Epoch  60 | lr=1.2500e-04 | Recon MSE=7.426711e-01 | ‖ω‖₁=2.771093e-01
  λ=3.834e-02 | Epoch  70 | lr=1.2500e-04 | Recon MSE=7.528329e-01 | ‖ω‖₁=2.194225e-01
  λ=3.834e-02 | Epoch  80 | lr=6.2500e-05 | Recon MSE=7.583165e-01 | ‖ω‖₁=1.764742e-01
  λ=3.834e-02 | Epoch  90 | lr=6.2500e-05 | Recon MSE=1.095183e+00 | ‖ω‖₁=1.314741e-01
  λ=3.834e-02 | Epoch 100 | lr=3.1250e-05 | Recon MSE=1.651382e+00 | ‖ω‖₁=9.476732e-02
  → at λ=3.834e-02:  r(λ)=16,  rel_err=2.447484e-01

-- Path iteration 22, λ = 4.601e-02   (r(λ) prev = 16)
  λ=4.601e-02 | Epoch   1 | lr=1.0000e-03 | Recon MSE=1.347882e+00 | ‖ω‖₁=7.960130e+01
  λ=4.601e-02 | Epoch  10 | lr=1.0000e-03 | Recon MSE=9.314985e+00 | ‖ω‖₁=2.522771e+00
  λ=4.601e-02 | Epoch  20 | lr=5.0000e-04 | Recon MSE=2.571356e+00 | ‖ω‖₁=1.267457e+00
  λ=4.601e-02 | Epoch  30 | lr=5.0000e-04 | Recon MSE=1.746494e+00 | ‖ω‖₁=4.860648e-01
  λ=4.601e-02 | Epoch  40 | lr=2.5000e-04 | Recon MSE=1.404898e+00 | ‖ω‖₁=3.346667e-01
  λ=4.601e-02 | Epoch  50 | lr=2.5000e-04 | Recon MSE=1.312545e+00 | ‖ω‖₁=2.438724e-01
  λ=4.601e-02 | Epoch  60 | lr=1.2500e-04 | Recon MSE=1.248008e+00 | ‖ω‖₁=1.918039e-01
  λ=4.601e-02 | Epoch  70 | lr=1.2500e-04 | Recon MSE=1.300859e+00 | ‖ω‖₁=1.415715e-01
  λ=4.601e-02 | Epoch  80 | lr=6.2500e-05 | Recon MSE=1.335543e+00 | ‖ω‖₁=1.093399e-01
  λ=4.601e-02 | Epoch  90 | lr=6.2500e-05 | Recon MSE=3.622032e+00 | ‖ω‖₁=6.928130e-02
  λ=4.601e-02 | Epoch 100 | lr=3.1250e-05 | Recon MSE=1.288793e+01 | ‖ω‖₁=3.374896e-02
  → at λ=4.601e-02:  r(λ)=12,  rel_err=6.997397e-01

-- Path iteration 23, λ = 5.521e-02   (r(λ) prev = 12)
  λ=5.521e-02 | Epoch   1 | lr=1.0000e-03 | Recon MSE=1.792558e+00 | ‖ω‖₁=7.555598e+01
  λ=5.521e-02 | Epoch  10 | lr=1.0000e-03 | Recon MSE=1.082507e+01 | ‖ω‖₁=2.208184e+00
  λ=5.521e-02 | Epoch  20 | lr=5.0000e-04 | Recon MSE=3.305809e+00 | ‖ω‖₁=8.637893e-01
  λ=5.521e-02 | Epoch  30 | lr=5.0000e-04 | Recon MSE=2.251136e+00 | ‖ω‖₁=3.041190e-01
  λ=5.521e-02 | Epoch  40 | lr=2.5000e-04 | Recon MSE=1.851989e+00 | ‖ω‖₁=2.212318e-01
  λ=5.521e-02 | Epoch  50 | lr=2.5000e-04 | Recon MSE=1.705946e+00 | ‖ω‖₁=1.589410e-01
  λ=5.521e-02 | Epoch  60 | lr=1.2500e-04 | Recon MSE=1.612371e+00 | ‖ω‖₁=1.257398e-01
  λ=5.521e-02 | Epoch  70 | lr=1.2500e-04 | Recon MSE=1.706979e+00 | ‖ω‖₁=9.222233e-02
  λ=5.521e-02 | Epoch  80 | lr=6.2500e-05 | Recon MSE=1.793748e+00 | ‖ω‖₁=6.962940e-02
  λ=5.521e-02 | Epoch  90 | lr=6.2500e-05 | Recon MSE=1.432749e+01 | ‖ω‖₁=3.058690e-02
  λ=5.521e-02 | Epoch 100 | lr=3.1250e-05 | Recon MSE=2.693608e+01 | ‖ω‖₁=0.000000e+00
  → at λ=5.521e-02:  r(λ)=0,  rel_err=9.773508e-01
All skip-weights have zeroed out. Stopping path.

Found knees using DFDT method: [13 14 16 19 20 21]
[Dense2Sparse] Picked λ=3.195e-02,  r=17, err=1.855708e-01

→ Final training on full data with λ = 3.195e-02 ...
  λ=3.195e-02 | Epoch   1 | lr=1.0000e-03 | Recon MSE=9.809013e-01 | ‖ω‖₁=8.577528e+01
  λ=3.195e-02 | Epoch  10 | lr=1.0000e-03 | Recon MSE=7.348871e+00 | ‖ω‖₁=3.180091e+00
  λ=3.195e-02 | Epoch  20 | lr=5.0000e-04 | Recon MSE=1.934303e+00 | ‖ω‖₁=2.038895e+00
  λ=3.195e-02 | Epoch  30 | lr=5.0000e-04 | Recon MSE=1.263074e+00 | ‖ω‖₁=1.276682e+00
  λ=3.195e-02 | Epoch  40 | lr=2.5000e-04 | Recon MSE=9.297336e-01 | ‖ω‖₁=7.271836e-01
  λ=3.195e-02 | Epoch  50 | lr=2.5000e-04 | Recon MSE=8.334403e-01 | ‖ω‖₁=4.506636e-01
  λ=3.195e-02 | Epoch  60 | lr=1.2500e-04 | Recon MSE=7.607535e-01 | ‖ω‖₁=3.570028e-01
  λ=3.195e-02 | Epoch  70 | lr=1.2500e-04 | Recon MSE=7.649880e-01 | ‖ω‖₁=2.789785e-01
  λ=3.195e-02 | Epoch  80 | lr=6.2500e-05 | Recon MSE=7.608377e-01 | ‖ω‖₁=2.271235e-01
  λ=3.195e-02 | Epoch  90 | lr=6.2500e-05 | Recon MSE=8.974092e-01 | ‖ω‖₁=1.811079e-01
  λ=3.195e-02 | Epoch 100 | lr=3.1250e-05 | Recon MSE=1.049178e+00 | ‖ω‖₁=1.449768e-01

Final skip-weights ω: [0.0, 0.0, 0.0, 0.004033684264868498, 0.0, 0.007819469086825848, 0.006328272633254528, 0.007462320849299431, 0.007265971042215824, 0.007137630600482225] ...
Selected POD-mode indices (ω_j ≠ 0): [3, 5, 6, 7, 8, 9, 10, 11, 12, 13, 14, 15, 16, 17, 18, 19, 20, 22] (count = 18 / 100)
Final relative reconstruction of SparseModesNet: ||X - X_hat||_F / ||X||_F = 1.936883e-01
Final MSE per sample of SparseModesNet: = 1.040492e+00
Relative error using only selected  modes: 6.209641e-01
MSE per sample using only selected  modes: 3.335814e+00
2025-06-17 13:14:39,609 - sparsemodesnet.advecting_pulse - INFO - ==================================================
2025-06-17 13:14:39,610 - sparsemodesnet.advecting_pulse - INFO - Experiment completed successfully!
2025-06-17 13:14:39,610 - sparsemodesnet.advecting_pulse - INFO - Selected 18 modes out of 100
2025-06-17 13:14:39,610 - sparsemodesnet.advecting_pulse - INFO - Final lambda: 3.195e-02
