2025-06-17 17:52:35,757 - sparsemodesnet.advecting_pulse - INFO - Starting advecting_pulse experiment
2025-06-17 17:52:35,757 - sparsemodesnet.advecting_pulse - INFO - Log file: /Users/tkoike3/Dev/Research/sparsemodesnet/experiments/logs/advecting_pulse_20250617_175235.log
2025-06-17 17:52:35,758 - sparsemodesnet.advecting_pulse - INFO - Experiment: Advecting Pulse
2025-06-17 17:52:35,758 - sparsemodesnet.advecting_pulse - INFO - Data shape: (1024, 1000)
2025-06-17 17:52:35,759 - sparsemodesnet.advecting_pulse - INFO - POD dimension: 200
2025-06-17 17:52:35,759 - sparsemodesnet.advecting_pulse - INFO - Hidden units: [200, 5000, 200]
2025-06-17 17:52:35,759 - sparsemodesnet.advecting_pulse - INFO - Regularization method: dense2sparse
2025-06-17 17:52:35,760 - sparsemodesnet.advecting_pulse - INFO - Device: mps
2025-06-17 17:52:35,760 - sparsemodesnet.advecting_pulse - INFO - Training parameters: M=2.0, lr=0.001, batch_size=256
2025-06-17 17:52:35,760 - sparsemodesnet.advecting_pulse - INFO - Optimizer: Adam, knee_method: dfdt
2025-06-17 17:52:35,761 - sparsemodesnet.advecting_pulse - INFO - NN type: PiNetNCP with polynomial order of 2, and 2 number of polynomial blocks
2025-06-17 17:52:35,761 - sparsemodesnet.advecting_pulse - INFO - ==================================================

=== SparseModesNet (λ-path=dense2sparse) on Advecting Pulse: d=1024, n=1000, s=200 ===

=== Dense-To-Sparse (default) λ-Path ===

-- Path iteration 1, λ = 1.000e-03   (r(λ) prev = 200)
  λ=1.000e-03 | Epoch   1 | lr=1.0000e-03 | Recon MSE=6.087160e-05 | ‖ω‖₁=1.996128e+02
  λ=1.000e-03 | Epoch  10 | lr=1.0000e-03 | Recon MSE=9.850584e-05 | ‖ω‖₁=1.957644e+02
  λ=1.000e-03 | Epoch  20 | lr=5.0000e-04 | Recon MSE=1.016703e-04 | ‖ω‖₁=1.917193e+02
  λ=1.000e-03 | Epoch  30 | lr=5.0000e-04 | Recon MSE=8.128798e-04 | ‖ω‖₁=1.867535e+02
  λ=1.000e-03 | Epoch  40 | lr=2.5000e-04 | Recon MSE=1.570448e-03 | ‖ω‖₁=1.818281e+02
  λ=1.000e-03 | Epoch  50 | lr=2.5000e-04 | Recon MSE=3.634330e-03 | ‖ω‖₁=1.754757e+02
  λ=1.000e-03 | Epoch  60 | lr=1.2500e-04 | Recon MSE=3.450744e-03 | ‖ω‖₁=1.690094e+02
  λ=1.000e-03 | Epoch  70 | lr=1.2500e-04 | Recon MSE=4.397307e-03 | ‖ω‖₁=1.617347e+02
  λ=1.000e-03 | Epoch  80 | lr=6.2500e-05 | Recon MSE=6.141781e-03 | ‖ω‖₁=1.543954e+02
  λ=1.000e-03 | Epoch  90 | lr=6.2500e-05 | Recon MSE=6.298127e-03 | ‖ω‖₁=1.467201e+02
  λ=1.000e-03 | Epoch 100 | lr=3.1250e-05 | Recon MSE=7.164439e-03 | ‖ω‖₁=1.390171e+02
  → at λ=1.000e-03:  r(λ)=200,  rel_err=1.599599e-02

-- Path iteration 2, λ = 1.200e-03   (r(λ) prev = 200)
  λ=1.200e-03 | Epoch   1 | lr=1.0000e-03 | Recon MSE=8.713341e-05 | ‖ω‖₁=1.995091e+02
  λ=1.200e-03 | Epoch  10 | lr=1.0000e-03 | Recon MSE=9.517176e-04 | ‖ω‖₁=1.945475e+02
  λ=1.200e-03 | Epoch  20 | lr=5.0000e-04 | Recon MSE=2.963605e-03 | ‖ω‖₁=1.892797e+02
  λ=1.200e-03 | Epoch  30 | lr=5.0000e-04 | Recon MSE=1.622642e-03 | ‖ω‖₁=1.822585e+02
  λ=1.200e-03 | Epoch  40 | lr=2.5000e-04 | Recon MSE=3.007284e-03 | ‖ω‖₁=1.751747e+02
  λ=1.200e-03 | Epoch  50 | lr=2.5000e-04 | Recon MSE=3.244335e-03 | ‖ω‖₁=1.668460e+02
  λ=1.200e-03 | Epoch  60 | lr=1.2500e-04 | Recon MSE=6.045419e-03 | ‖ω‖₁=1.584711e+02
  λ=1.200e-03 | Epoch  70 | lr=1.2500e-04 | Recon MSE=4.448157e-03 | ‖ω‖₁=1.494758e+02
  λ=1.200e-03 | Epoch  80 | lr=6.2500e-05 | Recon MSE=4.817018e-03 | ‖ω‖₁=1.404332e+02
  λ=1.200e-03 | Epoch  90 | lr=6.2500e-05 | Recon MSE=5.749655e-03 | ‖ω‖₁=1.311118e+02
  λ=1.200e-03 | Epoch 100 | lr=3.1250e-05 | Recon MSE=6.535934e-03 | ‖ω‖₁=1.217731e+02
  → at λ=1.200e-03:  r(λ)=200,  rel_err=1.526835e-02

-- Path iteration 3, λ = 1.440e-03   (r(λ) prev = 200)
  λ=1.440e-03 | Epoch   1 | lr=1.0000e-03 | Recon MSE=1.042579e-04 | ‖ω‖₁=1.993936e+02
  λ=1.440e-03 | Epoch  10 | lr=1.0000e-03 | Recon MSE=4.278308e-03 | ‖ω‖₁=1.928212e+02
  λ=1.440e-03 | Epoch  20 | lr=5.0000e-04 | Recon MSE=5.421343e-03 | ‖ω‖₁=1.856797e+02
  λ=1.440e-03 | Epoch  30 | lr=5.0000e-04 | Recon MSE=4.838812e-03 | ‖ω‖₁=1.764238e+02
  λ=1.440e-03 | Epoch  40 | lr=2.5000e-04 | Recon MSE=5.342368e-03 | ‖ω‖₁=1.671633e+02
  λ=1.440e-03 | Epoch  50 | lr=2.5000e-04 | Recon MSE=5.074147e-03 | ‖ω‖₁=1.567764e+02
  λ=1.440e-03 | Epoch  60 | lr=1.2500e-04 | Recon MSE=9.426069e-03 | ‖ω‖₁=1.463249e+02
  λ=1.440e-03 | Epoch  70 | lr=1.2500e-04 | Recon MSE=5.897098e-03 | ‖ω‖₁=1.353449e+02
  λ=1.440e-03 | Epoch  80 | lr=6.2500e-05 | Recon MSE=6.050569e-03 | ‖ω‖₁=1.243257e+02
  λ=1.440e-03 | Epoch  90 | lr=6.2500e-05 | Recon MSE=6.994206e-03 | ‖ω‖₁=1.130618e+02
  λ=1.440e-03 | Epoch 100 | lr=3.1250e-05 | Recon MSE=7.716211e-03 | ‖ω‖₁=1.017833e+02
  → at λ=1.440e-03:  r(λ)=200,  rel_err=1.654292e-02

-- Path iteration 4, λ = 1.728e-03   (r(λ) prev = 200)
  λ=1.728e-03 | Epoch   1 | lr=1.0000e-03 | Recon MSE=1.850453e-04 | ‖ω‖₁=1.992486e+02
  λ=1.728e-03 | Epoch  10 | lr=1.0000e-03 | Recon MSE=1.176953e-02 | ‖ω‖₁=1.906372e+02
  λ=1.728e-03 | Epoch  20 | lr=5.0000e-04 | Recon MSE=7.715269e-03 | ‖ω‖₁=1.813389e+02
  λ=1.728e-03 | Epoch  30 | lr=5.0000e-04 | Recon MSE=1.660515e-02 | ‖ω‖₁=1.697535e+02
  λ=1.728e-03 | Epoch  40 | lr=2.5000e-04 | Recon MSE=1.148444e-02 | ‖ω‖₁=1.581162e+02
  λ=1.728e-03 | Epoch  50 | lr=2.5000e-04 | Recon MSE=8.590558e-03 | ‖ω‖₁=1.453540e+02
  λ=1.728e-03 | Epoch  60 | lr=1.2500e-04 | Recon MSE=1.153112e-02 | ‖ω‖₁=1.325133e+02
  λ=1.728e-03 | Epoch  70 | lr=1.2500e-04 | Recon MSE=7.846567e-03 | ‖ω‖₁=1.191734e+02
  λ=1.728e-03 | Epoch  80 | lr=6.2500e-05 | Recon MSE=7.939537e-03 | ‖ω‖₁=1.058082e+02
  λ=1.728e-03 | Epoch  90 | lr=6.2500e-05 | Recon MSE=8.843818e-03 | ‖ω‖₁=9.222126e+01
  λ=1.728e-03 | Epoch 100 | lr=3.1250e-05 | Recon MSE=1.004127e-02 | ‖ω‖₁=7.862327e+01
  → at λ=1.728e-03:  r(λ)=200,  rel_err=1.896888e-02

-- Path iteration 5, λ = 2.074e-03   (r(λ) prev = 200)
  λ=2.074e-03 | Epoch   1 | lr=1.0000e-03 | Recon MSE=2.830061e-04 | ‖ω‖₁=1.990821e+02
  λ=2.074e-03 | Epoch  10 | lr=1.0000e-03 | Recon MSE=2.622861e-02 | ‖ω‖₁=1.879894e+02
  λ=2.074e-03 | Epoch  20 | lr=5.0000e-04 | Recon MSE=1.380119e-02 | ‖ω‖₁=1.758520e+02
  λ=2.074e-03 | Epoch  30 | lr=5.0000e-04 | Recon MSE=2.038070e-02 | ‖ω‖₁=1.613896e+02
  λ=2.074e-03 | Epoch  40 | lr=2.5000e-04 | Recon MSE=1.945745e-02 | ‖ω‖₁=1.468024e+02
  λ=2.074e-03 | Epoch  50 | lr=2.5000e-04 | Recon MSE=1.193308e-02 | ‖ω‖₁=1.311805e+02
  λ=2.074e-03 | Epoch  60 | lr=1.2500e-04 | Recon MSE=1.750488e-02 | ‖ω‖₁=1.154861e+02
  λ=2.074e-03 | Epoch  70 | lr=1.2500e-04 | Recon MSE=1.080055e-02 | ‖ω‖₁=9.934525e+01
  λ=2.074e-03 | Epoch  80 | lr=6.2500e-05 | Recon MSE=1.246303e-02 | ‖ω‖₁=8.318883e+01
  λ=2.074e-03 | Epoch  90 | lr=6.2500e-05 | Recon MSE=1.237727e-02 | ‖ω‖₁=6.682714e+01
  λ=2.074e-03 | Epoch 100 | lr=3.1250e-05 | Recon MSE=1.368679e-02 | ‖ω‖₁=5.046012e+01
  → at λ=2.074e-03:  r(λ)=200,  rel_err=2.207152e-02

-- Path iteration 6, λ = 2.488e-03   (r(λ) prev = 200)
  λ=2.488e-03 | Epoch   1 | lr=1.0000e-03 | Recon MSE=4.226665e-04 | ‖ω‖₁=1.988770e+02
  λ=2.488e-03 | Epoch  10 | lr=1.0000e-03 | Recon MSE=5.194732e-02 | ‖ω‖₁=1.848333e+02
  λ=2.488e-03 | Epoch  20 | lr=5.0000e-04 | Recon MSE=3.381630e-02 | ‖ω‖₁=1.694161e+02
  λ=2.488e-03 | Epoch  30 | lr=5.0000e-04 | Recon MSE=2.491304e-02 | ‖ω‖₁=1.516149e+02
  λ=2.488e-03 | Epoch  40 | lr=2.5000e-04 | Recon MSE=2.533140e-02 | ‖ω‖₁=1.336120e+02
  λ=2.488e-03 | Epoch  50 | lr=2.5000e-04 | Recon MSE=1.602558e-02 | ‖ω‖₁=1.145942e+02
  λ=2.488e-03 | Epoch  60 | lr=1.2500e-04 | Recon MSE=2.215660e-02 | ‖ω‖₁=9.550988e+01
  λ=2.488e-03 | Epoch  70 | lr=1.2500e-04 | Recon MSE=1.656145e-02 | ‖ω‖₁=7.601973e+01
  λ=2.488e-03 | Epoch  80 | lr=6.2500e-05 | Recon MSE=1.668356e-02 | ‖ω‖₁=5.650502e+01
  λ=2.488e-03 | Epoch  90 | lr=6.2500e-05 | Recon MSE=1.839347e-02 | ‖ω‖₁=3.682073e+01
  λ=2.488e-03 | Epoch 100 | lr=3.1250e-05 | Recon MSE=2.244931e-02 | ‖ω‖₁=1.949250e+01
  → at λ=2.488e-03:  r(λ)=200,  rel_err=2.896116e-02

-- Path iteration 7, λ = 2.986e-03   (r(λ) prev = 200)
  λ=2.986e-03 | Epoch   1 | lr=1.0000e-03 | Recon MSE=6.521591e-04 | ‖ω‖₁=1.986379e+02
  λ=2.986e-03 | Epoch  10 | lr=1.0000e-03 | Recon MSE=1.341975e-01 | ‖ω‖₁=1.811221e+02
  λ=2.986e-03 | Epoch  20 | lr=5.0000e-04 | Recon MSE=4.230104e-01 | ‖ω‖₁=1.623097e+02
  λ=2.986e-03 | Epoch  30 | lr=5.0000e-04 | Recon MSE=3.051852e-01 | ‖ω‖₁=1.408236e+02
  λ=2.986e-03 | Epoch  40 | lr=2.5000e-04 | Recon MSE=1.619522e-01 | ‖ω‖₁=1.188137e+02
  λ=2.986e-03 | Epoch  50 | lr=2.5000e-04 | Recon MSE=1.212134e-01 | ‖ω‖₁=9.576794e+01
  λ=2.986e-03 | Epoch  60 | lr=1.2500e-04 | Recon MSE=1.077148e-01 | ‖ω‖₁=7.266560e+01
  λ=2.986e-03 | Epoch  70 | lr=1.2500e-04 | Recon MSE=1.070696e-01 | ‖ω‖₁=4.919163e+01
  λ=2.986e-03 | Epoch  80 | lr=6.2500e-05 | Recon MSE=1.062311e-01 | ‖ω‖₁=2.572620e+01
  λ=2.986e-03 | Epoch  90 | lr=6.2500e-05 | Recon MSE=1.413920e-01 | ‖ω‖₁=1.279641e+01
  λ=2.986e-03 | Epoch 100 | lr=3.1250e-05 | Recon MSE=1.499727e-01 | ‖ω‖₁=6.905143e+00
  → at λ=2.986e-03:  r(λ)=200,  rel_err=7.211032e-02

-- Path iteration 8, λ = 3.583e-03   (r(λ) prev = 200)
  λ=3.583e-03 | Epoch   1 | lr=1.0000e-03 | Recon MSE=9.764098e-04 | ‖ω‖₁=1.983554e+02
  λ=3.583e-03 | Epoch  10 | lr=1.0000e-03 | Recon MSE=1.698918e-01 | ‖ω‖₁=1.764784e+02
  λ=3.583e-03 | Epoch  20 | lr=5.0000e-04 | Recon MSE=1.318504e-01 | ‖ω‖₁=1.524080e+02
  λ=3.583e-03 | Epoch  30 | lr=5.0000e-04 | Recon MSE=7.552486e-02 | ‖ω‖₁=1.258569e+02
  λ=3.583e-03 | Epoch  40 | lr=2.5000e-04 | Recon MSE=7.714077e-02 | ‖ω‖₁=9.895276e+01
  λ=3.583e-03 | Epoch  50 | lr=2.5000e-04 | Recon MSE=4.786539e-02 | ‖ω‖₁=7.103263e+01
  λ=3.583e-03 | Epoch  60 | lr=1.2500e-04 | Recon MSE=4.616050e-02 | ‖ω‖₁=4.310828e+01
  λ=3.583e-03 | Epoch  70 | lr=1.2500e-04 | Recon MSE=4.955792e-02 | ‖ω‖₁=1.788133e+01
  λ=3.583e-03 | Epoch  80 | lr=6.2500e-05 | Recon MSE=6.423797e-02 | ‖ω‖₁=7.914912e+00
  λ=3.583e-03 | Epoch  90 | lr=6.2500e-05 | Recon MSE=5.170500e-02 | ‖ω‖₁=6.410553e+00
  λ=3.583e-03 | Epoch 100 | lr=3.1250e-05 | Recon MSE=4.693608e-02 | ‖ω‖₁=6.095568e+00
  → at λ=3.583e-03:  r(λ)=200,  rel_err=4.064519e-02

-- Path iteration 9, λ = 4.300e-03   (r(λ) prev = 200)
  λ=4.300e-03 | Epoch   1 | lr=1.0000e-03 | Recon MSE=1.436890e-03 | ‖ω‖₁=1.979859e+02
  λ=4.300e-03 | Epoch  10 | lr=1.0000e-03 | Recon MSE=3.642847e-01 | ‖ω‖₁=1.710226e+02
  λ=4.300e-03 | Epoch  20 | lr=5.0000e-04 | Recon MSE=4.771040e-01 | ‖ω‖₁=1.415903e+02
  λ=4.300e-03 | Epoch  30 | lr=5.0000e-04 | Recon MSE=2.772261e-01 | ‖ω‖₁=1.094796e+02
  λ=4.300e-03 | Epoch  40 | lr=2.5000e-04 | Recon MSE=2.186196e-01 | ‖ω‖₁=7.691991e+01
  λ=4.300e-03 | Epoch  50 | lr=2.5000e-04 | Recon MSE=1.664353e-01 | ‖ω‖₁=4.336138e+01
  λ=4.300e-03 | Epoch  60 | lr=1.2500e-04 | Recon MSE=1.541263e-01 | ‖ω‖₁=1.541629e+01
  λ=4.300e-03 | Epoch  70 | lr=1.2500e-04 | Recon MSE=1.866967e-01 | ‖ω‖₁=6.730337e+00
  λ=4.300e-03 | Epoch  80 | lr=6.2500e-05 | Recon MSE=1.425703e-01 | ‖ω‖₁=6.208165e+00
  λ=4.300e-03 | Epoch  90 | lr=6.2500e-05 | Recon MSE=1.310797e-01 | ‖ω‖₁=5.895874e+00
  λ=4.300e-03 | Epoch 100 | lr=3.1250e-05 | Recon MSE=1.217341e-01 | ‖ω‖₁=5.651853e+00
  → at λ=4.300e-03:  r(λ)=200,  rel_err=6.551856e-02

-- Path iteration 10, λ = 5.160e-03   (r(λ) prev = 200)
  λ=5.160e-03 | Epoch   1 | lr=1.0000e-03 | Recon MSE=2.095460e-03 | ‖ω‖₁=1.975659e+02
  λ=5.160e-03 | Epoch  10 | lr=1.0000e-03 | Recon MSE=6.292045e-01 | ‖ω‖₁=1.644778e+02
  λ=5.160e-03 | Epoch  20 | lr=5.0000e-04 | Recon MSE=2.460639e+00 | ‖ω‖₁=1.290246e+02
  λ=5.160e-03 | Epoch  30 | lr=5.0000e-04 | Recon MSE=6.066927e+00 | ‖ω‖₁=9.058375e+01
  λ=5.160e-03 | Epoch  40 | lr=2.5000e-04 | Recon MSE=1.025830e+01 | ‖ω‖₁=5.199904e+01
  λ=5.160e-03 | Epoch  50 | lr=2.5000e-04 | Recon MSE=1.489203e+01 | ‖ω‖₁=1.754776e+01
  λ=5.160e-03 | Epoch  60 | lr=1.2500e-04 | Recon MSE=1.502769e+01 | ‖ω‖₁=6.615538e+00
  λ=5.160e-03 | Epoch  70 | lr=1.2500e-04 | Recon MSE=1.111685e+01 | ‖ω‖₁=6.047441e+00
  λ=5.160e-03 | Epoch  80 | lr=6.2500e-05 | Recon MSE=7.463854e+00 | ‖ω‖₁=5.703413e+00
  λ=5.160e-03 | Epoch  90 | lr=6.2500e-05 | Recon MSE=6.314017e+00 | ‖ω‖₁=5.429524e+00
  λ=5.160e-03 | Epoch 100 | lr=3.1250e-05 | Recon MSE=5.377905e+00 | ‖ω‖₁=5.201704e+00
  → at λ=5.160e-03:  r(λ)=200,  rel_err=4.343933e-01

-- Path iteration 11, λ = 6.192e-03   (r(λ) prev = 200)
  λ=6.192e-03 | Epoch   1 | lr=1.0000e-03 | Recon MSE=3.239291e-03 | ‖ω‖₁=1.970380e+02
  λ=6.192e-03 | Epoch  10 | lr=1.0000e-03 | Recon MSE=1.002905e+00 | ‖ω‖₁=1.565319e+02
  λ=6.192e-03 | Epoch  20 | lr=5.0000e-04 | Recon MSE=3.915079e+00 | ‖ω‖₁=1.127338e+02
  λ=6.192e-03 | Epoch  30 | lr=5.0000e-04 | Recon MSE=8.270267e+00 | ‖ω‖₁=6.623954e+01
  λ=6.192e-03 | Epoch  40 | lr=2.5000e-04 | Recon MSE=1.158523e+01 | ‖ω‖₁=2.087520e+01
  λ=6.192e-03 | Epoch  50 | lr=2.5000e-04 | Recon MSE=1.099618e+01 | ‖ω‖₁=6.555064e+00
  λ=6.192e-03 | Epoch  60 | lr=1.2500e-04 | Recon MSE=5.838127e+00 | ‖ω‖₁=5.983140e+00
  λ=6.192e-03 | Epoch  70 | lr=1.2500e-04 | Recon MSE=4.165440e+00 | ‖ω‖₁=5.603500e+00
  λ=6.192e-03 | Epoch  80 | lr=6.2500e-05 | Recon MSE=2.846343e+00 | ‖ω‖₁=5.314964e+00
  λ=6.192e-03 | Epoch  90 | lr=6.2500e-05 | Recon MSE=2.407980e+00 | ‖ω‖₁=5.063226e+00
  λ=6.192e-03 | Epoch 100 | lr=3.1250e-05 | Recon MSE=2.061452e+00 | ‖ω‖₁=4.846299e+00
  → at λ=6.192e-03:  r(λ)=200,  rel_err=2.689554e-01

-- Path iteration 12, λ = 7.430e-03   (r(λ) prev = 200)
  λ=7.430e-03 | Epoch   1 | lr=1.0000e-03 | Recon MSE=4.516422e-03 | ‖ω‖₁=1.964504e+02
  λ=7.430e-03 | Epoch  10 | lr=1.0000e-03 | Recon MSE=1.606322e+00 | ‖ω‖₁=1.470344e+02
  λ=7.430e-03 | Epoch  20 | lr=5.0000e-04 | Recon MSE=5.840195e+00 | ‖ω‖₁=9.260753e+01
  λ=7.430e-03 | Epoch  30 | lr=5.0000e-04 | Recon MSE=5.524949e+00 | ‖ω‖₁=3.567919e+01
  λ=7.430e-03 | Epoch  40 | lr=2.5000e-04 | Recon MSE=2.173668e+00 | ‖ω‖₁=6.715107e+00
  λ=7.430e-03 | Epoch  50 | lr=2.5000e-04 | Recon MSE=1.114067e+00 | ‖ω‖₁=5.970841e+00
  λ=7.430e-03 | Epoch  60 | lr=1.2500e-04 | Recon MSE=6.878863e-01 | ‖ω‖₁=5.546614e+00
  λ=7.430e-03 | Epoch  70 | lr=1.2500e-04 | Recon MSE=5.459960e-01 | ‖ω‖₁=5.215519e+00
  λ=7.430e-03 | Epoch  80 | lr=6.2500e-05 | Recon MSE=4.422355e-01 | ‖ω‖₁=4.940411e+00
  λ=7.430e-03 | Epoch  90 | lr=6.2500e-05 | Recon MSE=3.973995e-01 | ‖ω‖₁=4.697355e+00
  λ=7.430e-03 | Epoch 100 | lr=3.1250e-05 | Recon MSE=3.597403e-01 | ‖ω‖₁=4.479685e+00
  → at λ=7.430e-03:  r(λ)=200,  rel_err=1.125777e-01

-- Path iteration 13, λ = 8.916e-03   (r(λ) prev = 200)
  λ=8.916e-03 | Epoch   1 | lr=1.0000e-03 | Recon MSE=7.000620e-03 | ‖ω‖₁=1.957058e+02
  λ=8.916e-03 | Epoch  10 | lr=1.0000e-03 | Recon MSE=2.422471e+00 | ‖ω‖₁=1.354890e+02
  λ=8.916e-03 | Epoch  20 | lr=5.0000e-04 | Recon MSE=9.187621e+00 | ‖ω‖₁=6.911104e+01
  λ=8.916e-03 | Epoch  30 | lr=5.0000e-04 | Recon MSE=8.972509e+00 | ‖ω‖₁=9.756569e+00
  λ=8.916e-03 | Epoch  40 | lr=2.5000e-04 | Recon MSE=2.349703e+00 | ‖ω‖₁=6.135766e+00
  λ=8.916e-03 | Epoch  50 | lr=2.5000e-04 | Recon MSE=1.146946e+00 | ‖ω‖₁=5.597197e+00
  λ=8.916e-03 | Epoch  60 | lr=1.2500e-04 | Recon MSE=7.291510e-01 | ‖ω‖₁=5.211355e+00
  λ=8.916e-03 | Epoch  70 | lr=1.2500e-04 | Recon MSE=5.793244e-01 | ‖ω‖₁=4.890653e+00
  λ=8.916e-03 | Epoch  80 | lr=6.2500e-05 | Recon MSE=4.740402e-01 | ‖ω‖₁=4.615771e+00
  λ=8.916e-03 | Epoch  90 | lr=6.2500e-05 | Recon MSE=4.301467e-01 | ‖ω‖₁=4.367261e+00
  λ=8.916e-03 | Epoch 100 | lr=3.1250e-05 | Recon MSE=3.936901e-01 | ‖ω‖₁=4.141103e+00
  → at λ=8.916e-03:  r(λ)=200,  rel_err=1.178290e-01

-- Path iteration 14, λ = 1.070e-02   (r(λ) prev = 200)
  λ=1.070e-02 | Epoch   1 | lr=1.0000e-03 | Recon MSE=1.045386e-02 | ‖ω‖₁=1.948125e+02
  λ=1.070e-02 | Epoch  10 | lr=1.0000e-03 | Recon MSE=3.668440e+00 | ‖ω‖₁=1.218446e+02
  λ=1.070e-02 | Epoch  20 | lr=5.0000e-04 | Recon MSE=1.489759e+01 | ‖ω‖₁=4.092131e+01
  λ=1.070e-02 | Epoch  30 | lr=5.0000e-04 | Recon MSE=2.415816e+01 | ‖ω‖₁=6.452406e+00
  λ=1.070e-02 | Epoch  40 | lr=2.5000e-04 | Recon MSE=2.294805e+01 | ‖ω‖₁=5.707251e+00
  λ=1.070e-02 | Epoch  50 | lr=2.5000e-04 | Recon MSE=2.146197e+01 | ‖ω‖₁=5.221952e+00
  λ=1.070e-02 | Epoch  60 | lr=1.2500e-04 | Recon MSE=1.736027e+01 | ‖ω‖₁=4.848128e+00
  λ=1.070e-02 | Epoch  70 | lr=1.2500e-04 | Recon MSE=1.564423e+01 | ‖ω‖₁=4.517585e+00
  λ=1.070e-02 | Epoch  80 | lr=6.2500e-05 | Recon MSE=1.343323e+01 | ‖ω‖₁=4.235842e+00
  λ=1.070e-02 | Epoch  90 | lr=6.2500e-05 | Recon MSE=1.287889e+01 | ‖ω‖₁=3.972711e+00
  λ=1.070e-02 | Epoch 100 | lr=3.1250e-05 | Recon MSE=1.254650e+01 | ‖ω‖₁=3.733119e+00
  → at λ=1.070e-02:  r(λ)=200,  rel_err=6.663122e-01

-- Path iteration 15, λ = 1.284e-02   (r(λ) prev = 200)
  λ=1.284e-02 | Epoch   1 | lr=1.0000e-03 | Recon MSE=1.469891e-02 | ‖ω‖₁=1.937855e+02
  λ=1.284e-02 | Epoch  10 | lr=1.0000e-03 | Recon MSE=5.306534e+00 | ‖ω‖₁=1.053991e+02
  λ=1.284e-02 | Epoch  20 | lr=5.0000e-04 | Recon MSE=2.049161e+01 | ‖ω‖₁=1.207016e+01
  λ=1.284e-02 | Epoch  30 | lr=5.0000e-04 | Recon MSE=2.292356e+01 | ‖ω‖₁=5.837096e+00
  λ=1.284e-02 | Epoch  40 | lr=2.5000e-04 | Recon MSE=2.058665e+01 | ‖ω‖₁=5.245590e+00
  λ=1.284e-02 | Epoch  50 | lr=2.5000e-04 | Recon MSE=1.760087e+01 | ‖ω‖₁=4.792282e+00
  λ=1.284e-02 | Epoch  60 | lr=1.2500e-04 | Recon MSE=1.179549e+01 | ‖ω‖₁=4.439674e+00
  λ=1.284e-02 | Epoch  70 | lr=1.2500e-04 | Recon MSE=9.177271e+00 | ‖ω‖₁=4.097025e+00
  λ=1.284e-02 | Epoch  80 | lr=6.2500e-05 | Recon MSE=6.492659e+00 | ‖ω‖₁=3.804761e+00
  λ=1.284e-02 | Epoch  90 | lr=6.2500e-05 | Recon MSE=5.389710e+00 | ‖ω‖₁=3.531522e+00
  λ=1.284e-02 | Epoch 100 | lr=3.1250e-05 | Recon MSE=4.449183e+00 | ‖ω‖₁=3.283311e+00
  → at λ=1.284e-02:  r(λ)=200,  rel_err=3.947270e-01

-- Path iteration 16, λ = 1.541e-02   (r(λ) prev = 200)
  λ=1.541e-02 | Epoch   1 | lr=1.0000e-03 | Recon MSE=2.133157e-02 | ‖ω‖₁=1.925148e+02
  λ=1.541e-02 | Epoch  10 | lr=1.0000e-03 | Recon MSE=7.850142e+00 | ‖ω‖₁=8.572212e+01
  λ=1.541e-02 | Epoch  20 | lr=5.0000e-04 | Recon MSE=2.373575e+01 | ‖ω‖₁=6.419537e+00
  λ=1.541e-02 | Epoch  30 | lr=5.0000e-04 | Recon MSE=2.302718e+01 | ‖ω‖₁=5.444888e+00
  λ=1.541e-02 | Epoch  40 | lr=2.5000e-04 | Recon MSE=2.198467e+01 | ‖ω‖₁=4.882604e+00
  λ=1.541e-02 | Epoch  50 | lr=2.5000e-04 | Recon MSE=2.008965e+01 | ‖ω‖₁=4.427126e+00
  λ=1.541e-02 | Epoch  60 | lr=1.2500e-04 | Recon MSE=1.765494e+01 | ‖ω‖₁=4.048914e+00
  λ=1.541e-02 | Epoch  70 | lr=1.2500e-04 | Recon MSE=1.644932e+01 | ‖ω‖₁=3.696722e+00
  λ=1.541e-02 | Epoch  80 | lr=6.2500e-05 | Recon MSE=1.500666e+01 | ‖ω‖₁=3.388335e+00
  λ=1.541e-02 | Epoch  90 | lr=6.2500e-05 | Recon MSE=1.296847e+01 | ‖ω‖₁=3.102912e+00
  λ=1.541e-02 | Epoch 100 | lr=3.1250e-05 | Recon MSE=1.128066e+01 | ‖ω‖₁=2.844134e+00
  → at λ=1.541e-02:  r(λ)=200,  rel_err=6.302571e-01

-- Path iteration 17, λ = 1.849e-02   (r(λ) prev = 200)
  λ=1.849e-02 | Epoch   1 | lr=1.0000e-03 | Recon MSE=3.135603e-02 | ‖ω‖₁=1.909900e+02
  λ=1.849e-02 | Epoch  10 | lr=1.0000e-03 | Recon MSE=1.198103e+01 | ‖ω‖₁=6.179376e+01
  λ=1.849e-02 | Epoch  20 | lr=5.0000e-04 | Recon MSE=2.653575e+01 | ‖ω‖₁=5.990334e+00
  λ=1.849e-02 | Epoch  30 | lr=5.0000e-04 | Recon MSE=2.617310e+01 | ‖ω‖₁=5.117330e+00
  λ=1.849e-02 | Epoch  40 | lr=2.5000e-04 | Recon MSE=2.559452e+01 | ‖ω‖₁=4.525762e+00
  λ=1.849e-02 | Epoch  50 | lr=2.5000e-04 | Recon MSE=2.467356e+01 | ‖ω‖₁=4.052286e+00
  λ=1.849e-02 | Epoch  60 | lr=1.2500e-04 | Recon MSE=2.468463e+01 | ‖ω‖₁=3.646315e+00
  λ=1.849e-02 | Epoch  70 | lr=1.2500e-04 | Recon MSE=2.476057e+01 | ‖ω‖₁=3.283520e+00
  λ=1.849e-02 | Epoch  80 | lr=6.2500e-05 | Recon MSE=2.481729e+01 | ‖ω‖₁=2.953450e+00
  λ=1.849e-02 | Epoch  90 | lr=6.2500e-05 | Recon MSE=2.483240e+01 | ‖ω‖₁=2.648379e+00
  λ=1.849e-02 | Epoch 100 | lr=3.1250e-05 | Recon MSE=2.447811e+01 | ‖ω‖₁=2.364336e+00
  → at λ=1.849e-02:  r(λ)=200,  rel_err=9.310327e-01

-- Path iteration 18, λ = 2.219e-02   (r(λ) prev = 200)
  λ=2.219e-02 | Epoch   1 | lr=1.0000e-03 | Recon MSE=4.513008e-02 | ‖ω‖₁=1.891742e+02
  λ=2.219e-02 | Epoch  10 | lr=1.0000e-03 | Recon MSE=1.685602e+01 | ‖ω‖₁=3.340942e+01
  λ=2.219e-02 | Epoch  20 | lr=5.0000e-04 | Recon MSE=2.536193e+01 | ‖ω‖₁=5.540032e+00
  λ=2.219e-02 | Epoch  30 | lr=5.0000e-04 | Recon MSE=2.435698e+01 | ‖ω‖₁=4.745626e+00
  λ=2.219e-02 | Epoch  40 | lr=2.5000e-04 | Recon MSE=2.447070e+01 | ‖ω‖₁=4.148838e+00
  λ=2.219e-02 | Epoch  50 | lr=2.5000e-04 | Recon MSE=2.344161e+01 | ‖ω‖₁=3.674942e+00
  λ=2.219e-02 | Epoch  60 | lr=1.2500e-04 | Recon MSE=1.887511e+01 | ‖ω‖₁=3.271786e+00
  λ=2.219e-02 | Epoch  70 | lr=1.2500e-04 | Recon MSE=1.653099e+01 | ‖ω‖₁=2.868693e+00
  λ=2.219e-02 | Epoch  80 | lr=6.2500e-05 | Recon MSE=1.418869e+01 | ‖ω‖₁=2.514812e+00
  λ=2.219e-02 | Epoch  90 | lr=6.2500e-05 | Recon MSE=1.233263e+01 | ‖ω‖₁=2.181601e+00
  λ=2.219e-02 | Epoch 100 | lr=3.1250e-05 | Recon MSE=1.057110e+01 | ‖ω‖₁=1.872892e+00
  → at λ=2.219e-02:  r(λ)=200,  rel_err=6.091585e-01

-- Path iteration 19, λ = 2.662e-02   (r(λ) prev = 200)
  λ=2.662e-02 | Epoch   1 | lr=1.0000e-03 | Recon MSE=6.508999e-02 | ‖ω‖₁=1.869972e+02
  λ=2.662e-02 | Epoch  10 | lr=1.0000e-03 | Recon MSE=2.481134e+01 | ‖ω‖₁=7.360017e+00
  λ=2.662e-02 | Epoch  20 | lr=5.0000e-04 | Recon MSE=2.549424e+01 | ‖ω‖₁=5.197618e+00
  λ=2.662e-02 | Epoch  30 | lr=5.0000e-04 | Recon MSE=2.570555e+01 | ‖ω‖₁=4.379794e+00
  λ=2.662e-02 | Epoch  40 | lr=2.5000e-04 | Recon MSE=2.586724e+01 | ‖ω‖₁=3.758042e+00
  λ=2.662e-02 | Epoch  50 | lr=2.5000e-04 | Recon MSE=2.600326e+01 | ‖ω‖₁=3.234359e+00
  λ=2.662e-02 | Epoch  60 | lr=1.2500e-04 | Recon MSE=2.612277e+01 | ‖ω‖₁=2.774734e+00
  λ=2.662e-02 | Epoch  70 | lr=1.2500e-04 | Recon MSE=2.623015e+01 | ‖ω‖₁=2.359344e+00
  λ=2.662e-02 | Epoch  80 | lr=6.2500e-05 | Recon MSE=2.632537e+01 | ‖ω‖₁=1.977853e+00
  λ=2.662e-02 | Epoch  90 | lr=6.2500e-05 | Recon MSE=2.640893e+01 | ‖ω‖₁=1.623355e+00
  λ=2.662e-02 | Epoch 100 | lr=3.1250e-05 | Recon MSE=2.645858e+01 | ‖ω‖₁=1.293070e+00
  → at λ=2.662e-02:  r(λ)=200,  rel_err=9.689352e-01

-- Path iteration 20, λ = 3.195e-02   (r(λ) prev = 200)
  λ=3.195e-02 | Epoch   1 | lr=1.0000e-03 | Recon MSE=9.442373e-02 | ‖ω‖₁=1.843779e+02
  λ=3.195e-02 | Epoch  10 | lr=1.0000e-03 | Recon MSE=2.525598e+01 | ‖ω‖₁=6.232195e+00
  λ=3.195e-02 | Epoch  20 | lr=5.0000e-04 | Recon MSE=2.556293e+01 | ‖ω‖₁=4.817700e+00
  λ=3.195e-02 | Epoch  30 | lr=5.0000e-04 | Recon MSE=2.577577e+01 | ‖ω‖₁=3.979222e+00
  λ=3.195e-02 | Epoch  40 | lr=2.5000e-04 | Recon MSE=2.495338e+01 | ‖ω‖₁=3.357414e+00
  λ=3.195e-02 | Epoch  50 | lr=2.5000e-04 | Recon MSE=2.384757e+01 | ‖ω‖₁=2.785923e+00
  λ=3.195e-02 | Epoch  60 | lr=1.2500e-04 | Recon MSE=2.359352e+01 | ‖ω‖₁=2.289029e+00
  λ=3.195e-02 | Epoch  70 | lr=1.2500e-04 | Recon MSE=2.274240e+01 | ‖ω‖₁=1.843559e+00
  λ=3.195e-02 | Epoch  80 | lr=6.2500e-05 | Recon MSE=2.231065e+01 | ‖ω‖₁=1.430452e+00
  λ=3.195e-02 | Epoch  90 | lr=6.2500e-05 | Recon MSE=2.098536e+01 | ‖ω‖₁=1.045775e+00
  λ=3.195e-02 | Epoch 100 | lr=3.1250e-05 | Recon MSE=1.987449e+01 | ‖ω‖₁=6.885759e-01
  → at λ=3.195e-02:  r(λ)=200,  rel_err=8.379740e-01

-- Path iteration 21, λ = 3.834e-02   (r(λ) prev = 200)
  λ=3.834e-02 | Epoch   1 | lr=1.0000e-03 | Recon MSE=1.371449e-01 | ‖ω‖₁=1.812213e+02
  λ=3.834e-02 | Epoch  10 | lr=1.0000e-03 | Recon MSE=2.559665e+01 | ‖ω‖₁=5.858434e+00
  λ=3.834e-02 | Epoch  20 | lr=5.0000e-04 | Recon MSE=2.564480e+01 | ‖ω‖₁=4.482304e+00
  λ=3.834e-02 | Epoch  30 | lr=5.0000e-04 | Recon MSE=2.587258e+01 | ‖ω‖₁=3.608170e+00
  λ=3.834e-02 | Epoch  40 | lr=2.5000e-04 | Recon MSE=2.605364e+01 | ‖ω‖₁=2.913722e+00
  λ=3.834e-02 | Epoch  50 | lr=2.5000e-04 | Recon MSE=2.620768e+01 | ‖ω‖₁=2.315002e+00
  λ=3.834e-02 | Epoch  60 | lr=1.2500e-04 | Recon MSE=2.583759e+01 | ‖ω‖₁=1.794372e+00
  λ=3.834e-02 | Epoch  70 | lr=1.2500e-04 | Recon MSE=2.532641e+01 | ‖ω‖₁=1.305699e+00
  λ=3.834e-02 | Epoch  80 | lr=6.2500e-05 | Recon MSE=2.538923e+01 | ‖ω‖₁=8.572535e-01
  λ=3.834e-02 | Epoch  90 | lr=6.2500e-05 | Recon MSE=2.547996e+01 | ‖ω‖₁=4.405569e-01
  λ=3.834e-02 | Epoch 100 | lr=3.1250e-05 | Recon MSE=2.556157e+01 | ‖ω‖₁=1.048285e-01
  → at λ=3.834e-02:  r(λ)=112,  rel_err=9.524289e-01

-- Path iteration 22, λ = 4.601e-02   (r(λ) prev = 112)
  λ=4.601e-02 | Epoch   1 | lr=1.0000e-03 | Recon MSE=1.972061e-01 | ‖ω‖₁=1.774376e+02
  λ=4.601e-02 | Epoch  10 | lr=1.0000e-03 | Recon MSE=2.537275e+01 | ‖ω‖₁=5.505063e+00
  λ=4.601e-02 | Epoch  20 | lr=5.0000e-04 | Recon MSE=2.569002e+01 | ‖ω‖₁=4.107429e+00
  λ=4.601e-02 | Epoch  30 | lr=5.0000e-04 | Recon MSE=2.588742e+01 | ‖ω‖₁=3.172443e+00
  λ=4.601e-02 | Epoch  40 | lr=2.5000e-04 | Recon MSE=2.308878e+01 | ‖ω‖₁=2.459510e+00
  λ=4.601e-02 | Epoch  50 | lr=2.5000e-04 | Recon MSE=2.008769e+01 | ‖ω‖₁=1.785297e+00
  λ=4.601e-02 | Epoch  60 | lr=1.2500e-04 | Recon MSE=1.601335e+01 | ‖ω‖₁=1.213182e+00
  λ=4.601e-02 | Epoch  70 | lr=1.2500e-04 | Recon MSE=1.273776e+01 | ‖ω‖₁=6.882276e-01
  λ=4.601e-02 | Epoch  80 | lr=6.2500e-05 | Recon MSE=1.088487e+01 | ‖ω‖₁=2.335300e-01
  λ=4.601e-02 | Epoch  90 | lr=6.2500e-05 | Recon MSE=1.034899e+01 | ‖ω‖₁=6.120812e-02
  λ=4.601e-02 | Epoch 100 | lr=3.1250e-05 | Recon MSE=9.790897e+00 | ‖ω‖₁=4.005433e-02
  → at λ=4.601e-02:  r(λ)=23,  rel_err=5.881298e-01

-- Path iteration 23, λ = 5.521e-02   (r(λ) prev = 23)
  λ=5.521e-02 | Epoch   1 | lr=1.0000e-03 | Recon MSE=2.849100e-01 | ‖ω‖₁=1.728957e+02
  λ=5.521e-02 | Epoch  10 | lr=1.0000e-03 | Recon MSE=2.543876e+01 | ‖ω‖₁=5.148767e+00
  λ=5.521e-02 | Epoch  20 | lr=5.0000e-04 | Recon MSE=2.579099e+01 | ‖ω‖₁=3.714987e+00
  λ=5.521e-02 | Epoch  30 | lr=5.0000e-04 | Recon MSE=2.485005e+01 | ‖ω‖₁=2.733354e+00
  λ=5.521e-02 | Epoch  40 | lr=2.5000e-04 | Recon MSE=2.218035e+01 | ‖ω‖₁=1.934821e+00
  λ=5.521e-02 | Epoch  50 | lr=2.5000e-04 | Recon MSE=1.973979e+01 | ‖ω‖₁=1.217564e+00
  λ=5.521e-02 | Epoch  60 | lr=1.2500e-04 | Recon MSE=1.622223e+01 | ‖ω‖₁=6.030595e-01
  λ=5.521e-02 | Epoch  70 | lr=1.2500e-04 | Recon MSE=1.407606e+01 | ‖ω‖₁=1.196391e-01
  λ=5.521e-02 | Epoch  80 | lr=6.2500e-05 | Recon MSE=1.223626e+01 | ‖ω‖₁=4.671272e-02
  λ=5.521e-02 | Epoch  90 | lr=6.2500e-05 | Recon MSE=1.208098e+01 | ‖ω‖₁=2.242513e-02
  λ=5.521e-02 | Epoch 100 | lr=3.1250e-05 | Recon MSE=1.199767e+01 | ‖ω‖₁=1.302007e-02
  → at λ=5.521e-02:  r(λ)=14,  rel_err=6.524031e-01

-- Path iteration 24, λ = 6.625e-02   (r(λ) prev = 14)
  λ=6.625e-02 | Epoch   1 | lr=1.0000e-03 | Recon MSE=4.116374e-01 | ‖ω‖₁=1.674678e+02
  λ=6.625e-02 | Epoch  10 | lr=1.0000e-03 | Recon MSE=2.665259e+01 | ‖ω‖₁=4.760213e+00
  λ=6.625e-02 | Epoch  20 | lr=5.0000e-04 | Recon MSE=2.599972e+01 | ‖ω‖₁=3.254748e+00
  λ=6.625e-02 | Epoch  30 | lr=5.0000e-04 | Recon MSE=2.626613e+01 | ‖ω‖₁=2.192330e+00
  λ=6.625e-02 | Epoch  40 | lr=2.5000e-04 | Recon MSE=2.649084e+01 | ‖ω‖₁=1.325331e+00
  λ=6.625e-02 | Epoch  50 | lr=2.5000e-04 | Recon MSE=2.668295e+01 | ‖ω‖₁=5.734522e-01
  λ=6.625e-02 | Epoch  60 | lr=1.2500e-04 | Recon MSE=2.681399e+01 | ‖ω‖₁=5.207515e-02
  λ=6.625e-02 | Epoch  70 | lr=1.2500e-04 | Recon MSE=2.685311e+01 | ‖ω‖₁=6.822227e-03
  λ=6.625e-02 | Epoch  80 | lr=6.2500e-05 | Recon MSE=2.686095e+01 | ‖ω‖₁=2.846458e-03
  λ=6.625e-02 | Epoch  90 | lr=6.2500e-05 | Recon MSE=2.687359e+01 | ‖ω‖₁=0.000000e+00
  λ=6.625e-02 | Epoch 100 | lr=3.1250e-05 | Recon MSE=2.687184e+01 | ‖ω‖₁=0.000000e+00
  → at λ=6.625e-02:  r(λ)=0,  rel_err=9.764767e-01
All skip-weights have zeroed out. Stopping path.

Found knees using DFDT method: [19 22]
[Dense2Sparse] Picked λ=5.521e-02,  r=14, err=6.524031e-01

→ Final training on full data with λ = 5.521e-02 ...
  λ=5.521e-02 | Epoch   1 | lr=1.0000e-03 | Recon MSE=2.857711e-01 | ‖ω‖₁=1.729031e+02
  λ=5.521e-02 | Epoch  10 | lr=1.0000e-03 | Recon MSE=2.547807e+01 | ‖ω‖₁=5.130652e+00
  λ=5.521e-02 | Epoch  20 | lr=5.0000e-04 | Recon MSE=2.580121e+01 | ‖ω‖₁=3.684988e+00
  λ=5.521e-02 | Epoch  30 | lr=5.0000e-04 | Recon MSE=2.605836e+01 | ‖ω‖₁=2.690599e+00
  λ=5.521e-02 | Epoch  40 | lr=2.5000e-04 | Recon MSE=2.509125e+01 | ‖ω‖₁=1.906641e+00
  λ=5.521e-02 | Epoch  50 | lr=2.5000e-04 | Recon MSE=2.470289e+01 | ‖ω‖₁=1.201644e+00
  λ=5.521e-02 | Epoch  60 | lr=1.2500e-04 | Recon MSE=2.406422e+01 | ‖ω‖₁=5.796398e-01
  λ=5.521e-02 | Epoch  70 | lr=1.2500e-04 | Recon MSE=2.416664e+01 | ‖ω‖₁=9.247546e-02
  λ=5.521e-02 | Epoch  80 | lr=6.2500e-05 | Recon MSE=2.403773e+01 | ‖ω‖₁=2.770110e-02
  λ=5.521e-02 | Epoch  90 | lr=6.2500e-05 | Recon MSE=2.322269e+01 | ‖ω‖₁=1.681126e-02
  λ=5.521e-02 | Epoch 100 | lr=3.1250e-05 | Recon MSE=2.308494e+01 | ‖ω‖₁=1.029870e-02

Final skip-weights ω: [0.0, 0.0024033549707382917, 0.0007466082461178303, 0.00237634708173573, 0.0, 0.0, 0.0013319073477759957, 0.002786501543596387, 0.0004872775461990386, 0.0] ...
Selected POD-mode indices (ω_j ≠ 0): [1, 2, 3, 6, 7, 8] (count = 6 / 200)
Final relative reconstruction of SparseModesNet: ||X - X_hat||_F / ||X||_F = 9.050164e-01
Final MSE per sample of SparseModesNet: = 4.861741e+00
Relative error using only selected  modes: 8.564375e-01
MSE per sample using only selected  modes: 4.600775e+00
2025-06-17 18:00:47,769 - sparsemodesnet.advecting_pulse - INFO - ==================================================
2025-06-17 18:00:47,770 - sparsemodesnet.advecting_pulse - INFO - Experiment completed successfully!
2025-06-17 18:00:47,770 - sparsemodesnet.advecting_pulse - INFO - Selected 6 modes out of 200
2025-06-17 18:00:47,770 - sparsemodesnet.advecting_pulse - INFO - Final lambda: 5.521e-02
