2025-06-23 18:02:43,113 - sparsemodesnet.heat_equation_ff_sparse_decoder - INFO - Starting heat_equation_ff_sparse_decoder experiment
2025-06-23 18:02:43,114 - sparsemodesnet.heat_equation_ff_sparse_decoder - INFO - Log file: logs/heat_equation_ff_sparse_decoder_20250623_180243.log
2025-06-23 18:02:43,114 - sparsemodesnet.heat_equation_ff_sparse_decoder - INFO - Experiment: Heat Equation FF Sparse Decoder
2025-06-23 18:02:43,115 - sparsemodesnet.heat_equation_ff_sparse_decoder - INFO - Data shape: (128, 1000)
2025-06-23 18:02:43,115 - sparsemodesnet.heat_equation_ff_sparse_decoder - INFO - POD dimension: 30
2025-06-23 18:02:43,116 - sparsemodesnet.heat_equation_ff_sparse_decoder - INFO - Hidden units: [30, 465]
2025-06-23 18:02:43,116 - sparsemodesnet.heat_equation_ff_sparse_decoder - INFO - Mode Selection Method: dense2sparse
2025-06-23 18:02:43,117 - sparsemodesnet.heat_equation_ff_sparse_decoder - INFO - Device: mps
2025-06-23 18:02:43,117 - sparsemodesnet.heat_equation_ff_sparse_decoder - INFO - Training parameters: M=4.0, lr=0.001, batch_size=16
2025-06-23 18:02:43,117 - sparsemodesnet.heat_equation_ff_sparse_decoder - INFO - Optimizer: Adam, knee_method: dfdt
2025-06-23 18:02:43,118 - sparsemodesnet.heat_equation_ff_sparse_decoder - INFO - NN type: Feedforward
2025-06-23 18:02:43,118 - sparsemodesnet.heat_equation_ff_sparse_decoder - INFO - ==================================================

=== SparseModesNet (Modes Selection) on Heat Equation FF Sparse Decoder: d=128, n=1000, s=30 ===

=== Dense-To-Sparse (default) λ-Path ===

-- Path iteration 1, λ = 1.000e-03   (r(λ) prev = 30)
  λ=1.000e-03 | Epoch   1 | lr=1.0000e-03 | Recon MSE=3.901885e-03 | ‖ω‖₁=2.898633e+01
  λ=1.000e-03 | Epoch  10 | lr=1.0000e-03 | Recon MSE=1.003864e-04 | ‖ω‖₁=1.250928e+01
  λ=1.000e-03 | Epoch  20 | lr=5.0000e-04 | Recon MSE=1.278005e-04 | ‖ω‖₁=1.802124e+00
  λ=1.000e-03 | Epoch  30 | lr=5.0000e-04 | Recon MSE=1.065597e-04 | ‖ω‖₁=1.283794e+00
  λ=1.000e-03 | Epoch  40 | lr=2.5000e-04 | Recon MSE=1.130211e-04 | ‖ω‖₁=1.015464e+00
  λ=1.000e-03 | Epoch  50 | lr=2.5000e-04 | Recon MSE=1.081879e-04 | ‖ω‖₁=8.282078e-01
  λ=1.000e-03 | Epoch  60 | lr=1.2500e-04 | Recon MSE=9.612158e-05 | ‖ω‖₁=7.395902e-01
  λ=1.000e-03 | Epoch  70 | lr=1.2500e-04 | Recon MSE=8.509593e-05 | ‖ω‖₁=6.645776e-01
  λ=1.000e-03 | Epoch  80 | lr=6.2500e-05 | Recon MSE=8.599452e-05 | ‖ω‖₁=5.975313e-01
  λ=1.000e-03 | Epoch  90 | lr=6.2500e-05 | Recon MSE=8.581474e-05 | ‖ω‖₁=5.353035e-01
  λ=1.000e-03 | Epoch 100 | lr=3.1250e-05 | Recon MSE=8.056896e-05 | ‖ω‖₁=4.781793e-01
  → at λ=1.000e-03:  r(λ)=30,  rel_err=8.961827e-03

-- Path iteration 2, λ = 1.200e-03   (r(λ) prev = 30)
  λ=1.200e-03 | Epoch   1 | lr=1.0000e-03 | Recon MSE=3.575994e-03 | ‖ω‖₁=2.879890e+01
  λ=1.200e-03 | Epoch  10 | lr=1.0000e-03 | Recon MSE=1.316694e-04 | ‖ω‖₁=9.113464e+00
  λ=1.200e-03 | Epoch  20 | lr=5.0000e-04 | Recon MSE=1.244650e-04 | ‖ω‖₁=1.565257e+00
