2025-06-18 12:20:08,627 - sparsemodesnet.heat_equation - INFO - Starting heat_equation experiment
2025-06-18 12:20:08,628 - sparsemodesnet.heat_equation - INFO - Log file: logs/heat_equation_20250618_122008.log
2025-06-18 12:20:08,628 - sparsemodesnet.heat_equation - INFO - Experiment: Heat Equation
2025-06-18 12:20:08,629 - sparsemodesnet.heat_equation - INFO - Data shape: (128, 1000)
2025-06-18 12:20:08,629 - sparsemodesnet.heat_equation - INFO - POD dimension: 128
2025-06-18 12:20:08,630 - sparsemodesnet.heat_equation - INFO - Hidden units: [128, 8256, 2048]
2025-06-18 12:20:08,630 - sparsemodesnet.heat_equation - INFO - Regularization method: dense2sparse
2025-06-18 12:20:08,630 - sparsemodesnet.heat_equation - INFO - Device: mps
2025-06-18 12:20:08,630 - sparsemodesnet.heat_equation - INFO - Training parameters: M=4.0, lr=0.001, batch_size=100
2025-06-18 12:20:08,631 - sparsemodesnet.heat_equation - INFO - Optimizer: Adam, knee_method: zmethod
2025-06-18 12:20:08,631 - sparsemodesnet.heat_equation - INFO - NN type: PiNetCCP with polynomial order of 2, and 1 number of polynomial blocks
2025-06-18 12:20:08,631 - sparsemodesnet.heat_equation - INFO - ==================================================

=== SparseModesNet (λ-path=dense2sparse) on Heat Equation: d=128, n=1000, s=128 ===

=== Dense-To-Sparse (default) λ-Path ===

-- Path iteration 1, λ = 1.000e-03   (r(λ) prev = 128)
  λ=1.000e-03 | Epoch   1 | lr=1.0000e-03 | Recon MSE=4.551105e-02 | ‖ω‖₁=1.272996e+02
  λ=1.000e-03 | Epoch  10 | lr=1.0000e-03 | Recon MSE=1.257446e-06 | ‖ω‖₁=1.158029e+02
  λ=1.000e-03 | Epoch  20 | lr=5.0000e-04 | Recon MSE=3.993602e-07 | ‖ω‖₁=1.031132e+02
  λ=1.000e-03 | Epoch  30 | lr=5.0000e-04 | Recon MSE=4.191226e-07 | ‖ω‖₁=9.041826e+01
  λ=1.000e-03 | Epoch  40 | lr=2.5000e-04 | Recon MSE=9.747160e-07 | ‖ω‖₁=7.770338e+01
  λ=1.000e-03 | Epoch  50 | lr=1.2500e-04 | Recon MSE=1.958722e-06 | ‖ω‖₁=6.498095e+01
  λ=1.000e-03 | Epoch  60 | lr=1.2500e-04 | Recon MSE=3.357542e-06 | ‖ω‖₁=5.223572e+01
  λ=1.000e-03 | Epoch  70 | lr=6.2500e-05 | Recon MSE=9.528814e-06 | ‖ω‖₁=3.947751e+01
  λ=1.000e-03 | Epoch  80 | lr=3.1250e-05 | Recon MSE=1.556201e-05 | ‖ω‖₁=2.671107e+01
  → at λ=1.000e-03:  r(λ)=128,  rel_err=1.111632e-02

-- Path iteration 2, λ = 1.200e-03   (r(λ) prev = 128)
  λ=1.200e-03 | Epoch   1 | lr=1.0000e-03 | Recon MSE=3.411499e-02 | ‖ω‖₁=1.271427e+02
  λ=1.200e-03 | Epoch  10 | lr=1.0000e-03 | Recon MSE=1.161663e-06 | ‖ω‖₁=1.133273e+02
  λ=1.200e-03 | Epoch  20 | lr=5.0000e-04 | Recon MSE=9.706351e-07 | ‖ω‖₁=9.804794e+01
  λ=1.200e-03 | Epoch  30 | lr=5.0000e-04 | Recon MSE=1.425007e-06 | ‖ω‖₁=8.278051e+01
  λ=1.200e-03 | Epoch  40 | lr=2.5000e-04 | Recon MSE=2.714837e-06 | ‖ω‖₁=6.750335e+01
  λ=1.200e-03 | Epoch  50 | lr=1.2500e-04 | Recon MSE=4.974373e-06 | ‖ω‖₁=5.222159e+01
  λ=1.200e-03 | Epoch  60 | lr=1.2500e-04 | Recon MSE=7.790479e-06 | ‖ω‖₁=3.691906e+01
  λ=1.200e-03 | Epoch  70 | lr=6.2500e-05 | Recon MSE=2.374175e-05 | ‖ω‖₁=2.160523e+01
  λ=1.200e-03 | Epoch  80 | lr=3.1250e-05 | Recon MSE=1.322242e-04 | ‖ω‖₁=6.291814e+00
  → at λ=1.200e-03:  r(λ)=128,  rel_err=3.530052e-02

-- Path iteration 3, λ = 1.440e-03   (r(λ) prev = 128)
  λ=1.440e-03 | Epoch   1 | lr=1.0000e-03 | Recon MSE=3.422580e-02 | ‖ω‖₁=1.269818e+02
  λ=1.440e-03 | Epoch  10 | lr=1.0000e-03 | Recon MSE=1.544444e-06 | ‖ω‖₁=1.104074e+02
  λ=1.440e-03 | Epoch  20 | lr=5.0000e-04 | Recon MSE=9.959182e-07 | ‖ω‖₁=9.209622e+01
  λ=1.440e-03 | Epoch  30 | lr=5.0000e-04 | Recon MSE=1.221557e-06 | ‖ω‖₁=7.378605e+01
  λ=1.440e-03 | Epoch  40 | lr=2.5000e-04 | Recon MSE=2.718674e-06 | ‖ω‖₁=5.545475e+01
  λ=1.440e-03 | Epoch  50 | lr=1.2500e-04 | Recon MSE=7.073170e-06 | ‖ω‖₁=3.711573e+01
  λ=1.440e-03 | Epoch  60 | lr=1.2500e-04 | Recon MSE=1.548957e-05 | ‖ω‖₁=1.875276e+01
  λ=1.440e-03 | Epoch  70 | lr=6.2500e-05 | Recon MSE=1.204713e-03 | ‖ω‖₁=3.214056e+00
  λ=1.440e-03 | Epoch  80 | lr=3.1250e-05 | Recon MSE=3.332128e-04 | ‖ω‖₁=2.749614e+00
  → at λ=1.440e-03:  r(λ)=128,  rel_err=5.421432e-02

-- Path iteration 4, λ = 1.728e-03   (r(λ) prev = 128)
  λ=1.728e-03 | Epoch   1 | lr=1.0000e-03 | Recon MSE=3.556258e-02 | ‖ω‖₁=1.267769e+02
  λ=1.728e-03 | Epoch  10 | lr=1.0000e-03 | Recon MSE=1.999501e-06 | ‖ω‖₁=1.069514e+02
  λ=1.728e-03 | Epoch  20 | lr=5.0000e-04 | Recon MSE=1.532585e-06 | ‖ω‖₁=8.497754e+01
  λ=1.728e-03 | Epoch  30 | lr=5.0000e-04 | Recon MSE=2.415082e-06 | ‖ω‖₁=6.299998e+01
  λ=1.728e-03 | Epoch  40 | lr=2.5000e-04 | Recon MSE=5.226357e-06 | ‖ω‖₁=4.099343e+01
  λ=1.728e-03 | Epoch  50 | lr=1.2500e-04 | Recon MSE=1.908322e-05 | ‖ω‖₁=1.897168e+01
  λ=1.728e-03 | Epoch  60 | lr=1.2500e-04 | Recon MSE=3.066878e-04 | ‖ω‖₁=3.170305e+00
  λ=1.728e-03 | Epoch  70 | lr=6.2500e-05 | Recon MSE=1.538879e-04 | ‖ω‖₁=2.705574e+00
  λ=1.728e-03 | Epoch  80 | lr=3.1250e-05 | Recon MSE=7.112429e-04 | ‖ω‖₁=2.470818e+00
  → at λ=1.728e-03:  r(λ)=128,  rel_err=7.332570e-02

-- Path iteration 5, λ = 2.074e-03   (r(λ) prev = 128)
  λ=2.074e-03 | Epoch   1 | lr=1.0000e-03 | Recon MSE=3.958394e-02 | ‖ω‖₁=1.265395e+02
  λ=2.074e-03 | Epoch  10 | lr=1.0000e-03 | Recon MSE=1.936684e-06 | ‖ω‖₁=1.027228e+02
  λ=2.074e-03 | Epoch  20 | lr=5.0000e-04 | Recon MSE=2.463668e-06 | ‖ω‖₁=7.634221e+01
  λ=2.074e-03 | Epoch  30 | lr=5.0000e-04 | Recon MSE=3.485622e-06 | ‖ω‖₁=4.995694e+01
  λ=2.074e-03 | Epoch  40 | lr=2.5000e-04 | Recon MSE=1.155018e-05 | ‖ω‖₁=2.354562e+01
  λ=2.074e-03 | Epoch  50 | lr=1.2500e-04 | Recon MSE=6.304551e-04 | ‖ω‖₁=3.183031e+00
  λ=2.074e-03 | Epoch  60 | lr=1.2500e-04 | Recon MSE=4.550598e-04 | ‖ω‖₁=2.613203e+00
  λ=2.074e-03 | Epoch  70 | lr=6.2500e-05 | Recon MSE=1.490280e-04 | ‖ω‖₁=2.445737e+00
  λ=2.074e-03 | Epoch  80 | lr=3.1250e-05 | Recon MSE=5.384317e-05 | ‖ω‖₁=2.363296e+00
  → at λ=2.074e-03:  r(λ)=128,  rel_err=1.996080e-02

-- Path iteration 6, λ = 2.488e-03   (r(λ) prev = 128)
  λ=2.488e-03 | Epoch   1 | lr=1.0000e-03 | Recon MSE=3.714733e-02 | ‖ω‖₁=1.262474e+02
  λ=2.488e-03 | Epoch  10 | lr=1.0000e-03 | Recon MSE=2.399031e-06 | ‖ω‖₁=9.766124e+01
  λ=2.488e-03 | Epoch  20 | lr=5.0000e-04 | Recon MSE=3.852653e-06 | ‖ω‖₁=6.600128e+01
  λ=2.488e-03 | Epoch  30 | lr=5.0000e-04 | Recon MSE=6.748888e-06 | ‖ω‖₁=3.432899e+01
  λ=2.488e-03 | Epoch  40 | lr=2.5000e-04 | Recon MSE=2.398274e-04 | ‖ω‖₁=3.465536e+00
  λ=2.488e-03 | Epoch  50 | lr=1.2500e-04 | Recon MSE=1.717385e-04 | ‖ω‖₁=2.621821e+00
  λ=2.488e-03 | Epoch  60 | lr=1.2500e-04 | Recon MSE=2.888010e-04 | ‖ω‖₁=2.422801e+00
  λ=2.488e-03 | Epoch  70 | lr=6.2500e-05 | Recon MSE=7.443725e-05 | ‖ω‖₁=2.329007e+00
  λ=2.488e-03 | Epoch  80 | lr=3.1250e-05 | Recon MSE=3.887329e-05 | ‖ω‖₁=2.250376e+00
  → at λ=2.488e-03:  r(λ)=128,  rel_err=1.715473e-02

-- Path iteration 7, λ = 2.986e-03   (r(λ) prev = 128)
  λ=2.986e-03 | Epoch   1 | lr=1.0000e-03 | Recon MSE=3.740083e-02 | ‖ω‖₁=1.258982e+02
  λ=2.986e-03 | Epoch  10 | lr=1.0000e-03 | Recon MSE=3.194774e-06 | ‖ω‖₁=9.160922e+01
  λ=2.986e-03 | Epoch  20 | lr=5.0000e-04 | Recon MSE=6.506903e-06 | ‖ω‖₁=5.359659e+01
  λ=2.986e-03 | Epoch  30 | lr=5.0000e-04 | Recon MSE=1.801206e-05 | ‖ω‖₁=1.558461e+01
  λ=2.986e-03 | Epoch  40 | lr=2.5000e-04 | Recon MSE=9.137404e-05 | ‖ω‖₁=2.679665e+00
  λ=2.986e-03 | Epoch  50 | lr=1.2500e-04 | Recon MSE=6.205035e-05 | ‖ω‖₁=2.429063e+00
  λ=2.986e-03 | Epoch  60 | lr=1.2500e-04 | Recon MSE=2.991271e-05 | ‖ω‖₁=2.315301e+00
  λ=2.986e-03 | Epoch  70 | lr=6.2500e-05 | Recon MSE=2.702131e-05 | ‖ω‖₁=2.221938e+00
  λ=2.986e-03 | Epoch  80 | lr=3.1250e-05 | Recon MSE=2.458582e-05 | ‖ω‖₁=2.141668e+00
  → at λ=2.986e-03:  r(λ)=128,  rel_err=1.378222e-02

-- Path iteration 8, λ = 3.583e-03   (r(λ) prev = 128)
  λ=3.583e-03 | Epoch   1 | lr=1.0000e-03 | Recon MSE=4.118982e-02 | ‖ω‖₁=1.254709e+02
  λ=3.583e-03 | Epoch  10 | lr=1.0000e-03 | Recon MSE=4.421745e-06 | ‖ω‖₁=8.432985e+01
  λ=3.583e-03 | Epoch  20 | lr=5.0000e-04 | Recon MSE=1.234369e-05 | ‖ω‖₁=3.871241e+01
  λ=3.583e-03 | Epoch  30 | lr=5.0000e-04 | Recon MSE=3.693179e-04 | ‖ω‖₁=3.004466e+00
  λ=3.583e-03 | Epoch  40 | lr=2.5000e-04 | Recon MSE=1.847431e-04 | ‖ω‖₁=2.466308e+00
  λ=3.583e-03 | Epoch  50 | lr=1.2500e-04 | Recon MSE=2.411137e-05 | ‖ω‖₁=2.327637e+00
  λ=3.583e-03 | Epoch  60 | lr=1.2500e-04 | Recon MSE=2.259887e-05 | ‖ω‖₁=2.216136e+00
  λ=3.583e-03 | Epoch  70 | lr=6.2500e-05 | Recon MSE=2.360052e-05 | ‖ω‖₁=2.120455e+00
  λ=3.583e-03 | Epoch  80 | lr=3.1250e-05 | Recon MSE=2.302223e-05 | ‖ω‖₁=2.036124e+00
  → at λ=3.583e-03:  r(λ)=128,  rel_err=1.335783e-02

-- Path iteration 9, λ = 4.300e-03   (r(λ) prev = 128)
  λ=4.300e-03 | Epoch   1 | lr=1.0000e-03 | Recon MSE=3.709177e-02 | ‖ω‖₁=1.249715e+02
  λ=4.300e-03 | Epoch  10 | lr=1.0000e-03 | Recon MSE=5.941969e-06 | ‖ω‖₁=7.557952e+01
  λ=4.300e-03 | Epoch  20 | lr=5.0000e-04 | Recon MSE=3.343940e-05 | ‖ω‖₁=2.081260e+01
  λ=4.300e-03 | Epoch  30 | lr=5.0000e-04 | Recon MSE=3.206055e-04 | ‖ω‖₁=2.524377e+00
  λ=4.300e-03 | Epoch  40 | lr=2.5000e-04 | Recon MSE=2.474554e-05 | ‖ω‖₁=2.336080e+00
  λ=4.300e-03 | Epoch  50 | lr=1.2500e-04 | Recon MSE=2.297618e-05 | ‖ω‖₁=2.201317e+00
  λ=4.300e-03 | Epoch  60 | lr=1.2500e-04 | Recon MSE=2.211304e-05 | ‖ω‖₁=2.091096e+00
  λ=4.300e-03 | Epoch  70 | lr=6.2500e-05 | Recon MSE=2.290844e-05 | ‖ω‖₁=1.995030e+00
  λ=4.300e-03 | Epoch  80 | lr=3.1250e-05 | Recon MSE=2.274667e-05 | ‖ω‖₁=1.908274e+00
  → at λ=4.300e-03:  r(λ)=128,  rel_err=1.328466e-02

-- Path iteration 10, λ = 5.160e-03   (r(λ) prev = 128)
  λ=5.160e-03 | Epoch   1 | lr=1.0000e-03 | Recon MSE=3.700424e-02 | ‖ω‖₁=1.243644e+02
  λ=5.160e-03 | Epoch  10 | lr=1.0000e-03 | Recon MSE=8.905252e-06 | ‖ω‖₁=6.508518e+01
  λ=5.160e-03 | Epoch  20 | lr=5.0000e-04 | Recon MSE=2.310761e-03 | ‖ω‖₁=3.076848e+00
  λ=5.160e-03 | Epoch  30 | lr=5.0000e-04 | Recon MSE=4.243469e-05 | ‖ω‖₁=2.403034e+00
  λ=5.160e-03 | Epoch  40 | lr=2.5000e-04 | Recon MSE=2.461375e-05 | ‖ω‖₁=2.226845e+00
  λ=5.160e-03 | Epoch  50 | lr=1.2500e-04 | Recon MSE=2.317993e-05 | ‖ω‖₁=2.092068e+00
  λ=5.160e-03 | Epoch  60 | lr=1.2500e-04 | Recon MSE=2.334463e-05 | ‖ω‖₁=1.977627e+00
  λ=5.160e-03 | Epoch  70 | lr=6.2500e-05 | Recon MSE=2.477020e-05 | ‖ω‖₁=1.876106e+00
  λ=5.160e-03 | Epoch  80 | lr=3.1250e-05 | Recon MSE=2.460735e-05 | ‖ω‖₁=1.784485e+00
  → at λ=5.160e-03:  r(λ)=128,  rel_err=1.380522e-02

-- Path iteration 11, λ = 6.192e-03   (r(λ) prev = 128)
  λ=6.192e-03 | Epoch   1 | lr=1.0000e-03 | Recon MSE=3.751929e-02 | ‖ω‖₁=1.236356e+02
  λ=6.192e-03 | Epoch  10 | lr=1.0000e-03 | Recon MSE=1.450584e-05 | ‖ω‖₁=5.247299e+01
  λ=6.192e-03 | Epoch  20 | lr=5.0000e-04 | Recon MSE=8.386436e-04 | ‖ω‖₁=2.566080e+00
  λ=6.192e-03 | Epoch  30 | lr=5.0000e-04 | Recon MSE=2.565738e-05 | ‖ω‖₁=2.306032e+00
  λ=6.192e-03 | Epoch  40 | lr=2.5000e-04 | Recon MSE=2.178055e-05 | ‖ω‖₁=2.132524e+00
  λ=6.192e-03 | Epoch  50 | lr=1.2500e-04 | Recon MSE=2.216396e-05 | ‖ω‖₁=1.993280e+00
  λ=6.192e-03 | Epoch  60 | lr=1.2500e-04 | Recon MSE=2.206544e-05 | ‖ω‖₁=1.874448e+00
  λ=6.192e-03 | Epoch  70 | lr=6.2500e-05 | Recon MSE=2.387791e-05 | ‖ω‖₁=1.768804e+00
  λ=6.192e-03 | Epoch  80 | lr=3.1250e-05 | Recon MSE=2.404335e-05 | ‖ω‖₁=1.672616e+00
  → at λ=6.192e-03:  r(λ)=128,  rel_err=1.365894e-02

-- Path iteration 12, λ = 7.430e-03   (r(λ) prev = 128)
  λ=7.430e-03 | Epoch   1 | lr=1.0000e-03 | Recon MSE=4.041784e-02 | ‖ω‖₁=1.227635e+02
  λ=7.430e-03 | Epoch  10 | lr=1.0000e-03 | Recon MSE=3.497296e-05 | ‖ω‖₁=3.734559e+01
  λ=7.430e-03 | Epoch  20 | lr=5.0000e-04 | Recon MSE=2.428343e-04 | ‖ω‖₁=2.444719e+00
  λ=7.430e-03 | Epoch  30 | lr=5.0000e-04 | Recon MSE=2.493933e-05 | ‖ω‖₁=2.199856e+00
  λ=7.430e-03 | Epoch  40 | lr=2.5000e-04 | Recon MSE=2.377837e-05 | ‖ω‖₁=2.022556e+00
  λ=7.430e-03 | Epoch  50 | lr=1.2500e-04 | Recon MSE=2.434284e-05 | ‖ω‖₁=1.876835e+00
  λ=7.430e-03 | Epoch  60 | lr=1.2500e-04 | Recon MSE=2.366600e-05 | ‖ω‖₁=1.750546e+00
  λ=7.430e-03 | Epoch  70 | lr=6.2500e-05 | Recon MSE=2.589995e-05 | ‖ω‖₁=1.637609e+00
  λ=7.430e-03 | Epoch  80 | lr=3.1250e-05 | Recon MSE=2.608617e-05 | ‖ω‖₁=1.534634e+00
  → at λ=7.430e-03:  r(λ)=128,  rel_err=1.422567e-02

-- Path iteration 13, λ = 8.916e-03   (r(λ) prev = 128)
  λ=8.916e-03 | Epoch   1 | lr=1.0000e-03 | Recon MSE=4.235633e-02 | ‖ω‖₁=1.217178e+02
  λ=8.916e-03 | Epoch  10 | lr=1.0000e-03 | Recon MSE=1.523940e-04 | ‖ω‖₁=1.917987e+01
  λ=8.916e-03 | Epoch  20 | lr=5.0000e-04 | Recon MSE=3.500756e-05 | ‖ω‖₁=2.319567e+00
  λ=8.916e-03 | Epoch  30 | lr=5.0000e-04 | Recon MSE=2.175855e-05 | ‖ω‖₁=2.071923e+00
  λ=8.916e-03 | Epoch  40 | lr=2.5000e-04 | Recon MSE=2.207295e-05 | ‖ω‖₁=1.887732e+00
  λ=8.916e-03 | Epoch  50 | lr=1.2500e-04 | Recon MSE=2.422944e-05 | ‖ω‖₁=1.733292e+00
  λ=8.916e-03 | Epoch  60 | lr=1.2500e-04 | Recon MSE=2.347501e-05 | ‖ω‖₁=1.598257e+00
  λ=8.916e-03 | Epoch  70 | lr=6.2500e-05 | Recon MSE=2.717690e-05 | ‖ω‖₁=1.476582e+00
  λ=8.916e-03 | Epoch  80 | lr=3.1250e-05 | Recon MSE=2.705680e-05 | ‖ω‖₁=1.365207e+00
  → at λ=8.916e-03:  r(λ)=128,  rel_err=1.448098e-02

-- Path iteration 14, λ = 1.070e-02   (r(λ) prev = 128)
  λ=1.070e-02 | Epoch   1 | lr=1.0000e-03 | Recon MSE=3.504432e-02 | ‖ω‖₁=1.204666e+02
  λ=1.070e-02 | Epoch  10 | lr=1.0000e-03 | Recon MSE=6.245744e-03 | ‖ω‖₁=2.876156e+00
  λ=1.070e-02 | Epoch  20 | lr=5.0000e-04 | Recon MSE=3.031238e-05 | ‖ω‖₁=2.216052e+00
  λ=1.070e-02 | Epoch  30 | lr=5.0000e-04 | Recon MSE=2.183082e-05 | ‖ω‖₁=1.961607e+00
  λ=1.070e-02 | Epoch  40 | lr=2.5000e-04 | Recon MSE=2.211465e-05 | ‖ω‖₁=1.765751e+00
  λ=1.070e-02 | Epoch  50 | lr=1.2500e-04 | Recon MSE=2.494936e-05 | ‖ω‖₁=1.600165e+00
  λ=1.070e-02 | Epoch  60 | lr=1.2500e-04 | Recon MSE=2.390667e-05 | ‖ω‖₁=1.454497e+00
  λ=1.070e-02 | Epoch  70 | lr=6.2500e-05 | Recon MSE=2.861038e-05 | ‖ω‖₁=1.323266e+00
  λ=1.070e-02 | Epoch  80 | lr=3.1250e-05 | Recon MSE=2.870116e-05 | ‖ω‖₁=1.203056e+00
  → at λ=1.070e-02:  r(λ)=128,  rel_err=1.492191e-02

-- Path iteration 15, λ = 1.284e-02   (r(λ) prev = 128)
  λ=1.284e-02 | Epoch   1 | lr=1.0000e-03 | Recon MSE=3.410831e-02 | ‖ω‖₁=1.189624e+02
  λ=1.284e-02 | Epoch  10 | lr=1.0000e-03 | Recon MSE=3.877572e-03 | ‖ω‖₁=2.541158e+00
  λ=1.284e-02 | Epoch  20 | lr=5.0000e-04 | Recon MSE=2.933298e-05 | ‖ω‖₁=2.110321e+00
  λ=1.284e-02 | Epoch  30 | lr=5.0000e-04 | Recon MSE=2.209905e-05 | ‖ω‖₁=1.850347e+00
  λ=1.284e-02 | Epoch  40 | lr=2.5000e-04 | Recon MSE=2.287282e-05 | ‖ω‖₁=1.646728e+00
  λ=1.284e-02 | Epoch  50 | lr=1.2500e-04 | Recon MSE=2.689922e-05 | ‖ω‖₁=1.472806e+00
  λ=1.284e-02 | Epoch  60 | lr=1.2500e-04 | Recon MSE=2.520745e-05 | ‖ω‖₁=1.318737e+00
  λ=1.284e-02 | Epoch  70 | lr=6.2500e-05 | Recon MSE=3.126378e-05 | ‖ω‖₁=1.178848e+00
  λ=1.284e-02 | Epoch  80 | lr=3.1250e-05 | Recon MSE=3.170248e-05 | ‖ω‖₁=1.049850e+00
  → at λ=1.284e-02:  r(λ)=128,  rel_err=1.569161e-02

-- Path iteration 16, λ = 1.541e-02   (r(λ) prev = 128)
  λ=1.541e-02 | Epoch   1 | lr=1.0000e-03 | Recon MSE=2.942502e-02 | ‖ω‖₁=1.171601e+02
  λ=1.541e-02 | Epoch  10 | lr=1.0000e-03 | Recon MSE=1.706871e-03 | ‖ω‖₁=2.422113e+00
  λ=1.541e-02 | Epoch  20 | lr=5.0000e-04 | Recon MSE=2.634803e-05 | ‖ω‖₁=2.001021e+00
  λ=1.541e-02 | Epoch  30 | lr=5.0000e-04 | Recon MSE=2.201243e-05 | ‖ω‖₁=1.725460e+00
  λ=1.541e-02 | Epoch  40 | lr=2.5000e-04 | Recon MSE=2.398306e-05 | ‖ω‖₁=1.504417e+00
  λ=1.541e-02 | Epoch  50 | lr=1.2500e-04 | Recon MSE=3.173353e-05 | ‖ω‖₁=1.315005e+00
  λ=1.541e-02 | Epoch  60 | lr=1.2500e-04 | Recon MSE=2.714871e-05 | ‖ω‖₁=1.147253e+00
  λ=1.541e-02 | Epoch  70 | lr=6.2500e-05 | Recon MSE=3.596027e-05 | ‖ω‖₁=9.946802e-01
  λ=1.541e-02 | Epoch  80 | lr=3.1250e-05 | Recon MSE=3.505170e-05 | ‖ω‖₁=8.538375e-01
  → at λ=1.541e-02:  r(λ)=128,  rel_err=1.647201e-02

-- Path iteration 17, λ = 1.849e-02   (r(λ) prev = 128)
  λ=1.849e-02 | Epoch   1 | lr=1.0000e-03 | Recon MSE=3.148123e-02 | ‖ω‖₁=1.149880e+02
  λ=1.849e-02 | Epoch  10 | lr=1.0000e-03 | Recon MSE=1.445429e-03 | ‖ω‖₁=2.296260e+00
  λ=1.849e-02 | Epoch  20 | lr=5.0000e-04 | Recon MSE=4.037018e-05 | ‖ω‖₁=1.872323e+00
  λ=1.849e-02 | Epoch  30 | lr=5.0000e-04 | Recon MSE=2.316068e-05 | ‖ω‖₁=1.581972e+00
  λ=1.849e-02 | Epoch  40 | lr=2.5000e-04 | Recon MSE=2.490247e-05 | ‖ω‖₁=1.347733e+00
  λ=1.849e-02 | Epoch  50 | lr=1.2500e-04 | Recon MSE=3.340871e-05 | ‖ω‖₁=1.146269e+00
  λ=1.849e-02 | Epoch  60 | lr=1.2500e-04 | Recon MSE=2.958010e-05 | ‖ω‖₁=9.661326e-01
  λ=1.849e-02 | Epoch  70 | lr=6.2500e-05 | Recon MSE=4.257514e-05 | ‖ω‖₁=8.015516e-01
  λ=1.849e-02 | Epoch  80 | lr=3.1250e-05 | Recon MSE=4.146492e-05 | ‖ω‖₁=6.494090e-01
  → at λ=1.849e-02:  r(λ)=128,  rel_err=1.786174e-02

-- Path iteration 18, λ = 2.219e-02   (r(λ) prev = 128)
  λ=2.219e-02 | Epoch   1 | lr=1.0000e-03 | Recon MSE=3.217095e-02 | ‖ω‖₁=1.123788e+02
  λ=2.219e-02 | Epoch  10 | lr=1.0000e-03 | Recon MSE=1.447807e-03 | ‖ω‖₁=2.188108e+00
  λ=2.219e-02 | Epoch  20 | lr=5.0000e-04 | Recon MSE=1.878734e-04 | ‖ω‖₁=1.748272e+00
  λ=2.219e-02 | Epoch  30 | lr=5.0000e-04 | Recon MSE=2.794954e-05 | ‖ω‖₁=1.438716e+00
  λ=2.219e-02 | Epoch  40 | lr=2.5000e-04 | Recon MSE=2.758678e-05 | ‖ω‖₁=1.186455e+00
  λ=2.219e-02 | Epoch  50 | lr=1.2500e-04 | Recon MSE=4.029989e-05 | ‖ω‖₁=9.679077e-01
  λ=2.219e-02 | Epoch  60 | lr=1.2500e-04 | Recon MSE=3.311722e-05 | ‖ω‖₁=7.715916e-01
  λ=2.219e-02 | Epoch  70 | lr=6.2500e-05 | Recon MSE=4.580811e-05 | ‖ω‖₁=5.914384e-01
  λ=2.219e-02 | Epoch  80 | lr=3.1250e-05 | Recon MSE=4.255255e-05 | ‖ω‖₁=4.248034e-01
  → at λ=2.219e-02:  r(λ)=128,  rel_err=1.809765e-02

-- Path iteration 19, λ = 2.662e-02   (r(λ) prev = 128)
  λ=2.662e-02 | Epoch   1 | lr=1.0000e-03 | Recon MSE=3.339973e-02 | ‖ω‖₁=1.092482e+02
  λ=2.662e-02 | Epoch  10 | lr=1.0000e-03 | Recon MSE=1.397361e-03 | ‖ω‖₁=2.089391e+00
  λ=2.662e-02 | Epoch  20 | lr=5.0000e-04 | Recon MSE=2.944963e-04 | ‖ω‖₁=1.621185e+00
  λ=2.662e-02 | Epoch  30 | lr=5.0000e-04 | Recon MSE=2.842046e-05 | ‖ω‖₁=1.286336e+00
  λ=2.662e-02 | Epoch  40 | lr=2.5000e-04 | Recon MSE=3.081902e-05 | ‖ω‖₁=1.010207e+00
  λ=2.662e-02 | Epoch  50 | lr=1.2500e-04 | Recon MSE=4.708579e-05 | ‖ω‖₁=7.720486e-01
  λ=2.662e-02 | Epoch  60 | lr=1.2500e-04 | Recon MSE=3.768205e-05 | ‖ω‖₁=5.581799e-01
  λ=2.662e-02 | Epoch  70 | lr=6.2500e-05 | Recon MSE=5.001581e-05 | ‖ω‖₁=3.625758e-01
  λ=2.662e-02 | Epoch  80 | lr=3.1250e-05 | Recon MSE=4.287436e-05 | ‖ω‖₁=1.814397e-01
  → at λ=2.662e-02:  r(λ)=125,  rel_err=1.818169e-02

-- Path iteration 20, λ = 3.195e-02   (r(λ) prev = 125)
  λ=3.195e-02 | Epoch   1 | lr=1.0000e-03 | Recon MSE=3.654669e-02 | ‖ω‖₁=1.055071e+02
  λ=3.195e-02 | Epoch  10 | lr=1.0000e-03 | Recon MSE=1.443578e-03 | ‖ω‖₁=1.973508e+00
  λ=3.195e-02 | Epoch  20 | lr=5.0000e-04 | Recon MSE=1.105054e-03 | ‖ω‖₁=1.469008e+00
  λ=3.195e-02 | Epoch  30 | lr=5.0000e-04 | Recon MSE=2.107017e-04 | ‖ω‖₁=1.116347e+00
  λ=3.195e-02 | Epoch  40 | lr=2.5000e-04 | Recon MSE=4.963204e-05 | ‖ω‖₁=8.201871e-01
  λ=3.195e-02 | Epoch  50 | lr=1.2500e-04 | Recon MSE=5.341985e-05 | ‖ω‖₁=5.620948e-01
  λ=3.195e-02 | Epoch  60 | lr=1.2500e-04 | Recon MSE=3.990334e-05 | ‖ω‖₁=3.295740e-01
  λ=3.195e-02 | Epoch  70 | lr=6.2500e-05 | Recon MSE=4.428832e-05 | ‖ω‖₁=1.201242e-01
  λ=3.195e-02 | Epoch  80 | lr=3.1250e-05 | Recon MSE=4.953325e-05 | ‖ω‖₁=2.708897e-02
  → at λ=3.195e-02:  r(λ)=7,  rel_err=1.966288e-02

-- Path iteration 21, λ = 3.834e-02   (r(λ) prev = 7)
  λ=3.834e-02 | Epoch   1 | lr=1.0000e-03 | Recon MSE=3.637189e-02 | ‖ω‖₁=1.010099e+02
  λ=3.834e-02 | Epoch  10 | lr=1.0000e-03 | Recon MSE=1.451622e-03 | ‖ω‖₁=1.843631e+00
  λ=3.834e-02 | Epoch  20 | lr=5.0000e-04 | Recon MSE=1.271910e-03 | ‖ω‖₁=1.304060e+00
  λ=3.834e-02 | Epoch  30 | lr=5.0000e-04 | Recon MSE=9.168516e-04 | ‖ω‖₁=9.186125e-01
  λ=3.834e-02 | Epoch  40 | lr=2.5000e-04 | Recon MSE=2.575075e-04 | ‖ω‖₁=6.015489e-01
  λ=3.834e-02 | Epoch  50 | lr=1.2500e-04 | Recon MSE=8.811537e-05 | ‖ω‖₁=3.218459e-01
  λ=3.834e-02 | Epoch  60 | lr=1.2500e-04 | Recon MSE=6.088592e-05 | ‖ω‖₁=8.088669e-02
  λ=3.834e-02 | Epoch  70 | lr=6.2500e-05 | Recon MSE=6.714169e-05 | ‖ω‖₁=2.202410e-02
  λ=3.834e-02 | Epoch  80 | lr=3.1250e-05 | Recon MSE=8.016385e-05 | ‖ω‖₁=1.877326e-02
  → at λ=3.834e-02:  r(λ)=2,  rel_err=2.501750e-02

-- Path iteration 22, λ = 4.601e-02   (r(λ) prev = 2)
  λ=4.601e-02 | Epoch   1 | lr=1.0000e-03 | Recon MSE=3.242563e-02 | ‖ω‖₁=9.560655e+01
  λ=4.601e-02 | Epoch  10 | lr=1.0000e-03 | Recon MSE=1.419997e-03 | ‖ω‖₁=1.722773e+00
  λ=4.601e-02 | Epoch  20 | lr=5.0000e-04 | Recon MSE=1.265258e-03 | ‖ω‖₁=1.145381e+00
  λ=4.601e-02 | Epoch  30 | lr=5.0000e-04 | Recon MSE=8.901575e-04 | ‖ω‖₁=7.292176e-01
  λ=4.601e-02 | Epoch  40 | lr=2.5000e-04 | Recon MSE=3.252533e-04 | ‖ω‖₁=3.842884e-01
  λ=4.601e-02 | Epoch  50 | lr=1.2500e-04 | Recon MSE=1.091670e-04 | ‖ω‖₁=8.783034e-02
  λ=4.601e-02 | Epoch  60 | lr=1.2500e-04 | Recon MSE=9.178931e-05 | ‖ω‖₁=2.055129e-02
  λ=4.601e-02 | Epoch  70 | lr=6.2500e-05 | Recon MSE=1.031498e-04 | ‖ω‖₁=1.748448e-02
  λ=4.601e-02 | Epoch  80 | lr=3.1250e-05 | Recon MSE=1.311888e-04 | ‖ω‖₁=1.442231e-02
  → at λ=4.601e-02:  r(λ)=1,  rel_err=3.207846e-02

-- Path iteration 23, λ = 5.521e-02   (r(λ) prev = 1)
  λ=5.521e-02 | Epoch   1 | lr=1.0000e-03 | Recon MSE=3.479431e-02 | ‖ω‖₁=8.913964e+01
  λ=5.521e-02 | Epoch  10 | lr=1.0000e-03 | Recon MSE=1.425957e-03 | ‖ω‖₁=1.594575e+00
  λ=5.521e-02 | Epoch  20 | lr=5.0000e-04 | Recon MSE=1.299691e-03 | ‖ω‖₁=9.679220e-01
  λ=5.521e-02 | Epoch  30 | lr=5.0000e-04 | Recon MSE=1.016020e-03 | ‖ω‖₁=5.111448e-01
  λ=5.521e-02 | Epoch  40 | lr=2.5000e-04 | Recon MSE=5.503089e-04 | ‖ω‖₁=1.350344e-01
  λ=5.521e-02 | Epoch  50 | lr=1.2500e-04 | Recon MSE=1.874343e-04 | ‖ω‖₁=2.155838e-02
  λ=5.521e-02 | Epoch  60 | lr=1.2500e-04 | Recon MSE=1.391049e-04 | ‖ω‖₁=1.886095e-02
  λ=5.521e-02 | Epoch  70 | lr=6.2500e-05 | Recon MSE=1.462523e-04 | ‖ω‖₁=1.529080e-02
  λ=5.521e-02 | Epoch  80 | lr=3.1250e-05 | Recon MSE=1.837157e-04 | ‖ω‖₁=1.347578e-02
  → at λ=5.521e-02:  r(λ)=1,  rel_err=3.798217e-02

-- Path iteration 24, λ = 6.625e-02   (r(λ) prev = 1)
  λ=6.625e-02 | Epoch   1 | lr=1.0000e-03 | Recon MSE=2.818217e-02 | ‖ω‖₁=8.135656e+01
  λ=6.625e-02 | Epoch  10 | lr=1.0000e-03 | Recon MSE=1.460038e-03 | ‖ω‖₁=1.448839e+00
  λ=6.625e-02 | Epoch  20 | lr=5.0000e-04 | Recon MSE=1.321020e-03 | ‖ω‖₁=7.701121e-01
  λ=6.625e-02 | Epoch  30 | lr=5.0000e-04 | Recon MSE=1.058755e-03 | ‖ω‖₁=2.715333e-01
  λ=6.625e-02 | Epoch  40 | lr=2.5000e-04 | Recon MSE=7.935184e-04 | ‖ω‖₁=1.548512e-02
  λ=6.625e-02 | Epoch  50 | lr=1.2500e-04 | Recon MSE=5.557284e-04 | ‖ω‖₁=1.459081e-02
  λ=6.625e-02 | Epoch  60 | lr=1.2500e-04 | Recon MSE=4.541961e-04 | ‖ω‖₁=1.261806e-02
  λ=6.625e-02 | Epoch  70 | lr=6.2500e-05 | Recon MSE=4.385822e-04 | ‖ω‖₁=9.540985e-03
  λ=6.625e-02 | Epoch  80 | lr=3.1250e-05 | Recon MSE=4.796707e-04 | ‖ω‖₁=7.387248e-03
  → at λ=6.625e-02:  r(λ)=1,  rel_err=6.122447e-02

-- Path iteration 25, λ = 7.950e-02   (r(λ) prev = 1)
  λ=7.950e-02 | Epoch   1 | lr=1.0000e-03 | Recon MSE=2.920681e-02 | ‖ω‖₁=7.203738e+01
  λ=7.950e-02 | Epoch  10 | lr=1.0000e-03 | Recon MSE=1.481962e-03 | ‖ω‖₁=1.303153e+00
  λ=7.950e-02 | Epoch  20 | lr=5.0000e-04 | Recon MSE=1.384691e-03 | ‖ω‖₁=5.667779e-01
  λ=7.950e-02 | Epoch  30 | lr=5.0000e-04 | Recon MSE=1.186084e-03 | ‖ω‖₁=4.934090e-02
  λ=7.950e-02 | Epoch  40 | lr=2.5000e-04 | Recon MSE=1.018338e-03 | ‖ω‖₁=9.104037e-03
  λ=7.950e-02 | Epoch  50 | lr=1.2500e-04 | Recon MSE=8.634281e-04 | ‖ω‖₁=6.627828e-03
  λ=7.950e-02 | Epoch  60 | lr=1.2500e-04 | Recon MSE=7.650795e-04 | ‖ω‖₁=6.343599e-03
  λ=7.950e-02 | Epoch  70 | lr=6.2500e-05 | Recon MSE=8.039642e-04 | ‖ω‖₁=5.578013e-03
  λ=7.950e-02 | Epoch  80 | lr=3.1250e-05 | Recon MSE=9.171417e-04 | ‖ω‖₁=4.928761e-03
  → at λ=7.950e-02:  r(λ)=1,  rel_err=8.477853e-02

-- Path iteration 26, λ = 9.540e-02   (r(λ) prev = 1)
  λ=9.540e-02 | Epoch   1 | lr=1.0000e-03 | Recon MSE=3.381717e-02 | ‖ω‖₁=6.084212e+01
  λ=9.540e-02 | Epoch  10 | lr=1.0000e-03 | Recon MSE=1.503271e-03 | ‖ω‖₁=1.132131e+00
  λ=9.540e-02 | Epoch  20 | lr=5.0000e-04 | Recon MSE=1.404089e-03 | ‖ω‖₁=3.343540e-01
  λ=9.540e-02 | Epoch  30 | lr=5.0000e-04 | Recon MSE=1.223256e-03 | ‖ω‖₁=9.413982e-03
  λ=9.540e-02 | Epoch  40 | lr=2.5000e-04 | Recon MSE=1.079441e-03 | ‖ω‖₁=7.748303e-03
  λ=9.540e-02 | Epoch  50 | lr=1.2500e-04 | Recon MSE=9.418540e-04 | ‖ω‖₁=6.166201e-03
  λ=9.540e-02 | Epoch  60 | lr=1.2500e-04 | Recon MSE=8.470810e-04 | ‖ω‖₁=6.090684e-03
  λ=9.540e-02 | Epoch  70 | lr=6.2500e-05 | Recon MSE=9.006976e-04 | ‖ω‖₁=5.348618e-03
  λ=9.540e-02 | Epoch  80 | lr=3.1250e-05 | Recon MSE=1.128471e-03 | ‖ω‖₁=4.395403e-03
  → at λ=9.540e-02:  r(λ)=1,  rel_err=9.435948e-02

-- Path iteration 27, λ = 1.145e-01   (r(λ) prev = 1)
  λ=1.145e-01 | Epoch   1 | lr=1.0000e-03 | Recon MSE=4.863648e-02 | ‖ω‖₁=5.017731e+01
  λ=1.145e-01 | Epoch  10 | lr=1.0000e-03 | Recon MSE=1.513304e-03 | ‖ω‖₁=9.461086e-01
  λ=1.145e-01 | Epoch  20 | lr=5.0000e-04 | Recon MSE=1.396194e-03 | ‖ω‖₁=8.901017e-02
  λ=1.145e-01 | Epoch  30 | lr=5.0000e-04 | Recon MSE=1.217080e-03 | ‖ω‖₁=1.072474e-02
  λ=1.145e-01 | Epoch  40 | lr=2.5000e-04 | Recon MSE=1.063440e-03 | ‖ω‖₁=9.283092e-03
  λ=1.145e-01 | Epoch  50 | lr=1.2500e-04 | Recon MSE=9.122629e-04 | ‖ω‖₁=6.504904e-03
  λ=1.145e-01 | Epoch  60 | lr=1.2500e-04 | Recon MSE=8.127588e-04 | ‖ω‖₁=6.457428e-03
  λ=1.145e-01 | Epoch  70 | lr=6.2500e-05 | Recon MSE=9.305409e-04 | ‖ω‖₁=5.427946e-03
  λ=1.145e-01 | Epoch  80 | lr=3.1250e-05 | Recon MSE=1.425770e-03 | ‖ω‖₁=3.768897e-03
  → at λ=1.145e-01:  r(λ)=1,  rel_err=1.066759e-01

-- Path iteration 28, λ = 1.374e-01   (r(λ) prev = 1)
  λ=1.374e-01 | Epoch   1 | lr=1.0000e-03 | Recon MSE=5.886508e-02 | ‖ω‖₁=4.112599e+01
  λ=1.374e-01 | Epoch  10 | lr=1.0000e-03 | Recon MSE=1.520578e-03 | ‖ω‖₁=7.468324e-01
  λ=1.374e-01 | Epoch  20 | lr=5.0000e-04 | Recon MSE=1.355178e-03 | ‖ω‖₁=9.634857e-03
  λ=1.374e-01 | Epoch  30 | lr=5.0000e-04 | Recon MSE=1.177486e-03 | ‖ω‖₁=7.421519e-03
  λ=1.374e-01 | Epoch  40 | lr=2.5000e-04 | Recon MSE=1.004699e-03 | ‖ω‖₁=6.244276e-03
  λ=1.374e-01 | Epoch  50 | lr=1.2500e-04 | Recon MSE=8.606511e-04 | ‖ω‖₁=6.031114e-03
  λ=1.374e-01 | Epoch  60 | lr=1.2500e-04 | Recon MSE=7.914974e-04 | ‖ω‖₁=5.817536e-03
  λ=1.374e-01 | Epoch  70 | lr=6.2500e-05 | Recon MSE=1.220934e-03 | ‖ω‖₁=4.082907e-03
  λ=1.374e-01 | Epoch  80 | lr=3.1250e-05 | Recon MSE=2.261707e-03 | ‖ω‖₁=4.427372e-04
  → at λ=1.374e-01:  r(λ)=1,  rel_err=1.331109e-01

-- Path iteration 29, λ = 1.648e-01   (r(λ) prev = 1)
  λ=1.648e-01 | Epoch   1 | lr=1.0000e-03 | Recon MSE=6.339738e-02 | ‖ω‖₁=3.360498e+01
  λ=1.648e-01 | Epoch  10 | lr=1.0000e-03 | Recon MSE=1.490369e-03 | ‖ω‖₁=5.507308e-01
  λ=1.648e-01 | Epoch  20 | lr=5.0000e-04 | Recon MSE=1.218511e-03 | ‖ω‖₁=8.962694e-03
  λ=1.648e-01 | Epoch  30 | lr=5.0000e-04 | Recon MSE=9.085510e-04 | ‖ω‖₁=7.403985e-03
  λ=1.648e-01 | Epoch  40 | lr=2.5000e-04 | Recon MSE=6.372401e-04 | ‖ω‖₁=6.109957e-03
  λ=1.648e-01 | Epoch  50 | lr=1.2500e-04 | Recon MSE=4.944348e-04 | ‖ω‖₁=5.680337e-03
  λ=1.648e-01 | Epoch  60 | lr=1.2500e-04 | Recon MSE=5.597219e-04 | ‖ω‖₁=4.974146e-03
  λ=1.648e-01 | Epoch  70 | lr=6.2500e-05 | Recon MSE=1.813609e-03 | ‖ω‖₁=2.012691e-03
  λ=1.648e-01 | Epoch  80 | lr=3.1250e-05 | Recon MSE=2.284779e-03 | ‖ω‖₁=0.000000e+00
  → at λ=1.648e-01:  r(λ)=0,  rel_err=1.332073e-01
All skip-weights have zeroed out. Stopping path.

Found knees using Z-method: [19]
[Dense2Sparse] Picked λ=3.195e-02,  r=7, err=1.966288e-02

→ Final training on full data with λ = 3.195e-02 ...
  λ=3.195e-02 | Epoch   1 | lr=1.0000e-03 | Recon MSE=3.282510e-02 | ‖ω‖₁=1.055090e+02
  λ=3.195e-02 | Epoch  10 | lr=1.0000e-03 | Recon MSE=1.453878e-03 | ‖ω‖₁=1.950063e+00
  λ=3.195e-02 | Epoch  20 | lr=5.0000e-04 | Recon MSE=1.152796e-03 | ‖ω‖₁=1.448107e+00
  λ=3.195e-02 | Epoch  30 | lr=5.0000e-04 | Recon MSE=3.063749e-04 | ‖ω‖₁=1.097717e+00
  λ=3.195e-02 | Epoch  40 | lr=2.5000e-04 | Recon MSE=5.802065e-05 | ‖ω‖₁=8.039576e-01
  λ=3.195e-02 | Epoch  50 | lr=1.2500e-04 | Recon MSE=5.551098e-05 | ‖ω‖₁=5.466623e-01
  λ=3.195e-02 | Epoch  60 | lr=1.2500e-04 | Recon MSE=4.128211e-05 | ‖ω‖₁=3.152722e-01
  λ=3.195e-02 | Epoch  70 | lr=6.2500e-05 | Recon MSE=4.674485e-05 | ‖ω‖₁=1.087199e-01
  λ=3.195e-02 | Epoch  80 | lr=3.1250e-05 | Recon MSE=5.385188e-05 | ‖ω‖₁=2.255312e-02

Final skip-weights ω: [-0.0, 0.01867057755589485, 0.0018182210624217987, 0.0, 0.00015076692216098309, 0.0, -0.0, 0.0, -0.0, -0.0] ...
Selected POD-mode indices (ω_j ≠ 0): [1, 2, 4, 25, 48, 52, 78, 117, 122] (count = 9 / 128)
Final relative reconstruction of SparseModesNet: ||X - X_hat||_F / ||X||_F = 2.048258e-02
Final MSE per sample of SparseModesNet: = 2.629458e-03
Relative error using only selected  modes: 9.940178e-01
MSE per sample using only selected  modes: 1.276073e-01
2025-06-18 12:22:37,649 - sparsemodesnet.heat_equation - INFO - ==================================================
2025-06-18 12:22:37,650 - sparsemodesnet.heat_equation - INFO - Experiment completed successfully!
2025-06-18 12:22:37,650 - sparsemodesnet.heat_equation - INFO - Selected 9 modes out of 128
2025-06-18 12:22:37,650 - sparsemodesnet.heat_equation - INFO - Final lambda: 3.195e-02
