2025-06-15 12:44:30,004 - sparsemodesnet.heat_equation - INFO - Starting heat_equation experiment
2025-06-15 12:44:30,004 - sparsemodesnet.heat_equation - INFO - Log file: logs/heat_equation_20250615_124430.log
2025-06-15 12:44:30,005 - sparsemodesnet.heat_equation - INFO - Experiment: Heat Equation
2025-06-15 12:44:30,005 - sparsemodesnet.heat_equation - INFO - Data shape: (128, 1000)
2025-06-15 12:44:30,005 - sparsemodesnet.heat_equation - INFO - POD dimension: 128
2025-06-15 12:44:30,006 - sparsemodesnet.heat_equation - INFO - Hidden units: [128, 8256]
2025-06-15 12:44:30,006 - sparsemodesnet.heat_equation - INFO - Regularization method: dense2sparse
2025-06-15 12:44:30,006 - sparsemodesnet.heat_equation - INFO - Device: mps
2025-06-15 12:44:30,007 - sparsemodesnet.heat_equation - INFO - Training parameters: M=1e-05, lr=0.001, batch_size=64
2025-06-15 12:44:30,007 - sparsemodesnet.heat_equation - INFO - Optimizer: Adam, knee_method: zmethod
2025-06-15 12:44:30,007 - sparsemodesnet.heat_equation - INFO - ==================================================

=== SparseModesNet (λ-path=dense2sparse) on Heat Equation: d=128, n=1000, s=128 ===

=== Dense-To-Sparse (default) λ-Path ===

-- Path iteration 1, λ = 1.000e-07   (r(λ) prev = 128)
  λ=1.000e-07 | Epoch   1 | lr=1.0000e-03 | Recon MSE=1.268475e-01 | ‖ω‖₁=4.371849e-02
  λ=1.000e-07 | Epoch  10 | lr=1.0000e-03 | Recon MSE=9.203598e-02 | ‖ω‖₁=6.029519e-01
  λ=1.000e-07 | Epoch  20 | lr=5.0000e-04 | Recon MSE=2.237774e-03 | ‖ω‖₁=8.160179e-01
  λ=1.000e-07 | Epoch  30 | lr=5.0000e-04 | Recon MSE=1.252806e-03 | ‖ω‖₁=8.178898e-01
  λ=1.000e-07 | Epoch  40 | lr=2.5000e-04 | Recon MSE=1.247261e-03 | ‖ω‖₁=8.371791e-01
  λ=1.000e-07 | Epoch  50 | lr=1.2500e-04 | Recon MSE=1.350537e-03 | ‖ω‖₁=8.385365e-01
  λ=1.000e-07 | Epoch  60 | lr=1.2500e-04 | Recon MSE=1.352213e-03 | ‖ω‖₁=8.483152e-01
  λ=1.000e-07 | Epoch  70 | lr=6.2500e-05 | Recon MSE=2.004043e-03 | ‖ω‖₁=8.590915e-01
  λ=1.000e-07 | Epoch  80 | lr=3.1250e-05 | Recon MSE=1.125399e-03 | ‖ω‖₁=8.695763e-01
  → at λ=1.000e-07:  r(λ)=6,  rel_err=1.421710e-01

-- Path iteration 2, λ = 1.200e-07   (r(λ) prev = 6)
  λ=1.200e-07 | Epoch   1 | lr=1.0000e-03 | Recon MSE=1.268654e-01 | ‖ω‖₁=4.197604e-02
  λ=1.200e-07 | Epoch  10 | lr=1.0000e-03 | Recon MSE=9.221900e-02 | ‖ω‖₁=6.081219e-01
  λ=1.200e-07 | Epoch  20 | lr=5.0000e-04 | Recon MSE=2.350823e-03 | ‖ω‖₁=8.342567e-01
  λ=1.200e-07 | Epoch  30 | lr=5.0000e-04 | Recon MSE=1.240665e-03 | ‖ω‖₁=8.383841e-01
  λ=1.200e-07 | Epoch  40 | lr=2.5000e-04 | Recon MSE=1.537741e-03 | ‖ω‖₁=8.595398e-01
  λ=1.200e-07 | Epoch  50 | lr=1.2500e-04 | Recon MSE=1.224946e-03 | ‖ω‖₁=8.776649e-01
  λ=1.200e-07 | Epoch  60 | lr=1.2500e-04 | Recon MSE=1.238807e-03 | ‖ω‖₁=8.791235e-01
  λ=1.200e-07 | Epoch  70 | lr=6.2500e-05 | Recon MSE=9.341788e-04 | ‖ω‖₁=8.882146e-01
  λ=1.200e-07 | Epoch  80 | lr=3.1250e-05 | Recon MSE=9.001190e-04 | ‖ω‖₁=9.088256e-01
  → at λ=1.200e-07:  r(λ)=7,  rel_err=8.362311e-02

-- Path iteration 3, λ = 1.440e-07   (r(λ) prev = 7)
  λ=1.440e-07 | Epoch   1 | lr=1.0000e-03 | Recon MSE=1.268697e-01 | ‖ω‖₁=3.996431e-02
  λ=1.440e-07 | Epoch  10 | lr=1.0000e-03 | Recon MSE=9.246600e-02 | ‖ω‖₁=5.758228e-01
  λ=1.440e-07 | Epoch  20 | lr=5.0000e-04 | Recon MSE=2.734870e-03 | ‖ω‖₁=7.683163e-01
  λ=1.440e-07 | Epoch  30 | lr=5.0000e-04 | Recon MSE=1.252501e-03 | ‖ω‖₁=7.906263e-01
  λ=1.440e-07 | Epoch  40 | lr=2.5000e-04 | Recon MSE=1.336321e-03 | ‖ω‖₁=8.098649e-01
  λ=1.440e-07 | Epoch  50 | lr=1.2500e-04 | Recon MSE=1.239967e-03 | ‖ω‖₁=8.220889e-01
  λ=1.440e-07 | Epoch  60 | lr=1.2500e-04 | Recon MSE=1.398562e-03 | ‖ω‖₁=8.328837e-01
  λ=1.440e-07 | Epoch  70 | lr=6.2500e-05 | Recon MSE=9.600270e-04 | ‖ω‖₁=8.429310e-01
  λ=1.440e-07 | Epoch  80 | lr=3.1250e-05 | Recon MSE=1.343239e-03 | ‖ω‖₁=8.542902e-01
  → at λ=1.440e-07:  r(λ)=6,  rel_err=1.010098e-01

-- Path iteration 4, λ = 1.728e-07   (r(λ) prev = 6)
  λ=1.728e-07 | Epoch   1 | lr=1.0000e-03 | Recon MSE=1.268622e-01 | ‖ω‖₁=3.659084e-02
  λ=1.728e-07 | Epoch  10 | lr=1.0000e-03 | Recon MSE=9.238421e-02 | ‖ω‖₁=5.642321e-01
  λ=1.728e-07 | Epoch  20 | lr=5.0000e-04 | Recon MSE=2.531199e-03 | ‖ω‖₁=7.804787e-01
  λ=1.728e-07 | Epoch  30 | lr=5.0000e-04 | Recon MSE=1.237408e-03 | ‖ω‖₁=8.011500e-01
  λ=1.728e-07 | Epoch  40 | lr=2.5000e-04 | Recon MSE=1.004063e-03 | ‖ω‖₁=8.258330e-01
  λ=1.728e-07 | Epoch  50 | lr=1.2500e-04 | Recon MSE=1.210251e-03 | ‖ω‖₁=8.392493e-01
  λ=1.728e-07 | Epoch  60 | lr=1.2500e-04 | Recon MSE=1.765774e-03 | ‖ω‖₁=8.418233e-01
  λ=1.728e-07 | Epoch  70 | lr=6.2500e-05 | Recon MSE=1.067083e-03 | ‖ω‖₁=8.525927e-01
  λ=1.728e-07 | Epoch  80 | lr=3.1250e-05 | Recon MSE=1.849918e-03 | ‖ω‖₁=8.612174e-01
  → at λ=1.728e-07:  r(λ)=6,  rel_err=9.984961e-02

-- Path iteration 5, λ = 2.074e-07   (r(λ) prev = 6)
  λ=2.074e-07 | Epoch   1 | lr=1.0000e-03 | Recon MSE=1.268555e-01 | ‖ω‖₁=4.512448e-02
  λ=2.074e-07 | Epoch  10 | lr=1.0000e-03 | Recon MSE=9.217938e-02 | ‖ω‖₁=6.017653e-01
  λ=2.074e-07 | Epoch  20 | lr=5.0000e-04 | Recon MSE=2.297318e-03 | ‖ω‖₁=7.910687e-01
  λ=2.074e-07 | Epoch  30 | lr=5.0000e-04 | Recon MSE=1.244494e-03 | ‖ω‖₁=8.068045e-01
  λ=2.074e-07 | Epoch  40 | lr=2.5000e-04 | Recon MSE=1.307338e-03 | ‖ω‖₁=8.311825e-01
  λ=2.074e-07 | Epoch  50 | lr=1.2500e-04 | Recon MSE=1.250940e-03 | ‖ω‖₁=8.467469e-01
  λ=2.074e-07 | Epoch  60 | lr=1.2500e-04 | Recon MSE=1.521986e-03 | ‖ω‖₁=8.546713e-01
  λ=2.074e-07 | Epoch  70 | lr=6.2500e-05 | Recon MSE=1.095209e-03 | ‖ω‖₁=8.699576e-01
  λ=2.074e-07 | Epoch  80 | lr=3.1250e-05 | Recon MSE=1.444388e-03 | ‖ω‖₁=8.776458e-01
  → at λ=2.074e-07:  r(λ)=6,  rel_err=9.982089e-02

-- Path iteration 6, λ = 2.488e-07   (r(λ) prev = 6)
  λ=2.488e-07 | Epoch   1 | lr=1.0000e-03 | Recon MSE=1.268691e-01 | ‖ω‖₁=4.174789e-02
  λ=2.488e-07 | Epoch  10 | lr=1.0000e-03 | Recon MSE=9.220172e-02 | ‖ω‖₁=6.170963e-01
  λ=2.488e-07 | Epoch  20 | lr=5.0000e-04 | Recon MSE=2.449721e-03 | ‖ω‖₁=8.162161e-01
  λ=2.488e-07 | Epoch  30 | lr=5.0000e-04 | Recon MSE=1.260447e-03 | ‖ω‖₁=8.174188e-01
  λ=2.488e-07 | Epoch  40 | lr=2.5000e-04 | Recon MSE=1.241174e-03 | ‖ω‖₁=8.419215e-01
  λ=2.488e-07 | Epoch  50 | lr=1.2500e-04 | Recon MSE=1.430978e-03 | ‖ω‖₁=8.517579e-01
  λ=2.488e-07 | Epoch  60 | lr=1.2500e-04 | Recon MSE=1.195696e-03 | ‖ω‖₁=8.577158e-01
  λ=2.488e-07 | Epoch  70 | lr=6.2500e-05 | Recon MSE=1.004511e-03 | ‖ω‖₁=8.698136e-01
  λ=2.488e-07 | Epoch  80 | lr=3.1250e-05 | Recon MSE=1.833383e-03 | ‖ω‖₁=8.816227e-01
  → at λ=2.488e-07:  r(λ)=6,  rel_err=1.759628e-01

-- Path iteration 7, λ = 2.986e-07   (r(λ) prev = 6)
  λ=2.986e-07 | Epoch   1 | lr=1.0000e-03 | Recon MSE=1.268549e-01 | ‖ω‖₁=4.278995e-02
  λ=2.986e-07 | Epoch  10 | lr=1.0000e-03 | Recon MSE=9.223444e-02 | ‖ω‖₁=5.992868e-01
  λ=2.986e-07 | Epoch  20 | lr=5.0000e-04 | Recon MSE=2.436132e-03 | ‖ω‖₁=8.104758e-01
  λ=2.986e-07 | Epoch  30 | lr=5.0000e-04 | Recon MSE=1.245734e-03 | ‖ω‖₁=8.096282e-01
  λ=2.986e-07 | Epoch  40 | lr=2.5000e-04 | Recon MSE=1.367358e-03 | ‖ω‖₁=8.248626e-01
  λ=2.986e-07 | Epoch  50 | lr=1.2500e-04 | Recon MSE=1.427823e-03 | ‖ω‖₁=8.467113e-01
  λ=2.986e-07 | Epoch  60 | lr=1.2500e-04 | Recon MSE=1.872673e-03 | ‖ω‖₁=8.496087e-01
  λ=2.986e-07 | Epoch  70 | lr=6.2500e-05 | Recon MSE=1.394910e-03 | ‖ω‖₁=8.578398e-01
  λ=2.986e-07 | Epoch  80 | lr=3.1250e-05 | Recon MSE=1.629489e-03 | ‖ω‖₁=8.679264e-01
  → at λ=2.986e-07:  r(λ)=6,  rel_err=1.591976e-01

-- Path iteration 8, λ = 3.583e-07   (r(λ) prev = 6)
  λ=3.583e-07 | Epoch   1 | lr=1.0000e-03 | Recon MSE=1.268567e-01 | ‖ω‖₁=4.459266e-02
  λ=3.583e-07 | Epoch  10 | lr=1.0000e-03 | Recon MSE=9.222886e-02 | ‖ω‖₁=6.065654e-01
  λ=3.583e-07 | Epoch  20 | lr=5.0000e-04 | Recon MSE=2.420400e-03 | ‖ω‖₁=8.530243e-01
  λ=3.583e-07 | Epoch  30 | lr=5.0000e-04 | Recon MSE=1.252507e-03 | ‖ω‖₁=8.638458e-01
  λ=3.583e-07 | Epoch  40 | lr=2.5000e-04 | Recon MSE=1.228997e-03 | ‖ω‖₁=8.701410e-01
  λ=3.583e-07 | Epoch  50 | lr=1.2500e-04 | Recon MSE=1.231956e-03 | ‖ω‖₁=8.713640e-01
  λ=3.583e-07 | Epoch  60 | lr=1.2500e-04 | Recon MSE=1.230553e-03 | ‖ω‖₁=8.749615e-01
  λ=3.583e-07 | Epoch  70 | lr=6.2500e-05 | Recon MSE=9.753805e-04 | ‖ω‖₁=8.849195e-01
  λ=3.583e-07 | Epoch  80 | lr=3.1250e-05 | Recon MSE=1.155635e-03 | ‖ω‖₁=8.992271e-01
  → at λ=3.583e-07:  r(λ)=6,  rel_err=8.494370e-02

-- Path iteration 9, λ = 4.300e-07   (r(λ) prev = 6)
  λ=4.300e-07 | Epoch   1 | lr=1.0000e-03 | Recon MSE=1.268452e-01 | ‖ω‖₁=4.328912e-02
  λ=4.300e-07 | Epoch  10 | lr=1.0000e-03 | Recon MSE=9.219403e-02 | ‖ω‖₁=5.883750e-01
  λ=4.300e-07 | Epoch  20 | lr=5.0000e-04 | Recon MSE=2.387113e-03 | ‖ω‖₁=7.778222e-01
  λ=4.300e-07 | Epoch  30 | lr=5.0000e-04 | Recon MSE=1.210678e-03 | ‖ω‖₁=7.888036e-01
  λ=4.300e-07 | Epoch  40 | lr=2.5000e-04 | Recon MSE=1.265819e-03 | ‖ω‖₁=7.979205e-01
  λ=4.300e-07 | Epoch  50 | lr=1.2500e-04 | Recon MSE=1.162306e-03 | ‖ω‖₁=8.239987e-01
  λ=4.300e-07 | Epoch  60 | lr=1.2500e-04 | Recon MSE=1.216916e-03 | ‖ω‖₁=8.273254e-01
  λ=4.300e-07 | Epoch  70 | lr=6.2500e-05 | Recon MSE=2.524219e-03 | ‖ω‖₁=8.407704e-01
  λ=4.300e-07 | Epoch  80 | lr=3.1250e-05 | Recon MSE=1.149392e-03 | ‖ω‖₁=8.509985e-01
  → at λ=4.300e-07:  r(λ)=6,  rel_err=3.700008e-01

-- Path iteration 10, λ = 5.160e-07   (r(λ) prev = 6)
  λ=5.160e-07 | Epoch   1 | lr=1.0000e-03 | Recon MSE=1.268601e-01 | ‖ω‖₁=3.755340e-02
  λ=5.160e-07 | Epoch  10 | lr=1.0000e-03 | Recon MSE=9.211093e-02 | ‖ω‖₁=5.972145e-01
  λ=5.160e-07 | Epoch  20 | lr=5.0000e-04 | Recon MSE=2.264800e-03 | ‖ω‖₁=8.023904e-01
  λ=5.160e-07 | Epoch  30 | lr=5.0000e-04 | Recon MSE=1.239742e-03 | ‖ω‖₁=8.107713e-01
  λ=5.160e-07 | Epoch  40 | lr=2.5000e-04 | Recon MSE=1.216406e-03 | ‖ω‖₁=8.165115e-01
  λ=5.160e-07 | Epoch  50 | lr=1.2500e-04 | Recon MSE=1.227930e-03 | ‖ω‖₁=8.250896e-01
  λ=5.160e-07 | Epoch  60 | lr=1.2500e-04 | Recon MSE=2.066809e-03 | ‖ω‖₁=8.306195e-01
  λ=5.160e-07 | Epoch  70 | lr=6.2500e-05 | Recon MSE=1.004411e-03 | ‖ω‖₁=8.431286e-01
  λ=5.160e-07 | Epoch  80 | lr=3.1250e-05 | Recon MSE=1.246474e-03 | ‖ω‖₁=8.572665e-01
  → at λ=5.160e-07:  r(λ)=6,  rel_err=9.739774e-02

-- Path iteration 11, λ = 6.192e-07   (r(λ) prev = 6)
  λ=6.192e-07 | Epoch   1 | lr=1.0000e-03 | Recon MSE=1.268696e-01 | ‖ω‖₁=4.276513e-02
  λ=6.192e-07 | Epoch  10 | lr=1.0000e-03 | Recon MSE=9.240906e-02 | ‖ω‖₁=6.137963e-01
  λ=6.192e-07 | Epoch  20 | lr=5.0000e-04 | Recon MSE=2.581419e-03 | ‖ω‖₁=7.836965e-01
  λ=6.192e-07 | Epoch  30 | lr=5.0000e-04 | Recon MSE=1.238383e-03 | ‖ω‖₁=7.999505e-01
  λ=6.192e-07 | Epoch  40 | lr=2.5000e-04 | Recon MSE=1.277312e-03 | ‖ω‖₁=8.112905e-01
  λ=6.192e-07 | Epoch  50 | lr=1.2500e-04 | Recon MSE=1.417087e-03 | ‖ω‖₁=8.256773e-01
  λ=6.192e-07 | Epoch  60 | lr=1.2500e-04 | Recon MSE=2.271490e-03 | ‖ω‖₁=8.266252e-01
  λ=6.192e-07 | Epoch  70 | lr=6.2500e-05 | Recon MSE=1.187512e-03 | ‖ω‖₁=8.400370e-01
  λ=6.192e-07 | Epoch  80 | lr=3.1250e-05 | Recon MSE=1.401271e-03 | ‖ω‖₁=8.496794e-01
  → at λ=6.192e-07:  r(λ)=5,  rel_err=1.011341e-01

-- Path iteration 12, λ = 7.430e-07   (r(λ) prev = 5)
  λ=7.430e-07 | Epoch   1 | lr=1.0000e-03 | Recon MSE=1.268568e-01 | ‖ω‖₁=4.245365e-02
  λ=7.430e-07 | Epoch  10 | lr=1.0000e-03 | Recon MSE=9.231061e-02 | ‖ω‖₁=5.911559e-01
  λ=7.430e-07 | Epoch  20 | lr=5.0000e-04 | Recon MSE=2.477618e-03 | ‖ω‖₁=7.653873e-01
  λ=7.430e-07 | Epoch  30 | lr=5.0000e-04 | Recon MSE=1.233387e-03 | ‖ω‖₁=7.810604e-01
  λ=7.430e-07 | Epoch  40 | lr=2.5000e-04 | Recon MSE=4.117382e-03 | ‖ω‖₁=7.926350e-01
  λ=7.430e-07 | Epoch  50 | lr=1.2500e-04 | Recon MSE=1.148217e-03 | ‖ω‖₁=8.055875e-01
  λ=7.430e-07 | Epoch  60 | lr=1.2500e-04 | Recon MSE=1.729871e-03 | ‖ω‖₁=8.106127e-01
  λ=7.430e-07 | Epoch  70 | lr=6.2500e-05 | Recon MSE=1.032152e-03 | ‖ω‖₁=8.224243e-01
  λ=7.430e-07 | Epoch  80 | lr=3.1250e-05 | Recon MSE=1.164064e-03 | ‖ω‖₁=8.320505e-01
  → at λ=7.430e-07:  r(λ)=6,  rel_err=9.439691e-02

-- Path iteration 13, λ = 8.916e-07   (r(λ) prev = 6)
  λ=8.916e-07 | Epoch   1 | lr=1.0000e-03 | Recon MSE=1.268696e-01 | ‖ω‖₁=4.048627e-02
  λ=8.916e-07 | Epoch  10 | lr=1.0000e-03 | Recon MSE=9.220797e-02 | ‖ω‖₁=6.027223e-01
  λ=8.916e-07 | Epoch  20 | lr=5.0000e-04 | Recon MSE=2.293672e-03 | ‖ω‖₁=7.988216e-01
  λ=8.916e-07 | Epoch  30 | lr=5.0000e-04 | Recon MSE=1.255124e-03 | ‖ω‖₁=8.103749e-01
  λ=8.916e-07 | Epoch  40 | lr=2.5000e-04 | Recon MSE=6.485324e-03 | ‖ω‖₁=8.154446e-01
  λ=8.916e-07 | Epoch  50 | lr=1.2500e-04 | Recon MSE=1.548611e-03 | ‖ω‖₁=8.292977e-01
  λ=8.916e-07 | Epoch  60 | lr=1.2500e-04 | Recon MSE=1.350144e-03 | ‖ω‖₁=8.358338e-01
  λ=8.916e-07 | Epoch  70 | lr=6.2500e-05 | Recon MSE=1.197073e-03 | ‖ω‖₁=8.427051e-01
  λ=8.916e-07 | Epoch  80 | lr=3.1250e-05 | Recon MSE=1.745046e-03 | ‖ω‖₁=8.516194e-01
  → at λ=8.916e-07:  r(λ)=5,  rel_err=9.010922e-02

-- Path iteration 14, λ = 1.070e-06   (r(λ) prev = 5)
  λ=1.070e-06 | Epoch   1 | lr=1.0000e-03 | Recon MSE=1.268661e-01 | ‖ω‖₁=4.093726e-02
  λ=1.070e-06 | Epoch  10 | lr=1.0000e-03 | Recon MSE=9.209364e-02 | ‖ω‖₁=5.457519e-01
  λ=1.070e-06 | Epoch  20 | lr=5.0000e-04 | Recon MSE=2.252703e-03 | ‖ω‖₁=7.849753e-01
  λ=1.070e-06 | Epoch  30 | lr=5.0000e-04 | Recon MSE=1.263726e-03 | ‖ω‖₁=7.884605e-01
  λ=1.070e-06 | Epoch  40 | lr=2.5000e-04 | Recon MSE=1.431376e-03 | ‖ω‖₁=7.998066e-01
  λ=1.070e-06 | Epoch  50 | lr=1.2500e-04 | Recon MSE=1.510043e-03 | ‖ω‖₁=8.177635e-01
  λ=1.070e-06 | Epoch  60 | lr=1.2500e-04 | Recon MSE=1.676492e-03 | ‖ω‖₁=8.207555e-01
  λ=1.070e-06 | Epoch  70 | lr=6.2500e-05 | Recon MSE=1.019382e-03 | ‖ω‖₁=8.274479e-01
  λ=1.070e-06 | Epoch  80 | lr=3.1250e-05 | Recon MSE=1.393744e-03 | ‖ω‖₁=8.390204e-01
  → at λ=1.070e-06:  r(λ)=6,  rel_err=8.615435e-02

-- Path iteration 15, λ = 1.284e-06   (r(λ) prev = 6)
  λ=1.284e-06 | Epoch   1 | lr=1.0000e-03 | Recon MSE=1.268544e-01 | ‖ω‖₁=4.033919e-02
  λ=1.284e-06 | Epoch  10 | lr=1.0000e-03 | Recon MSE=9.245767e-02 | ‖ω‖₁=5.639639e-01
  λ=1.284e-06 | Epoch  20 | lr=5.0000e-04 | Recon MSE=2.658572e-03 | ‖ω‖₁=7.468974e-01
  λ=1.284e-06 | Epoch  30 | lr=5.0000e-04 | Recon MSE=1.246115e-03 | ‖ω‖₁=7.782838e-01
  λ=1.284e-06 | Epoch  40 | lr=2.5000e-04 | Recon MSE=1.206261e-03 | ‖ω‖₁=7.896104e-01
  λ=1.284e-06 | Epoch  50 | lr=1.2500e-04 | Recon MSE=2.923937e-03 | ‖ω‖₁=7.922459e-01
  λ=1.284e-06 | Epoch  60 | lr=1.2500e-04 | Recon MSE=1.329348e-03 | ‖ω‖₁=8.024248e-01
  λ=1.284e-06 | Epoch  70 | lr=6.2500e-05 | Recon MSE=1.458085e-03 | ‖ω‖₁=8.115967e-01
  λ=1.284e-06 | Epoch  80 | lr=3.1250e-05 | Recon MSE=1.644156e-03 | ‖ω‖₁=8.227796e-01
  → at λ=1.284e-06:  r(λ)=5,  rel_err=9.331764e-02

-- Path iteration 16, λ = 1.541e-06   (r(λ) prev = 5)
  λ=1.541e-06 | Epoch   1 | lr=1.0000e-03 | Recon MSE=1.268540e-01 | ‖ω‖₁=3.772634e-02
  λ=1.541e-06 | Epoch  10 | lr=1.0000e-03 | Recon MSE=9.247404e-02 | ‖ω‖₁=5.449315e-01
  λ=1.541e-06 | Epoch  20 | lr=5.0000e-04 | Recon MSE=2.748216e-03 | ‖ω‖₁=8.052885e-01
  λ=1.541e-06 | Epoch  30 | lr=5.0000e-04 | Recon MSE=1.230842e-03 | ‖ω‖₁=8.001752e-01
  λ=1.541e-06 | Epoch  40 | lr=2.5000e-04 | Recon MSE=1.220247e-03 | ‖ω‖₁=8.042159e-01
  λ=1.541e-06 | Epoch  50 | lr=1.2500e-04 | Recon MSE=9.660318e-04 | ‖ω‖₁=8.132988e-01
  λ=1.541e-06 | Epoch  60 | lr=1.2500e-04 | Recon MSE=1.232203e-03 | ‖ω‖₁=8.161872e-01
  λ=1.541e-06 | Epoch  70 | lr=6.2500e-05 | Recon MSE=9.298543e-04 | ‖ω‖₁=8.272707e-01
  λ=1.541e-06 | Epoch  80 | lr=3.1250e-05 | Recon MSE=8.940326e-04 | ‖ω‖₁=8.473201e-01
  → at λ=1.541e-06:  r(λ)=5,  rel_err=8.316321e-02

-- Path iteration 17, λ = 1.849e-06   (r(λ) prev = 5)
  λ=1.849e-06 | Epoch   1 | lr=1.0000e-03 | Recon MSE=1.268614e-01 | ‖ω‖₁=4.172304e-02
  λ=1.849e-06 | Epoch  10 | lr=1.0000e-03 | Recon MSE=9.207049e-02 | ‖ω‖₁=5.865876e-01
  λ=1.849e-06 | Epoch  20 | lr=5.0000e-04 | Recon MSE=2.246413e-03 | ‖ω‖₁=7.797302e-01
  λ=1.849e-06 | Epoch  30 | lr=5.0000e-04 | Recon MSE=1.259135e-03 | ‖ω‖₁=7.905901e-01
  λ=1.849e-06 | Epoch  40 | lr=2.5000e-04 | Recon MSE=1.241007e-03 | ‖ω‖₁=7.918147e-01
  λ=1.849e-06 | Epoch  50 | lr=1.2500e-04 | Recon MSE=1.208591e-03 | ‖ω‖₁=8.030589e-01
  λ=1.849e-06 | Epoch  60 | lr=1.2500e-04 | Recon MSE=1.963210e-03 | ‖ω‖₁=8.099846e-01
  λ=1.849e-06 | Epoch  70 | lr=6.2500e-05 | Recon MSE=1.089583e-03 | ‖ω‖₁=8.203553e-01
  λ=1.849e-06 | Epoch  80 | lr=3.1250e-05 | Recon MSE=1.317058e-03 | ‖ω‖₁=8.312834e-01
  → at λ=1.849e-06:  r(λ)=5,  rel_err=8.631324e-02

-- Path iteration 18, λ = 2.219e-06   (r(λ) prev = 5)
  λ=2.219e-06 | Epoch   1 | lr=1.0000e-03 | Recon MSE=1.268761e-01 | ‖ω‖₁=3.990079e-02
  λ=2.219e-06 | Epoch  10 | lr=1.0000e-03 | Recon MSE=9.238276e-02 | ‖ω‖₁=5.920878e-01
  λ=2.219e-06 | Epoch  20 | lr=5.0000e-04 | Recon MSE=2.471129e-03 | ‖ω‖₁=7.881579e-01
  λ=2.219e-06 | Epoch  30 | lr=5.0000e-04 | Recon MSE=1.259930e-03 | ‖ω‖₁=8.027916e-01
  λ=2.219e-06 | Epoch  40 | lr=2.5000e-04 | Recon MSE=1.242025e-03 | ‖ω‖₁=8.120345e-01
  λ=2.219e-06 | Epoch  50 | lr=1.2500e-04 | Recon MSE=1.998243e-03 | ‖ω‖₁=8.309131e-01
  λ=2.219e-06 | Epoch  60 | lr=1.2500e-04 | Recon MSE=3.249629e-03 | ‖ω‖₁=8.329937e-01
  λ=2.219e-06 | Epoch  70 | lr=6.2500e-05 | Recon MSE=1.664317e-03 | ‖ω‖₁=8.403918e-01
  λ=2.219e-06 | Epoch  80 | lr=3.1250e-05 | Recon MSE=1.554773e-03 | ‖ω‖₁=8.483241e-01
  → at λ=2.219e-06:  r(λ)=5,  rel_err=1.005018e-01

-- Path iteration 19, λ = 2.662e-06   (r(λ) prev = 5)
  λ=2.662e-06 | Epoch   1 | lr=1.0000e-03 | Recon MSE=1.268447e-01 | ‖ω‖₁=3.468028e-02
  λ=2.662e-06 | Epoch  10 | lr=1.0000e-03 | Recon MSE=9.218647e-02 | ‖ω‖₁=5.894630e-01
  λ=2.662e-06 | Epoch  20 | lr=5.0000e-04 | Recon MSE=2.338357e-03 | ‖ω‖₁=7.259001e-01
  λ=2.662e-06 | Epoch  30 | lr=5.0000e-04 | Recon MSE=1.254184e-03 | ‖ω‖₁=7.461394e-01
  λ=2.662e-06 | Epoch  40 | lr=2.5000e-04 | Recon MSE=1.228392e-03 | ‖ω‖₁=7.534787e-01
  λ=2.662e-06 | Epoch  50 | lr=1.2500e-04 | Recon MSE=1.355472e-03 | ‖ω‖₁=7.770322e-01
  λ=2.662e-06 | Epoch  60 | lr=1.2500e-04 | Recon MSE=1.231319e-03 | ‖ω‖₁=7.858532e-01
  λ=2.662e-06 | Epoch  70 | lr=6.2500e-05 | Recon MSE=9.508898e-04 | ‖ω‖₁=8.062547e-01
  λ=2.662e-06 | Epoch  80 | lr=3.1250e-05 | Recon MSE=1.157937e-03 | ‖ω‖₁=8.125720e-01
  → at λ=2.662e-06:  r(λ)=5,  rel_err=8.460068e-02

-- Path iteration 20, λ = 3.195e-06   (r(λ) prev = 5)
  λ=3.195e-06 | Epoch   1 | lr=1.0000e-03 | Recon MSE=1.268678e-01 | ‖ω‖₁=4.222590e-02
  λ=3.195e-06 | Epoch  10 | lr=1.0000e-03 | Recon MSE=9.233624e-02 | ‖ω‖₁=5.990521e-01
  λ=3.195e-06 | Epoch  20 | lr=5.0000e-04 | Recon MSE=2.409481e-03 | ‖ω‖₁=7.807446e-01
  λ=3.195e-06 | Epoch  30 | lr=5.0000e-04 | Recon MSE=1.251344e-03 | ‖ω‖₁=7.823666e-01
  λ=3.195e-06 | Epoch  40 | lr=2.5000e-04 | Recon MSE=1.228867e-03 | ‖ω‖₁=7.951113e-01
  λ=3.195e-06 | Epoch  50 | lr=1.2500e-04 | Recon MSE=1.317896e-03 | ‖ω‖₁=8.061523e-01
  λ=3.195e-06 | Epoch  60 | lr=1.2500e-04 | Recon MSE=1.232669e-03 | ‖ω‖₁=8.094111e-01
  λ=3.195e-06 | Epoch  70 | lr=6.2500e-05 | Recon MSE=9.441789e-04 | ‖ω‖₁=8.206084e-01
  λ=3.195e-06 | Epoch  80 | lr=3.1250e-05 | Recon MSE=1.074962e-03 | ‖ω‖₁=8.406093e-01
  → at λ=3.195e-06:  r(λ)=5,  rel_err=8.500717e-02

-- Path iteration 21, λ = 3.834e-06   (r(λ) prev = 5)
  λ=3.834e-06 | Epoch   1 | lr=1.0000e-03 | Recon MSE=1.268658e-01 | ‖ω‖₁=4.058958e-02
  λ=3.834e-06 | Epoch  10 | lr=1.0000e-03 | Recon MSE=9.236479e-02 | ‖ω‖₁=5.859821e-01
  λ=3.834e-06 | Epoch  20 | lr=5.0000e-04 | Recon MSE=2.390662e-03 | ‖ω‖₁=7.903236e-01
  λ=3.834e-06 | Epoch  30 | lr=5.0000e-04 | Recon MSE=1.249361e-03 | ‖ω‖₁=8.079716e-01
  λ=3.834e-06 | Epoch  40 | lr=2.5000e-04 | Recon MSE=1.232628e-03 | ‖ω‖₁=8.166139e-01
  λ=3.834e-06 | Epoch  50 | lr=1.2500e-04 | Recon MSE=1.206294e-03 | ‖ω‖₁=8.276508e-01
  λ=3.834e-06 | Epoch  60 | lr=1.2500e-04 | Recon MSE=1.215792e-03 | ‖ω‖₁=8.312466e-01
  λ=3.834e-06 | Epoch  70 | lr=6.2500e-05 | Recon MSE=9.484526e-04 | ‖ω‖₁=8.412861e-01
  λ=3.834e-06 | Epoch  80 | lr=3.1250e-05 | Recon MSE=9.127075e-04 | ‖ω‖₁=8.610343e-01
  → at λ=3.834e-06:  r(λ)=5,  rel_err=8.401498e-02

-- Path iteration 22, λ = 4.601e-06   (r(λ) prev = 5)
  λ=4.601e-06 | Epoch   1 | lr=1.0000e-03 | Recon MSE=1.268835e-01 | ‖ω‖₁=3.799282e-02
  λ=4.601e-06 | Epoch  10 | lr=1.0000e-03 | Recon MSE=9.249909e-02 | ‖ω‖₁=5.562311e-01
  λ=4.601e-06 | Epoch  20 | lr=5.0000e-04 | Recon MSE=2.534383e-03 | ‖ω‖₁=7.692913e-01
  λ=4.601e-06 | Epoch  30 | lr=5.0000e-04 | Recon MSE=1.250776e-03 | ‖ω‖₁=7.827640e-01
  λ=4.601e-06 | Epoch  40 | lr=2.5000e-04 | Recon MSE=1.249051e-03 | ‖ω‖₁=7.935888e-01
  λ=4.601e-06 | Epoch  50 | lr=1.2500e-04 | Recon MSE=1.650759e-03 | ‖ω‖₁=8.080887e-01
  λ=4.601e-06 | Epoch  60 | lr=1.2500e-04 | Recon MSE=1.255325e-03 | ‖ω‖₁=8.127358e-01
  λ=4.601e-06 | Epoch  70 | lr=6.2500e-05 | Recon MSE=9.524326e-04 | ‖ω‖₁=8.169594e-01
  λ=4.601e-06 | Epoch  80 | lr=3.1250e-05 | Recon MSE=9.106563e-04 | ‖ω‖₁=8.331014e-01
  → at λ=4.601e-06:  r(λ)=5,  rel_err=8.398013e-02

-- Path iteration 23, λ = 5.521e-06   (r(λ) prev = 5)
  λ=5.521e-06 | Epoch   1 | lr=1.0000e-03 | Recon MSE=1.268665e-01 | ‖ω‖₁=3.561536e-02
  λ=5.521e-06 | Epoch  10 | lr=1.0000e-03 | Recon MSE=9.245637e-02 | ‖ω‖₁=5.851942e-01
  λ=5.521e-06 | Epoch  20 | lr=5.0000e-04 | Recon MSE=2.533663e-03 | ‖ω‖₁=8.021943e-01
  λ=5.521e-06 | Epoch  30 | lr=5.0000e-04 | Recon MSE=1.256149e-03 | ‖ω‖₁=8.177116e-01
  λ=5.521e-06 | Epoch  40 | lr=2.5000e-04 | Recon MSE=1.240131e-03 | ‖ω‖₁=8.249998e-01
  λ=5.521e-06 | Epoch  50 | lr=1.2500e-04 | Recon MSE=1.161480e-03 | ‖ω‖₁=8.312910e-01
  λ=5.521e-06 | Epoch  60 | lr=1.2500e-04 | Recon MSE=1.237412e-03 | ‖ω‖₁=8.386120e-01
  λ=5.521e-06 | Epoch  70 | lr=6.2500e-05 | Recon MSE=9.463707e-04 | ‖ω‖₁=8.483777e-01
  λ=5.521e-06 | Epoch  80 | lr=3.1250e-05 | Recon MSE=1.176161e-03 | ‖ω‖₁=8.651719e-01
  → at λ=5.521e-06:  r(λ)=5,  rel_err=1.015041e-01

-- Path iteration 24, λ = 6.625e-06   (r(λ) prev = 5)
  λ=6.625e-06 | Epoch   1 | lr=1.0000e-03 | Recon MSE=1.268707e-01 | ‖ω‖₁=3.241698e-02
  λ=6.625e-06 | Epoch  10 | lr=1.0000e-03 | Recon MSE=9.250282e-02 | ‖ω‖₁=5.576165e-01
  λ=6.625e-06 | Epoch  20 | lr=5.0000e-04 | Recon MSE=2.547923e-03 | ‖ω‖₁=7.710230e-01
  λ=6.625e-06 | Epoch  30 | lr=5.0000e-04 | Recon MSE=1.256468e-03 | ‖ω‖₁=7.719955e-01
  λ=6.625e-06 | Epoch  40 | lr=2.5000e-04 | Recon MSE=1.241195e-03 | ‖ω‖₁=7.802571e-01
  λ=6.625e-06 | Epoch  50 | lr=1.2500e-04 | Recon MSE=1.231689e-03 | ‖ω‖₁=7.853844e-01
  λ=6.625e-06 | Epoch  60 | lr=1.2500e-04 | Recon MSE=1.188658e-03 | ‖ω‖₁=7.927188e-01
  λ=6.625e-06 | Epoch  70 | lr=6.2500e-05 | Recon MSE=9.533613e-04 | ‖ω‖₁=8.038409e-01
  λ=6.625e-06 | Epoch  80 | lr=3.1250e-05 | Recon MSE=9.204116e-04 | ‖ω‖₁=8.214176e-01
  → at λ=6.625e-06:  r(λ)=5,  rel_err=8.431379e-02

-- Path iteration 25, λ = 7.950e-06   (r(λ) prev = 5)
  λ=7.950e-06 | Epoch   1 | lr=1.0000e-03 | Recon MSE=1.268701e-01 | ‖ω‖₁=3.659015e-02
  λ=7.950e-06 | Epoch  10 | lr=1.0000e-03 | Recon MSE=9.240917e-02 | ‖ω‖₁=5.710214e-01
  λ=7.950e-06 | Epoch  20 | lr=5.0000e-04 | Recon MSE=2.334881e-03 | ‖ω‖₁=7.795534e-01
  λ=7.950e-06 | Epoch  30 | lr=5.0000e-04 | Recon MSE=1.248663e-03 | ‖ω‖₁=7.827358e-01
  λ=7.950e-06 | Epoch  40 | lr=2.5000e-04 | Recon MSE=1.202002e-03 | ‖ω‖₁=7.940076e-01
  λ=7.950e-06 | Epoch  50 | lr=1.2500e-04 | Recon MSE=1.185037e-03 | ‖ω‖₁=8.024533e-01
  λ=7.950e-06 | Epoch  60 | lr=1.2500e-04 | Recon MSE=1.209832e-03 | ‖ω‖₁=8.021550e-01
  λ=7.950e-06 | Epoch  70 | lr=6.2500e-05 | Recon MSE=9.655830e-04 | ‖ω‖₁=8.118083e-01
  λ=7.950e-06 | Epoch  80 | lr=3.1250e-05 | Recon MSE=1.247671e-03 | ‖ω‖₁=8.213904e-01
  → at λ=7.950e-06:  r(λ)=5,  rel_err=8.838705e-02

-- Path iteration 26, λ = 9.540e-06   (r(λ) prev = 5)
  λ=9.540e-06 | Epoch   1 | lr=1.0000e-03 | Recon MSE=1.268829e-01 | ‖ω‖₁=3.492026e-02
  λ=9.540e-06 | Epoch  10 | lr=1.0000e-03 | Recon MSE=9.269031e-02 | ‖ω‖₁=6.103239e-01
  λ=9.540e-06 | Epoch  20 | lr=5.0000e-04 | Recon MSE=2.611802e-03 | ‖ω‖₁=7.759270e-01
  λ=9.540e-06 | Epoch  30 | lr=5.0000e-04 | Recon MSE=1.263792e-03 | ‖ω‖₁=7.752494e-01
  λ=9.540e-06 | Epoch  40 | lr=2.5000e-04 | Recon MSE=1.218073e-03 | ‖ω‖₁=7.816425e-01
  λ=9.540e-06 | Epoch  50 | lr=1.2500e-04 | Recon MSE=1.234706e-03 | ‖ω‖₁=7.833903e-01
  λ=9.540e-06 | Epoch  60 | lr=1.2500e-04 | Recon MSE=1.226951e-03 | ‖ω‖₁=7.886885e-01
  λ=9.540e-06 | Epoch  70 | lr=6.2500e-05 | Recon MSE=9.571580e-04 | ‖ω‖₁=7.983154e-01
  λ=9.540e-06 | Epoch  80 | lr=3.1250e-05 | Recon MSE=1.201075e-03 | ‖ω‖₁=8.049640e-01
  → at λ=9.540e-06:  r(λ)=5,  rel_err=1.010439e-01

-- Path iteration 27, λ = 1.145e-05   (r(λ) prev = 5)
  λ=1.145e-05 | Epoch   1 | lr=1.0000e-03 | Recon MSE=1.268852e-01 | ‖ω‖₁=3.028217e-02
  λ=1.145e-05 | Epoch  10 | lr=1.0000e-03 | Recon MSE=9.263374e-02 | ‖ω‖₁=5.485161e-01
  λ=1.145e-05 | Epoch  20 | lr=5.0000e-04 | Recon MSE=2.578395e-03 | ‖ω‖₁=7.364638e-01
  λ=1.145e-05 | Epoch  30 | lr=5.0000e-04 | Recon MSE=1.253655e-03 | ‖ω‖₁=7.551117e-01
  λ=1.145e-05 | Epoch  40 | lr=2.5000e-04 | Recon MSE=1.223278e-03 | ‖ω‖₁=7.749521e-01
  λ=1.145e-05 | Epoch  50 | lr=1.2500e-04 | Recon MSE=1.193194e-03 | ‖ω‖₁=7.899554e-01
  λ=1.145e-05 | Epoch  60 | lr=1.2500e-04 | Recon MSE=1.186691e-03 | ‖ω‖₁=7.967231e-01
  λ=1.145e-05 | Epoch  70 | lr=6.2500e-05 | Recon MSE=9.743275e-04 | ‖ω‖₁=8.068563e-01
  λ=1.145e-05 | Epoch  80 | lr=3.1250e-05 | Recon MSE=1.164082e-03 | ‖ω‖₁=8.129401e-01
  → at λ=1.145e-05:  r(λ)=5,  rel_err=1.007478e-01

-- Path iteration 28, λ = 1.374e-05   (r(λ) prev = 5)
  λ=1.374e-05 | Epoch   1 | lr=1.0000e-03 | Recon MSE=1.268899e-01 | ‖ω‖₁=3.617183e-02
  λ=1.374e-05 | Epoch  10 | lr=1.0000e-03 | Recon MSE=9.289240e-02 | ‖ω‖₁=5.953545e-01
  λ=1.374e-05 | Epoch  20 | lr=5.0000e-04 | Recon MSE=2.797249e-03 | ‖ω‖₁=7.835245e-01
  λ=1.374e-05 | Epoch  30 | lr=5.0000e-04 | Recon MSE=1.256940e-03 | ‖ω‖₁=7.913709e-01
  λ=1.374e-05 | Epoch  40 | lr=2.5000e-04 | Recon MSE=1.219382e-03 | ‖ω‖₁=7.941927e-01
  λ=1.374e-05 | Epoch  50 | lr=1.2500e-04 | Recon MSE=1.223603e-03 | ‖ω‖₁=8.011514e-01
  λ=1.374e-05 | Epoch  60 | lr=1.2500e-04 | Recon MSE=1.218136e-03 | ‖ω‖₁=8.000067e-01
  λ=1.374e-05 | Epoch  70 | lr=6.2500e-05 | Recon MSE=1.028388e-03 | ‖ω‖₁=8.056825e-01
  λ=1.374e-05 | Epoch  80 | lr=3.1250e-05 | Recon MSE=1.189200e-03 | ‖ω‖₁=8.077743e-01
  → at λ=1.374e-05:  r(λ)=5,  rel_err=1.007838e-01

-- Path iteration 29, λ = 1.648e-05   (r(λ) prev = 5)
  λ=1.648e-05 | Epoch   1 | lr=1.0000e-03 | Recon MSE=1.269001e-01 | ‖ω‖₁=3.039808e-02
  λ=1.648e-05 | Epoch  10 | lr=1.0000e-03 | Recon MSE=9.277304e-02 | ‖ω‖₁=5.382683e-01
  λ=1.648e-05 | Epoch  20 | lr=5.0000e-04 | Recon MSE=2.523011e-03 | ‖ω‖₁=7.339139e-01
  λ=1.648e-05 | Epoch  30 | lr=5.0000e-04 | Recon MSE=1.247307e-03 | ‖ω‖₁=7.431484e-01
  λ=1.648e-05 | Epoch  40 | lr=2.5000e-04 | Recon MSE=1.235676e-03 | ‖ω‖₁=7.498534e-01
  λ=1.648e-05 | Epoch  50 | lr=1.2500e-04 | Recon MSE=1.216818e-03 | ‖ω‖₁=7.528896e-01
  λ=1.648e-05 | Epoch  60 | lr=1.2500e-04 | Recon MSE=1.233260e-03 | ‖ω‖₁=7.481759e-01
  λ=1.648e-05 | Epoch  70 | lr=6.2500e-05 | Recon MSE=1.138565e-03 | ‖ω‖₁=7.495958e-01
  λ=1.648e-05 | Epoch  80 | lr=3.1250e-05 | Recon MSE=1.145314e-03 | ‖ω‖₁=7.501652e-01
  → at λ=1.648e-05:  r(λ)=5,  rel_err=1.015563e-01

-- Path iteration 30, λ = 1.978e-05   (r(λ) prev = 5)
  λ=1.978e-05 | Epoch   1 | lr=1.0000e-03 | Recon MSE=1.268912e-01 | ‖ω‖₁=2.948808e-02
  λ=1.978e-05 | Epoch  10 | lr=1.0000e-03 | Recon MSE=9.299662e-02 | ‖ω‖₁=5.488683e-01
  λ=1.978e-05 | Epoch  20 | lr=5.0000e-04 | Recon MSE=2.758178e-03 | ‖ω‖₁=7.831977e-01
  λ=1.978e-05 | Epoch  30 | lr=5.0000e-04 | Recon MSE=1.253785e-03 | ‖ω‖₁=7.862607e-01
  λ=1.978e-05 | Epoch  40 | lr=2.5000e-04 | Recon MSE=1.229565e-03 | ‖ω‖₁=7.873769e-01
  λ=1.978e-05 | Epoch  50 | lr=1.2500e-04 | Recon MSE=1.234984e-03 | ‖ω‖₁=7.853163e-01
  λ=1.978e-05 | Epoch  60 | lr=1.2500e-04 | Recon MSE=1.243174e-03 | ‖ω‖₁=7.797720e-01
  λ=1.978e-05 | Epoch  70 | lr=6.2500e-05 | Recon MSE=9.994655e-04 | ‖ω‖₁=7.790478e-01
  λ=1.978e-05 | Epoch  80 | lr=3.1250e-05 | Recon MSE=1.057571e-03 | ‖ω‖₁=7.762878e-01
  → at λ=1.978e-05:  r(λ)=5,  rel_err=8.959769e-02

-- Path iteration 31, λ = 2.374e-05   (r(λ) prev = 5)
  λ=2.374e-05 | Epoch   1 | lr=1.0000e-03 | Recon MSE=1.269073e-01 | ‖ω‖₁=3.287604e-02
  λ=2.374e-05 | Epoch  10 | lr=1.0000e-03 | Recon MSE=9.330459e-02 | ‖ω‖₁=5.276807e-01
  λ=2.374e-05 | Epoch  20 | lr=5.0000e-04 | Recon MSE=3.133901e-03 | ‖ω‖₁=7.671413e-01
  λ=2.374e-05 | Epoch  30 | lr=5.0000e-04 | Recon MSE=1.252444e-03 | ‖ω‖₁=7.541479e-01
  λ=2.374e-05 | Epoch  40 | lr=2.5000e-04 | Recon MSE=1.223675e-03 | ‖ω‖₁=7.502494e-01
  λ=2.374e-05 | Epoch  50 | lr=1.2500e-04 | Recon MSE=1.225960e-03 | ‖ω‖₁=7.462248e-01
  λ=2.374e-05 | Epoch  60 | lr=1.2500e-04 | Recon MSE=1.256375e-03 | ‖ω‖₁=7.360225e-01
  λ=2.374e-05 | Epoch  70 | lr=6.2500e-05 | Recon MSE=1.025845e-03 | ‖ω‖₁=7.329539e-01
  λ=2.374e-05 | Epoch  80 | lr=3.1250e-05 | Recon MSE=1.133933e-03 | ‖ω‖₁=7.317146e-01
  → at λ=2.374e-05:  r(λ)=4,  rel_err=8.877149e-02

-- Path iteration 32, λ = 2.849e-05   (r(λ) prev = 4)
  λ=2.849e-05 | Epoch   1 | lr=1.0000e-03 | Recon MSE=1.268994e-01 | ‖ω‖₁=3.382785e-02
  λ=2.849e-05 | Epoch  10 | lr=1.0000e-03 | Recon MSE=9.338939e-02 | ‖ω‖₁=5.111985e-01
  λ=2.849e-05 | Epoch  20 | lr=5.0000e-04 | Recon MSE=2.990869e-03 | ‖ω‖₁=7.406226e-01
  λ=2.849e-05 | Epoch  30 | lr=5.0000e-04 | Recon MSE=1.270463e-03 | ‖ω‖₁=7.444217e-01
  λ=2.849e-05 | Epoch  40 | lr=2.5000e-04 | Recon MSE=1.246449e-03 | ‖ω‖₁=7.402681e-01
  λ=2.849e-05 | Epoch  50 | lr=1.2500e-04 | Recon MSE=1.227375e-03 | ‖ω‖₁=7.304557e-01
  λ=2.849e-05 | Epoch  60 | lr=1.2500e-04 | Recon MSE=1.267696e-03 | ‖ω‖₁=7.248997e-01
  λ=2.849e-05 | Epoch  70 | lr=6.2500e-05 | Recon MSE=1.200912e-03 | ‖ω‖₁=7.214846e-01
  λ=2.849e-05 | Epoch  80 | lr=3.1250e-05 | Recon MSE=1.295684e-03 | ‖ω‖₁=7.144495e-01
  → at λ=2.849e-05:  r(λ)=4,  rel_err=9.659577e-02

-- Path iteration 33, λ = 3.418e-05   (r(λ) prev = 4)
  λ=3.418e-05 | Epoch   1 | lr=1.0000e-03 | Recon MSE=1.269261e-01 | ‖ω‖₁=3.287166e-02
  λ=3.418e-05 | Epoch  10 | lr=1.0000e-03 | Recon MSE=9.373623e-02 | ‖ω‖₁=5.416770e-01
  λ=3.418e-05 | Epoch  20 | lr=5.0000e-04 | Recon MSE=3.367921e-03 | ‖ω‖₁=7.330763e-01
  λ=3.418e-05 | Epoch  30 | lr=5.0000e-04 | Recon MSE=1.268925e-03 | ‖ω‖₁=7.295867e-01
  λ=3.418e-05 | Epoch  40 | lr=2.5000e-04 | Recon MSE=1.238859e-03 | ‖ω‖₁=7.217396e-01
  λ=3.418e-05 | Epoch  50 | lr=1.2500e-04 | Recon MSE=1.249021e-03 | ‖ω‖₁=7.099490e-01
  λ=3.418e-05 | Epoch  60 | lr=1.2500e-04 | Recon MSE=1.268968e-03 | ‖ω‖₁=7.023414e-01
  λ=3.418e-05 | Epoch  70 | lr=6.2500e-05 | Recon MSE=1.085774e-03 | ‖ω‖₁=6.976271e-01
  λ=3.418e-05 | Epoch  80 | lr=3.1250e-05 | Recon MSE=1.293231e-03 | ‖ω‖₁=6.869191e-01
  → at λ=3.418e-05:  r(λ)=4,  rel_err=1.002739e-01

-- Path iteration 34, λ = 4.102e-05   (r(λ) prev = 4)
  λ=4.102e-05 | Epoch   1 | lr=1.0000e-03 | Recon MSE=1.269448e-01 | ‖ω‖₁=3.469938e-02
  λ=4.102e-05 | Epoch  10 | lr=1.0000e-03 | Recon MSE=9.397017e-02 | ‖ω‖₁=5.817318e-01
  λ=4.102e-05 | Epoch  20 | lr=5.0000e-04 | Recon MSE=3.329115e-03 | ‖ω‖₁=7.736035e-01
  λ=4.102e-05 | Epoch  30 | lr=5.0000e-04 | Recon MSE=1.289248e-03 | ‖ω‖₁=7.547082e-01
  λ=4.102e-05 | Epoch  40 | lr=2.5000e-04 | Recon MSE=1.258262e-03 | ‖ω‖₁=7.385346e-01
  λ=4.102e-05 | Epoch  50 | lr=1.2500e-04 | Recon MSE=1.262824e-03 | ‖ω‖₁=7.308752e-01
  λ=4.102e-05 | Epoch  60 | lr=1.2500e-04 | Recon MSE=1.263287e-03 | ‖ω‖₁=7.183591e-01
  λ=4.102e-05 | Epoch  70 | lr=6.2500e-05 | Recon MSE=1.257288e-03 | ‖ω‖₁=7.115836e-01
  λ=4.102e-05 | Epoch  80 | lr=3.1250e-05 | Recon MSE=1.263269e-03 | ‖ω‖₁=6.986184e-01
  → at λ=4.102e-05:  r(λ)=4,  rel_err=1.000817e-01

-- Path iteration 35, λ = 4.922e-05   (r(λ) prev = 4)
  λ=4.922e-05 | Epoch   1 | lr=1.0000e-03 | Recon MSE=1.269544e-01 | ‖ω‖₁=3.061517e-02
  λ=4.922e-05 | Epoch  10 | lr=1.0000e-03 | Recon MSE=9.421470e-02 | ‖ω‖₁=5.488955e-01
  λ=4.922e-05 | Epoch  20 | lr=5.0000e-04 | Recon MSE=3.274378e-03 | ‖ω‖₁=7.369023e-01
  λ=4.922e-05 | Epoch  30 | lr=5.0000e-04 | Recon MSE=1.274228e-03 | ‖ω‖₁=7.195328e-01
  λ=4.922e-05 | Epoch  40 | lr=2.5000e-04 | Recon MSE=1.259058e-03 | ‖ω‖₁=7.061329e-01
  λ=4.922e-05 | Epoch  50 | lr=1.2500e-04 | Recon MSE=1.288182e-03 | ‖ω‖₁=6.913277e-01
  λ=4.922e-05 | Epoch  60 | lr=1.2500e-04 | Recon MSE=1.320432e-03 | ‖ω‖₁=6.706845e-01
  λ=4.922e-05 | Epoch  70 | lr=6.2500e-05 | Recon MSE=1.284050e-03 | ‖ω‖₁=6.563498e-01
  λ=4.922e-05 | Epoch  80 | lr=3.1250e-05 | Recon MSE=1.344764e-03 | ‖ω‖₁=6.383654e-01
  → at λ=4.922e-05:  r(λ)=4,  rel_err=1.055290e-01

-- Path iteration 36, λ = 5.907e-05   (r(λ) prev = 4)
  λ=5.907e-05 | Epoch   1 | lr=1.0000e-03 | Recon MSE=1.269688e-01 | ‖ω‖₁=2.755045e-02
  λ=5.907e-05 | Epoch  10 | lr=1.0000e-03 | Recon MSE=9.472012e-02 | ‖ω‖₁=5.303409e-01
  λ=5.907e-05 | Epoch  20 | lr=5.0000e-04 | Recon MSE=4.401469e-03 | ‖ω‖₁=7.152517e-01
  λ=5.907e-05 | Epoch  30 | lr=5.0000e-04 | Recon MSE=1.325085e-03 | ‖ω‖₁=7.007159e-01
  λ=5.907e-05 | Epoch  40 | lr=2.5000e-04 | Recon MSE=1.284608e-03 | ‖ω‖₁=6.828567e-01
  λ=5.907e-05 | Epoch  50 | lr=1.2500e-04 | Recon MSE=1.308623e-03 | ‖ω‖₁=6.621024e-01
  λ=5.907e-05 | Epoch  60 | lr=1.2500e-04 | Recon MSE=1.326702e-03 | ‖ω‖₁=6.412391e-01
  λ=5.907e-05 | Epoch  70 | lr=6.2500e-05 | Recon MSE=1.384791e-03 | ‖ω‖₁=6.227128e-01
  λ=5.907e-05 | Epoch  80 | lr=3.1250e-05 | Recon MSE=1.485760e-03 | ‖ω‖₁=6.022908e-01
  → at λ=5.907e-05:  r(λ)=4,  rel_err=1.093969e-01

-- Path iteration 37, λ = 7.088e-05   (r(λ) prev = 4)
  λ=7.088e-05 | Epoch   1 | lr=1.0000e-03 | Recon MSE=1.269988e-01 | ‖ω‖₁=3.299106e-02
  λ=7.088e-05 | Epoch  10 | lr=1.0000e-03 | Recon MSE=9.499610e-02 | ‖ω‖₁=5.476553e-01
  λ=7.088e-05 | Epoch  20 | lr=5.0000e-04 | Recon MSE=3.895449e-03 | ‖ω‖₁=7.489220e-01
  λ=7.088e-05 | Epoch  30 | lr=5.0000e-04 | Recon MSE=1.326327e-03 | ‖ω‖₁=7.299715e-01
  λ=7.088e-05 | Epoch  40 | lr=2.5000e-04 | Recon MSE=1.330179e-03 | ‖ω‖₁=7.006899e-01
  λ=7.088e-05 | Epoch  50 | lr=1.2500e-04 | Recon MSE=1.313113e-03 | ‖ω‖₁=6.776043e-01
  λ=7.088e-05 | Epoch  60 | lr=1.2500e-04 | Recon MSE=1.389120e-03 | ‖ω‖₁=6.481926e-01
  λ=7.088e-05 | Epoch  70 | lr=6.2500e-05 | Recon MSE=1.548792e-03 | ‖ω‖₁=6.210188e-01
  λ=7.088e-05 | Epoch  80 | lr=3.1250e-05 | Recon MSE=1.602855e-03 | ‖ω‖₁=5.927583e-01
  → at λ=7.088e-05:  r(λ)=4,  rel_err=1.111019e-01

-- Path iteration 38, λ = 8.506e-05   (r(λ) prev = 4)
  λ=8.506e-05 | Epoch   1 | lr=1.0000e-03 | Recon MSE=1.270143e-01 | ‖ω‖₁=2.737675e-02
  λ=8.506e-05 | Epoch  10 | lr=1.0000e-03 | Recon MSE=9.563198e-02 | ‖ω‖₁=4.816725e-01
  λ=8.506e-05 | Epoch  20 | lr=5.0000e-04 | Recon MSE=4.882305e-03 | ‖ω‖₁=6.770719e-01
  λ=8.506e-05 | Epoch  30 | lr=5.0000e-04 | Recon MSE=1.381089e-03 | ‖ω‖₁=6.529759e-01
  λ=8.506e-05 | Epoch  40 | lr=2.5000e-04 | Recon MSE=1.345550e-03 | ‖ω‖₁=6.282954e-01
  λ=8.506e-05 | Epoch  50 | lr=1.2500e-04 | Recon MSE=1.382487e-03 | ‖ω‖₁=6.043714e-01
  λ=8.506e-05 | Epoch  60 | lr=1.2500e-04 | Recon MSE=1.453144e-03 | ‖ω‖₁=5.745056e-01
  λ=8.506e-05 | Epoch  70 | lr=6.2500e-05 | Recon MSE=1.725433e-03 | ‖ω‖₁=5.425770e-01
  λ=8.506e-05 | Epoch  80 | lr=3.1250e-05 | Recon MSE=2.039176e-03 | ‖ω‖₁=5.109722e-01
  → at λ=8.506e-05:  r(λ)=4,  rel_err=1.271072e-01

-- Path iteration 39, λ = 1.021e-04   (r(λ) prev = 4)
  λ=1.021e-04 | Epoch   1 | lr=1.0000e-03 | Recon MSE=1.270527e-01 | ‖ω‖₁=3.142998e-02
  λ=1.021e-04 | Epoch  10 | lr=1.0000e-03 | Recon MSE=9.621431e-02 | ‖ω‖₁=5.271586e-01
  λ=1.021e-04 | Epoch  20 | lr=5.0000e-04 | Recon MSE=5.134923e-03 | ‖ω‖₁=7.162780e-01
  λ=1.021e-04 | Epoch  30 | lr=5.0000e-04 | Recon MSE=1.388343e-03 | ‖ω‖₁=6.690310e-01
  λ=1.021e-04 | Epoch  40 | lr=2.5000e-04 | Recon MSE=1.386146e-03 | ‖ω‖₁=6.287028e-01
  λ=1.021e-04 | Epoch  50 | lr=1.2500e-04 | Recon MSE=1.461084e-03 | ‖ω‖₁=5.911298e-01
  λ=1.021e-04 | Epoch  60 | lr=1.2500e-04 | Recon MSE=1.665551e-03 | ‖ω‖₁=5.483118e-01
  λ=1.021e-04 | Epoch  70 | lr=6.2500e-05 | Recon MSE=2.068060e-03 | ‖ω‖₁=5.050950e-01
  λ=1.021e-04 | Epoch  80 | lr=3.1250e-05 | Recon MSE=2.498234e-03 | ‖ω‖₁=4.595785e-01
  → at λ=1.021e-04:  r(λ)=4,  rel_err=1.407040e-01

-- Path iteration 40, λ = 1.225e-04   (r(λ) prev = 4)
  λ=1.225e-04 | Epoch   1 | lr=1.0000e-03 | Recon MSE=1.270846e-01 | ‖ω‖₁=3.105367e-02
  λ=1.225e-04 | Epoch  10 | lr=1.0000e-03 | Recon MSE=9.698132e-02 | ‖ω‖₁=5.139563e-01
  λ=1.225e-04 | Epoch  20 | lr=5.0000e-04 | Recon MSE=6.531088e-03 | ‖ω‖₁=7.133307e-01
  λ=1.225e-04 | Epoch  30 | lr=5.0000e-04 | Recon MSE=1.428091e-03 | ‖ω‖₁=6.644159e-01
  λ=1.225e-04 | Epoch  40 | lr=2.5000e-04 | Recon MSE=1.464625e-03 | ‖ω‖₁=6.142914e-01
  λ=1.225e-04 | Epoch  50 | lr=1.2500e-04 | Recon MSE=1.578274e-03 | ‖ω‖₁=5.632847e-01
  λ=1.225e-04 | Epoch  60 | lr=1.2500e-04 | Recon MSE=1.895989e-03 | ‖ω‖₁=5.089614e-01
  λ=1.225e-04 | Epoch  70 | lr=6.2500e-05 | Recon MSE=2.590158e-03 | ‖ω‖₁=4.559116e-01
  λ=1.225e-04 | Epoch  80 | lr=3.1250e-05 | Recon MSE=3.428195e-03 | ‖ω‖₁=4.088092e-01
  → at λ=1.225e-04:  r(λ)=3,  rel_err=1.609432e-01

-- Path iteration 41, λ = 1.470e-04   (r(λ) prev = 3)
  λ=1.470e-04 | Epoch   1 | lr=1.0000e-03 | Recon MSE=1.271355e-01 | ‖ω‖₁=3.086014e-02
  λ=1.470e-04 | Epoch  10 | lr=1.0000e-03 | Recon MSE=9.796810e-02 | ‖ω‖₁=5.005171e-01
  λ=1.470e-04 | Epoch  20 | lr=5.0000e-04 | Recon MSE=8.774231e-03 | ‖ω‖₁=6.579055e-01
  λ=1.470e-04 | Epoch  30 | lr=5.0000e-04 | Recon MSE=1.617299e-03 | ‖ω‖₁=6.046006e-01
  λ=1.470e-04 | Epoch  40 | lr=2.5000e-04 | Recon MSE=1.676587e-03 | ‖ω‖₁=5.464033e-01
  λ=1.470e-04 | Epoch  50 | lr=1.2500e-04 | Recon MSE=1.805406e-03 | ‖ω‖₁=4.947166e-01
  λ=1.470e-04 | Epoch  60 | lr=1.2500e-04 | Recon MSE=2.352552e-03 | ‖ω‖₁=4.531394e-01
  λ=1.470e-04 | Epoch  70 | lr=6.2500e-05 | Recon MSE=3.525821e-03 | ‖ω‖₁=4.066766e-01
  λ=1.470e-04 | Epoch  80 | lr=3.1250e-05 | Recon MSE=5.117513e-03 | ‖ω‖₁=3.608486e-01
  → at λ=1.470e-04:  r(λ)=3,  rel_err=2.009164e-01

-- Path iteration 42, λ = 1.764e-04   (r(λ) prev = 3)
  λ=1.764e-04 | Epoch   1 | lr=1.0000e-03 | Recon MSE=1.271894e-01 | ‖ω‖₁=2.599947e-02
  λ=1.764e-04 | Epoch  10 | lr=1.0000e-03 | Recon MSE=9.901336e-02 | ‖ω‖₁=4.650669e-01
  λ=1.764e-04 | Epoch  20 | lr=5.0000e-04 | Recon MSE=1.199050e-02 | ‖ω‖₁=6.271435e-01
  λ=1.764e-04 | Epoch  30 | lr=5.0000e-04 | Recon MSE=1.763882e-03 | ‖ω‖₁=5.788401e-01
  λ=1.764e-04 | Epoch  40 | lr=2.5000e-04 | Recon MSE=1.936665e-03 | ‖ω‖₁=5.017264e-01
  λ=1.764e-04 | Epoch  50 | lr=1.2500e-04 | Recon MSE=2.120134e-03 | ‖ω‖₁=4.514246e-01
  λ=1.764e-04 | Epoch  60 | lr=1.2500e-04 | Recon MSE=3.123686e-03 | ‖ω‖₁=3.998994e-01
  λ=1.764e-04 | Epoch  70 | lr=6.2500e-05 | Recon MSE=5.280089e-03 | ‖ω‖₁=3.478797e-01
  λ=1.764e-04 | Epoch  80 | lr=3.1250e-05 | Recon MSE=8.883588e-03 | ‖ω‖₁=2.925616e-01
  → at λ=1.764e-04:  r(λ)=3,  rel_err=2.655376e-01

-- Path iteration 43, λ = 2.116e-04   (r(λ) prev = 3)
  λ=2.116e-04 | Epoch   1 | lr=1.0000e-03 | Recon MSE=1.272439e-01 | ‖ω‖₁=2.271582e-02
  λ=2.116e-04 | Epoch  10 | lr=1.0000e-03 | Recon MSE=1.003064e-01 | ‖ω‖₁=4.467290e-01
  λ=2.116e-04 | Epoch  20 | lr=5.0000e-04 | Recon MSE=1.842912e-02 | ‖ω‖₁=6.441355e-01
  λ=2.116e-04 | Epoch  30 | lr=5.0000e-04 | Recon MSE=2.186140e-03 | ‖ω‖₁=5.790689e-01
  λ=2.116e-04 | Epoch  40 | lr=2.5000e-04 | Recon MSE=2.475138e-03 | ‖ω‖₁=4.847981e-01
  λ=2.116e-04 | Epoch  50 | lr=1.2500e-04 | Recon MSE=2.844929e-03 | ‖ω‖₁=4.202969e-01
  λ=2.116e-04 | Epoch  60 | lr=1.2500e-04 | Recon MSE=4.682815e-03 | ‖ω‖₁=3.590213e-01
  λ=2.116e-04 | Epoch  70 | lr=6.2500e-05 | Recon MSE=8.907218e-03 | ‖ω‖₁=2.936799e-01
  λ=2.116e-04 | Epoch  80 | lr=3.1250e-05 | Recon MSE=1.608786e-02 | ‖ω‖₁=2.237181e-01
  → at λ=2.116e-04:  r(λ)=3,  rel_err=3.574217e-01

-- Path iteration 44, λ = 2.540e-04   (r(λ) prev = 3)
  λ=2.540e-04 | Epoch   1 | lr=1.0000e-03 | Recon MSE=1.273336e-01 | ‖ω‖₁=2.363223e-02
  λ=2.540e-04 | Epoch  10 | lr=1.0000e-03 | Recon MSE=1.017422e-01 | ‖ω‖₁=4.265684e-01
  λ=2.540e-04 | Epoch  20 | lr=5.0000e-04 | Recon MSE=2.336337e-02 | ‖ω‖₁=5.739140e-01
  λ=2.540e-04 | Epoch  30 | lr=5.0000e-04 | Recon MSE=2.752941e-03 | ‖ω‖₁=4.886143e-01
  λ=2.540e-04 | Epoch  40 | lr=2.5000e-04 | Recon MSE=3.273085e-03 | ‖ω‖₁=4.115424e-01
  λ=2.540e-04 | Epoch  50 | lr=1.2500e-04 | Recon MSE=3.928356e-03 | ‖ω‖₁=3.492448e-01
  λ=2.540e-04 | Epoch  60 | lr=1.2500e-04 | Recon MSE=7.752645e-03 | ‖ω‖₁=2.742404e-01
  λ=2.540e-04 | Epoch  70 | lr=6.2500e-05 | Recon MSE=1.545097e-02 | ‖ω‖₁=2.150963e-01
  λ=2.540e-04 | Epoch  80 | lr=3.1250e-05 | Recon MSE=3.006554e-02 | ‖ω‖₁=1.630307e-01
  → at λ=2.540e-04:  r(λ)=2,  rel_err=4.905182e-01

-- Path iteration 45, λ = 3.048e-04   (r(λ) prev = 2)
  λ=3.048e-04 | Epoch   1 | lr=1.0000e-03 | Recon MSE=1.274327e-01 | ‖ω‖₁=1.899553e-02
  λ=3.048e-04 | Epoch  10 | lr=1.0000e-03 | Recon MSE=1.036535e-01 | ‖ω‖₁=3.935751e-01
  λ=3.048e-04 | Epoch  20 | lr=5.0000e-04 | Recon MSE=4.190888e-02 | ‖ω‖₁=5.683489e-01
  λ=3.048e-04 | Epoch  30 | lr=5.0000e-04 | Recon MSE=5.037671e-03 | ‖ω‖₁=4.688875e-01
  λ=3.048e-04 | Epoch  40 | lr=2.5000e-04 | Recon MSE=5.362166e-03 | ‖ω‖₁=3.682291e-01
  λ=3.048e-04 | Epoch  50 | lr=1.2500e-04 | Recon MSE=6.846819e-03 | ‖ω‖₁=2.874154e-01
  λ=3.048e-04 | Epoch  60 | lr=1.2500e-04 | Recon MSE=1.458161e-02 | ‖ω‖₁=2.270045e-01
  λ=3.048e-04 | Epoch  70 | lr=6.2500e-05 | Recon MSE=3.015779e-02 | ‖ω‖₁=1.680815e-01
  λ=3.048e-04 | Epoch  80 | lr=3.1250e-05 | Recon MSE=5.623654e-02 | ‖ω‖₁=9.951575e-02
  → at λ=3.048e-04:  r(λ)=1,  rel_err=6.678618e-01

-- Path iteration 46, λ = 3.657e-04   (r(λ) prev = 1)
  λ=3.657e-04 | Epoch   1 | lr=1.0000e-03 | Recon MSE=1.275451e-01 | ‖ω‖₁=1.704902e-02
  λ=3.657e-04 | Epoch  10 | lr=1.0000e-03 | Recon MSE=1.057301e-01 | ‖ω‖₁=3.560525e-01
  λ=3.657e-04 | Epoch  20 | lr=5.0000e-04 | Recon MSE=5.399122e-02 | ‖ω‖₁=5.074037e-01
  λ=3.657e-04 | Epoch  30 | lr=5.0000e-04 | Recon MSE=8.380393e-03 | ‖ω‖₁=4.047968e-01
  λ=3.657e-04 | Epoch  40 | lr=2.5000e-04 | Recon MSE=8.715148e-03 | ‖ω‖₁=3.046333e-01
  λ=3.657e-04 | Epoch  50 | lr=1.2500e-04 | Recon MSE=1.192977e-02 | ‖ω‖₁=2.401750e-01
  λ=3.657e-04 | Epoch  60 | lr=1.2500e-04 | Recon MSE=2.825046e-02 | ‖ω‖₁=1.716276e-01
  λ=3.657e-04 | Epoch  70 | lr=6.2500e-05 | Recon MSE=5.699394e-02 | ‖ω‖₁=9.490262e-02
  λ=3.657e-04 | Epoch  80 | lr=3.1250e-05 | Recon MSE=9.870366e-02 | ‖ω‖₁=5.032014e-02
  → at λ=3.657e-04:  r(λ)=1,  rel_err=8.812292e-01

-- Path iteration 47, λ = 4.389e-04   (r(λ) prev = 1)
  λ=4.389e-04 | Epoch   1 | lr=1.0000e-03 | Recon MSE=1.276854e-01 | ‖ω‖₁=1.546221e-02
  λ=4.389e-04 | Epoch  10 | lr=1.0000e-03 | Recon MSE=1.083113e-01 | ‖ω‖₁=3.182560e-01
  λ=4.389e-04 | Epoch  20 | lr=5.0000e-04 | Recon MSE=7.442874e-02 | ‖ω‖₁=4.178250e-01
  λ=4.389e-04 | Epoch  30 | lr=5.0000e-04 | Recon MSE=2.236418e-02 | ‖ω‖₁=3.514940e-01
  λ=4.389e-04 | Epoch  40 | lr=2.5000e-04 | Recon MSE=1.831104e-02 | ‖ω‖₁=2.556458e-01
  λ=4.389e-04 | Epoch  50 | lr=1.2500e-04 | Recon MSE=2.650866e-02 | ‖ω‖₁=1.903584e-01
  λ=4.389e-04 | Epoch  60 | lr=1.2500e-04 | Recon MSE=5.889467e-02 | ‖ω‖₁=1.007908e-01
  λ=4.389e-04 | Epoch  70 | lr=6.2500e-05 | Recon MSE=1.098717e-01 | ‖ω‖₁=4.364343e-02
  λ=4.389e-04 | Epoch  80 | lr=3.1250e-05 | Recon MSE=1.287517e-01 | ‖ω‖₁=0.000000e+00
  → at λ=4.389e-04:  r(λ)=0,  rel_err=1.000000e+00
All skip-weights have zeroed out. Stopping path.

Found knees using Z-method: [ 2 10 30 39 44]
[Dense2Sparse] Picked λ=1.440e-07,  r=6, err=1.010098e-01

→ Final training on full data with λ = 1.440e-07 ...
  λ=1.440e-07 | Epoch   1 | lr=1.0000e-03 | Recon MSE=1.268591e-01 | ‖ω‖₁=3.737572e-02
  λ=1.440e-07 | Epoch  10 | lr=1.0000e-03 | Recon MSE=9.230728e-02 | ‖ω‖₁=5.685253e-01
  λ=1.440e-07 | Epoch  20 | lr=5.0000e-04 | Recon MSE=2.591753e-03 | ‖ω‖₁=7.741191e-01
  λ=1.440e-07 | Epoch  30 | lr=5.0000e-04 | Recon MSE=1.251035e-03 | ‖ω‖₁=7.855871e-01
  λ=1.440e-07 | Epoch  40 | lr=2.5000e-04 | Recon MSE=1.255691e-03 | ‖ω‖₁=7.903959e-01
  λ=1.440e-07 | Epoch  50 | lr=1.2500e-04 | Recon MSE=1.227986e-03 | ‖ω‖₁=7.970995e-01
  λ=1.440e-07 | Epoch  60 | lr=1.2500e-04 | Recon MSE=3.630715e-03 | ‖ω‖₁=8.088207e-01
  λ=1.440e-07 | Epoch  70 | lr=6.2500e-05 | Recon MSE=1.117376e-03 | ‖ω‖₁=8.185707e-01
  λ=1.440e-07 | Epoch  80 | lr=3.1250e-05 | Recon MSE=1.882103e-03 | ‖ω‖₁=8.303758e-01

Final skip-weights ω: [0.2791332006454468, 0.2343766689300537, 0.21595610678195953, 0.08271974325180054, 0.018233975395560265, 0.00021027779439464211, -6.983287676121108e-06, -0.0, -0.0, 0.0] ...
Selected POD-mode indices (ω_j ≠ 0): [0, 1, 2, 3, 4, 5, 6] (count = 7 / 128)
Final relative reconstruction of SparseModesNet: ||X - X_hat||_F / ||X||_F = 1.013241e-01
Final MSE per sample of SparseModesNet: = 1.300752e-02
Relative error using only selected  modes: 3.598836e-08
MSE per sample using only selected  modes: 4.620017e-09
2025-06-15 12:48:22,644 - sparsemodesnet.heat_equation - INFO - ==================================================
2025-06-15 12:48:22,645 - sparsemodesnet.heat_equation - INFO - Experiment completed successfully!
2025-06-15 12:48:22,645 - sparsemodesnet.heat_equation - INFO - Selected 7 modes out of 128
2025-06-15 12:48:22,645 - sparsemodesnet.heat_equation - INFO - Final lambda: 1.440e-07
