2025-06-28 13:00:49,658 - sparsemodesnet.heat_equation_ff_sparse_decoder - INFO - Starting heat_equation_ff_sparse_decoder experiment
2025-06-28 13:00:49,658 - sparsemodesnet.heat_equation_ff_sparse_decoder - INFO - Log file: logs/heat_equation_ff_sparse_decoder_20250628_130049.log
2025-06-28 13:00:49,659 - sparsemodesnet.heat_equation_ff_sparse_decoder - INFO - ==================================================
2025-06-28 13:00:49,659 - sparsemodesnet.heat_equation_ff_sparse_decoder - INFO - EXPERIMENT CONFIGURATION
2025-06-28 13:00:49,659 - sparsemodesnet.heat_equation_ff_sparse_decoder - INFO - ==================================================
2025-06-28 13:00:49,660 - sparsemodesnet.heat_equation_ff_sparse_decoder - INFO - Data shape: (128, 1000)
2025-06-28 13:00:49,660 - sparsemodesnet.heat_equation_ff_sparse_decoder - INFO - Data type: float64
2025-06-28 13:00:49,660 - sparsemodesnet.heat_equation_ff_sparse_decoder - INFO - Data range: [0.000000, 0.999225]
2025-06-28 13:00:49,661 - sparsemodesnet.heat_equation_ff_sparse_decoder - INFO - Data mean: 0.248239
2025-06-28 13:00:49,661 - sparsemodesnet.heat_equation_ff_sparse_decoder - INFO - Data std: 0.259093
2025-06-28 13:00:49,662 - sparsemodesnet.heat_equation_ff_sparse_decoder - INFO - ------------------------------
2025-06-28 13:00:49,662 - sparsemodesnet.heat_equation_ff_sparse_decoder - INFO - CORE PARAMETERS
2025-06-28 13:00:49,662 - sparsemodesnet.heat_equation_ff_sparse_decoder - INFO - ------------------------------
2025-06-28 13:00:49,662 - sparsemodesnet.heat_equation_ff_sparse_decoder - INFO - s (latent dimension): 30
2025-06-28 13:00:49,663 - sparsemodesnet.heat_equation_ff_sparse_decoder - INFO - I_NN provided: False
2025-06-28 13:00:49,663 - sparsemodesnet.heat_equation_ff_sparse_decoder - INFO - ------------------------------
2025-06-28 13:00:49,663 - sparsemodesnet.heat_equation_ff_sparse_decoder - INFO - NETWORK CONFIGURATION
2025-06-28 13:00:49,663 - sparsemodesnet.heat_equation_ff_sparse_decoder - INFO - ------------------------------
2025-06-28 13:00:49,664 - sparsemodesnet.heat_equation_ff_sparse_decoder - INFO - Network type: FF
2025-06-28 13:00:49,664 - sparsemodesnet.heat_equation_ff_sparse_decoder - INFO - Hidden units: [30, 465]
2025-06-28 13:00:49,664 - sparsemodesnet.heat_equation_ff_sparse_decoder - INFO - Polynomial order: 2
2025-06-28 13:00:49,664 - sparsemodesnet.heat_equation_ff_sparse_decoder - INFO - Number of polynomials: 1
2025-06-28 13:00:49,665 - sparsemodesnet.heat_equation_ff_sparse_decoder - INFO - Drop linear: False
2025-06-28 13:00:49,665 - sparsemodesnet.heat_equation_ff_sparse_decoder - INFO - Drop constant: False
2025-06-28 13:00:49,665 - sparsemodesnet.heat_equation_ff_sparse_decoder - INFO - ------------------------------
2025-06-28 13:00:49,665 - sparsemodesnet.heat_equation_ff_sparse_decoder - INFO - TRAINING CONFIGURATION
2025-06-28 13:00:49,665 - sparsemodesnet.heat_equation_ff_sparse_decoder - INFO - ------------------------------
2025-06-28 13:00:49,666 - sparsemodesnet.heat_equation_ff_sparse_decoder - INFO - Learning rate: 0.001
2025-06-28 13:00:49,666 - sparsemodesnet.heat_equation_ff_sparse_decoder - INFO - Number of epochs: 100
2025-06-28 13:00:49,666 - sparsemodesnet.heat_equation_ff_sparse_decoder - INFO - Batch size: 32
2025-06-28 13:00:49,666 - sparsemodesnet.heat_equation_ff_sparse_decoder - INFO - Optimizer: Adam
2025-06-28 13:00:49,667 - sparsemodesnet.heat_equation_ff_sparse_decoder - INFO - Device: mps
2025-06-28 13:00:49,667 - sparsemodesnet.heat_equation_ff_sparse_decoder - INFO - ------------------------------
2025-06-28 13:00:49,667 - sparsemodesnet.heat_equation_ff_sparse_decoder - INFO - SPARSITY CONFIGURATION
2025-06-28 13:00:49,667 - sparsemodesnet.heat_equation_ff_sparse_decoder - INFO - ------------------------------
2025-06-28 13:00:49,668 - sparsemodesnet.heat_equation_ff_sparse_decoder - INFO - M (penalty parameter): 4.0
2025-06-28 13:00:49,668 - sparsemodesnet.heat_equation_ff_sparse_decoder - INFO - Nonzero threshold: 1e-06
2025-06-28 13:00:49,669 - sparsemodesnet.heat_equation_ff_sparse_decoder - INFO - Lambda 0: 0.001
2025-06-28 13:00:49,669 - sparsemodesnet.heat_equation_ff_sparse_decoder - INFO - Epsilon: 0.2
2025-06-28 13:00:49,669 - sparsemodesnet.heat_equation_ff_sparse_decoder - INFO - Max iterations: 100
2025-06-28 13:00:49,669 - sparsemodesnet.heat_equation_ff_sparse_decoder - INFO - ------------------------------
2025-06-28 13:00:49,670 - sparsemodesnet.heat_equation_ff_sparse_decoder - INFO - SELECTION CONFIGURATION
2025-06-28 13:00:49,670 - sparsemodesnet.heat_equation_ff_sparse_decoder - INFO - ------------------------------
2025-06-28 13:00:49,670 - sparsemodesnet.heat_equation_ff_sparse_decoder - INFO - Mode selection: dense2sparse
2025-06-28 13:00:49,670 - sparsemodesnet.heat_equation_ff_sparse_decoder - INFO - Knee method: dfdt
2025-06-28 13:00:49,671 - sparsemodesnet.heat_equation_ff_sparse_decoder - INFO - R max: 3
2025-06-28 13:00:49,671 - sparsemodesnet.heat_equation_ff_sparse_decoder - INFO - ------------------------------
2025-06-28 13:00:49,671 - sparsemodesnet.heat_equation_ff_sparse_decoder - INFO - EXPERIMENT CONFIGURATION
2025-06-28 13:00:49,671 - sparsemodesnet.heat_equation_ff_sparse_decoder - INFO - ------------------------------
2025-06-28 13:00:49,671 - sparsemodesnet.heat_equation_ff_sparse_decoder - INFO - Label: Heat Equation FF Sparse Decoder
2025-06-28 13:00:49,672 - sparsemodesnet.heat_equation_ff_sparse_decoder - INFO - Logs directory: ./logs
2025-06-28 13:00:49,672 - sparsemodesnet.heat_equation_ff_sparse_decoder - INFO - ==================================================
2025-06-28 13:14:07,111 - sparsemodesnet.heat_equation_ff_sparse_decoder - INFO - ==================================================
2025-06-28 13:14:07,111 - sparsemodesnet.heat_equation_ff_sparse_decoder - INFO - Experiment completed successfully!
2025-06-28 13:14:07,111 - sparsemodesnet.heat_equation_ff_sparse_decoder - INFO - Selected 3 modes out of 30
2025-06-28 13:14:07,111 - sparsemodesnet.heat_equation_ff_sparse_decoder - INFO - Selected modes indices: [0, 1, 2]
2025-06-28 13:14:07,112 - sparsemodesnet.heat_equation_ff_sparse_decoder - INFO - Final relative error: 1.155394e-04
