2025-06-18 12:18:01,811 - sparsemodesnet.heat_equation - INFO - Starting heat_equation experiment
2025-06-18 12:18:01,811 - sparsemodesnet.heat_equation - INFO - Log file: logs/heat_equation_20250618_121801.log
2025-06-18 12:18:01,811 - sparsemodesnet.heat_equation - INFO - Experiment: Heat Equation
2025-06-18 12:18:01,812 - sparsemodesnet.heat_equation - INFO - Data shape: (128, 1000)
2025-06-18 12:18:01,812 - sparsemodesnet.heat_equation - INFO - POD dimension: 128
2025-06-18 12:18:01,813 - sparsemodesnet.heat_equation - INFO - Hidden units: [128, 8256, 2048]
2025-06-18 12:18:01,813 - sparsemodesnet.heat_equation - INFO - Regularization method: dense2sparse
2025-06-18 12:18:01,813 - sparsemodesnet.heat_equation - INFO - Device: mps
2025-06-18 12:18:01,814 - sparsemodesnet.heat_equation - INFO - Training parameters: M=4.0, lr=0.001, batch_size=64
2025-06-18 12:18:01,814 - sparsemodesnet.heat_equation - INFO - Optimizer: Adam, knee_method: zmethod
2025-06-18 12:18:01,815 - sparsemodesnet.heat_equation - INFO - NN type: PiNetCCP with polynomial order of 2, and 1 number of polynomial blocks
2025-06-18 12:18:01,815 - sparsemodesnet.heat_equation - INFO - ==================================================

=== SparseModesNet (λ-path=dense2sparse) on Heat Equation: d=128, n=1000, s=128 ===

=== Dense-To-Sparse (default) λ-Path ===

-- Path iteration 1, λ = 1.000e-02   (r(λ) prev = 128)
  λ=1.000e-02 | Epoch   1 | lr=1.0000e-03 | Recon MSE=9.873372e+00 | ‖ω‖₁=1.173537e+02
  λ=1.000e-02 | Epoch  10 | lr=1.0000e-03 | Recon MSE=7.076432e-03 | ‖ω‖₁=2.407109e+00
  λ=1.000e-02 | Epoch  20 | lr=5.0000e-04 | Recon MSE=1.343982e-04 | ‖ω‖₁=1.965449e+00
  λ=1.000e-02 | Epoch  30 | lr=2.5000e-04 | Recon MSE=1.668390e-04 | ‖ω‖₁=1.685822e+00
  λ=1.000e-02 | Epoch  40 | lr=1.2500e-04 | Recon MSE=2.851275e-04 | ‖ω‖₁=1.461621e+00
  λ=1.000e-02 | Epoch  50 | lr=6.2500e-05 | Recon MSE=5.038124e-04 | ‖ω‖₁=1.269642e+00
  λ=1.000e-02 | Epoch  60 | lr=3.1250e-05 | Recon MSE=7.968274e-04 | ‖ω‖₁=1.099237e+00
  → at λ=1.000e-02:  r(λ)=128,  rel_err=7.932578e-02

-- Path iteration 2, λ = 1.200e-02   (r(λ) prev = 128)
  λ=1.200e-02 | Epoch   1 | lr=1.0000e-03 | Recon MSE=8.508287e+00 | ‖ω‖₁=1.152175e+02
  λ=1.200e-02 | Epoch  10 | lr=1.0000e-03 | Recon MSE=8.915505e-04 | ‖ω‖₁=2.279911e+00
  λ=1.200e-02 | Epoch  20 | lr=5.0000e-04 | Recon MSE=1.354451e-04 | ‖ω‖₁=1.832746e+00
  λ=1.200e-02 | Epoch  30 | lr=2.5000e-04 | Recon MSE=1.715090e-04 | ‖ω‖₁=1.531561e+00
  λ=1.200e-02 | Epoch  40 | lr=1.2500e-04 | Recon MSE=2.776905e-04 | ‖ω‖₁=1.289065e+00
  λ=1.200e-02 | Epoch  50 | lr=6.2500e-05 | Recon MSE=4.894906e-04 | ‖ω‖₁=1.080837e+00
  λ=1.200e-02 | Epoch  60 | lr=3.1250e-05 | Recon MSE=8.602555e-04 | ‖ω‖₁=8.949544e-01
  → at λ=1.200e-02:  r(λ)=128,  rel_err=8.216070e-02

-- Path iteration 3, λ = 1.440e-02   (r(λ) prev = 128)
  λ=1.440e-02 | Epoch   1 | lr=1.0000e-03 | Recon MSE=8.273979e+00 | ‖ω‖₁=1.126701e+02
  λ=1.440e-02 | Epoch  10 | lr=1.0000e-03 | Recon MSE=4.703784e-04 | ‖ω‖₁=2.176414e+00
  λ=1.440e-02 | Epoch  20 | lr=5.0000e-04 | Recon MSE=1.292863e-04 | ‖ω‖₁=1.711223e+00
  λ=1.440e-02 | Epoch  30 | lr=2.5000e-04 | Recon MSE=1.880020e-04 | ‖ω‖₁=1.391922e+00
  λ=1.440e-02 | Epoch  40 | lr=1.2500e-04 | Recon MSE=4.168038e-04 | ‖ω‖₁=1.132825e+00
  λ=1.440e-02 | Epoch  50 | lr=6.2500e-05 | Recon MSE=8.635526e-04 | ‖ω‖₁=9.086995e-01
  λ=1.440e-02 | Epoch  60 | lr=3.1250e-05 | Recon MSE=1.420551e-03 | ‖ω‖₁=7.082472e-01
  → at λ=1.440e-02:  r(λ)=128,  rel_err=1.059598e-01

-- Path iteration 4, λ = 1.728e-02   (r(λ) prev = 128)
  λ=1.728e-02 | Epoch   1 | lr=1.0000e-03 | Recon MSE=1.004832e+01 | ‖ω‖₁=1.095684e+02
  λ=1.728e-02 | Epoch  10 | lr=1.0000e-03 | Recon MSE=1.081007e-03 | ‖ω‖₁=2.071292e+00
  λ=1.728e-02 | Epoch  20 | lr=5.0000e-04 | Recon MSE=1.570195e-04 | ‖ω‖₁=1.584216e+00
  λ=1.728e-02 | Epoch  30 | lr=2.5000e-04 | Recon MSE=2.474349e-04 | ‖ω‖₁=1.240787e+00
  λ=1.728e-02 | Epoch  40 | lr=1.2500e-04 | Recon MSE=5.696079e-04 | ‖ω‖₁=9.585979e-01
  λ=1.728e-02 | Epoch  50 | lr=6.2500e-05 | Recon MSE=1.139578e-03 | ‖ω‖₁=7.137416e-01
  λ=1.728e-02 | Epoch  60 | lr=3.1250e-05 | Recon MSE=1.726795e-03 | ‖ω‖₁=4.947260e-01
  → at λ=1.728e-02:  r(λ)=128,  rel_err=1.169996e-01

-- Path iteration 5, λ = 2.074e-02   (r(λ) prev = 128)
  λ=2.074e-02 | Epoch   1 | lr=1.0000e-03 | Recon MSE=7.982548e+00 | ‖ω‖₁=1.059167e+02
  λ=2.074e-02 | Epoch  10 | lr=1.0000e-03 | Recon MSE=3.997531e-04 | ‖ω‖₁=1.947010e+00
  λ=2.074e-02 | Epoch  20 | lr=5.0000e-04 | Recon MSE=1.993972e-04 | ‖ω‖₁=1.432479e+00
  λ=2.074e-02 | Epoch  30 | lr=2.5000e-04 | Recon MSE=5.111452e-04 | ‖ω‖₁=1.063215e+00
  λ=2.074e-02 | Epoch  40 | lr=1.2500e-04 | Recon MSE=1.198539e-03 | ‖ω‖₁=7.585836e-01
  λ=2.074e-02 | Epoch  50 | lr=6.2500e-05 | Recon MSE=1.892318e-03 | ‖ω‖₁=4.931765e-01
  λ=2.074e-02 | Epoch  60 | lr=3.1250e-05 | Recon MSE=2.239900e-03 | ‖ω‖₁=2.548210e-01
  → at λ=2.074e-02:  r(λ)=127,  rel_err=1.321281e-01

-- Path iteration 6, λ = 2.488e-02   (r(λ) prev = 127)
  λ=2.488e-02 | Epoch   1 | lr=1.0000e-03 | Recon MSE=8.269058e+00 | ‖ω‖₁=1.015060e+02
  λ=2.488e-02 | Epoch  10 | lr=1.0000e-03 | Recon MSE=2.937957e-04 | ‖ω‖₁=1.833471e+00
  λ=2.488e-02 | Epoch  20 | lr=5.0000e-04 | Recon MSE=3.401349e-04 | ‖ω‖₁=1.278163e+00
  λ=2.488e-02 | Epoch  30 | lr=2.5000e-04 | Recon MSE=9.774744e-04 | ‖ω‖₁=8.777001e-01
  λ=2.488e-02 | Epoch  40 | lr=1.2500e-04 | Recon MSE=1.852811e-03 | ‖ω‖₁=5.467528e-01
  λ=2.488e-02 | Epoch  50 | lr=6.2500e-05 | Recon MSE=2.268061e-03 | ‖ω‖₁=2.580302e-01
  λ=2.488e-02 | Epoch  60 | lr=3.1250e-05 | Recon MSE=2.284398e-03 | ‖ω‖₁=3.062996e-02
  → at λ=2.488e-02:  r(λ)=57,  rel_err=1.331986e-01

-- Path iteration 7, λ = 2.986e-02   (r(λ) prev = 57)
  λ=2.986e-02 | Epoch   1 | lr=1.0000e-03 | Recon MSE=7.989691e+00 | ‖ω‖₁=9.620770e+01
  λ=2.986e-02 | Epoch  10 | lr=1.0000e-03 | Recon MSE=3.612203e-04 | ‖ω‖₁=1.703899e+00
  λ=2.986e-02 | Epoch  20 | lr=5.0000e-04 | Recon MSE=5.567126e-04 | ‖ω‖₁=1.108156e+00
  λ=2.986e-02 | Epoch  30 | lr=2.5000e-04 | Recon MSE=1.508965e-03 | ‖ω‖₁=6.714266e-01
  λ=2.986e-02 | Epoch  40 | lr=1.2500e-04 | Recon MSE=2.228563e-03 | ‖ω‖₁=3.084797e-01
  λ=2.986e-02 | Epoch  50 | lr=6.2500e-05 | Recon MSE=2.284597e-03 | ‖ω‖₁=2.814357e-02
  λ=2.986e-02 | Epoch  60 | lr=3.1250e-05 | Recon MSE=2.286275e-03 | ‖ω‖₁=0.000000e+00
  → at λ=2.986e-02:  r(λ)=0,  rel_err=1.332112e-01
All skip-weights have zeroed out. Stopping path.

Found knees using Z-method: []
No modes selected at λ*. Using fallback selection.
Searching for first λ with nonzero_count <= 20 ...
[Fallback] λ=2.986e-02, r=0, err=1.332112e-01

→ Final training on full data with λ = 2.986e-02 ...
  λ=2.986e-02 | Epoch   1 | lr=1.0000e-03 | Recon MSE=9.029224e+00 | ‖ω‖₁=9.618439e+01
  λ=2.986e-02 | Epoch  10 | lr=1.0000e-03 | Recon MSE=5.577957e-04 | ‖ω‖₁=1.708297e+00
  λ=2.986e-02 | Epoch  20 | lr=5.0000e-04 | Recon MSE=6.946989e-04 | ‖ω‖₁=1.111724e+00
  λ=2.986e-02 | Epoch  30 | lr=2.5000e-04 | Recon MSE=1.603344e-03 | ‖ω‖₁=6.783728e-01
  λ=2.986e-02 | Epoch  40 | lr=1.2500e-04 | Recon MSE=2.201673e-03 | ‖ω‖₁=3.191837e-01
  λ=2.986e-02 | Epoch  50 | lr=6.2500e-05 | Recon MSE=2.284589e-03 | ‖ω‖₁=3.438680e-02
  λ=2.986e-02 | Epoch  60 | lr=3.1250e-05 | Recon MSE=2.284679e-03 | ‖ω‖₁=0.000000e+00

Final skip-weights ω: [0.0, 0.0, 0.0, 0.0, 0.0, 0.0, 0.0, -0.0, 0.0, 0.0] ...
Selected POD-mode indices (ω_j ≠ 0): [] (count = 0 / 128)
Final relative reconstruction of SparseModesNet: ||X - X_hat||_F / ||X||_F = 1.332069e-01
Final MSE per sample of SparseModesNet: = 1.710047e-02
2025-06-18 12:18:50,567 - sparsemodesnet.heat_equation - INFO - ==================================================
2025-06-18 12:18:50,568 - sparsemodesnet.heat_equation - INFO - Experiment completed successfully!
2025-06-18 12:18:50,568 - sparsemodesnet.heat_equation - INFO - Selected 0 modes out of 128
2025-06-18 12:18:50,568 - sparsemodesnet.heat_equation - INFO - Final lambda: 2.986e-02
