2025-06-16 15:19:20,581 - sparsemodesnet.heat_equation - INFO - Starting heat_equation experiment
2025-06-16 15:19:20,581 - sparsemodesnet.heat_equation - INFO - Log file: logs/heat_equation_20250616_151920.log
2025-06-16 15:19:20,582 - sparsemodesnet.heat_equation - INFO - Experiment: Heat Equation
2025-06-16 15:19:20,582 - sparsemodesnet.heat_equation - INFO - Data shape: (128, 1000)
2025-06-16 15:19:20,582 - sparsemodesnet.heat_equation - INFO - POD dimension: 20
2025-06-16 15:19:20,583 - sparsemodesnet.heat_equation - INFO - Hidden units: [20, 210, 400]
2025-06-16 15:19:20,583 - sparsemodesnet.heat_equation - INFO - Regularization method: dense2sparse
2025-06-16 15:19:20,584 - sparsemodesnet.heat_equation - INFO - Device: mps
2025-06-16 15:19:20,584 - sparsemodesnet.heat_equation - INFO - Training parameters: M=1.0, lr=0.001, batch_size=64
2025-06-16 15:19:20,584 - sparsemodesnet.heat_equation - INFO - Optimizer: Adam, knee_method: zmethod
2025-06-16 15:19:20,584 - sparsemodesnet.heat_equation - INFO - ==================================================

=== SparseModesNet (λ-path=dense2sparse) on Heat Equation: d=128, n=1000, s=20 ===

=== Dense-To-Sparse (default) λ-Path ===

-- Path iteration 1, λ = 1.000e-03   (r(λ) prev = 20)
  λ=1.000e-03 | Epoch   1 | lr=1.0000e-03 | Recon MSE=1.245848e-02 | ‖ω‖₁=1.981560e+01
  λ=1.000e-03 | Epoch  10 | lr=5.0000e-04 | Recon MSE=8.221452e-04 | ‖ω‖₁=1.730703e+01
  λ=1.000e-03 | Epoch  20 | lr=2.5000e-04 | Recon MSE=5.741366e-03 | ‖ω‖₁=1.447781e+01
  λ=1.000e-03 | Epoch  30 | lr=1.2500e-04 | Recon MSE=2.885826e-02 | ‖ω‖₁=1.148487e+01
  λ=1.000e-03 | Epoch  40 | lr=3.1250e-05 | Recon MSE=8.575290e-02 | ‖ω‖₁=8.379213e+00
  → at λ=1.000e-03:  r(λ)=20,  rel_err=1.643742e-02

-- Path iteration 2, λ = 1.200e-03   (r(λ) prev = 20)
  λ=1.200e-03 | Epoch   1 | lr=1.0000e-03 | Recon MSE=1.118682e-02 | ‖ω‖₁=1.977849e+01
  λ=1.200e-03 | Epoch  10 | lr=5.0000e-04 | Recon MSE=1.686379e-03 | ‖ω‖₁=1.673879e+01
  λ=1.200e-03 | Epoch  20 | lr=2.5000e-04 | Recon MSE=1.312722e-02 | ‖ω‖₁=1.328825e+01
  λ=1.200e-03 | Epoch  30 | lr=1.2500e-04 | Recon MSE=5.706494e-02 | ‖ω‖₁=9.651268e+00
  λ=1.200e-03 | Epoch  40 | lr=3.1250e-05 | Recon MSE=1.533768e-01 | ‖ω‖₁=5.911884e+00
  → at λ=1.200e-03:  r(λ)=20,  rel_err=1.935871e-02

-- Path iteration 3, λ = 1.440e-03   (r(λ) prev = 20)
  λ=1.440e-03 | Epoch   1 | lr=1.0000e-03 | Recon MSE=7.655093e-03 | ‖ω‖₁=1.975261e+01
  λ=1.440e-03 | Epoch  10 | lr=5.0000e-04 | Recon MSE=3.442579e-03 | ‖ω‖₁=1.605746e+01
  λ=1.440e-03 | Epoch  20 | lr=2.5000e-04 | Recon MSE=2.755687e-02 | ‖ω‖₁=1.185545e+01
  λ=1.440e-03 | Epoch  30 | lr=1.2500e-04 | Recon MSE=1.065007e-01 | ‖ω‖₁=7.454677e+00
  λ=1.440e-03 | Epoch  40 | lr=3.1250e-05 | Recon MSE=2.646797e-01 | ‖ω‖₁=4.540520e+00
  → at λ=1.440e-03:  r(λ)=20,  rel_err=1.877248e-02

-- Path iteration 4, λ = 1.728e-03   (r(λ) prev = 20)
  λ=1.728e-03 | Epoch   1 | lr=1.0000e-03 | Recon MSE=9.813029e-03 | ‖ω‖₁=1.969656e+01
  λ=1.728e-03 | Epoch  10 | lr=5.0000e-04 | Recon MSE=8.474924e-03 | ‖ω‖₁=1.517913e+01
  λ=1.728e-03 | Epoch  20 | lr=2.5000e-04 | Recon MSE=5.865714e-02 | ‖ω‖₁=1.006026e+01
  λ=1.728e-03 | Epoch  30 | lr=1.2500e-04 | Recon MSE=1.987582e-01 | ‖ω‖₁=5.138172e+00
  λ=1.728e-03 | Epoch  40 | lr=3.1250e-05 | Recon MSE=4.575868e-01 | ‖ω‖₁=3.369778e+00
  → at λ=1.728e-03:  r(λ)=20,  rel_err=2.705370e-02

-- Path iteration 5, λ = 2.074e-03   (r(λ) prev = 20)
  λ=2.074e-03 | Epoch   1 | lr=1.0000e-03 | Recon MSE=9.506606e-03 | ‖ω‖₁=1.964202e+01
  λ=2.074e-03 | Epoch  10 | lr=5.0000e-04 | Recon MSE=1.783319e-02 | ‖ω‖₁=1.419130e+01
  λ=2.074e-03 | Epoch  20 | lr=2.5000e-04 | Recon MSE=1.119637e-01 | ‖ω‖₁=7.970467e+00
  λ=2.074e-03 | Epoch  30 | lr=1.2500e-04 | Recon MSE=3.474548e-01 | ‖ω‖₁=4.020597e+00
  λ=2.074e-03 | Epoch  40 | lr=3.1250e-05 | Recon MSE=5.909331e-01 | ‖ω‖₁=2.850082e+00
  → at λ=2.074e-03:  r(λ)=20,  rel_err=1.845534e-02

-- Path iteration 6, λ = 2.488e-03   (r(λ) prev = 20)
  λ=2.488e-03 | Epoch   1 | lr=1.0000e-03 | Recon MSE=1.054249e-02 | ‖ω‖₁=1.958632e+01
  λ=2.488e-03 | Epoch  10 | lr=5.0000e-04 | Recon MSE=3.475851e-02 | ‖ω‖₁=1.300164e+01
  λ=2.488e-03 | Epoch  20 | lr=2.5000e-04 | Recon MSE=2.009029e-01 | ‖ω‖₁=5.540146e+00
  λ=2.488e-03 | Epoch  30 | lr=1.2500e-04 | Recon MSE=5.637015e-01 | ‖ω‖₁=3.123203e+00
  λ=2.488e-03 | Epoch  40 | lr=3.1250e-05 | Recon MSE=6.297155e-01 | ‖ω‖₁=2.402934e+00
  → at λ=2.488e-03:  r(λ)=20,  rel_err=1.796669e-02

-- Path iteration 7, λ = 2.986e-03   (r(λ) prev = 20)
  λ=2.986e-03 | Epoch   1 | lr=1.0000e-03 | Recon MSE=1.675330e-02 | ‖ω‖₁=1.949347e+01
