2025-06-15 12:35:49,962 - sparsemodesnet.heat_equation - INFO - Starting heat_equation experiment
2025-06-15 12:35:49,963 - sparsemodesnet.heat_equation - INFO - Log file: logs/heat_equation_20250615_123549.log
2025-06-15 12:35:49,963 - sparsemodesnet.heat_equation - INFO - Experiment: Heat Equation
2025-06-15 12:35:49,964 - sparsemodesnet.heat_equation - INFO - Data shape: (128, 1000)
2025-06-15 12:35:49,964 - sparsemodesnet.heat_equation - INFO - POD dimension: 128
2025-06-15 12:35:49,964 - sparsemodesnet.heat_equation - INFO - Hidden units: [128, 8256]
2025-06-15 12:35:49,964 - sparsemodesnet.heat_equation - INFO - Regularization method: dense2sparse
2025-06-15 12:35:49,965 - sparsemodesnet.heat_equation - INFO - Device: mps
2025-06-15 12:35:49,965 - sparsemodesnet.heat_equation - INFO - Training parameters: M=0.0001, lr=0.001, batch_size=64
2025-06-15 12:35:49,965 - sparsemodesnet.heat_equation - INFO - Optimizer: Adam, knee_method: zmethod
2025-06-15 12:35:49,965 - sparsemodesnet.heat_equation - INFO - ==================================================

=== SparseModesNet (λ-path=dense2sparse) on Heat Equation: d=128, n=1000, s=128 ===

=== Dense-To-Sparse (default) λ-Path ===

-- Path iteration 1, λ = 1.000e-04   (r(λ) prev = 128)
  λ=1.000e-04 | Epoch   1 | lr=1.0000e-03 | Recon MSE=1.269105e-01 | ‖ω‖₁=4.715121e-02
  λ=1.000e-04 | Epoch  10 | lr=1.0000e-03 | Recon MSE=5.139018e-03 | ‖ω‖₁=3.767908e-01
  λ=1.000e-04 | Epoch  20 | lr=5.0000e-04 | Recon MSE=1.429543e-03 | ‖ω‖₁=3.214121e-01
  λ=1.000e-04 | Epoch  30 | lr=5.0000e-04 | Recon MSE=1.421268e-03 | ‖ω‖₁=2.919456e-01
  λ=1.000e-04 | Epoch  40 | lr=2.5000e-04 | Recon MSE=1.413518e-03 | ‖ω‖₁=2.839873e-01
  λ=1.000e-04 | Epoch  50 | lr=1.2500e-04 | Recon MSE=1.410656e-03 | ‖ω‖₁=2.641091e-01
  λ=1.000e-04 | Epoch  60 | lr=1.2500e-04 | Recon MSE=1.505571e-03 | ‖ω‖₁=2.508385e-01
  λ=1.000e-04 | Epoch  70 | lr=6.2500e-05 | Recon MSE=1.724453e-03 | ‖ω‖₁=2.254433e-01
  λ=1.000e-04 | Epoch  80 | lr=3.1250e-05 | Recon MSE=1.803640e-03 | ‖ω‖₁=2.027437e-01
  λ=1.000e-04 | Epoch  80 | Recon MSE=1.803640e-03 | ‖ω‖₁=2.027437e-01
  → at λ=1.000e-04:  r(λ)=3, rel_err=1.183783e-01

-- Path iteration 2, λ = 1.200e-04   (r(λ) prev = 3)
  λ=1.200e-04 | Epoch   1 | lr=1.0000e-03 | Recon MSE=1.269475e-01 | ‖ω‖₁=3.373271e-02
  λ=1.200e-04 | Epoch  10 | lr=1.0000e-03 | Recon MSE=6.493329e-03 | ‖ω‖₁=3.819789e-01
  λ=1.200e-04 | Epoch  20 | lr=5.0000e-04 | Recon MSE=1.444159e-03 | ‖ω‖₁=3.178471e-01
  λ=1.200e-04 | Epoch  30 | lr=5.0000e-04 | Recon MSE=1.425134e-03 | ‖ω‖₁=2.831329e-01
  λ=1.200e-04 | Epoch  40 | lr=2.5000e-04 | Recon MSE=1.486181e-03 | ‖ω‖₁=2.662725e-01
  λ=1.200e-04 | Epoch  50 | lr=1.2500e-04 | Recon MSE=1.495487e-03 | ‖ω‖₁=2.434627e-01
  λ=1.200e-04 | Epoch  60 | lr=1.2500e-04 | Recon MSE=1.534931e-03 | ‖ω‖₁=2.220098e-01
  λ=1.200e-04 | Epoch  70 | lr=6.2500e-05 | Recon MSE=2.043506e-03 | ‖ω‖₁=1.948193e-01
  λ=1.200e-04 | Epoch  80 | lr=3.1250e-05 | Recon MSE=2.231639e-03 | ‖ω‖₁=1.636130e-01
  λ=1.200e-04 | Epoch  80 | Recon MSE=2.231639e-03 | ‖ω‖₁=1.636130e-01
  → at λ=1.200e-04:  r(λ)=3, rel_err=1.318308e-01

-- Path iteration 3, λ = 1.440e-04   (r(λ) prev = 3)
  λ=1.440e-04 | Epoch   1 | lr=1.0000e-03 | Recon MSE=1.270005e-01 | ‖ω‖₁=3.326855e-02
  λ=1.440e-04 | Epoch  10 | lr=1.0000e-03 | Recon MSE=7.340531e-03 | ‖ω‖₁=3.728055e-01
  λ=1.440e-04 | Epoch  20 | lr=5.0000e-04 | Recon MSE=1.420944e-03 | ‖ω‖₁=3.245094e-01
  λ=1.440e-04 | Epoch  30 | lr=5.0000e-04 | Recon MSE=1.452239e-03 | ‖ω‖₁=2.854080e-01
  λ=1.440e-04 | Epoch  40 | lr=2.5000e-04 | Recon MSE=1.514662e-03 | ‖ω‖₁=2.490805e-01
  λ=1.440e-04 | Epoch  50 | lr=1.2500e-04 | Recon MSE=1.633353e-03 | ‖ω‖₁=2.227931e-01
  λ=1.440e-04 | Epoch  60 | lr=1.2500e-04 | Recon MSE=1.678279e-03 | ‖ω‖₁=1.908917e-01
  λ=1.440e-04 | Epoch  70 | lr=6.2500e-05 | Recon MSE=2.552155e-03 | ‖ω‖₁=1.591292e-01
  λ=1.440e-04 | Epoch  80 | lr=3.1250e-05 | Recon MSE=3.205534e-03 | ‖ω‖₁=1.312133e-01
  λ=1.440e-04 | Epoch  80 | Recon MSE=3.205534e-03 | ‖ω‖₁=1.312133e-01
  → at λ=1.440e-04:  r(λ)=2, rel_err=1.585541e-01

-- Path iteration 4, λ = 1.728e-04   (r(λ) prev = 2)
  λ=1.728e-04 | Epoch   1 | lr=1.0000e-03 | Recon MSE=1.270392e-01 | ‖ω‖₁=3.265796e-02
  λ=1.728e-04 | Epoch  10 | lr=1.0000e-03 | Recon MSE=7.828217e-03 | ‖ω‖₁=3.471675e-01
  λ=1.728e-04 | Epoch  20 | lr=5.0000e-04 | Recon MSE=1.463806e-03 | ‖ω‖₁=2.733981e-01
  λ=1.728e-04 | Epoch  30 | lr=5.0000e-04 | Recon MSE=1.473768e-03 | ‖ω‖₁=2.417564e-01
  λ=1.728e-04 | Epoch  40 | lr=2.5000e-04 | Recon MSE=1.557522e-03 | ‖ω‖₁=2.153927e-01
  λ=1.728e-04 | Epoch  50 | lr=1.2500e-04 | Recon MSE=1.821276e-03 | ‖ω‖₁=1.853032e-01
  λ=1.728e-04 | Epoch  60 | lr=1.2500e-04 | Recon MSE=1.917890e-03 | ‖ω‖₁=1.527550e-01
  λ=1.728e-04 | Epoch  70 | lr=6.2500e-05 | Recon MSE=3.567703e-03 | ‖ω‖₁=1.278200e-01
  λ=1.728e-04 | Epoch  80 | lr=3.1250e-05 | Recon MSE=5.685106e-03 | ‖ω‖₁=1.053356e-01
  λ=1.728e-04 | Epoch  80 | Recon MSE=5.685106e-03 | ‖ω‖₁=1.053356e-01
  → at λ=1.728e-04:  r(λ)=2, rel_err=2.128425e-01

-- Path iteration 5, λ = 2.074e-04   (r(λ) prev = 2)
  λ=2.074e-04 | Epoch   1 | lr=1.0000e-03 | Recon MSE=1.271303e-01 | ‖ω‖₁=3.185329e-02
  λ=2.074e-04 | Epoch  10 | lr=1.0000e-03 | Recon MSE=1.174727e-02 | ‖ω‖₁=3.177152e-01
  λ=2.074e-04 | Epoch  20 | lr=5.0000e-04 | Recon MSE=1.519045e-03 | ‖ω‖₁=2.649121e-01
  λ=2.074e-04 | Epoch  30 | lr=5.0000e-04 | Recon MSE=1.496601e-03 | ‖ω‖₁=2.353927e-01
  λ=2.074e-04 | Epoch  40 | lr=2.5000e-04 | Recon MSE=1.633941e-03 | ‖ω‖₁=1.995352e-01
  λ=2.074e-04 | Epoch  50 | lr=1.2500e-04 | Recon MSE=2.038680e-03 | ‖ω‖₁=1.671623e-01
  λ=2.074e-04 | Epoch  60 | lr=1.2500e-04 | Recon MSE=2.358396e-03 | ‖ω‖₁=1.294537e-01
  λ=2.074e-04 | Epoch  70 | lr=6.2500e-05 | Recon MSE=5.915579e-03 | ‖ω‖₁=1.039808e-01
  λ=2.074e-04 | Epoch  80 | lr=3.1250e-05 | Recon MSE=1.294286e-02 | ‖ω‖₁=7.443937e-02
  λ=2.074e-04 | Epoch  80 | Recon MSE=1.294286e-02 | ‖ω‖₁=7.443937e-02
  → at λ=2.074e-04:  r(λ)=1, rel_err=3.234208e-01

-- Path iteration 6, λ = 2.488e-04   (r(λ) prev = 1)
  λ=2.488e-04 | Epoch   1 | lr=1.0000e-03 | Recon MSE=1.271836e-01 | ‖ω‖₁=3.235603e-02
  λ=2.488e-04 | Epoch  10 | lr=1.0000e-03 | Recon MSE=1.547806e-02 | ‖ω‖₁=3.273011e-01
  λ=2.488e-04 | Epoch  20 | lr=5.0000e-04 | Recon MSE=1.568389e-03 | ‖ω‖₁=2.452697e-01
  λ=2.488e-04 | Epoch  30 | lr=5.0000e-04 | Recon MSE=1.563392e-03 | ‖ω‖₁=2.090547e-01
  λ=2.488e-04 | Epoch  40 | lr=2.5000e-04 | Recon MSE=1.799420e-03 | ‖ω‖₁=1.662296e-01
  λ=2.488e-04 | Epoch  50 | lr=1.2500e-04 | Recon MSE=2.482748e-03 | ‖ω‖₁=1.333644e-01
  λ=2.488e-04 | Epoch  60 | lr=1.2500e-04 | Recon MSE=3.339777e-03 | ‖ω‖₁=1.077700e-01
  λ=2.488e-04 | Epoch  70 | lr=6.2500e-05 | Recon MSE=1.161164e-02 | ‖ω‖₁=7.433432e-02
  λ=2.488e-04 | Epoch  80 | lr=3.1250e-05 | Recon MSE=3.302516e-02 | ‖ω‖₁=5.760142e-02
  λ=2.488e-04 | Epoch  80 | Recon MSE=3.302516e-02 | ‖ω‖₁=5.760142e-02
  → at λ=2.488e-04:  r(λ)=1, rel_err=5.190348e-01

-- Path iteration 7, λ = 2.986e-04   (r(λ) prev = 1)
  λ=2.986e-04 | Epoch   1 | lr=1.0000e-03 | Recon MSE=1.272605e-01 | ‖ω‖₁=2.922708e-02
  λ=2.986e-04 | Epoch  10 | lr=1.0000e-03 | Recon MSE=2.195620e-02 | ‖ω‖₁=3.194084e-01
  λ=2.986e-04 | Epoch  20 | lr=5.0000e-04 | Recon MSE=1.651203e-03 | ‖ω‖₁=2.274659e-01
  λ=2.986e-04 | Epoch  30 | lr=5.0000e-04 | Recon MSE=1.625952e-03 | ‖ω‖₁=1.791520e-01
  λ=2.986e-04 | Epoch  40 | lr=2.5000e-04 | Recon MSE=2.073209e-03 | ‖ω‖₁=1.344146e-01
  λ=2.986e-04 | Epoch  50 | lr=1.2500e-04 | Recon MSE=3.297378e-03 | ‖ω‖₁=1.126010e-01
  λ=2.986e-04 | Epoch  60 | lr=1.2500e-04 | Recon MSE=6.072956e-03 | ‖ω‖₁=7.957456e-02
  λ=2.986e-04 | Epoch  70 | lr=6.2500e-05 | Recon MSE=2.655989e-02 | ‖ω‖₁=5.873052e-02
  λ=2.986e-04 | Epoch  80 | lr=3.1250e-05 | Recon MSE=8.007416e-02 | ‖ω‖₁=3.341393e-02
  λ=2.986e-04 | Epoch  80 | Recon MSE=8.007416e-02 | ‖ω‖₁=3.341393e-02
  → at λ=2.986e-04:  r(λ)=1, rel_err=8.029764e-01

-- Path iteration 8, λ = 3.583e-04   (r(λ) prev = 1)
  λ=3.583e-04 | Epoch   1 | lr=1.0000e-03 | Recon MSE=1.273785e-01 | ‖ω‖₁=2.489415e-02
  λ=3.583e-04 | Epoch  10 | lr=1.0000e-03 | Recon MSE=3.589607e-02 | ‖ω‖₁=2.671435e-01
  λ=3.583e-04 | Epoch  20 | lr=5.0000e-04 | Recon MSE=1.829915e-03 | ‖ω‖₁=1.939322e-01
  λ=3.583e-04 | Epoch  30 | lr=5.0000e-04 | Recon MSE=1.727487e-03 | ‖ω‖₁=1.461216e-01
  λ=3.583e-04 | Epoch  40 | lr=2.5000e-04 | Recon MSE=2.606217e-03 | ‖ω‖₁=1.153072e-01
  λ=3.583e-04 | Epoch  50 | lr=1.2500e-04 | Recon MSE=5.021690e-03 | ‖ω‖₁=8.932724e-02
  λ=3.583e-04 | Epoch  60 | lr=1.2500e-04 | Recon MSE=1.480663e-02 | ‖ω‖₁=6.411502e-02
  λ=3.583e-04 | Epoch  70 | lr=6.2500e-05 | Recon MSE=6.479350e-02 | ‖ω‖₁=3.848272e-02
  λ=3.583e-04 | Epoch  80 | lr=3.1250e-05 | Recon MSE=1.287517e-01 | ‖ω‖₁=0.000000e+00
  λ=3.583e-04 | Epoch  80 | Recon MSE=1.287517e-01 | ‖ω‖₁=0.000000e+00
  → at λ=3.583e-04:  r(λ)=0, rel_err=1.000000e+00
All modes eliminated at λ=3.583e-04. Stopping.
Found knees using Z-method: []
No modes selected at λ*. Using fallback selection.
Searching for first λ with nonzero_count <= 100 ...
[Fallback] λ=1.000e-04, r=3, err=1.183783e-01

→ Final training on full data with λ = 1.000e-04 ...
  λ=1.000e-04 | Epoch   1 | lr=1.0000e-03 | Recon MSE=1.269013e-01 | ‖ω‖₁=4.439448e-02
  λ=1.000e-04 | Epoch  10 | lr=1.0000e-03 | Recon MSE=5.220298e-03 | ‖ω‖₁=3.590800e-01
  λ=1.000e-04 | Epoch  20 | lr=5.0000e-04 | Recon MSE=1.403450e-03 | ‖ω‖₁=3.492709e-01
  λ=1.000e-04 | Epoch  30 | lr=5.0000e-04 | Recon MSE=1.416310e-03 | ‖ω‖₁=3.241132e-01
  λ=1.000e-04 | Epoch  40 | lr=2.5000e-04 | Recon MSE=1.432827e-03 | ‖ω‖₁=3.067807e-01
  λ=1.000e-04 | Epoch  50 | lr=1.2500e-04 | Recon MSE=1.422684e-03 | ‖ω‖₁=2.745351e-01
  λ=1.000e-04 | Epoch  60 | lr=1.2500e-04 | Recon MSE=1.459820e-03 | ‖ω‖₁=2.621535e-01
  λ=1.000e-04 | Epoch  70 | lr=6.2500e-05 | Recon MSE=1.788624e-03 | ‖ω‖₁=2.440138e-01
  λ=1.000e-04 | Epoch  80 | lr=3.1250e-05 | Recon MSE=1.896892e-03 | ‖ω‖₁=2.205764e-01

Final skip-weights ω: [0.11467675864696503, 0.07566363364458084, 0.02917998656630516, 0.0, 0.0, -0.0, 0.0, 0.0, -0.0, -0.0] ...
Selected POD-mode indices (ω_j ≠ 0): [0, 1, 2] (count = 3 / 128)
Final relative reconstruction of SparseModesNet: ||X - X_hat||_F / ||X||_F = 1.207524e-01
Final MSE per sample of SparseModesNet: = 1.550162e-02
Relative error using only selected  modes: 1.399042e-03
MSE per sample using only selected  modes: 1.796025e-04
2025-06-15 12:36:34,682 - sparsemodesnet.heat_equation - INFO - ==================================================
2025-06-15 12:36:34,682 - sparsemodesnet.heat_equation - INFO - Experiment completed successfully!
2025-06-15 12:36:34,683 - sparsemodesnet.heat_equation - INFO - Selected 3 modes out of 128
2025-06-15 12:36:34,683 - sparsemodesnet.heat_equation - INFO - Final lambda: 1.000e-04
