2025-06-17 12:42:45,033 - sparsemodesnet.heat_equation - INFO - Starting heat_equation experiment
2025-06-17 12:42:45,033 - sparsemodesnet.heat_equation - INFO - Log file: logs/heat_equation_20250617_124245.log
2025-06-17 12:42:45,034 - sparsemodesnet.heat_equation - INFO - Experiment: Heat Equation
2025-06-17 12:42:45,034 - sparsemodesnet.heat_equation - INFO - Data shape: (128, 1000)
2025-06-17 12:42:45,035 - sparsemodesnet.heat_equation - INFO - POD dimension: 128
2025-06-17 12:42:45,035 - sparsemodesnet.heat_equation - INFO - Hidden units: [128, 1200, 2400]
2025-06-17 12:42:45,035 - sparsemodesnet.heat_equation - INFO - Regularization method: dense2sparse
2025-06-17 12:42:45,035 - sparsemodesnet.heat_equation - INFO - Device: mps
2025-06-17 12:42:45,036 - sparsemodesnet.heat_equation - INFO - Training parameters: M=1.0, lr=0.001, batch_size=64
2025-06-17 12:42:45,036 - sparsemodesnet.heat_equation - INFO - Optimizer: Adam, knee_method: zmethod
2025-06-17 12:42:45,036 - sparsemodesnet.heat_equation - INFO - NN type: PiNetNCP with polynomial order of 2, and 1 number of polynomial blocks
2025-06-17 12:42:45,037 - sparsemodesnet.heat_equation - INFO - ==================================================

=== SparseModesNet (λ-path=dense2sparse) on Heat Equation: d=128, n=1000, s=128 ===

=== Dense-To-Sparse (default) λ-Path ===

-- Path iteration 1, λ = 1.000e-03   (r(λ) prev = 128)
  λ=1.000e-03 | Epoch   1 | lr=1.0000e-03 | Recon MSE=1.604179e-04 | ‖ω‖₁=1.269362e+02
  λ=1.000e-03 | Epoch  10 | lr=1.0000e-03 | Recon MSE=1.623300e-07 | ‖ω‖₁=1.088289e+02
  λ=1.000e-03 | Epoch  20 | lr=1.0000e-03 | Recon MSE=4.420045e-07 | ‖ω‖₁=8.869281e+01
  λ=1.000e-03 | Epoch  30 | lr=5.0000e-04 | Recon MSE=5.672416e-08 | ‖ω‖₁=6.848924e+01
  λ=1.000e-03 | Epoch  40 | lr=5.0000e-04 | Recon MSE=6.082939e-07 | ‖ω‖₁=4.826722e+01
  λ=1.000e-03 | Epoch  50 | lr=2.5000e-04 | Recon MSE=2.918219e-07 | ‖ω‖₁=2.803719e+01
  λ=1.000e-03 | Epoch  60 | lr=2.5000e-04 | Recon MSE=7.945327e-07 | ‖ω‖₁=1.192812e+01
  λ=1.000e-03 | Epoch  70 | lr=2.5000e-04 | Recon MSE=1.321282e-06 | ‖ω‖₁=1.056695e+01
  λ=1.000e-03 | Epoch  80 | lr=1.2500e-04 | Recon MSE=1.294456e-06 | ‖ω‖₁=9.610564e+00
  λ=1.000e-03 | Epoch  90 | lr=1.2500e-04 | Recon MSE=3.626475e-07 | ‖ω‖₁=8.784602e+00
  λ=1.000e-03 | Epoch 100 | lr=6.2500e-05 | Recon MSE=4.332776e-07 | ‖ω‖₁=8.020836e+00
  λ=1.000e-03 | Epoch 110 | lr=6.2500e-05 | Recon MSE=2.692079e-07 | ‖ω‖₁=7.490708e+00
  λ=1.000e-03 | Epoch 120 | lr=3.1250e-05 | Recon MSE=2.601413e-07 | ‖ω‖₁=7.069094e+00
  → at λ=1.000e-03:  r(λ)=128,  rel_err=1.376093e-03

-- Path iteration 2, λ = 1.100e-03   (r(λ) prev = 128)
  λ=1.100e-03 | Epoch   1 | lr=1.0000e-03 | Recon MSE=1.429831e-04 | ‖ω‖₁=1.268316e+02
  λ=1.100e-03 | Epoch  10 | lr=1.0000e-03 | Recon MSE=2.782589e-07 | ‖ω‖₁=1.068778e+02
  λ=1.100e-03 | Epoch  20 | lr=1.0000e-03 | Recon MSE=7.703334e-06 | ‖ω‖₁=8.471087e+01
  λ=1.100e-03 | Epoch  30 | lr=5.0000e-04 | Recon MSE=1.534446e-07 | ‖ω‖₁=6.246753e+01
  λ=1.100e-03 | Epoch  40 | lr=5.0000e-04 | Recon MSE=1.504214e-06 | ‖ω‖₁=4.019379e+01
  λ=1.100e-03 | Epoch  50 | lr=2.5000e-04 | Recon MSE=4.531839e-07 | ‖ω‖₁=1.791111e+01
  λ=1.100e-03 | Epoch  60 | lr=2.5000e-04 | Recon MSE=1.539400e-07 | ‖ω‖₁=1.088337e+01
  λ=1.100e-03 | Epoch  70 | lr=2.5000e-04 | Recon MSE=1.284185e-07 | ‖ω‖₁=9.720270e+00
  λ=1.100e-03 | Epoch  80 | lr=1.2500e-04 | Recon MSE=2.120448e-07 | ‖ω‖₁=8.774429e+00
  λ=1.100e-03 | Epoch  90 | lr=1.2500e-04 | Recon MSE=2.457893e-07 | ‖ω‖₁=8.082784e+00
  λ=1.100e-03 | Epoch 100 | lr=6.2500e-05 | Recon MSE=2.369976e-07 | ‖ω‖₁=7.569728e+00
  λ=1.100e-03 | Epoch 110 | lr=6.2500e-05 | Recon MSE=2.431747e-07 | ‖ω‖₁=7.118791e+00
  λ=1.100e-03 | Epoch 120 | lr=3.1250e-05 | Recon MSE=2.528833e-07 | ‖ω‖₁=6.711426e+00
  → at λ=1.100e-03:  r(λ)=128,  rel_err=1.389677e-03

-- Path iteration 3, λ = 1.210e-03   (r(λ) prev = 128)
  λ=1.210e-03 | Epoch   1 | lr=1.0000e-03 | Recon MSE=1.542665e-04 | ‖ω‖₁=1.267230e+02
  λ=1.210e-03 | Epoch  10 | lr=1.0000e-03 | Recon MSE=1.373801e-07 | ‖ω‖₁=1.048194e+02
  λ=1.210e-03 | Epoch  20 | lr=1.0000e-03 | Recon MSE=1.880986e-06 | ‖ω‖₁=8.042625e+01
  λ=1.210e-03 | Epoch  30 | lr=5.0000e-04 | Recon MSE=2.534248e-07 | ‖ω‖₁=5.595213e+01
  λ=1.210e-03 | Epoch  40 | lr=5.0000e-04 | Recon MSE=1.292108e-06 | ‖ω‖₁=3.144986e+01
  λ=1.210e-03 | Epoch  50 | lr=2.5000e-04 | Recon MSE=1.193157e-06 | ‖ω‖₁=1.181990e+01
  λ=1.210e-03 | Epoch  60 | lr=2.5000e-04 | Recon MSE=1.457724e-06 | ‖ω‖₁=1.021786e+01
  λ=1.210e-03 | Epoch  70 | lr=2.5000e-04 | Recon MSE=1.971926e-07 | ‖ω‖₁=9.139935e+00
  λ=1.210e-03 | Epoch  80 | lr=1.2500e-04 | Recon MSE=2.479304e-07 | ‖ω‖₁=8.194154e+00
  λ=1.210e-03 | Epoch  90 | lr=1.2500e-04 | Recon MSE=2.425759e-07 | ‖ω‖₁=7.561156e+00
  λ=1.210e-03 | Epoch 100 | lr=6.2500e-05 | Recon MSE=2.507636e-07 | ‖ω‖₁=7.052441e+00
  λ=1.210e-03 | Epoch 110 | lr=6.2500e-05 | Recon MSE=2.412731e-07 | ‖ω‖₁=6.599122e+00
  λ=1.210e-03 | Epoch 120 | lr=3.1250e-05 | Recon MSE=2.423433e-07 | ‖ω‖₁=6.184798e+00
  → at λ=1.210e-03:  r(λ)=128,  rel_err=1.358161e-03

-- Path iteration 4, λ = 1.331e-03   (r(λ) prev = 128)
  λ=1.331e-03 | Epoch   1 | lr=1.0000e-03 | Recon MSE=1.437294e-04 | ‖ω‖₁=1.265932e+02
  λ=1.331e-03 | Epoch  10 | lr=1.0000e-03 | Recon MSE=3.046582e-07 | ‖ω‖₁=1.024321e+02
  λ=1.331e-03 | Epoch  20 | lr=1.0000e-03 | Recon MSE=1.294847e-06 | ‖ω‖₁=7.557950e+01
  λ=1.331e-03 | Epoch  30 | lr=5.0000e-04 | Recon MSE=3.204512e-07 | ‖ω‖₁=4.864687e+01
  λ=1.331e-03 | Epoch  40 | lr=5.0000e-04 | Recon MSE=7.901643e-07 | ‖ω‖₁=2.167174e+01
  λ=1.331e-03 | Epoch  50 | lr=2.5000e-04 | Recon MSE=5.636915e-07 | ‖ω‖₁=1.083542e+01
  λ=1.331e-03 | Epoch  60 | lr=2.5000e-04 | Recon MSE=1.611342e-07 | ‖ω‖₁=9.497929e+00
  λ=1.331e-03 | Epoch  70 | lr=2.5000e-04 | Recon MSE=2.081922e-07 | ‖ω‖₁=8.428366e+00
  λ=1.331e-03 | Epoch  80 | lr=1.2500e-04 | Recon MSE=2.282883e-07 | ‖ω‖₁=7.688833e+00
  λ=1.331e-03 | Epoch  90 | lr=1.2500e-04 | Recon MSE=2.277877e-07 | ‖ω‖₁=7.123468e+00
  λ=1.331e-03 | Epoch 100 | lr=6.2500e-05 | Recon MSE=2.263907e-07 | ‖ω‖₁=6.619200e+00
  λ=1.331e-03 | Epoch 110 | lr=6.2500e-05 | Recon MSE=2.326033e-07 | ‖ω‖₁=6.160758e+00
  λ=1.331e-03 | Epoch 120 | lr=3.1250e-05 | Recon MSE=2.313683e-07 | ‖ω‖₁=5.743404e+00
  → at λ=1.331e-03:  r(λ)=128,  rel_err=1.352173e-03

-- Path iteration 5, λ = 1.464e-03   (r(λ) prev = 128)
  λ=1.464e-03 | Epoch   1 | lr=1.0000e-03 | Recon MSE=1.584684e-04 | ‖ω‖₁=1.264513e+02
  λ=1.464e-03 | Epoch  10 | lr=1.0000e-03 | Recon MSE=5.605629e-07 | ‖ω‖₁=9.986638e+01
  λ=1.464e-03 | Epoch  20 | lr=1.0000e-03 | Recon MSE=1.460590e-05 | ‖ω‖₁=7.027670e+01
  λ=1.464e-03 | Epoch  30 | lr=5.0000e-04 | Recon MSE=7.086476e-07 | ‖ω‖₁=4.061878e+01
  λ=1.464e-03 | Epoch  40 | lr=5.0000e-04 | Recon MSE=8.081390e-07 | ‖ω‖₁=1.218932e+01
  λ=1.464e-03 | Epoch  50 | lr=2.5000e-04 | Recon MSE=1.464281e-07 | ‖ω‖₁=9.956137e+00
  λ=1.464e-03 | Epoch  60 | lr=2.5000e-04 | Recon MSE=1.763039e-07 | ‖ω‖₁=8.738778e+00
  λ=1.464e-03 | Epoch  70 | lr=2.5000e-04 | Recon MSE=2.864706e-07 | ‖ω‖₁=7.880992e+00
  λ=1.464e-03 | Epoch  80 | lr=1.2500e-04 | Recon MSE=2.256607e-07 | ‖ω‖₁=7.243975e+00
  λ=1.464e-03 | Epoch  90 | lr=1.2500e-04 | Recon MSE=2.559486e-07 | ‖ω‖₁=6.681610e+00
  λ=1.464e-03 | Epoch 100 | lr=6.2500e-05 | Recon MSE=2.278307e-07 | ‖ω‖₁=6.176474e+00
  λ=1.464e-03 | Epoch 110 | lr=6.2500e-05 | Recon MSE=2.335449e-07 | ‖ω‖₁=5.714530e+00
  λ=1.464e-03 | Epoch 120 | lr=3.1250e-05 | Recon MSE=2.415873e-07 | ‖ω‖₁=5.286075e+00
  → at λ=1.464e-03:  r(λ)=128,  rel_err=1.338929e-03

-- Path iteration 6, λ = 1.611e-03   (r(λ) prev = 128)
  λ=1.611e-03 | Epoch   1 | lr=1.0000e-03 | Recon MSE=1.488633e-04 | ‖ω‖₁=1.262892e+02
  λ=1.611e-03 | Epoch  10 | lr=1.0000e-03 | Recon MSE=6.514218e-07 | ‖ω‖₁=9.701675e+01
  λ=1.611e-03 | Epoch  20 | lr=1.0000e-03 | Recon MSE=3.340874e-06 | ‖ω‖₁=6.445577e+01
  λ=1.611e-03 | Epoch  30 | lr=5.0000e-04 | Recon MSE=1.007076e-06 | ‖ω‖₁=3.181710e+01
  λ=1.611e-03 | Epoch  40 | lr=5.0000e-04 | Recon MSE=2.519402e-07 | ‖ω‖₁=1.094236e+01
  λ=1.611e-03 | Epoch  50 | lr=2.5000e-04 | Recon MSE=1.530724e-07 | ‖ω‖₁=9.274907e+00
  λ=1.611e-03 | Epoch  60 | lr=2.5000e-04 | Recon MSE=2.571125e-07 | ‖ω‖₁=8.176812e+00
  λ=1.611e-03 | Epoch  70 | lr=2.5000e-04 | Recon MSE=2.504187e-07 | ‖ω‖₁=7.427021e+00
  λ=1.611e-03 | Epoch  80 | lr=1.2500e-04 | Recon MSE=2.326079e-07 | ‖ω‖₁=6.797824e+00
  λ=1.611e-03 | Epoch  90 | lr=1.2500e-04 | Recon MSE=2.308961e-07 | ‖ω‖₁=6.242114e+00
  λ=1.611e-03 | Epoch 100 | lr=6.2500e-05 | Recon MSE=2.475870e-07 | ‖ω‖₁=5.735850e+00
  λ=1.611e-03 | Epoch 110 | lr=6.2500e-05 | Recon MSE=2.353273e-07 | ‖ω‖₁=5.268157e+00
  λ=1.611e-03 | Epoch 120 | lr=3.1250e-05 | Recon MSE=2.400862e-07 | ‖ω‖₁=4.833533e+00
  → at λ=1.611e-03:  r(λ)=128,  rel_err=1.342838e-03

-- Path iteration 7, λ = 1.772e-03   (r(λ) prev = 128)
  λ=1.772e-03 | Epoch   1 | lr=1.0000e-03 | Recon MSE=1.478091e-04 | ‖ω‖₁=1.261351e+02
  λ=1.772e-03 | Epoch  10 | lr=1.0000e-03 | Recon MSE=1.061589e-06 | ‖ω‖₁=9.390465e+01
  λ=1.772e-03 | Epoch  20 | lr=1.0000e-03 | Recon MSE=8.493314e-07 | ‖ω‖₁=5.806799e+01
  λ=1.772e-03 | Epoch  30 | lr=5.0000e-04 | Recon MSE=1.132448e-06 | ‖ω‖₁=2.215231e+01
  λ=1.772e-03 | Epoch  40 | lr=5.0000e-04 | Recon MSE=1.923641e-06 | ‖ω‖₁=1.024712e+01
  λ=1.772e-03 | Epoch  50 | lr=2.5000e-04 | Recon MSE=2.446225e-07 | ‖ω‖₁=8.689803e+00
  λ=1.772e-03 | Epoch  60 | lr=2.5000e-04 | Recon MSE=2.299061e-07 | ‖ω‖₁=7.680248e+00
  λ=1.772e-03 | Epoch  70 | lr=2.5000e-04 | Recon MSE=2.379034e-07 | ‖ω‖₁=6.960319e+00
  λ=1.772e-03 | Epoch  80 | lr=1.2500e-04 | Recon MSE=2.170328e-07 | ‖ω‖₁=6.332074e+00
  λ=1.772e-03 | Epoch  90 | lr=1.2500e-04 | Recon MSE=2.149953e-07 | ‖ω‖₁=5.768664e+00
  λ=1.772e-03 | Epoch 100 | lr=6.2500e-05 | Recon MSE=2.234597e-07 | ‖ω‖₁=5.255234e+00
  λ=1.772e-03 | Epoch 110 | lr=6.2500e-05 | Recon MSE=2.384540e-07 | ‖ω‖₁=4.778647e+00
  λ=1.772e-03 | Epoch 120 | lr=3.1250e-05 | Recon MSE=2.334186e-07 | ‖ω‖₁=4.333693e+00
  → at λ=1.772e-03:  r(λ)=128,  rel_err=1.342490e-03

-- Path iteration 8, λ = 1.949e-03   (r(λ) prev = 128)
  λ=1.949e-03 | Epoch   1 | lr=1.0000e-03 | Recon MSE=1.474719e-04 | ‖ω‖₁=1.259483e+02
  λ=1.949e-03 | Epoch  10 | lr=1.0000e-03 | Recon MSE=1.273306e-06 | ‖ω‖₁=9.050982e+01
  λ=1.949e-03 | Epoch  20 | lr=1.0000e-03 | Recon MSE=1.875376e-05 | ‖ω‖₁=5.107282e+01
  λ=1.949e-03 | Epoch  30 | lr=5.0000e-04 | Recon MSE=1.776886e-06 | ‖ω‖₁=1.239742e+01
  λ=1.949e-03 | Epoch  40 | lr=5.0000e-04 | Recon MSE=1.687174e-07 | ‖ω‖₁=9.508291e+00
  λ=1.949e-03 | Epoch  50 | lr=2.5000e-04 | Recon MSE=2.515141e-07 | ‖ω‖₁=8.141960e+00
  λ=1.949e-03 | Epoch  60 | lr=2.5000e-04 | Recon MSE=2.202541e-07 | ‖ω‖₁=7.234321e+00
  λ=1.949e-03 | Epoch  70 | lr=2.5000e-04 | Recon MSE=2.457069e-07 | ‖ω‖₁=6.506134e+00
  λ=1.949e-03 | Epoch  80 | lr=1.2500e-04 | Recon MSE=2.230344e-07 | ‖ω‖₁=5.869071e+00
  λ=1.949e-03 | Epoch  90 | lr=1.2500e-04 | Recon MSE=2.300064e-07 | ‖ω‖₁=5.294800e+00
  λ=1.949e-03 | Epoch 100 | lr=6.2500e-05 | Recon MSE=2.288114e-07 | ‖ω‖₁=4.766224e+00
  λ=1.949e-03 | Epoch 110 | lr=6.2500e-05 | Recon MSE=2.269260e-07 | ‖ω‖₁=4.273731e+00
  λ=1.949e-03 | Epoch 120 | lr=3.1250e-05 | Recon MSE=2.293121e-07 | ‖ω‖₁=3.813055e+00
  → at λ=1.949e-03:  r(λ)=128,  rel_err=1.366872e-03

-- Path iteration 9, λ = 2.144e-03   (r(λ) prev = 128)
  λ=2.144e-03 | Epoch   1 | lr=1.0000e-03 | Recon MSE=1.483303e-04 | ‖ω‖₁=1.257291e+02
  λ=2.144e-03 | Epoch  10 | lr=1.0000e-03 | Recon MSE=1.812992e-06 | ‖ω‖₁=8.663219e+01
  λ=2.144e-03 | Epoch  20 | lr=1.0000e-03 | Recon MSE=2.021197e-06 | ‖ω‖₁=4.320444e+01
  λ=2.144e-03 | Epoch  30 | lr=5.0000e-04 | Recon MSE=3.297812e-07 | ‖ω‖₁=1.083618e+01
  λ=2.144e-03 | Epoch  40 | lr=5.0000e-04 | Recon MSE=2.645119e-07 | ‖ω‖₁=8.734288e+00
  λ=2.144e-03 | Epoch  50 | lr=2.5000e-04 | Recon MSE=2.276358e-07 | ‖ω‖₁=7.574972e+00
  λ=2.144e-03 | Epoch  60 | lr=2.5000e-04 | Recon MSE=2.315395e-07 | ‖ω‖₁=6.719859e+00
  λ=2.144e-03 | Epoch  70 | lr=2.5000e-04 | Recon MSE=2.200601e-07 | ‖ω‖₁=6.000326e+00
  λ=2.144e-03 | Epoch  80 | lr=1.2500e-04 | Recon MSE=2.299668e-07 | ‖ω‖₁=5.359507e+00
  λ=2.144e-03 | Epoch  90 | lr=1.2500e-04 | Recon MSE=2.326838e-07 | ‖ω‖₁=4.774141e+00
  λ=2.144e-03 | Epoch 100 | lr=6.2500e-05 | Recon MSE=2.321861e-07 | ‖ω‖₁=4.234941e+00
  λ=2.144e-03 | Epoch 110 | lr=6.2500e-05 | Recon MSE=2.388766e-07 | ‖ω‖₁=3.735023e+00
  λ=2.144e-03 | Epoch 120 | lr=3.1250e-05 | Recon MSE=2.450805e-07 | ‖ω‖₁=3.265967e+00
  → at λ=2.144e-03:  r(λ)=128,  rel_err=1.383043e-03

-- Path iteration 10, λ = 2.358e-03   (r(λ) prev = 128)
  λ=2.358e-03 | Epoch   1 | lr=1.0000e-03 | Recon MSE=1.515350e-04 | ‖ω‖₁=1.254975e+02
  λ=2.358e-03 | Epoch  10 | lr=1.0000e-03 | Recon MSE=1.280753e-06 | ‖ω‖₁=8.246335e+01
  λ=2.358e-03 | Epoch  20 | lr=1.0000e-03 | Recon MSE=5.853315e-06 | ‖ω‖₁=3.466833e+01
  λ=2.358e-03 | Epoch  30 | lr=5.0000e-04 | Recon MSE=1.523936e-07 | ‖ω‖₁=9.995232e+00
  λ=2.358e-03 | Epoch  40 | lr=5.0000e-04 | Recon MSE=2.456024e-07 | ‖ω‖₁=8.229000e+00
  λ=2.358e-03 | Epoch  50 | lr=2.5000e-04 | Recon MSE=2.284245e-07 | ‖ω‖₁=7.159202e+00
  λ=2.358e-03 | Epoch  60 | lr=2.5000e-04 | Recon MSE=2.163446e-07 | ‖ω‖₁=6.302564e+00
  λ=2.358e-03 | Epoch  70 | lr=2.5000e-04 | Recon MSE=2.721417e-07 | ‖ω‖₁=5.571402e+00
  λ=2.358e-03 | Epoch  80 | lr=1.2500e-04 | Recon MSE=2.290950e-07 | ‖ω‖₁=4.919332e+00
  λ=2.358e-03 | Epoch  90 | lr=1.2500e-04 | Recon MSE=2.252274e-07 | ‖ω‖₁=4.323274e+00
  λ=2.358e-03 | Epoch 100 | lr=6.2500e-05 | Recon MSE=2.270865e-07 | ‖ω‖₁=3.772659e+00
  λ=2.358e-03 | Epoch 110 | lr=6.2500e-05 | Recon MSE=2.311592e-07 | ‖ω‖₁=3.255483e+00
  λ=2.358e-03 | Epoch 120 | lr=3.1250e-05 | Recon MSE=2.432397e-07 | ‖ω‖₁=2.768232e+00
  → at λ=2.358e-03:  r(λ)=128,  rel_err=1.442470e-03

-- Path iteration 11, λ = 2.594e-03   (r(λ) prev = 128)
  λ=2.594e-03 | Epoch   1 | lr=1.0000e-03 | Recon MSE=1.447832e-04 | ‖ω‖₁=1.252442e+02
  λ=2.594e-03 | Epoch  10 | lr=1.0000e-03 | Recon MSE=3.239854e-06 | ‖ω‖₁=7.777188e+01
  λ=2.594e-03 | Epoch  20 | lr=1.0000e-03 | Recon MSE=6.388365e-06 | ‖ω‖₁=2.511264e+01
  λ=2.594e-03 | Epoch  30 | lr=5.0000e-04 | Recon MSE=2.341998e-07 | ‖ω‖₁=9.180652e+00
  λ=2.594e-03 | Epoch  40 | lr=5.0000e-04 | Recon MSE=2.714450e-07 | ‖ω‖₁=7.727536e+00
  λ=2.594e-03 | Epoch  50 | lr=2.5000e-04 | Recon MSE=2.867414e-07 | ‖ω‖₁=6.699310e+00
  λ=2.594e-03 | Epoch  60 | lr=2.5000e-04 | Recon MSE=2.332830e-07 | ‖ω‖₁=5.846258e+00
  λ=2.594e-03 | Epoch  70 | lr=2.5000e-04 | Recon MSE=2.516277e-07 | ‖ω‖₁=5.103957e+00
  λ=2.594e-03 | Epoch  80 | lr=1.2500e-04 | Recon MSE=2.297087e-07 | ‖ω‖₁=4.435876e+00
  λ=2.594e-03 | Epoch  90 | lr=1.2500e-04 | Recon MSE=2.248513e-07 | ‖ω‖₁=3.821669e+00
  λ=2.594e-03 | Epoch 100 | lr=6.2500e-05 | Recon MSE=2.379210e-07 | ‖ω‖₁=3.252161e+00
  λ=2.594e-03 | Epoch 110 | lr=6.2500e-05 | Recon MSE=2.384298e-07 | ‖ω‖₁=2.716635e+00
  λ=2.594e-03 | Epoch 120 | lr=3.1250e-05 | Recon MSE=2.416340e-07 | ‖ω‖₁=2.212057e+00
  → at λ=2.594e-03:  r(λ)=128,  rel_err=1.363539e-03

-- Path iteration 12, λ = 2.853e-03   (r(λ) prev = 128)
  λ=2.853e-03 | Epoch   1 | lr=1.0000e-03 | Recon MSE=1.459286e-04 | ‖ω‖₁=1.249735e+02
  λ=2.853e-03 | Epoch  10 | lr=1.0000e-03 | Recon MSE=6.054995e-06 | ‖ω‖₁=7.279286e+01
  λ=2.853e-03 | Epoch  20 | lr=1.0000e-03 | Recon MSE=6.851819e-06 | ‖ω‖₁=1.486599e+01
  λ=2.853e-03 | Epoch  30 | lr=5.0000e-04 | Recon MSE=3.446221e-07 | ‖ω‖₁=8.678941e+00
  λ=2.853e-03 | Epoch  40 | lr=5.0000e-04 | Recon MSE=2.736538e-07 | ‖ω‖₁=7.298241e+00
  λ=2.853e-03 | Epoch  50 | lr=2.5000e-04 | Recon MSE=2.384094e-07 | ‖ω‖₁=6.259618e+00
  λ=2.853e-03 | Epoch  60 | lr=2.5000e-04 | Recon MSE=2.499777e-07 | ‖ω‖₁=5.386828e+00
  λ=2.853e-03 | Epoch  70 | lr=2.5000e-04 | Recon MSE=2.605409e-07 | ‖ω‖₁=4.624104e+00
  λ=2.853e-03 | Epoch  80 | lr=1.2500e-04 | Recon MSE=2.348780e-07 | ‖ω‖₁=3.933967e+00
  λ=2.853e-03 | Epoch  90 | lr=1.2500e-04 | Recon MSE=2.497269e-07 | ‖ω‖₁=3.298873e+00
  λ=2.853e-03 | Epoch 100 | lr=6.2500e-05 | Recon MSE=2.354598e-07 | ‖ω‖₁=2.709021e+00
  λ=2.853e-03 | Epoch 110 | lr=6.2500e-05 | Recon MSE=2.538194e-07 | ‖ω‖₁=2.155446e+00
  λ=2.853e-03 | Epoch 120 | lr=3.1250e-05 | Recon MSE=2.606502e-07 | ‖ω‖₁=1.632188e+00
  → at λ=2.853e-03:  r(λ)=128,  rel_err=1.396387e-03

-- Path iteration 13, λ = 3.138e-03   (r(λ) prev = 128)
  λ=3.138e-03 | Epoch   1 | lr=1.0000e-03 | Recon MSE=1.548653e-04 | ‖ω‖₁=1.246703e+02
  λ=3.138e-03 | Epoch  10 | lr=1.0000e-03 | Recon MSE=3.492802e-06 | ‖ω‖₁=6.728736e+01
  λ=3.138e-03 | Epoch  20 | lr=1.0000e-03 | Recon MSE=8.565072e-06 | ‖ω‖₁=1.094204e+01
  λ=3.138e-03 | Epoch  30 | lr=5.0000e-04 | Recon MSE=2.805293e-07 | ‖ω‖₁=8.164734e+00
  λ=3.138e-03 | Epoch  40 | lr=5.0000e-04 | Recon MSE=2.692181e-07 | ‖ω‖₁=6.826557e+00
  λ=3.138e-03 | Epoch  50 | lr=2.5000e-04 | Recon MSE=2.651666e-07 | ‖ω‖₁=5.792500e+00
  λ=3.138e-03 | Epoch  60 | lr=2.5000e-04 | Recon MSE=2.499343e-07 | ‖ω‖₁=4.914856e+00
  λ=3.138e-03 | Epoch  70 | lr=2.5000e-04 | Recon MSE=2.497615e-07 | ‖ω‖₁=4.139096e+00
  λ=3.138e-03 | Epoch  80 | lr=1.2500e-04 | Recon MSE=2.282508e-07 | ‖ω‖₁=3.432448e+00
  λ=3.138e-03 | Epoch  90 | lr=1.2500e-04 | Recon MSE=2.353738e-07 | ‖ω‖₁=2.782847e+00
  λ=3.138e-03 | Epoch 100 | lr=6.2500e-05 | Recon MSE=2.359709e-07 | ‖ω‖₁=2.176966e+00
  λ=3.138e-03 | Epoch 110 | lr=6.2500e-05 | Recon MSE=2.416410e-07 | ‖ω‖₁=1.606440e+00
  λ=3.138e-03 | Epoch 120 | lr=3.1250e-05 | Recon MSE=2.552774e-07 | ‖ω‖₁=1.065551e+00
  → at λ=3.138e-03:  r(λ)=127,  rel_err=1.394722e-03

-- Path iteration 14, λ = 3.452e-03   (r(λ) prev = 127)
  λ=3.452e-03 | Epoch   1 | lr=1.0000e-03 | Recon MSE=1.406690e-04 | ‖ω‖₁=1.243312e+02
  λ=3.452e-03 | Epoch  10 | lr=1.0000e-03 | Recon MSE=2.245146e-05 | ‖ω‖₁=6.114346e+01
  λ=3.452e-03 | Epoch  20 | lr=1.0000e-03 | Recon MSE=3.347962e-06 | ‖ω‖₁=1.005661e+01
  λ=3.452e-03 | Epoch  30 | lr=5.0000e-04 | Recon MSE=3.168116e-07 | ‖ω‖₁=7.793946e+00
  λ=3.452e-03 | Epoch  40 | lr=5.0000e-04 | Recon MSE=2.978888e-07 | ‖ω‖₁=6.459468e+00
  λ=3.452e-03 | Epoch  50 | lr=2.5000e-04 | Recon MSE=2.453788e-07 | ‖ω‖₁=5.398411e+00
  λ=3.452e-03 | Epoch  60 | lr=2.5000e-04 | Recon MSE=2.487675e-07 | ‖ω‖₁=4.484987e+00
  λ=3.452e-03 | Epoch  70 | lr=2.5000e-04 | Recon MSE=2.776120e-07 | ‖ω‖₁=3.673092e+00
  λ=3.452e-03 | Epoch  80 | lr=1.2500e-04 | Recon MSE=2.688730e-07 | ‖ω‖₁=2.935528e+00
  λ=3.452e-03 | Epoch  90 | lr=1.2500e-04 | Recon MSE=2.704747e-07 | ‖ω‖₁=2.255391e+00
  λ=3.452e-03 | Epoch 100 | lr=6.2500e-05 | Recon MSE=2.775950e-07 | ‖ω‖₁=1.622372e+00
  λ=3.452e-03 | Epoch 110 | lr=6.2500e-05 | Recon MSE=2.614459e-07 | ‖ω‖₁=1.026203e+00
  λ=3.452e-03 | Epoch 120 | lr=3.1250e-05 | Recon MSE=2.722784e-07 | ‖ω‖₁=5.355799e-01
  → at λ=3.452e-03:  r(λ)=69,  rel_err=1.435463e-03

-- Path iteration 15, λ = 3.797e-03   (r(λ) prev = 69)
  λ=3.797e-03 | Epoch   1 | lr=1.0000e-03 | Recon MSE=1.489055e-04 | ‖ω‖₁=1.239715e+02
  λ=3.797e-03 | Epoch  10 | lr=1.0000e-03 | Recon MSE=3.130280e-05 | ‖ω‖₁=5.440504e+01
  λ=3.797e-03 | Epoch  20 | lr=1.0000e-03 | Recon MSE=2.249652e-06 | ‖ω‖₁=9.349759e+00
  λ=3.797e-03 | Epoch  30 | lr=5.0000e-04 | Recon MSE=2.877226e-07 | ‖ω‖₁=7.322958e+00
  λ=3.797e-03 | Epoch  40 | lr=5.0000e-04 | Recon MSE=3.069358e-07 | ‖ω‖₁=5.977350e+00
  λ=3.797e-03 | Epoch  50 | lr=2.5000e-04 | Recon MSE=3.065307e-07 | ‖ω‖₁=4.893358e+00
  λ=3.797e-03 | Epoch  60 | lr=2.5000e-04 | Recon MSE=2.746041e-07 | ‖ω‖₁=3.953985e+00
  λ=3.797e-03 | Epoch  70 | lr=2.5000e-04 | Recon MSE=3.031314e-07 | ‖ω‖₁=3.120461e+00
  λ=3.797e-03 | Epoch  80 | lr=1.2500e-04 | Recon MSE=2.737995e-07 | ‖ω‖₁=2.359811e+00
  λ=3.797e-03 | Epoch  90 | lr=1.2500e-04 | Recon MSE=2.742506e-07 | ‖ω‖₁=1.659382e+00
  λ=3.797e-03 | Epoch 100 | lr=6.2500e-05 | Recon MSE=2.798569e-07 | ‖ω‖₁=1.007513e+00
  λ=3.797e-03 | Epoch 110 | lr=6.2500e-05 | Recon MSE=2.783125e-07 | ‖ω‖₁=5.035253e-01
  λ=3.797e-03 | Epoch 120 | lr=3.1250e-05 | Recon MSE=2.949477e-07 | ‖ω‖₁=3.896423e-01
  → at λ=3.797e-03:  r(λ)=6,  rel_err=1.502567e-03

-- Path iteration 16, λ = 4.177e-03   (r(λ) prev = 6)
  λ=4.177e-03 | Epoch   1 | lr=1.0000e-03 | Recon MSE=1.516580e-04 | ‖ω‖₁=1.235571e+02
  λ=4.177e-03 | Epoch  10 | lr=1.0000e-03 | Recon MSE=2.128888e-05 | ‖ω‖₁=4.699010e+01
  λ=4.177e-03 | Epoch  20 | lr=1.0000e-03 | Recon MSE=8.665876e-06 | ‖ω‖₁=8.781482e+00
  λ=4.177e-03 | Epoch  30 | lr=5.0000e-04 | Recon MSE=2.916208e-07 | ‖ω‖₁=6.869729e+00
  λ=4.177e-03 | Epoch  40 | lr=5.0000e-04 | Recon MSE=3.597259e-07 | ‖ω‖₁=5.508324e+00
  λ=4.177e-03 | Epoch  50 | lr=2.5000e-04 | Recon MSE=2.836218e-07 | ‖ω‖₁=4.401088e+00
  λ=4.177e-03 | Epoch  60 | lr=2.5000e-04 | Recon MSE=2.607816e-07 | ‖ω‖₁=3.437423e+00
  λ=4.177e-03 | Epoch  70 | lr=2.5000e-04 | Recon MSE=2.661561e-07 | ‖ω‖₁=2.576342e+00
  λ=4.177e-03 | Epoch  80 | lr=1.2500e-04 | Recon MSE=2.922343e-07 | ‖ω‖₁=1.788508e+00
  λ=4.177e-03 | Epoch  90 | lr=1.2500e-04 | Recon MSE=2.738018e-07 | ‖ω‖₁=1.059421e+00
  λ=4.177e-03 | Epoch 100 | lr=6.2500e-05 | Recon MSE=2.778483e-07 | ‖ω‖₁=4.925329e-01
  λ=4.177e-03 | Epoch 110 | lr=6.2500e-05 | Recon MSE=2.810208e-07 | ‖ω‖₁=3.886894e-01
  λ=4.177e-03 | Epoch 120 | lr=3.1250e-05 | Recon MSE=2.943947e-07 | ‖ω‖₁=3.737151e-01
  → at λ=4.177e-03:  r(λ)=3,  rel_err=1.513441e-03

-- Path iteration 17, λ = 4.595e-03   (r(λ) prev = 3)
  λ=4.595e-03 | Epoch   1 | lr=1.0000e-03 | Recon MSE=1.471789e-04 | ‖ω‖₁=1.231218e+02
  λ=4.595e-03 | Epoch  10 | lr=1.0000e-03 | Recon MSE=1.184011e-05 | ‖ω‖₁=3.886314e+01
  λ=4.595e-03 | Epoch  20 | lr=1.0000e-03 | Recon MSE=1.110376e-06 | ‖ω‖₁=8.351697e+00
  λ=4.595e-03 | Epoch  30 | lr=5.0000e-04 | Recon MSE=3.138228e-07 | ‖ω‖₁=6.467496e+00
  λ=4.595e-03 | Epoch  40 | lr=5.0000e-04 | Recon MSE=3.285247e-07 | ‖ω‖₁=5.088105e+00
  λ=4.595e-03 | Epoch  50 | lr=2.5000e-04 | Recon MSE=2.893618e-07 | ‖ω‖₁=3.948337e+00
  λ=4.595e-03 | Epoch  60 | lr=2.5000e-04 | Recon MSE=3.385239e-07 | ‖ω‖₁=2.957492e+00
  λ=4.595e-03 | Epoch  70 | lr=2.5000e-04 | Recon MSE=3.143124e-07 | ‖ω‖₁=2.067728e+00
  λ=4.595e-03 | Epoch  80 | lr=1.2500e-04 | Recon MSE=2.917743e-07 | ‖ω‖₁=1.252075e+00
  λ=4.595e-03 | Epoch  90 | lr=1.2500e-04 | Recon MSE=2.859869e-07 | ‖ω‖₁=5.691229e-01
  λ=4.595e-03 | Epoch 100 | lr=6.2500e-05 | Recon MSE=2.871462e-07 | ‖ω‖₁=3.789864e-01
  λ=4.595e-03 | Epoch 110 | lr=6.2500e-05 | Recon MSE=2.849609e-07 | ‖ω‖₁=3.596156e-01
  λ=4.595e-03 | Epoch 120 | lr=3.1250e-05 | Recon MSE=3.398814e-07 | ‖ω‖₁=3.455349e-01
  → at λ=4.595e-03:  r(λ)=3,  rel_err=1.544649e-03

-- Path iteration 18, λ = 5.054e-03   (r(λ) prev = 3)
  λ=5.054e-03 | Epoch   1 | lr=1.0000e-03 | Recon MSE=1.521835e-04 | ‖ω‖₁=1.226239e+02
  λ=5.054e-03 | Epoch  10 | lr=1.0000e-03 | Recon MSE=2.305115e-05 | ‖ω‖₁=2.989134e+01
  λ=5.054e-03 | Epoch  20 | lr=1.0000e-03 | Recon MSE=2.998558e-06 | ‖ω‖₁=7.895503e+00
  λ=5.054e-03 | Epoch  30 | lr=5.0000e-04 | Recon MSE=2.825557e-07 | ‖ω‖₁=6.001344e+00
  λ=5.054e-03 | Epoch  40 | lr=5.0000e-04 | Recon MSE=3.130384e-07 | ‖ω‖₁=4.595729e+00
  λ=5.054e-03 | Epoch  50 | lr=2.5000e-04 | Recon MSE=2.791697e-07 | ‖ω‖₁=3.426759e+00
  λ=5.054e-03 | Epoch  60 | lr=2.5000e-04 | Recon MSE=3.281444e-07 | ‖ω‖₁=2.401936e+00
  λ=5.054e-03 | Epoch  70 | lr=2.5000e-04 | Recon MSE=3.328660e-07 | ‖ω‖₁=1.481458e+00
  λ=5.054e-03 | Epoch  80 | lr=1.2500e-04 | Recon MSE=2.773999e-07 | ‖ω‖₁=6.755769e-01
  λ=5.054e-03 | Epoch  90 | lr=1.2500e-04 | Recon MSE=2.817085e-07 | ‖ω‖₁=3.912479e-01
  λ=5.054e-03 | Epoch 100 | lr=6.2500e-05 | Recon MSE=2.865331e-07 | ‖ω‖₁=3.736725e-01
  λ=5.054e-03 | Epoch 110 | lr=6.2500e-05 | Recon MSE=2.949390e-07 | ‖ω‖₁=3.584261e-01
  λ=5.054e-03 | Epoch 120 | lr=3.1250e-05 | Recon MSE=2.997528e-07 | ‖ω‖₁=3.443468e-01
  → at λ=5.054e-03:  r(λ)=3,  rel_err=1.498268e-03

-- Path iteration 19, λ = 5.560e-03   (r(λ) prev = 3)
  λ=5.560e-03 | Epoch   1 | lr=1.0000e-03 | Recon MSE=1.578412e-04 | ‖ω‖₁=1.220955e+02
  λ=5.560e-03 | Epoch  10 | lr=1.0000e-03 | Recon MSE=1.135622e-05 | ‖ω‖₁=2.009816e+01
  λ=5.560e-03 | Epoch  20 | lr=1.0000e-03 | Recon MSE=9.699410e-07 | ‖ω‖₁=7.461447e+00
  λ=5.560e-03 | Epoch  30 | lr=5.0000e-04 | Recon MSE=3.496333e-07 | ‖ω‖₁=5.546894e+00
  λ=5.560e-03 | Epoch  40 | lr=5.0000e-04 | Recon MSE=3.402819e-07 | ‖ω‖₁=4.106354e+00
  λ=5.560e-03 | Epoch  50 | lr=2.5000e-04 | Recon MSE=3.148615e-07 | ‖ω‖₁=2.901390e+00
  λ=5.560e-03 | Epoch  60 | lr=2.5000e-04 | Recon MSE=3.114580e-07 | ‖ω‖₁=1.839417e+00
  λ=5.560e-03 | Epoch  70 | lr=2.5000e-04 | Recon MSE=3.086767e-07 | ‖ω‖₁=8.881527e-01
  λ=5.560e-03 | Epoch  80 | lr=1.2500e-04 | Recon MSE=2.965051e-07 | ‖ω‖₁=3.901159e-01
  λ=5.560e-03 | Epoch  90 | lr=1.2500e-04 | Recon MSE=2.990937e-07 | ‖ω‖₁=3.542660e-01
  λ=5.560e-03 | Epoch 100 | lr=6.2500e-05 | Recon MSE=3.091552e-07 | ‖ω‖₁=3.373443e-01
  λ=5.560e-03 | Epoch 110 | lr=6.2500e-05 | Recon MSE=3.057793e-07 | ‖ω‖₁=3.212110e-01
  λ=5.560e-03 | Epoch 120 | lr=3.1250e-05 | Recon MSE=3.205048e-07 | ‖ω‖₁=3.070705e-01
  → at λ=5.560e-03:  r(λ)=3,  rel_err=1.651433e-03

-- Path iteration 20, λ = 6.116e-03   (r(λ) prev = 3)
  λ=6.116e-03 | Epoch   1 | lr=1.0000e-03 | Recon MSE=1.552909e-04 | ‖ω‖₁=1.215118e+02
  λ=6.116e-03 | Epoch  10 | lr=1.0000e-03 | Recon MSE=1.843993e-05 | ‖ω‖₁=1.174305e+01
  λ=6.116e-03 | Epoch  20 | lr=1.0000e-03 | Recon MSE=8.438604e-07 | ‖ω‖₁=6.936479e+00
  λ=6.116e-03 | Epoch  30 | lr=5.0000e-04 | Recon MSE=3.323625e-07 | ‖ω‖₁=5.015624e+00
  λ=6.116e-03 | Epoch  40 | lr=5.0000e-04 | Recon MSE=3.450316e-07 | ‖ω‖₁=3.529851e+00
  λ=6.116e-03 | Epoch  50 | lr=2.5000e-04 | Recon MSE=3.000286e-07 | ‖ω‖₁=2.283918e+00
  λ=6.116e-03 | Epoch  60 | lr=2.5000e-04 | Recon MSE=3.114507e-07 | ‖ω‖₁=1.185636e+00
  λ=6.116e-03 | Epoch  70 | lr=2.5000e-04 | Recon MSE=3.196854e-07 | ‖ω‖₁=4.081124e-01
  λ=6.116e-03 | Epoch  80 | lr=1.2500e-04 | Recon MSE=3.117823e-07 | ‖ω‖₁=3.458571e-01
  λ=6.116e-03 | Epoch  90 | lr=1.2500e-04 | Recon MSE=3.192724e-07 | ‖ω‖₁=3.288678e-01
  λ=6.116e-03 | Epoch 100 | lr=6.2500e-05 | Recon MSE=3.166376e-07 | ‖ω‖₁=3.125374e-01
  λ=6.116e-03 | Epoch 110 | lr=6.2500e-05 | Recon MSE=3.214050e-07 | ‖ω‖₁=2.971068e-01
  λ=6.116e-03 | Epoch 120 | lr=3.1250e-05 | Recon MSE=3.265577e-07 | ‖ω‖₁=2.830330e-01
  → at λ=6.116e-03:  r(λ)=3,  rel_err=1.611515e-03

-- Path iteration 21, λ = 6.727e-03   (r(λ) prev = 3)
  λ=6.727e-03 | Epoch   1 | lr=1.0000e-03 | Recon MSE=1.593814e-04 | ‖ω‖₁=1.208550e+02
  λ=6.727e-03 | Epoch  10 | lr=1.0000e-03 | Recon MSE=2.594122e-05 | ‖ω‖₁=1.006853e+01
  λ=6.727e-03 | Epoch  20 | lr=1.0000e-03 | Recon MSE=8.156801e-07 | ‖ω‖₁=6.564489e+00
  λ=6.727e-03 | Epoch  30 | lr=5.0000e-04 | Recon MSE=3.208318e-07 | ‖ω‖₁=4.581820e+00
  λ=6.727e-03 | Epoch  40 | lr=5.0000e-04 | Recon MSE=3.599699e-07 | ‖ω‖₁=3.047412e+00
  λ=6.727e-03 | Epoch  50 | lr=2.5000e-04 | Recon MSE=2.983511e-07 | ‖ω‖₁=1.753541e+00
  λ=6.727e-03 | Epoch  60 | lr=2.5000e-04 | Recon MSE=3.129422e-07 | ‖ω‖₁=6.503420e-01
  λ=6.727e-03 | Epoch  70 | lr=2.5000e-04 | Recon MSE=3.020599e-07 | ‖ω‖₁=3.445730e-01
  λ=6.727e-03 | Epoch  80 | lr=1.2500e-04 | Recon MSE=3.330617e-07 | ‖ω‖₁=3.218815e-01
  λ=6.727e-03 | Epoch  90 | lr=1.2500e-04 | Recon MSE=3.172231e-07 | ‖ω‖₁=3.037832e-01
  λ=6.727e-03 | Epoch 100 | lr=6.2500e-05 | Recon MSE=3.338522e-07 | ‖ω‖₁=2.866367e-01
  λ=6.727e-03 | Epoch 110 | lr=6.2500e-05 | Recon MSE=3.337736e-07 | ‖ω‖₁=2.702996e-01
  λ=6.727e-03 | Epoch 120 | lr=3.1250e-05 | Recon MSE=3.352548e-07 | ‖ω‖₁=2.552853e-01
  → at λ=6.727e-03:  r(λ)=3,  rel_err=1.602367e-03

-- Path iteration 22, λ = 7.400e-03   (r(λ) prev = 3)
  λ=7.400e-03 | Epoch   1 | lr=1.0000e-03 | Recon MSE=1.594172e-04 | ‖ω‖₁=1.201428e+02
  λ=7.400e-03 | Epoch  10 | lr=1.0000e-03 | Recon MSE=2.059111e-05 | ‖ω‖₁=9.330948e+00
  λ=7.400e-03 | Epoch  20 | lr=1.0000e-03 | Recon MSE=5.462858e-07 | ‖ω‖₁=6.019214e+00
  λ=7.400e-03 | Epoch  30 | lr=5.0000e-04 | Recon MSE=3.223627e-07 | ‖ω‖₁=4.018679e+00
  λ=7.400e-03 | Epoch  40 | lr=5.0000e-04 | Recon MSE=3.285550e-07 | ‖ω‖₁=2.447047e+00
  λ=7.400e-03 | Epoch  50 | lr=2.5000e-04 | Recon MSE=3.435824e-07 | ‖ω‖₁=1.108752e+00
  λ=7.400e-03 | Epoch  60 | lr=2.5000e-04 | Recon MSE=3.302296e-07 | ‖ω‖₁=3.466712e-01
  λ=7.400e-03 | Epoch  70 | lr=2.5000e-04 | Recon MSE=3.176193e-07 | ‖ω‖₁=3.212943e-01
  λ=7.400e-03 | Epoch  80 | lr=1.2500e-04 | Recon MSE=3.096488e-07 | ‖ω‖₁=3.012552e-01
  λ=7.400e-03 | Epoch  90 | lr=1.2500e-04 | Recon MSE=3.501005e-07 | ‖ω‖₁=2.840555e-01
  λ=7.400e-03 | Epoch 100 | lr=6.2500e-05 | Recon MSE=3.226184e-07 | ‖ω‖₁=2.671269e-01
  λ=7.400e-03 | Epoch 110 | lr=6.2500e-05 | Recon MSE=3.445683e-07 | ‖ω‖₁=2.505468e-01
  λ=7.400e-03 | Epoch 120 | lr=3.1250e-05 | Recon MSE=3.477954e-07 | ‖ω‖₁=2.356571e-01
  → at λ=7.400e-03:  r(λ)=3,  rel_err=1.630753e-03

-- Path iteration 23, λ = 8.140e-03   (r(λ) prev = 3)
  λ=8.140e-03 | Epoch   1 | lr=1.0000e-03 | Recon MSE=1.630194e-04 | ‖ω‖₁=1.193457e+02
  λ=8.140e-03 | Epoch  10 | lr=1.0000e-03 | Recon MSE=2.391188e-05 | ‖ω‖₁=8.818775e+00
  λ=8.140e-03 | Epoch  20 | lr=1.0000e-03 | Recon MSE=8.135912e-07 | ‖ω‖₁=5.651148e+00
  λ=8.140e-03 | Epoch  30 | lr=5.0000e-04 | Recon MSE=3.499755e-07 | ‖ω‖₁=3.581557e+00
  λ=8.140e-03 | Epoch  40 | lr=5.0000e-04 | Recon MSE=3.574539e-07 | ‖ω‖₁=1.945607e+00
  λ=8.140e-03 | Epoch  50 | lr=2.5000e-04 | Recon MSE=3.278080e-07 | ‖ω‖₁=6.018308e-01
  λ=8.140e-03 | Epoch  60 | lr=2.5000e-04 | Recon MSE=3.263028e-07 | ‖ω‖₁=3.137962e-01
  λ=8.140e-03 | Epoch  70 | lr=2.5000e-04 | Recon MSE=3.499367e-07 | ‖ω‖₁=2.933977e-01
  λ=8.140e-03 | Epoch  80 | lr=1.2500e-04 | Recon MSE=3.207991e-07 | ‖ω‖₁=2.731879e-01
  λ=8.140e-03 | Epoch  90 | lr=1.2500e-04 | Recon MSE=3.354317e-07 | ‖ω‖₁=2.561720e-01
  λ=8.140e-03 | Epoch 100 | lr=6.2500e-05 | Recon MSE=3.593306e-07 | ‖ω‖₁=2.398895e-01
  λ=8.140e-03 | Epoch 110 | lr=6.2500e-05 | Recon MSE=3.472544e-07 | ‖ω‖₁=2.242319e-01
  λ=8.140e-03 | Epoch 120 | lr=3.1250e-05 | Recon MSE=3.581305e-07 | ‖ω‖₁=2.097468e-01
  → at λ=8.140e-03:  r(λ)=3,  rel_err=1.663721e-03

-- Path iteration 24, λ = 8.954e-03   (r(λ) prev = 3)
  λ=8.954e-03 | Epoch   1 | lr=1.0000e-03 | Recon MSE=1.597008e-04 | ‖ω‖₁=1.184800e+02
  λ=8.954e-03 | Epoch  10 | lr=1.0000e-03 | Recon MSE=2.326371e-05 | ‖ω‖₁=8.339881e+00
  λ=8.954e-03 | Epoch  20 | lr=1.0000e-03 | Recon MSE=8.104725e-06 | ‖ω‖₁=5.191026e+00
  λ=8.954e-03 | Epoch  30 | lr=5.0000e-04 | Recon MSE=3.679926e-07 | ‖ω‖₁=3.059341e+00
  λ=8.954e-03 | Epoch  40 | lr=5.0000e-04 | Recon MSE=3.566349e-07 | ‖ω‖₁=1.348976e+00
  λ=8.954e-03 | Epoch  50 | lr=2.5000e-04 | Recon MSE=3.708949e-07 | ‖ω‖₁=3.023184e-01
  λ=8.954e-03 | Epoch  60 | lr=2.5000e-04 | Recon MSE=3.455760e-07 | ‖ω‖₁=2.646154e-01
  λ=8.954e-03 | Epoch  70 | lr=2.5000e-04 | Recon MSE=3.781788e-07 | ‖ω‖₁=2.436551e-01
  λ=8.954e-03 | Epoch  80 | lr=1.2500e-04 | Recon MSE=3.355135e-07 | ‖ω‖₁=2.232536e-01
  λ=8.954e-03 | Epoch  90 | lr=1.2500e-04 | Recon MSE=3.471050e-07 | ‖ω‖₁=2.059308e-01
  λ=8.954e-03 | Epoch 100 | lr=6.2500e-05 | Recon MSE=3.600236e-07 | ‖ω‖₁=1.895135e-01
  λ=8.954e-03 | Epoch 110 | lr=6.2500e-05 | Recon MSE=3.751844e-07 | ‖ω‖₁=1.734500e-01
  λ=8.954e-03 | Epoch 120 | lr=3.1250e-05 | Recon MSE=4.086586e-07 | ‖ω‖₁=1.588694e-01
  → at λ=8.954e-03:  r(λ)=3,  rel_err=1.730319e-03

-- Path iteration 25, λ = 9.850e-03   (r(λ) prev = 3)
  λ=9.850e-03 | Epoch   1 | lr=1.0000e-03 | Recon MSE=1.632607e-04 | ‖ω‖₁=1.175275e+02
  λ=9.850e-03 | Epoch  10 | lr=1.0000e-03 | Recon MSE=2.563168e-05 | ‖ω‖₁=7.872778e+00
  λ=9.850e-03 | Epoch  20 | lr=1.0000e-03 | Recon MSE=1.536020e-05 | ‖ω‖₁=4.690360e+00
  λ=9.850e-03 | Epoch  30 | lr=5.0000e-04 | Recon MSE=3.837778e-07 | ‖ω‖₁=2.514403e+00
  λ=9.850e-03 | Epoch  40 | lr=5.0000e-04 | Recon MSE=3.384417e-07 | ‖ω‖₁=7.475682e-01
  λ=9.850e-03 | Epoch  50 | lr=2.5000e-04 | Recon MSE=3.290078e-07 | ‖ω‖₁=2.800676e-01
  λ=9.850e-03 | Epoch  60 | lr=2.5000e-04 | Recon MSE=3.652691e-07 | ‖ω‖₁=2.553328e-01
  λ=9.850e-03 | Epoch  70 | lr=2.5000e-04 | Recon MSE=3.464635e-07 | ‖ω‖₁=2.359746e-01
  λ=9.850e-03 | Epoch  80 | lr=1.2500e-04 | Recon MSE=3.480764e-07 | ‖ω‖₁=2.170679e-01
  λ=9.850e-03 | Epoch  90 | lr=1.2500e-04 | Recon MSE=3.451933e-07 | ‖ω‖₁=2.014326e-01
  λ=9.850e-03 | Epoch 100 | lr=6.2500e-05 | Recon MSE=3.711859e-07 | ‖ω‖₁=1.859671e-01
  λ=9.850e-03 | Epoch 110 | lr=6.2500e-05 | Recon MSE=3.959797e-07 | ‖ω‖₁=1.697857e-01
  λ=9.850e-03 | Epoch 120 | lr=3.1250e-05 | Recon MSE=4.125487e-07 | ‖ω‖₁=1.544667e-01
  → at λ=9.850e-03:  r(λ)=3,  rel_err=1.809152e-03

-- Path iteration 26, λ = 1.083e-02   (r(λ) prev = 3)
  λ=1.083e-02 | Epoch   1 | lr=1.0000e-03 | Recon MSE=1.803284e-04 | ‖ω‖₁=1.164684e+02
  λ=1.083e-02 | Epoch  10 | lr=1.0000e-03 | Recon MSE=2.605438e-05 | ‖ω‖₁=7.442987e+00
  λ=1.083e-02 | Epoch  20 | lr=1.0000e-03 | Recon MSE=1.216163e-05 | ‖ω‖₁=4.206443e+00
  λ=1.083e-02 | Epoch  30 | lr=5.0000e-04 | Recon MSE=3.986821e-07 | ‖ω‖₁=1.945103e+00
  λ=1.083e-02 | Epoch  40 | lr=5.0000e-04 | Recon MSE=3.686636e-07 | ‖ω‖₁=3.326787e-01
  λ=1.083e-02 | Epoch  50 | lr=2.5000e-04 | Recon MSE=3.483639e-07 | ‖ω‖₁=2.459182e-01
  λ=1.083e-02 | Epoch  60 | lr=2.5000e-04 | Recon MSE=3.446510e-07 | ‖ω‖₁=2.196817e-01
  λ=1.083e-02 | Epoch  70 | lr=2.5000e-04 | Recon MSE=3.887160e-07 | ‖ω‖₁=1.997824e-01
  λ=1.083e-02 | Epoch  80 | lr=1.2500e-04 | Recon MSE=3.834850e-07 | ‖ω‖₁=1.799856e-01
  λ=1.083e-02 | Epoch  90 | lr=1.2500e-04 | Recon MSE=3.727564e-07 | ‖ω‖₁=1.638271e-01
  λ=1.083e-02 | Epoch 100 | lr=6.2500e-05 | Recon MSE=4.142750e-07 | ‖ω‖₁=1.480082e-01
  λ=1.083e-02 | Epoch 110 | lr=6.2500e-05 | Recon MSE=4.447175e-07 | ‖ω‖₁=1.302190e-01
  λ=1.083e-02 | Epoch 120 | lr=3.1250e-05 | Recon MSE=5.076429e-07 | ‖ω‖₁=1.122496e-01
  → at λ=1.083e-02:  r(λ)=2,  rel_err=1.991387e-03

-- Path iteration 27, λ = 1.192e-02   (r(λ) prev = 2)
  λ=1.192e-02 | Epoch   1 | lr=1.0000e-03 | Recon MSE=1.772690e-04 | ‖ω‖₁=1.153209e+02
  λ=1.192e-02 | Epoch  10 | lr=1.0000e-03 | Recon MSE=2.602580e-05 | ‖ω‖₁=6.991253e+00
  λ=1.192e-02 | Epoch  20 | lr=1.0000e-03 | Recon MSE=2.229509e-05 | ‖ω‖₁=3.652684e+00
  λ=1.192e-02 | Epoch  30 | lr=5.0000e-04 | Recon MSE=3.529216e-07 | ‖ω‖₁=1.373767e+00
  λ=1.192e-02 | Epoch  40 | lr=5.0000e-04 | Recon MSE=3.836429e-07 | ‖ω‖₁=2.611823e-01
  λ=1.192e-02 | Epoch  50 | lr=2.5000e-04 | Recon MSE=3.810937e-07 | ‖ω‖₁=2.238137e-01
  λ=1.192e-02 | Epoch  60 | lr=2.5000e-04 | Recon MSE=3.663372e-07 | ‖ω‖₁=1.962080e-01
  λ=1.192e-02 | Epoch  70 | lr=2.5000e-04 | Recon MSE=3.584023e-07 | ‖ω‖₁=1.759632e-01
  λ=1.192e-02 | Epoch  80 | lr=1.2500e-04 | Recon MSE=3.681004e-07 | ‖ω‖₁=1.557847e-01
  λ=1.192e-02 | Epoch  90 | lr=1.2500e-04 | Recon MSE=4.029277e-07 | ‖ω‖₁=1.403494e-01
  λ=1.192e-02 | Epoch 100 | lr=6.2500e-05 | Recon MSE=4.308444e-07 | ‖ω‖₁=1.250846e-01
  λ=1.192e-02 | Epoch 110 | lr=6.2500e-05 | Recon MSE=4.826186e-07 | ‖ω‖₁=1.068662e-01
  λ=1.192e-02 | Epoch 120 | lr=3.1250e-05 | Recon MSE=5.295203e-07 | ‖ω‖₁=9.574887e-02
  → at λ=1.192e-02:  r(λ)=2,  rel_err=2.037465e-03

-- Path iteration 28, λ = 1.311e-02   (r(λ) prev = 2)
  λ=1.311e-02 | Epoch   1 | lr=1.0000e-03 | Recon MSE=1.741989e-04 | ‖ω‖₁=1.140606e+02
  λ=1.311e-02 | Epoch  10 | lr=1.0000e-03 | Recon MSE=2.683870e-05 | ‖ω‖₁=6.531226e+00
  λ=1.311e-02 | Epoch  20 | lr=1.0000e-03 | Recon MSE=2.320224e-05 | ‖ω‖₁=3.066992e+00
  λ=1.311e-02 | Epoch  30 | lr=5.0000e-04 | Recon MSE=3.517929e-07 | ‖ω‖₁=7.516852e-01
  λ=1.311e-02 | Epoch  40 | lr=5.0000e-04 | Recon MSE=3.447628e-07 | ‖ω‖₁=2.350813e-01
  λ=1.311e-02 | Epoch  50 | lr=2.5000e-04 | Recon MSE=3.630486e-07 | ‖ω‖₁=2.073844e-01
  λ=1.311e-02 | Epoch  60 | lr=2.5000e-04 | Recon MSE=3.716044e-07 | ‖ω‖₁=1.855722e-01
  λ=1.311e-02 | Epoch  70 | lr=2.5000e-04 | Recon MSE=3.851891e-07 | ‖ω‖₁=1.698826e-01
  λ=1.311e-02 | Epoch  80 | lr=1.2500e-04 | Recon MSE=3.916101e-07 | ‖ω‖₁=1.523194e-01
  λ=1.311e-02 | Epoch  90 | lr=1.2500e-04 | Recon MSE=4.491971e-07 | ‖ω‖₁=1.371677e-01
  λ=1.311e-02 | Epoch 100 | lr=6.2500e-05 | Recon MSE=5.321936e-07 | ‖ω‖₁=1.194219e-01
  λ=1.311e-02 | Epoch 110 | lr=6.2500e-05 | Recon MSE=5.633090e-07 | ‖ω‖₁=1.048325e-01
  λ=1.311e-02 | Epoch 120 | lr=3.1250e-05 | Recon MSE=6.126969e-07 | ‖ω‖₁=9.618331e-02
  → at λ=1.311e-02:  r(λ)=2,  rel_err=2.152139e-03

-- Path iteration 29, λ = 1.442e-02   (r(λ) prev = 2)
  λ=1.442e-02 | Epoch   1 | lr=1.0000e-03 | Recon MSE=1.920721e-04 | ‖ω‖₁=1.126682e+02
  λ=1.442e-02 | Epoch  10 | lr=1.0000e-03 | Recon MSE=2.489215e-05 | ‖ω‖₁=6.127636e+00
  λ=1.442e-02 | Epoch  20 | lr=1.0000e-03 | Recon MSE=2.607731e-05 | ‖ω‖₁=2.555662e+00
  λ=1.442e-02 | Epoch  30 | lr=5.0000e-04 | Recon MSE=1.604978e-05 | ‖ω‖₁=2.897024e-01
  λ=1.442e-02 | Epoch  40 | lr=5.0000e-04 | Recon MSE=3.615253e-07 | ‖ω‖₁=2.270438e-01
  λ=1.442e-02 | Epoch  50 | lr=2.5000e-04 | Recon MSE=4.266479e-07 | ‖ω‖₁=1.906827e-01
  λ=1.442e-02 | Epoch  60 | lr=2.5000e-04 | Recon MSE=3.769085e-07 | ‖ω‖₁=1.645601e-01
  λ=1.442e-02 | Epoch  70 | lr=2.5000e-04 | Recon MSE=4.002853e-07 | ‖ω‖₁=1.456442e-01
  λ=1.442e-02 | Epoch  80 | lr=1.2500e-04 | Recon MSE=4.156038e-07 | ‖ω‖₁=1.254577e-01
  λ=1.442e-02 | Epoch  90 | lr=1.2500e-04 | Recon MSE=4.675217e-07 | ‖ω‖₁=1.076947e-01
  λ=1.442e-02 | Epoch 100 | lr=6.2500e-05 | Recon MSE=6.546226e-07 | ‖ω‖₁=9.094053e-02
  λ=1.442e-02 | Epoch 110 | lr=6.2500e-05 | Recon MSE=8.126212e-07 | ‖ω‖₁=8.200171e-02
  λ=1.442e-02 | Epoch 120 | lr=3.1250e-05 | Recon MSE=9.879745e-07 | ‖ω‖₁=7.389498e-02
  → at λ=1.442e-02:  r(λ)=2,  rel_err=2.815528e-03

-- Path iteration 30, λ = 1.586e-02   (r(λ) prev = 2)
  λ=1.586e-02 | Epoch   1 | lr=1.0000e-03 | Recon MSE=2.140221e-04 | ‖ω‖₁=1.111223e+02
  λ=1.586e-02 | Epoch  10 | lr=1.0000e-03 | Recon MSE=2.776937e-05 | ‖ω‖₁=5.662601e+00
  λ=1.586e-02 | Epoch  20 | lr=1.0000e-03 | Recon MSE=2.451429e-05 | ‖ω‖₁=1.980427e+00
  λ=1.586e-02 | Epoch  30 | lr=5.0000e-04 | Recon MSE=1.320317e-05 | ‖ω‖₁=2.253698e-01
  λ=1.586e-02 | Epoch  40 | lr=5.0000e-04 | Recon MSE=3.578228e-07 | ‖ω‖₁=2.166819e-01
  λ=1.586e-02 | Epoch  50 | lr=2.5000e-04 | Recon MSE=4.027561e-07 | ‖ω‖₁=1.837021e-01
  λ=1.586e-02 | Epoch  60 | lr=2.5000e-04 | Recon MSE=3.950977e-07 | ‖ω‖₁=1.599080e-01
  λ=1.586e-02 | Epoch  70 | lr=2.5000e-04 | Recon MSE=3.713986e-07 | ‖ω‖₁=1.425998e-01
  λ=1.586e-02 | Epoch  80 | lr=1.2500e-04 | Recon MSE=4.236124e-07 | ‖ω‖₁=1.238069e-01
  λ=1.586e-02 | Epoch  90 | lr=1.2500e-04 | Recon MSE=4.474817e-07 | ‖ω‖₁=1.082433e-01
  λ=1.586e-02 | Epoch 100 | lr=6.2500e-05 | Recon MSE=6.566619e-07 | ‖ω‖₁=8.901217e-02
  λ=1.586e-02 | Epoch 110 | lr=6.2500e-05 | Recon MSE=8.613776e-07 | ‖ω‖₁=7.977850e-02
  λ=1.586e-02 | Epoch 120 | lr=3.1250e-05 | Recon MSE=1.102963e-06 | ‖ω‖₁=7.114390e-02
  → at λ=1.586e-02:  r(λ)=2,  rel_err=3.035238e-03

-- Path iteration 31, λ = 1.745e-02   (r(λ) prev = 2)
  λ=1.745e-02 | Epoch   1 | lr=1.0000e-03 | Recon MSE=2.130208e-04 | ‖ω‖₁=1.094402e+02
  λ=1.745e-02 | Epoch  10 | lr=1.0000e-03 | Recon MSE=2.494163e-05 | ‖ω‖₁=5.154487e+00
  λ=1.745e-02 | Epoch  20 | lr=1.0000e-03 | Recon MSE=2.948540e-05 | ‖ω‖₁=1.373131e+00
  λ=1.745e-02 | Epoch  30 | lr=5.0000e-04 | Recon MSE=2.592855e-05 | ‖ω‖₁=1.382078e-01
  λ=1.745e-02 | Epoch  40 | lr=5.0000e-04 | Recon MSE=2.605922e-05 | ‖ω‖₁=1.167039e-01
  λ=1.745e-02 | Epoch  50 | lr=2.5000e-04 | Recon MSE=2.600302e-05 | ‖ω‖₁=1.007797e-01
  λ=1.745e-02 | Epoch  60 | lr=2.5000e-04 | Recon MSE=2.596217e-05 | ‖ω‖₁=8.509973e-02
  λ=1.745e-02 | Epoch  70 | lr=2.5000e-04 | Recon MSE=2.719363e-05 | ‖ω‖₁=7.621107e-02
  λ=1.745e-02 | Epoch  80 | lr=1.2500e-04 | Recon MSE=2.682676e-05 | ‖ω‖₁=6.109957e-02
  λ=1.745e-02 | Epoch  90 | lr=1.2500e-04 | Recon MSE=2.676425e-05 | ‖ω‖₁=4.872865e-02
  λ=1.745e-02 | Epoch 100 | lr=6.2500e-05 | Recon MSE=2.664140e-05 | ‖ω‖₁=4.304326e-02
  λ=1.745e-02 | Epoch 110 | lr=6.2500e-05 | Recon MSE=2.687944e-05 | ‖ω‖₁=3.793825e-02
  λ=1.745e-02 | Epoch 120 | lr=3.1250e-05 | Recon MSE=2.731922e-05 | ‖ω‖₁=3.290407e-02
  → at λ=1.745e-02:  r(λ)=2,  rel_err=1.474423e-02

-- Path iteration 32, λ = 1.919e-02   (r(λ) prev = 2)
  λ=1.919e-02 | Epoch   1 | lr=1.0000e-03 | Recon MSE=2.236007e-04 | ‖ω‖₁=1.075798e+02
  λ=1.919e-02 | Epoch  10 | lr=1.0000e-03 | Recon MSE=2.592189e-05 | ‖ω‖₁=4.736696e+00
  λ=1.919e-02 | Epoch  20 | lr=1.0000e-03 | Recon MSE=2.732216e-05 | ‖ω‖₁=8.047814e-01
  λ=1.919e-02 | Epoch  30 | lr=5.0000e-04 | Recon MSE=2.668115e-05 | ‖ω‖₁=1.055516e-01
  λ=1.919e-02 | Epoch  40 | lr=5.0000e-04 | Recon MSE=2.813789e-05 | ‖ω‖₁=8.808093e-02
  λ=1.919e-02 | Epoch  50 | lr=2.5000e-04 | Recon MSE=2.653924e-05 | ‖ω‖₁=7.446988e-02
  λ=1.919e-02 | Epoch  60 | lr=2.5000e-04 | Recon MSE=2.658265e-05 | ‖ω‖₁=6.346368e-02
  λ=1.919e-02 | Epoch  70 | lr=2.5000e-04 | Recon MSE=2.711248e-05 | ‖ω‖₁=5.736345e-02
  λ=1.919e-02 | Epoch  80 | lr=1.2500e-04 | Recon MSE=2.688278e-05 | ‖ω‖₁=4.297398e-02
  λ=1.919e-02 | Epoch  90 | lr=1.2500e-04 | Recon MSE=2.683284e-05 | ‖ω‖₁=3.620760e-02
  λ=1.919e-02 | Epoch 100 | lr=6.2500e-05 | Recon MSE=2.733934e-05 | ‖ω‖₁=3.148375e-02
  λ=1.919e-02 | Epoch 110 | lr=6.2500e-05 | Recon MSE=2.753410e-05 | ‖ω‖₁=2.699359e-02
  λ=1.919e-02 | Epoch 120 | lr=3.1250e-05 | Recon MSE=2.849889e-05 | ‖ω‖₁=2.241866e-02
  → at λ=1.919e-02:  r(λ)=2,  rel_err=1.533403e-02

-- Path iteration 33, λ = 2.111e-02   (r(λ) prev = 2)
  λ=2.111e-02 | Epoch   1 | lr=1.0000e-03 | Recon MSE=2.421266e-04 | ‖ω‖₁=1.055406e+02
  λ=2.111e-02 | Epoch  10 | lr=1.0000e-03 | Recon MSE=2.677985e-05 | ‖ω‖₁=4.256600e+00
  λ=2.111e-02 | Epoch  20 | lr=1.0000e-03 | Recon MSE=3.010161e-05 | ‖ω‖₁=3.052538e-01
  λ=2.111e-02 | Epoch  30 | lr=5.0000e-04 | Recon MSE=2.720910e-05 | ‖ω‖₁=1.164434e-01
  λ=2.111e-02 | Epoch  40 | lr=5.0000e-04 | Recon MSE=2.607855e-05 | ‖ω‖₁=9.787850e-02
  λ=2.111e-02 | Epoch  50 | lr=2.5000e-04 | Recon MSE=2.684201e-05 | ‖ω‖₁=8.426543e-02
  λ=2.111e-02 | Epoch  60 | lr=2.5000e-04 | Recon MSE=2.668755e-05 | ‖ω‖₁=7.037828e-02
  λ=2.111e-02 | Epoch  70 | lr=2.5000e-04 | Recon MSE=2.721427e-05 | ‖ω‖₁=6.063203e-02
  λ=2.111e-02 | Epoch  80 | lr=1.2500e-04 | Recon MSE=2.638069e-05 | ‖ω‖₁=4.645590e-02
  λ=2.111e-02 | Epoch  90 | lr=1.2500e-04 | Recon MSE=2.714863e-05 | ‖ω‖₁=4.199779e-02
  λ=2.111e-02 | Epoch 100 | lr=6.2500e-05 | Recon MSE=2.695041e-05 | ‖ω‖₁=3.652667e-02
  λ=2.111e-02 | Epoch 110 | lr=6.2500e-05 | Recon MSE=2.799698e-05 | ‖ω‖₁=3.057764e-02
  λ=2.111e-02 | Epoch 120 | lr=3.1250e-05 | Recon MSE=2.969705e-05 | ‖ω‖₁=2.337786e-02
  → at λ=2.111e-02:  r(λ)=2,  rel_err=1.524359e-02

-- Path iteration 34, λ = 2.323e-02   (r(λ) prev = 2)
  λ=2.323e-02 | Epoch   1 | lr=1.0000e-03 | Recon MSE=2.432033e-04 | ‖ω‖₁=1.032837e+02
  λ=2.323e-02 | Epoch  10 | lr=1.0000e-03 | Recon MSE=2.724175e-05 | ‖ω‖₁=3.774927e+00
  λ=2.323e-02 | Epoch  20 | lr=1.0000e-03 | Recon MSE=3.022002e-05 | ‖ω‖₁=1.432167e-01
  λ=2.323e-02 | Epoch  30 | lr=5.0000e-04 | Recon MSE=2.665604e-05 | ‖ω‖₁=1.063957e-01
  λ=2.323e-02 | Epoch  40 | lr=5.0000e-04 | Recon MSE=2.865014e-05 | ‖ω‖₁=9.036472e-02
  λ=2.323e-02 | Epoch  50 | lr=2.5000e-04 | Recon MSE=2.669028e-05 | ‖ω‖₁=7.772624e-02
  λ=2.323e-02 | Epoch  60 | lr=2.5000e-04 | Recon MSE=2.768115e-05 | ‖ω‖₁=6.412759e-02
  λ=2.323e-02 | Epoch  70 | lr=2.5000e-04 | Recon MSE=2.733454e-05 | ‖ω‖₁=4.970744e-02
  λ=2.323e-02 | Epoch  80 | lr=1.2500e-04 | Recon MSE=2.627753e-05 | ‖ω‖₁=4.300634e-02
  λ=2.323e-02 | Epoch  90 | lr=1.2500e-04 | Recon MSE=2.770017e-05 | ‖ω‖₁=3.868388e-02
  λ=2.323e-02 | Epoch 100 | lr=6.2500e-05 | Recon MSE=2.729050e-05 | ‖ω‖₁=3.277043e-02
  λ=2.323e-02 | Epoch 110 | lr=6.2500e-05 | Recon MSE=2.933783e-05 | ‖ω‖₁=2.541516e-02
  λ=2.323e-02 | Epoch 120 | lr=3.1250e-05 | Recon MSE=3.225591e-05 | ‖ω‖₁=1.570315e-02
  → at λ=2.323e-02:  r(λ)=1,  rel_err=1.643422e-02

-- Path iteration 35, λ = 2.555e-02   (r(λ) prev = 1)
  λ=2.555e-02 | Epoch   1 | lr=1.0000e-03 | Recon MSE=2.906564e-04 | ‖ω‖₁=1.008175e+02
  λ=2.555e-02 | Epoch  10 | lr=1.0000e-03 | Recon MSE=2.504946e-05 | ‖ω‖₁=3.256890e+00
  λ=2.555e-02 | Epoch  20 | lr=1.0000e-03 | Recon MSE=2.817898e-05 | ‖ω‖₁=1.495080e-01
  λ=2.555e-02 | Epoch  30 | lr=5.0000e-04 | Recon MSE=2.679908e-05 | ‖ω‖₁=1.150022e-01
  λ=2.555e-02 | Epoch  40 | lr=5.0000e-04 | Recon MSE=2.741166e-05 | ‖ω‖₁=9.648595e-02
  λ=2.555e-02 | Epoch  50 | lr=2.5000e-04 | Recon MSE=2.696677e-05 | ‖ω‖₁=8.207448e-02
  λ=2.555e-02 | Epoch  60 | lr=2.5000e-04 | Recon MSE=2.670663e-05 | ‖ω‖₁=6.268209e-02
  λ=2.555e-02 | Epoch  70 | lr=2.5000e-04 | Recon MSE=2.739427e-05 | ‖ω‖₁=4.824915e-02
  λ=2.555e-02 | Epoch  80 | lr=1.2500e-04 | Recon MSE=2.663855e-05 | ‖ω‖₁=4.147772e-02
  λ=2.555e-02 | Epoch  90 | lr=1.2500e-04 | Recon MSE=2.701613e-05 | ‖ω‖₁=3.609576e-02
  λ=2.555e-02 | Epoch 100 | lr=6.2500e-05 | Recon MSE=2.787477e-05 | ‖ω‖₁=2.947273e-02
  λ=2.555e-02 | Epoch 110 | lr=6.2500e-05 | Recon MSE=3.226231e-05 | ‖ω‖₁=1.949525e-02
  λ=2.555e-02 | Epoch 120 | lr=3.1250e-05 | Recon MSE=3.619674e-05 | ‖ω‖₁=1.330697e-02
  → at λ=2.555e-02:  r(λ)=1,  rel_err=1.684829e-02

-- Path iteration 36, λ = 2.810e-02   (r(λ) prev = 1)
  λ=2.810e-02 | Epoch   1 | lr=1.0000e-03 | Recon MSE=3.159538e-04 | ‖ω‖₁=9.809220e+01
  λ=2.810e-02 | Epoch  10 | lr=1.0000e-03 | Recon MSE=2.648237e-05 | ‖ω‖₁=2.789915e+00
  λ=2.810e-02 | Epoch  20 | lr=1.0000e-03 | Recon MSE=2.816427e-05 | ‖ω‖₁=1.150827e-01
  λ=2.810e-02 | Epoch  30 | lr=5.0000e-04 | Recon MSE=2.813884e-05 | ‖ω‖₁=8.173906e-02
  λ=2.810e-02 | Epoch  40 | lr=5.0000e-04 | Recon MSE=3.123643e-05 | ‖ω‖₁=6.968483e-02
  λ=2.810e-02 | Epoch  50 | lr=2.5000e-04 | Recon MSE=2.649944e-05 | ‖ω‖₁=5.796994e-02
  λ=2.810e-02 | Epoch  60 | lr=2.5000e-04 | Recon MSE=2.740922e-05 | ‖ω‖₁=3.933694e-02
  λ=2.810e-02 | Epoch  70 | lr=2.5000e-04 | Recon MSE=2.697045e-05 | ‖ω‖₁=3.468667e-02
  λ=2.810e-02 | Epoch  80 | lr=1.2500e-04 | Recon MSE=2.698429e-05 | ‖ω‖₁=2.972110e-02
  λ=2.810e-02 | Epoch  90 | lr=1.2500e-04 | Recon MSE=2.781241e-05 | ‖ω‖₁=2.567366e-02
  λ=2.810e-02 | Epoch 100 | lr=6.2500e-05 | Recon MSE=3.003596e-05 | ‖ω‖₁=1.922195e-02
  λ=2.810e-02 | Epoch 110 | lr=6.2500e-05 | Recon MSE=3.756911e-05 | ‖ω‖₁=1.127396e-02
  λ=2.810e-02 | Epoch 120 | lr=3.1250e-05 | Recon MSE=6.173957e-05 | ‖ω‖₁=8.103239e-03
  → at λ=2.810e-02:  r(λ)=1,  rel_err=2.256355e-02

-- Path iteration 37, λ = 3.091e-02   (r(λ) prev = 1)
  λ=3.091e-02 | Epoch   1 | lr=1.0000e-03 | Recon MSE=3.433208e-04 | ‖ω‖₁=9.509924e+01
  λ=3.091e-02 | Epoch  10 | lr=1.0000e-03 | Recon MSE=2.844855e-05 | ‖ω‖₁=2.252357e+00
  λ=3.091e-02 | Epoch  20 | lr=1.0000e-03 | Recon MSE=3.112458e-05 | ‖ω‖₁=1.096877e-01
  λ=3.091e-02 | Epoch  30 | lr=5.0000e-04 | Recon MSE=2.808142e-05 | ‖ω‖₁=8.578701e-02
  λ=3.091e-02 | Epoch  40 | lr=5.0000e-04 | Recon MSE=2.767022e-05 | ‖ω‖₁=6.561024e-02
  λ=3.091e-02 | Epoch  50 | lr=2.5000e-04 | Recon MSE=2.668058e-05 | ‖ω‖₁=5.121246e-02
  λ=3.091e-02 | Epoch  60 | lr=2.5000e-04 | Recon MSE=2.646994e-05 | ‖ω‖₁=3.707066e-02
  λ=3.091e-02 | Epoch  70 | lr=2.5000e-04 | Recon MSE=2.717545e-05 | ‖ω‖₁=3.118070e-02
  λ=3.091e-02 | Epoch  80 | lr=1.2500e-04 | Recon MSE=2.727122e-05 | ‖ω‖₁=2.582766e-02
  λ=3.091e-02 | Epoch  90 | lr=1.2500e-04 | Recon MSE=2.708374e-05 | ‖ω‖₁=2.162013e-02
  λ=3.091e-02 | Epoch 100 | lr=6.2500e-05 | Recon MSE=3.242527e-05 | ‖ω‖₁=1.447748e-02
  λ=3.091e-02 | Epoch 110 | lr=6.2500e-05 | Recon MSE=6.185281e-05 | ‖ω‖₁=8.694284e-03
  λ=3.091e-02 | Epoch 120 | lr=3.1250e-05 | Recon MSE=2.935140e-04 | ‖ω‖₁=5.424127e-03
  → at λ=3.091e-02:  r(λ)=1,  rel_err=5.048498e-02

-- Path iteration 38, λ = 3.400e-02   (r(λ) prev = 1)
  λ=3.400e-02 | Epoch   1 | lr=1.0000e-03 | Recon MSE=4.123102e-04 | ‖ω‖₁=9.180928e+01
  λ=3.400e-02 | Epoch  10 | lr=1.0000e-03 | Recon MSE=2.614238e-05 | ‖ω‖₁=1.651128e+00
  λ=3.400e-02 | Epoch  20 | lr=1.0000e-03 | Recon MSE=2.792043e-05 | ‖ω‖₁=9.927885e-02
  λ=3.400e-02 | Epoch  30 | lr=5.0000e-04 | Recon MSE=2.705588e-05 | ‖ω‖₁=6.734731e-02
  λ=3.400e-02 | Epoch  40 | lr=5.0000e-04 | Recon MSE=2.716948e-05 | ‖ω‖₁=5.418339e-02
  λ=3.400e-02 | Epoch  50 | lr=2.5000e-04 | Recon MSE=2.666420e-05 | ‖ω‖₁=4.373321e-02
  λ=3.400e-02 | Epoch  60 | lr=2.5000e-04 | Recon MSE=2.724493e-05 | ‖ω‖₁=3.029604e-02
  λ=3.400e-02 | Epoch  70 | lr=2.5000e-04 | Recon MSE=2.724397e-05 | ‖ω‖₁=2.598103e-02
  λ=3.400e-02 | Epoch  80 | lr=1.2500e-04 | Recon MSE=2.766767e-05 | ‖ω‖₁=2.140763e-02
  λ=3.400e-02 | Epoch  90 | lr=1.2500e-04 | Recon MSE=2.765196e-05 | ‖ω‖₁=1.756315e-02
  λ=3.400e-02 | Epoch 100 | lr=6.2500e-05 | Recon MSE=4.164819e-05 | ‖ω‖₁=9.465634e-03
  λ=3.400e-02 | Epoch 110 | lr=6.2500e-05 | Recon MSE=2.151407e-04 | ‖ω‖₁=5.848631e-03
  λ=3.400e-02 | Epoch 120 | lr=3.1250e-05 | Recon MSE=2.298063e-03 | ‖ω‖₁=0.000000e+00
  → at λ=3.400e-02:  r(λ)=0,  rel_err=1.340720e-01
All skip-weights have zeroed out. Stopping path.

Found knees using Z-method: [14 25 33]
[Dense2Sparse] Picked λ=3.797e-03,  r=6, err=1.502567e-03

→ Final training on full data with λ = 3.797e-03 ...
  λ=3.797e-03 | Epoch   1 | lr=1.0000e-03 | Recon MSE=1.512003e-04 | ‖ω‖₁=1.239742e+02
  λ=3.797e-03 | Epoch  10 | lr=1.0000e-03 | Recon MSE=5.081065e-06 | ‖ω‖₁=5.445188e+01
  λ=3.797e-03 | Epoch  20 | lr=1.0000e-03 | Recon MSE=9.517627e-06 | ‖ω‖₁=9.371557e+00
  λ=3.797e-03 | Epoch  30 | lr=5.0000e-04 | Recon MSE=2.678603e-07 | ‖ω‖₁=7.348890e+00
  λ=3.797e-03 | Epoch  40 | lr=5.0000e-04 | Recon MSE=3.779105e-07 | ‖ω‖₁=6.000913e+00
  λ=3.797e-03 | Epoch  50 | lr=2.5000e-04 | Recon MSE=2.764031e-07 | ‖ω‖₁=4.916963e+00
  λ=3.797e-03 | Epoch  60 | lr=2.5000e-04 | Recon MSE=2.752636e-07 | ‖ω‖₁=3.979638e+00
  λ=3.797e-03 | Epoch  70 | lr=2.5000e-04 | Recon MSE=2.647105e-07 | ‖ω‖₁=3.145444e+00
  λ=3.797e-03 | Epoch  80 | lr=1.2500e-04 | Recon MSE=2.686464e-07 | ‖ω‖₁=2.383040e+00
  λ=3.797e-03 | Epoch  90 | lr=1.2500e-04 | Recon MSE=2.749355e-07 | ‖ω‖₁=1.679221e+00
  λ=3.797e-03 | Epoch 100 | lr=6.2500e-05 | Recon MSE=2.788300e-07 | ‖ω‖₁=1.022681e+00
  λ=3.797e-03 | Epoch 110 | lr=6.2500e-05 | Recon MSE=2.840912e-07 | ‖ω‖₁=5.120940e-01
  λ=3.797e-03 | Epoch 120 | lr=3.1250e-05 | Recon MSE=2.876717e-07 | ‖ω‖₁=3.824532e-01

Final skip-weights ω: [0.0, 0.09880273789167404, 0.1808234304189682, 0.09863237291574478, 0.0, 0.0, 0.0, 0.0, 0.0, -0.0] ...
Selected POD-mode indices (ω_j ≠ 0): [1, 2, 3, 58, 60, 122, 127] (count = 7 / 128)
Final relative reconstruction of SparseModesNet: ||X - X_hat||_F / ||X||_F = 1.508730e-03
Final MSE per sample of SparseModesNet: = 1.936837e-04
Relative error using only selected  modes: 9.940168e-01
MSE per sample using only selected  modes: 1.276072e-01
2025-06-17 12:48:17,826 - sparsemodesnet.heat_equation - INFO - ==================================================
2025-06-17 12:48:17,826 - sparsemodesnet.heat_equation - INFO - Experiment completed successfully!
2025-06-17 12:48:17,826 - sparsemodesnet.heat_equation - INFO - Selected 7 modes out of 128
2025-06-17 12:48:17,827 - sparsemodesnet.heat_equation - INFO - Final lambda: 3.797e-03
