2025-06-23 17:59:45,728 - sparsemodesnet.heat_equation_pi-net_decoder - INFO - Starting heat_equation_pi-net_decoder experiment
2025-06-23 17:59:45,728 - sparsemodesnet.heat_equation_pi-net_decoder - INFO - Log file: logs/heat_equation_pi-net_decoder_20250623_175945.log
2025-06-23 17:59:45,729 - sparsemodesnet.heat_equation_pi-net_decoder - INFO - Experiment: Heat Equation Pi-Net Decoder
2025-06-23 17:59:45,729 - sparsemodesnet.heat_equation_pi-net_decoder - INFO - Data shape: (128, 1000)
2025-06-23 17:59:45,730 - sparsemodesnet.heat_equation_pi-net_decoder - INFO - POD dimension: 30
2025-06-23 17:59:45,730 - sparsemodesnet.heat_equation_pi-net_decoder - INFO - Hidden units: [30, 900, 128]
2025-06-23 17:59:45,731 - sparsemodesnet.heat_equation_pi-net_decoder - INFO - Mode Selection Method: None
2025-06-23 17:59:45,731 - sparsemodesnet.heat_equation_pi-net_decoder - INFO - Device: mps
2025-06-23 17:59:45,731 - sparsemodesnet.heat_equation_pi-net_decoder - INFO - Training parameters: M=1.0, lr=0.001, batch_size=32
2025-06-23 17:59:45,732 - sparsemodesnet.heat_equation_pi-net_decoder - INFO - Optimizer: Adam, knee_method: dfdt
2025-06-23 17:59:45,732 - sparsemodesnet.heat_equation_pi-net_decoder - INFO - NN type: PiNetNCP with polynomial order of 2, and 1 number of polynomial blocks
2025-06-23 17:59:45,733 - sparsemodesnet.heat_equation_pi-net_decoder - INFO - ==================================================
Skipping mode selection.

→ Training decoder model with 3 selected modes ...
  Epoch   1 | lr=1.0000e-03 | Recon MSE=5.212136e-05
  Epoch  10 | lr=1.0000e-03 | Recon MSE=2.797830e-07
  Epoch  20 | lr=1.0000e-03 | Recon MSE=2.706836e-07
  Epoch  30 | lr=1.0000e-03 | Recon MSE=2.763984e-07
  Epoch  40 | lr=1.0000e-03 | Recon MSE=2.881545e-07
  Epoch  50 | lr=1.0000e-03 | Recon MSE=2.921670e-07
  Epoch  60 | lr=1.0000e-03 | Recon MSE=2.715481e-07
  Epoch  70 | lr=1.0000e-03 | Recon MSE=2.631389e-07
  Epoch  80 | lr=1.0000e-03 | Recon MSE=2.794404e-07
