2025-06-16 15:09:10,706 - sparsemodesnet.heat_equation - INFO - Starting heat_equation experiment
2025-06-16 15:09:10,707 - sparsemodesnet.heat_equation - INFO - Log file: logs/heat_equation_20250616_150910.log
2025-06-16 15:09:10,707 - sparsemodesnet.heat_equation - INFO - Experiment: Heat Equation
2025-06-16 15:09:10,708 - sparsemodesnet.heat_equation - INFO - Data shape: (128, 1000)
2025-06-16 15:09:10,708 - sparsemodesnet.heat_equation - INFO - POD dimension: 20
2025-06-16 15:09:10,708 - sparsemodesnet.heat_equation - INFO - Hidden units: [20, 210, 400]
2025-06-16 15:09:10,709 - sparsemodesnet.heat_equation - INFO - Regularization method: dense2sparse
2025-06-16 15:09:10,709 - sparsemodesnet.heat_equation - INFO - Device: mps
2025-06-16 15:09:10,709 - sparsemodesnet.heat_equation - INFO - Training parameters: M=1.0, lr=0.001, batch_size=64
2025-06-16 15:09:10,709 - sparsemodesnet.heat_equation - INFO - Optimizer: Adam, knee_method: zmethod
2025-06-16 15:09:10,710 - sparsemodesnet.heat_equation - INFO - ==================================================

=== SparseModesNet (λ-path=dense2sparse) on Heat Equation: d=128, n=1000, s=20 ===

=== Dense-To-Sparse (default) λ-Path ===

-- Path iteration 1, λ = 1.000e-03   (r(λ) prev = 20)
  λ=1.000e-03 | Epoch   1 | lr=1.0000e-03 | Recon MSE=1.138275e-02 | ‖ω‖₁=1.981025e+01
  λ=1.000e-03 | Epoch  10 | lr=1.0000e-03 | Recon MSE=2.897788e-04 | ‖ω‖₁=1.707992e+01
  λ=1.000e-03 | Epoch  20 | lr=5.0000e-04 | Recon MSE=3.612693e-04 | ‖ω‖₁=1.425225e+01
  λ=1.000e-03 | Epoch  30 | lr=5.0000e-04 | Recon MSE=7.027751e-04 | ‖ω‖₁=1.141348e+01
  λ=1.000e-03 | Epoch  40 | lr=2.5000e-04 | Recon MSE=2.345232e-03 | ‖ω‖₁=8.478925e+00
  λ=1.000e-03 | Epoch  50 | lr=1.2500e-04 | Recon MSE=5.622359e-03 | ‖ω‖₁=5.624898e+00
  λ=1.000e-03 | Epoch  60 | lr=1.2500e-04 | Recon MSE=1.324180e-02 | ‖ω‖₁=4.378242e+00
  λ=1.000e-03 | Epoch  70 | lr=6.2500e-05 | Recon MSE=2.559472e-02 | ‖ω‖₁=3.542108e+00
  λ=1.000e-03 | Epoch  80 | lr=3.1250e-05 | Recon MSE=4.367362e-02 | ‖ω‖₁=2.831885e+00
