2025-06-23 17:55:55,220 - sparsemodesnet.heat_equation_pi-net_decoder - INFO - Starting heat_equation_pi-net_decoder experiment
2025-06-23 17:55:55,220 - sparsemodesnet.heat_equation_pi-net_decoder - INFO - Log file: logs/heat_equation_pi-net_decoder_20250623_175555.log
2025-06-23 17:55:55,221 - sparsemodesnet.heat_equation_pi-net_decoder - INFO - Experiment: Heat Equation Pi-Net Decoder
2025-06-23 17:55:55,221 - sparsemodesnet.heat_equation_pi-net_decoder - INFO - Data shape: (128, 1000)
2025-06-23 17:55:55,222 - sparsemodesnet.heat_equation_pi-net_decoder - INFO - POD dimension: 30
2025-06-23 17:55:55,222 - sparsemodesnet.heat_equation_pi-net_decoder - INFO - Hidden units: [30, 465, 128]
2025-06-23 17:55:55,222 - sparsemodesnet.heat_equation_pi-net_decoder - INFO - Mode Selection Method: None
2025-06-23 17:55:55,222 - sparsemodesnet.heat_equation_pi-net_decoder - INFO - Device: mps
2025-06-23 17:55:55,223 - sparsemodesnet.heat_equation_pi-net_decoder - INFO - Training parameters: M=1.0, lr=0.001, batch_size=32
2025-06-23 17:55:55,223 - sparsemodesnet.heat_equation_pi-net_decoder - INFO - Optimizer: Adam, knee_method: dfdt
2025-06-23 17:55:55,224 - sparsemodesnet.heat_equation_pi-net_decoder - INFO - NN type: PiNetNCP with polynomial order of 2, and 2 number of polynomial blocks
2025-06-23 17:55:55,224 - sparsemodesnet.heat_equation_pi-net_decoder - INFO - ==================================================
Skipping mode selection.

→ Training decoder model with 3 selected modes ...
  Epoch   1 | lr=1.0000e-03 | Recon MSE=1.701846e-04
  Epoch  10 | lr=1.0000e-03 | Recon MSE=2.569997e-07
  Epoch  20 | lr=5.0000e-04 | Recon MSE=2.632544e-07
  Epoch  30 | lr=5.0000e-04 | Recon MSE=2.582448e-07
  Epoch  40 | lr=2.5000e-04 | Recon MSE=2.622607e-07
  Epoch  50 | lr=2.5000e-04 | Recon MSE=2.558803e-07
  Epoch  60 | lr=1.2500e-04 | Recon MSE=2.574866e-07
  Epoch  70 | lr=1.2500e-04 | Recon MSE=2.556635e-07
  Epoch  80 | lr=6.2500e-05 | Recon MSE=2.529740e-07
  Epoch  90 | lr=6.2500e-05 | Recon MSE=2.529554e-07
  Epoch 100 | lr=3.1250e-05 | Recon MSE=2.529042e-07
Final relative reconstruction error: ||X - X_hat||_F / ||X||_F = 1.402309e-03
Final MSE per sample: 1.800219e-04
Relative error using only selected modes: 1.399042e-03
MSE per sample using only selected modes: 1.796025e-04
