2025-06-17 12:51:55,315 - sparsemodesnet.heat_equation - INFO - Starting heat_equation experiment
2025-06-17 12:51:55,315 - sparsemodesnet.heat_equation - INFO - Log file: logs/heat_equation_20250617_125155.log
2025-06-17 12:51:55,316 - sparsemodesnet.heat_equation - INFO - Experiment: Heat Equation
2025-06-17 12:51:55,316 - sparsemodesnet.heat_equation - INFO - Data shape: (128, 1000)
2025-06-17 12:51:55,317 - sparsemodesnet.heat_equation - INFO - POD dimension: 128
2025-06-17 12:51:55,317 - sparsemodesnet.heat_equation - INFO - Hidden units: [128, 1200, 128]
2025-06-17 12:51:55,318 - sparsemodesnet.heat_equation - INFO - Regularization method: dense2sparse
2025-06-17 12:51:55,318 - sparsemodesnet.heat_equation - INFO - Device: mps
2025-06-17 12:51:55,318 - sparsemodesnet.heat_equation - INFO - Training parameters: M=1.0, lr=0.001, batch_size=64
2025-06-17 12:51:55,318 - sparsemodesnet.heat_equation - INFO - Optimizer: Adam, knee_method: zmethod
2025-06-17 12:51:55,319 - sparsemodesnet.heat_equation - INFO - NN type: PiNetCCP with polynomial order of 2, and 2 number of polynomial blocks
2025-06-17 12:51:55,319 - sparsemodesnet.heat_equation - INFO - ==================================================

=== SparseModesNet (λ-path=dense2sparse) on Heat Equation: d=128, n=1000, s=128 ===

=== Dense-To-Sparse (default) λ-Path ===

-- Path iteration 1, λ = 1.000e-03   (r(λ) prev = 128)
  λ=1.000e-03 | Epoch   1 | lr=1.0000e-03 | Recon MSE=2.494462e-04 | ‖ω‖₁=1.269361e+02
  λ=1.000e-03 | Epoch  10 | lr=1.0000e-03 | Recon MSE=1.258068e-05 | ‖ω‖₁=1.088407e+02
  λ=1.000e-03 | Epoch  20 | lr=1.0000e-03 | Recon MSE=5.158857e-07 | ‖ω‖₁=8.876519e+01
  λ=1.000e-03 | Epoch  30 | lr=5.0000e-04 | Recon MSE=1.032246e-07 | ‖ω‖₁=6.857940e+01
  λ=1.000e-03 | Epoch  40 | lr=5.0000e-04 | Recon MSE=8.171728e-06 | ‖ω‖₁=4.836086e+01
  λ=1.000e-03 | Epoch  50 | lr=2.5000e-04 | Recon MSE=7.839760e-07 | ‖ω‖₁=2.810001e+01
  λ=1.000e-03 | Epoch  60 | lr=2.5000e-04 | Recon MSE=6.643724e-07 | ‖ω‖₁=1.192833e+01
  λ=1.000e-03 | Epoch  70 | lr=2.5000e-04 | Recon MSE=1.278797e-06 | ‖ω‖₁=1.043186e+01
  λ=1.000e-03 | Epoch  80 | lr=1.2500e-04 | Recon MSE=1.904472e-06 | ‖ω‖₁=9.419251e+00
  λ=1.000e-03 | Epoch  90 | lr=1.2500e-04 | Recon MSE=2.302504e-06 | ‖ω‖₁=8.574008e+00
  λ=1.000e-03 | Epoch 100 | lr=6.2500e-05 | Recon MSE=2.239156e-06 | ‖ω‖₁=7.840725e+00
  λ=1.000e-03 | Epoch 110 | lr=6.2500e-05 | Recon MSE=1.507315e-06 | ‖ω‖₁=7.327168e+00
  λ=1.000e-03 | Epoch 120 | lr=3.1250e-05 | Recon MSE=9.204719e-07 | ‖ω‖₁=6.883602e+00
  → at λ=1.000e-03:  r(λ)=128,  rel_err=2.622756e-03

-- Path iteration 2, λ = 1.100e-03   (r(λ) prev = 128)
  λ=1.100e-03 | Epoch   1 | lr=1.0000e-03 | Recon MSE=2.557696e-04 | ‖ω‖₁=1.268320e+02
  λ=1.100e-03 | Epoch  10 | lr=1.0000e-03 | Recon MSE=1.362777e-06 | ‖ω‖₁=1.069276e+02
  λ=1.100e-03 | Epoch  20 | lr=1.0000e-03 | Recon MSE=3.518040e-05 | ‖ω‖₁=8.486208e+01
  λ=1.100e-03 | Epoch  30 | lr=5.0000e-04 | Recon MSE=1.146411e-07 | ‖ω‖₁=6.266615e+01
  λ=1.100e-03 | Epoch  40 | lr=5.0000e-04 | Recon MSE=1.509840e-06 | ‖ω‖₁=4.041409e+01
  λ=1.100e-03 | Epoch  50 | lr=2.5000e-04 | Recon MSE=8.344984e-07 | ‖ω‖₁=1.810934e+01
  λ=1.100e-03 | Epoch  60 | lr=2.5000e-04 | Recon MSE=9.374083e-07 | ‖ω‖₁=1.098544e+01
  λ=1.100e-03 | Epoch  70 | lr=2.5000e-04 | Recon MSE=1.088863e-06 | ‖ω‖₁=9.733240e+00
  λ=1.100e-03 | Epoch  80 | lr=1.2500e-04 | Recon MSE=1.201602e-06 | ‖ω‖₁=8.736053e+00
  λ=1.100e-03 | Epoch  90 | lr=1.2500e-04 | Recon MSE=1.002399e-06 | ‖ω‖₁=7.889742e+00
  λ=1.100e-03 | Epoch 100 | lr=6.2500e-05 | Recon MSE=5.693073e-07 | ‖ω‖₁=7.313758e+00
  λ=1.100e-03 | Epoch 110 | lr=6.2500e-05 | Recon MSE=4.402341e-07 | ‖ω‖₁=6.836317e+00
  λ=1.100e-03 | Epoch 120 | lr=3.1250e-05 | Recon MSE=3.281841e-07 | ‖ω‖₁=6.419279e+00
  → at λ=1.100e-03:  r(λ)=128,  rel_err=1.614007e-03

-- Path iteration 3, λ = 1.210e-03   (r(λ) prev = 128)
  λ=1.210e-03 | Epoch   1 | lr=1.0000e-03 | Recon MSE=3.017640e-04 | ‖ω‖₁=1.267058e+02
  λ=1.210e-03 | Epoch  10 | lr=1.0000e-03 | Recon MSE=3.894195e-06 | ‖ω‖₁=1.048010e+02
  λ=1.210e-03 | Epoch  20 | lr=1.0000e-03 | Recon MSE=3.571801e-06 | ‖ω‖₁=8.043915e+01
  λ=1.210e-03 | Epoch  30 | lr=5.0000e-04 | Recon MSE=2.193029e-07 | ‖ω‖₁=5.597175e+01
  λ=1.210e-03 | Epoch  40 | lr=5.0000e-04 | Recon MSE=5.405520e-07 | ‖ω‖₁=3.146469e+01
  λ=1.210e-03 | Epoch  50 | lr=2.5000e-04 | Recon MSE=9.952543e-07 | ‖ω‖₁=1.180804e+01
  λ=1.210e-03 | Epoch  60 | lr=2.5000e-04 | Recon MSE=1.671564e-06 | ‖ω‖₁=1.010610e+01
  λ=1.210e-03 | Epoch  70 | lr=2.5000e-04 | Recon MSE=1.648472e-06 | ‖ω‖₁=9.043261e+00
  λ=1.210e-03 | Epoch  80 | lr=1.2500e-04 | Recon MSE=1.691415e-06 | ‖ω‖₁=8.101953e+00
  λ=1.210e-03 | Epoch  90 | lr=1.2500e-04 | Recon MSE=7.943313e-07 | ‖ω‖₁=7.396681e+00
  λ=1.210e-03 | Epoch 100 | lr=6.2500e-05 | Recon MSE=4.333391e-07 | ‖ω‖₁=6.874265e+00
  λ=1.210e-03 | Epoch 110 | lr=6.2500e-05 | Recon MSE=3.543548e-07 | ‖ω‖₁=6.410838e+00
  λ=1.210e-03 | Epoch 120 | lr=3.1250e-05 | Recon MSE=2.925492e-07 | ‖ω‖₁=5.994388e+00
  → at λ=1.210e-03:  r(λ)=128,  rel_err=1.512649e-03

-- Path iteration 4, λ = 1.331e-03   (r(λ) prev = 128)
  λ=1.331e-03 | Epoch   1 | lr=1.0000e-03 | Recon MSE=2.842933e-04 | ‖ω‖₁=1.265846e+02
  λ=1.331e-03 | Epoch  10 | lr=1.0000e-03 | Recon MSE=6.386817e-06 | ‖ω‖₁=1.024239e+02
  λ=1.331e-03 | Epoch  20 | lr=1.0000e-03 | Recon MSE=3.359459e-05 | ‖ω‖₁=7.557296e+01
  λ=1.331e-03 | Epoch  30 | lr=5.0000e-04 | Recon MSE=4.487330e-07 | ‖ω‖₁=4.861879e+01
  λ=1.331e-03 | Epoch  40 | lr=5.0000e-04 | Recon MSE=6.187959e-07 | ‖ω‖₁=2.161566e+01
  λ=1.331e-03 | Epoch  50 | lr=2.5000e-04 | Recon MSE=7.196744e-07 | ‖ω‖₁=1.064254e+01
  λ=1.331e-03 | Epoch  60 | lr=2.5000e-04 | Recon MSE=7.275752e-07 | ‖ω‖₁=9.229272e+00
  λ=1.331e-03 | Epoch  70 | lr=2.5000e-04 | Recon MSE=3.547592e-07 | ‖ω‖₁=8.249692e+00
  λ=1.331e-03 | Epoch  80 | lr=1.2500e-04 | Recon MSE=3.103321e-07 | ‖ω‖₁=7.490908e+00
  λ=1.331e-03 | Epoch  90 | lr=1.2500e-04 | Recon MSE=2.691812e-07 | ‖ω‖₁=6.917200e+00
  λ=1.331e-03 | Epoch 100 | lr=6.2500e-05 | Recon MSE=2.643207e-07 | ‖ω‖₁=6.407768e+00
  λ=1.331e-03 | Epoch 110 | lr=6.2500e-05 | Recon MSE=2.646152e-07 | ‖ω‖₁=5.944634e+00
  λ=1.331e-03 | Epoch 120 | lr=3.1250e-05 | Recon MSE=2.611530e-07 | ‖ω‖₁=5.517631e+00
  → at λ=1.331e-03:  r(λ)=128,  rel_err=1.418306e-03

-- Path iteration 5, λ = 1.464e-03   (r(λ) prev = 128)
  λ=1.464e-03 | Epoch   1 | lr=1.0000e-03 | Recon MSE=2.238232e-04 | ‖ω‖₁=1.264500e+02
  λ=1.464e-03 | Epoch  10 | lr=1.0000e-03 | Recon MSE=3.176493e-06 | ‖ω‖₁=9.985546e+01
  λ=1.464e-03 | Epoch  20 | lr=1.0000e-03 | Recon MSE=2.814983e-07 | ‖ω‖₁=7.032750e+01
  λ=1.464e-03 | Epoch  30 | lr=5.0000e-04 | Recon MSE=6.094533e-07 | ‖ω‖₁=4.064678e+01
  λ=1.464e-03 | Epoch  40 | lr=5.0000e-04 | Recon MSE=1.434089e-05 | ‖ω‖₁=1.219745e+01
  λ=1.464e-03 | Epoch  50 | lr=2.5000e-04 | Recon MSE=8.284712e-07 | ‖ω‖₁=9.891950e+00
  λ=1.464e-03 | Epoch  60 | lr=2.5000e-04 | Recon MSE=6.146311e-07 | ‖ω‖₁=8.579009e+00
  λ=1.464e-03 | Epoch  70 | lr=2.5000e-04 | Recon MSE=2.870092e-07 | ‖ω‖₁=7.663544e+00
  λ=1.464e-03 | Epoch  80 | lr=1.2500e-04 | Recon MSE=2.510415e-07 | ‖ω‖₁=7.016734e+00
  λ=1.464e-03 | Epoch  90 | lr=1.2500e-04 | Recon MSE=2.428397e-07 | ‖ω‖₁=6.464671e+00
  λ=1.464e-03 | Epoch 100 | lr=6.2500e-05 | Recon MSE=2.524501e-07 | ‖ω‖₁=5.965592e+00
  λ=1.464e-03 | Epoch 110 | lr=6.2500e-05 | Recon MSE=2.580593e-07 | ‖ω‖₁=5.507143e+00
  λ=1.464e-03 | Epoch 120 | lr=3.1250e-05 | Recon MSE=2.588197e-07 | ‖ω‖₁=5.080389e+00
  → at λ=1.464e-03:  r(λ)=128,  rel_err=1.403528e-03

-- Path iteration 6, λ = 1.611e-03   (r(λ) prev = 128)
  λ=1.611e-03 | Epoch   1 | lr=1.0000e-03 | Recon MSE=3.018661e-04 | ‖ω‖₁=1.262921e+02
  λ=1.611e-03 | Epoch  10 | lr=1.0000e-03 | Recon MSE=5.216642e-06 | ‖ω‖₁=9.698712e+01
  λ=1.611e-03 | Epoch  20 | lr=1.0000e-03 | Recon MSE=5.537857e-05 | ‖ω‖₁=6.444340e+01
  λ=1.611e-03 | Epoch  30 | lr=5.0000e-04 | Recon MSE=9.771998e-07 | ‖ω‖₁=3.178557e+01
  λ=1.611e-03 | Epoch  40 | lr=5.0000e-04 | Recon MSE=3.623619e-06 | ‖ω‖₁=1.078330e+01
  λ=1.611e-03 | Epoch  50 | lr=2.5000e-04 | Recon MSE=1.050956e-06 | ‖ω‖₁=9.062834e+00
  λ=1.611e-03 | Epoch  60 | lr=2.5000e-04 | Recon MSE=5.250928e-07 | ‖ω‖₁=7.855200e+00
  λ=1.611e-03 | Epoch  70 | lr=2.5000e-04 | Recon MSE=2.856437e-07 | ‖ω‖₁=7.098124e+00
  λ=1.611e-03 | Epoch  80 | lr=1.2500e-04 | Recon MSE=2.743916e-07 | ‖ω‖₁=6.469061e+00
  λ=1.611e-03 | Epoch  90 | lr=1.2500e-04 | Recon MSE=2.747044e-07 | ‖ω‖₁=5.912866e+00
  λ=1.611e-03 | Epoch 100 | lr=6.2500e-05 | Recon MSE=2.826383e-07 | ‖ω‖₁=5.409697e+00
  λ=1.611e-03 | Epoch 110 | lr=6.2500e-05 | Recon MSE=2.764348e-07 | ‖ω‖₁=4.947325e+00
  λ=1.611e-03 | Epoch 120 | lr=3.1250e-05 | Recon MSE=2.726901e-07 | ‖ω‖₁=4.516875e+00
  → at λ=1.611e-03:  r(λ)=128,  rel_err=1.455885e-03

-- Path iteration 7, λ = 1.772e-03   (r(λ) prev = 128)
  λ=1.772e-03 | Epoch   1 | lr=1.0000e-03 | Recon MSE=2.178116e-04 | ‖ω‖₁=1.261129e+02
  λ=1.772e-03 | Epoch  10 | lr=1.0000e-03 | Recon MSE=1.060575e-06 | ‖ω‖₁=9.385089e+01
  λ=1.772e-03 | Epoch  20 | lr=1.0000e-03 | Recon MSE=1.462902e-04 | ‖ω‖₁=5.801616e+01
  λ=1.772e-03 | Epoch  30 | lr=5.0000e-04 | Recon MSE=1.038854e-06 | ‖ω‖₁=2.206479e+01
  λ=1.772e-03 | Epoch  40 | lr=5.0000e-04 | Recon MSE=1.054138e-06 | ‖ω‖₁=1.000233e+01
  λ=1.772e-03 | Epoch  50 | lr=2.5000e-04 | Recon MSE=3.374870e-07 | ‖ω‖₁=8.470857e+00
  λ=1.772e-03 | Epoch  60 | lr=2.5000e-04 | Recon MSE=2.774505e-07 | ‖ω‖₁=7.494672e+00
  λ=1.772e-03 | Epoch  70 | lr=2.5000e-04 | Recon MSE=2.339031e-07 | ‖ω‖₁=6.773918e+00
  λ=1.772e-03 | Epoch  80 | lr=1.2500e-04 | Recon MSE=2.378799e-07 | ‖ω‖₁=6.142305e+00
  λ=1.772e-03 | Epoch  90 | lr=1.2500e-04 | Recon MSE=2.358618e-07 | ‖ω‖₁=5.582207e+00
  λ=1.772e-03 | Epoch 100 | lr=6.2500e-05 | Recon MSE=2.473873e-07 | ‖ω‖₁=5.070663e+00
  λ=1.772e-03 | Epoch 110 | lr=6.2500e-05 | Recon MSE=2.423482e-07 | ‖ω‖₁=4.598057e+00
  λ=1.772e-03 | Epoch 120 | lr=3.1250e-05 | Recon MSE=2.501962e-07 | ‖ω‖₁=4.156888e+00
  → at λ=1.772e-03:  r(λ)=128,  rel_err=1.370259e-03

-- Path iteration 8, λ = 1.949e-03   (r(λ) prev = 128)
  λ=1.949e-03 | Epoch   1 | lr=1.0000e-03 | Recon MSE=2.556241e-04 | ‖ω‖₁=1.259369e+02
  λ=1.949e-03 | Epoch  10 | lr=1.0000e-03 | Recon MSE=7.307171e-05 | ‖ω‖₁=9.043932e+01
  λ=1.949e-03 | Epoch  20 | lr=1.0000e-03 | Recon MSE=4.215247e-06 | ‖ω‖₁=5.100141e+01
  λ=1.949e-03 | Epoch  30 | lr=5.0000e-04 | Recon MSE=1.904120e-06 | ‖ω‖₁=1.226612e+01
  λ=1.949e-03 | Epoch  40 | lr=5.0000e-04 | Recon MSE=2.574451e-06 | ‖ω‖₁=9.332434e+00
  λ=1.949e-03 | Epoch  50 | lr=2.5000e-04 | Recon MSE=8.498082e-07 | ‖ω‖₁=8.000687e+00
  λ=1.949e-03 | Epoch  60 | lr=2.5000e-04 | Recon MSE=3.854032e-07 | ‖ω‖₁=7.088514e+00
  λ=1.949e-03 | Epoch  70 | lr=2.5000e-04 | Recon MSE=2.648412e-07 | ‖ω‖₁=6.351788e+00
  λ=1.949e-03 | Epoch  80 | lr=1.2500e-04 | Recon MSE=2.534067e-07 | ‖ω‖₁=5.706793e+00
  λ=1.949e-03 | Epoch  90 | lr=1.2500e-04 | Recon MSE=2.614775e-07 | ‖ω‖₁=5.124544e+00
  λ=1.949e-03 | Epoch 100 | lr=6.2500e-05 | Recon MSE=2.726318e-07 | ‖ω‖₁=4.590205e+00
  λ=1.949e-03 | Epoch 110 | lr=6.2500e-05 | Recon MSE=2.794549e-07 | ‖ω‖₁=4.095319e+00
  λ=1.949e-03 | Epoch 120 | lr=3.1250e-05 | Recon MSE=2.774723e-07 | ‖ω‖₁=3.632894e+00
  → at λ=1.949e-03:  r(λ)=128,  rel_err=1.467569e-03

-- Path iteration 9, λ = 2.144e-03   (r(λ) prev = 128)
  λ=2.144e-03 | Epoch   1 | lr=1.0000e-03 | Recon MSE=2.780637e-04 | ‖ω‖₁=1.257215e+02
  λ=2.144e-03 | Epoch  10 | lr=1.0000e-03 | Recon MSE=9.551702e-07 | ‖ω‖₁=8.664133e+01
  λ=2.144e-03 | Epoch  20 | lr=1.0000e-03 | Recon MSE=8.403780e-05 | ‖ω‖₁=4.316403e+01
  λ=2.144e-03 | Epoch  30 | lr=5.0000e-04 | Recon MSE=2.884362e-06 | ‖ω‖₁=1.070986e+01
  λ=2.144e-03 | Epoch  40 | lr=5.0000e-04 | Recon MSE=1.704101e-06 | ‖ω‖₁=8.600202e+00
  λ=2.144e-03 | Epoch  50 | lr=2.5000e-04 | Recon MSE=3.576761e-07 | ‖ω‖₁=7.466004e+00
  λ=2.144e-03 | Epoch  60 | lr=2.5000e-04 | Recon MSE=2.784144e-07 | ‖ω‖₁=6.595618e+00
  λ=2.144e-03 | Epoch  70 | lr=2.5000e-04 | Recon MSE=2.728097e-07 | ‖ω‖₁=5.861956e+00
  λ=2.144e-03 | Epoch  80 | lr=1.2500e-04 | Recon MSE=2.628171e-07 | ‖ω‖₁=5.206109e+00
  λ=2.144e-03 | Epoch  90 | lr=1.2500e-04 | Recon MSE=2.601851e-07 | ‖ω‖₁=4.614696e+00
  λ=2.144e-03 | Epoch 100 | lr=6.2500e-05 | Recon MSE=2.730779e-07 | ‖ω‖₁=4.071426e+00
  λ=2.144e-03 | Epoch 110 | lr=6.2500e-05 | Recon MSE=2.815960e-07 | ‖ω‖₁=3.565780e+00
  λ=2.144e-03 | Epoch 120 | lr=3.1250e-05 | Recon MSE=2.860967e-07 | ‖ω‖₁=3.091890e+00
  → at λ=2.144e-03:  r(λ)=128,  rel_err=1.472062e-03

-- Path iteration 10, λ = 2.358e-03   (r(λ) prev = 128)
  λ=2.358e-03 | Epoch   1 | lr=1.0000e-03 | Recon MSE=2.971210e-04 | ‖ω‖₁=1.255043e+02
  λ=2.358e-03 | Epoch  10 | lr=1.0000e-03 | Recon MSE=9.434298e-06 | ‖ω‖₁=8.246847e+01
  λ=2.358e-03 | Epoch  20 | lr=1.0000e-03 | Recon MSE=1.858950e-05 | ‖ω‖₁=3.464433e+01
  λ=2.358e-03 | Epoch  30 | lr=5.0000e-04 | Recon MSE=3.551025e-06 | ‖ω‖₁=9.849665e+00
  λ=2.358e-03 | Epoch  40 | lr=5.0000e-04 | Recon MSE=2.174605e-06 | ‖ω‖₁=7.992584e+00
  λ=2.358e-03 | Epoch  50 | lr=2.5000e-04 | Recon MSE=4.242672e-07 | ‖ω‖₁=6.930005e+00
  λ=2.358e-03 | Epoch  60 | lr=2.5000e-04 | Recon MSE=2.930244e-07 | ‖ω‖₁=6.073800e+00
  λ=2.358e-03 | Epoch  70 | lr=2.5000e-04 | Recon MSE=2.686977e-07 | ‖ω‖₁=5.343461e+00
  λ=2.358e-03 | Epoch  80 | lr=1.2500e-04 | Recon MSE=2.803025e-07 | ‖ω‖₁=4.691065e+00
  λ=2.358e-03 | Epoch  90 | lr=1.2500e-04 | Recon MSE=2.888161e-07 | ‖ω‖₁=4.095110e+00
  λ=2.358e-03 | Epoch 100 | lr=6.2500e-05 | Recon MSE=3.135741e-07 | ‖ω‖₁=3.542333e+00
  λ=2.358e-03 | Epoch 110 | lr=6.2500e-05 | Recon MSE=3.287048e-07 | ‖ω‖₁=3.026982e+00
  λ=2.358e-03 | Epoch 120 | lr=3.1250e-05 | Recon MSE=3.337041e-07 | ‖ω‖₁=2.540195e+00
  → at λ=2.358e-03:  r(λ)=128,  rel_err=1.596528e-03

-- Path iteration 11, λ = 2.594e-03   (r(λ) prev = 128)
  λ=2.594e-03 | Epoch   1 | lr=1.0000e-03 | Recon MSE=2.678219e-04 | ‖ω‖₁=1.252452e+02
  λ=2.594e-03 | Epoch  10 | lr=1.0000e-03 | Recon MSE=1.372993e-05 | ‖ω‖₁=7.784270e+01
  λ=2.594e-03 | Epoch  20 | lr=1.0000e-03 | Recon MSE=3.972029e-05 | ‖ω‖₁=2.520351e+01
  λ=2.594e-03 | Epoch  30 | lr=5.0000e-04 | Recon MSE=3.855870e-06 | ‖ω‖₁=9.225769e+00
  λ=2.594e-03 | Epoch  40 | lr=5.0000e-04 | Recon MSE=6.694092e-07 | ‖ω‖₁=7.642003e+00
  λ=2.594e-03 | Epoch  50 | lr=2.5000e-04 | Recon MSE=2.742349e-07 | ‖ω‖₁=6.577532e+00
  λ=2.594e-03 | Epoch  60 | lr=2.5000e-04 | Recon MSE=2.495316e-07 | ‖ω‖₁=5.699014e+00
  λ=2.594e-03 | Epoch  70 | lr=2.5000e-04 | Recon MSE=2.491044e-07 | ‖ω‖₁=4.941155e+00
  λ=2.594e-03 | Epoch  80 | lr=1.2500e-04 | Recon MSE=2.680603e-07 | ‖ω‖₁=4.263201e+00
  λ=2.594e-03 | Epoch  90 | lr=1.2500e-04 | Recon MSE=2.638746e-07 | ‖ω‖₁=3.644265e+00
  λ=2.594e-03 | Epoch 100 | lr=6.2500e-05 | Recon MSE=2.798311e-07 | ‖ω‖₁=3.069778e+00
  λ=2.594e-03 | Epoch 110 | lr=6.2500e-05 | Recon MSE=2.948207e-07 | ‖ω‖₁=2.532876e+00
  λ=2.594e-03 | Epoch 120 | lr=3.1250e-05 | Recon MSE=3.007553e-07 | ‖ω‖₁=2.026824e+00
  → at λ=2.594e-03:  r(λ)=128,  rel_err=1.504552e-03

-- Path iteration 12, λ = 2.853e-03   (r(λ) prev = 128)
  λ=2.853e-03 | Epoch   1 | lr=1.0000e-03 | Recon MSE=2.469788e-04 | ‖ω‖₁=1.249705e+02
  λ=2.853e-03 | Epoch  10 | lr=1.0000e-03 | Recon MSE=2.141003e-05 | ‖ω‖₁=7.278787e+01
  λ=2.853e-03 | Epoch  20 | lr=1.0000e-03 | Recon MSE=4.614528e-06 | ‖ω‖₁=1.482930e+01
  λ=2.853e-03 | Epoch  30 | lr=5.0000e-04 | Recon MSE=1.998912e-06 | ‖ω‖₁=8.539602e+00
  λ=2.853e-03 | Epoch  40 | lr=5.0000e-04 | Recon MSE=3.629325e-07 | ‖ω‖₁=7.130765e+00
  λ=2.853e-03 | Epoch  50 | lr=2.5000e-04 | Recon MSE=2.787409e-07 | ‖ω‖₁=6.078595e+00
  λ=2.853e-03 | Epoch  60 | lr=2.5000e-04 | Recon MSE=2.573302e-07 | ‖ω‖₁=5.200239e+00
  λ=2.853e-03 | Epoch  70 | lr=2.5000e-04 | Recon MSE=2.666790e-07 | ‖ω‖₁=4.431100e+00
  λ=2.853e-03 | Epoch  80 | lr=1.2500e-04 | Recon MSE=2.746170e-07 | ‖ω‖₁=3.737604e+00
  λ=2.853e-03 | Epoch  90 | lr=1.2500e-04 | Recon MSE=2.792352e-07 | ‖ω‖₁=3.104274e+00
  λ=2.853e-03 | Epoch 100 | lr=6.2500e-05 | Recon MSE=2.919238e-07 | ‖ω‖₁=2.516367e+00
  λ=2.853e-03 | Epoch 110 | lr=6.2500e-05 | Recon MSE=3.043043e-07 | ‖ω‖₁=1.963772e+00
  λ=2.853e-03 | Epoch 120 | lr=3.1250e-05 | Recon MSE=3.052719e-07 | ‖ω‖₁=1.444353e+00
  → at λ=2.853e-03:  r(λ)=128,  rel_err=1.539158e-03

-- Path iteration 13, λ = 3.138e-03   (r(λ) prev = 128)
  λ=3.138e-03 | Epoch   1 | lr=1.0000e-03 | Recon MSE=2.564813e-04 | ‖ω‖₁=1.246707e+02
  λ=3.138e-03 | Epoch  10 | lr=1.0000e-03 | Recon MSE=6.226618e-05 | ‖ω‖₁=6.727733e+01
  λ=3.138e-03 | Epoch  20 | lr=1.0000e-03 | Recon MSE=1.792595e-05 | ‖ω‖₁=1.089934e+01
  λ=3.138e-03 | Epoch  30 | lr=5.0000e-04 | Recon MSE=1.422075e-06 | ‖ω‖₁=8.121490e+00
  λ=3.138e-03 | Epoch  40 | lr=5.0000e-04 | Recon MSE=3.450348e-07 | ‖ω‖₁=6.717279e+00
  λ=3.138e-03 | Epoch  50 | lr=2.5000e-04 | Recon MSE=2.618017e-07 | ‖ω‖₁=5.654470e+00
  λ=3.138e-03 | Epoch  60 | lr=2.5000e-04 | Recon MSE=2.631885e-07 | ‖ω‖₁=4.750877e+00
  λ=3.138e-03 | Epoch  70 | lr=2.5000e-04 | Recon MSE=2.888349e-07 | ‖ω‖₁=3.957737e+00
  λ=3.138e-03 | Epoch  80 | lr=1.2500e-04 | Recon MSE=2.615132e-07 | ‖ω‖₁=3.240725e+00
  λ=3.138e-03 | Epoch  90 | lr=1.2500e-04 | Recon MSE=2.716763e-07 | ‖ω‖₁=2.583558e+00
  λ=3.138e-03 | Epoch 100 | lr=6.2500e-05 | Recon MSE=2.958969e-07 | ‖ω‖₁=1.972024e+00
  λ=3.138e-03 | Epoch 110 | lr=6.2500e-05 | Recon MSE=3.024861e-07 | ‖ω‖₁=1.397139e+00
  λ=3.138e-03 | Epoch 120 | lr=3.1250e-05 | Recon MSE=3.060333e-07 | ‖ω‖₁=8.562010e-01
  → at λ=3.138e-03:  r(λ)=127,  rel_err=1.593716e-03

-- Path iteration 14, λ = 3.452e-03   (r(λ) prev = 127)
  λ=3.452e-03 | Epoch   1 | lr=1.0000e-03 | Recon MSE=2.315831e-04 | ‖ω‖₁=1.243379e+02
  λ=3.452e-03 | Epoch  10 | lr=1.0000e-03 | Recon MSE=3.258049e-05 | ‖ω‖₁=6.113895e+01
  λ=3.452e-03 | Epoch  20 | lr=1.0000e-03 | Recon MSE=3.855445e-05 | ‖ω‖₁=9.888731e+00
  λ=3.452e-03 | Epoch  30 | lr=5.0000e-04 | Recon MSE=1.150291e-06 | ‖ω‖₁=7.560807e+00
  λ=3.452e-03 | Epoch  40 | lr=5.0000e-04 | Recon MSE=3.804895e-07 | ‖ω‖₁=6.219113e+00
  λ=3.452e-03 | Epoch  50 | lr=2.5000e-04 | Recon MSE=2.798382e-07 | ‖ω‖₁=5.154616e+00
  λ=3.452e-03 | Epoch  60 | lr=2.5000e-04 | Recon MSE=2.708158e-07 | ‖ω‖₁=4.240468e+00
  λ=3.452e-03 | Epoch  70 | lr=2.5000e-04 | Recon MSE=2.848349e-07 | ‖ω‖₁=3.432529e+00
  λ=3.452e-03 | Epoch  80 | lr=1.2500e-04 | Recon MSE=2.840384e-07 | ‖ω‖₁=2.698053e+00
  λ=3.452e-03 | Epoch  90 | lr=1.2500e-04 | Recon MSE=2.881059e-07 | ‖ω‖₁=2.021150e+00
  λ=3.452e-03 | Epoch 100 | lr=6.2500e-05 | Recon MSE=3.232724e-07 | ‖ω‖₁=1.392656e+00
  λ=3.452e-03 | Epoch 110 | lr=6.2500e-05 | Recon MSE=3.311005e-07 | ‖ω‖₁=8.035140e-01
  λ=3.452e-03 | Epoch 120 | lr=3.1250e-05 | Recon MSE=3.275089e-07 | ‖ω‖₁=3.125769e-01
  → at λ=3.452e-03:  r(λ)=72,  rel_err=1.585120e-03

-- Path iteration 15, λ = 3.797e-03   (r(λ) prev = 72)
  λ=3.797e-03 | Epoch   1 | lr=1.0000e-03 | Recon MSE=2.764795e-04 | ‖ω‖₁=1.239613e+02
  λ=3.797e-03 | Epoch  10 | lr=1.0000e-03 | Recon MSE=4.555023e-05 | ‖ω‖₁=5.436209e+01
  λ=3.797e-03 | Epoch  20 | lr=1.0000e-03 | Recon MSE=1.015079e-05 | ‖ω‖₁=9.121182e+00
  λ=3.797e-03 | Epoch  30 | lr=5.0000e-04 | Recon MSE=8.074249e-07 | ‖ω‖₁=7.116328e+00
  λ=3.797e-03 | Epoch  40 | lr=5.0000e-04 | Recon MSE=2.912732e-07 | ‖ω‖₁=5.759483e+00
  λ=3.797e-03 | Epoch  50 | lr=2.5000e-04 | Recon MSE=2.671800e-07 | ‖ω‖₁=4.665055e+00
  λ=3.797e-03 | Epoch  60 | lr=2.5000e-04 | Recon MSE=2.582708e-07 | ‖ω‖₁=3.724605e+00
  λ=3.797e-03 | Epoch  70 | lr=2.5000e-04 | Recon MSE=2.587260e-07 | ‖ω‖₁=2.891074e+00
  λ=3.797e-03 | Epoch  80 | lr=1.2500e-04 | Recon MSE=2.737856e-07 | ‖ω‖₁=2.131938e+00
  λ=3.797e-03 | Epoch  90 | lr=1.2500e-04 | Recon MSE=2.803995e-07 | ‖ω‖₁=1.434605e+00
  λ=3.797e-03 | Epoch 100 | lr=6.2500e-05 | Recon MSE=2.970064e-07 | ‖ω‖₁=7.864808e-01
  λ=3.797e-03 | Epoch 110 | lr=6.2500e-05 | Recon MSE=3.001880e-07 | ‖ω‖₁=2.975130e-01
  λ=3.797e-03 | Epoch 120 | lr=3.1250e-05 | Recon MSE=3.106219e-07 | ‖ω‖₁=1.736039e-01
  → at λ=3.797e-03:  r(λ)=4,  rel_err=1.563333e-03

-- Path iteration 16, λ = 4.177e-03   (r(λ) prev = 4)
  λ=4.177e-03 | Epoch   1 | lr=1.0000e-03 | Recon MSE=2.803366e-04 | ‖ω‖₁=1.235561e+02
  λ=4.177e-03 | Epoch  10 | lr=1.0000e-03 | Recon MSE=2.162755e-04 | ‖ω‖₁=4.695054e+01
  λ=4.177e-03 | Epoch  20 | lr=1.0000e-03 | Recon MSE=6.416175e-05 | ‖ω‖₁=8.613696e+00
  λ=4.177e-03 | Epoch  30 | lr=5.0000e-04 | Recon MSE=9.521346e-07 | ‖ω‖₁=6.721127e+00
  λ=4.177e-03 | Epoch  40 | lr=5.0000e-04 | Recon MSE=3.378673e-07 | ‖ω‖₁=5.346359e+00
  λ=4.177e-03 | Epoch  50 | lr=2.5000e-04 | Recon MSE=2.667252e-07 | ‖ω‖₁=4.226930e+00
  λ=4.177e-03 | Epoch  60 | lr=2.5000e-04 | Recon MSE=2.558099e-07 | ‖ω‖₁=3.262785e+00
  λ=4.177e-03 | Epoch  70 | lr=2.5000e-04 | Recon MSE=2.754250e-07 | ‖ω‖₁=2.400410e+00
  λ=4.177e-03 | Epoch  80 | lr=1.2500e-04 | Recon MSE=2.660072e-07 | ‖ω‖₁=1.611553e+00
  λ=4.177e-03 | Epoch  90 | lr=1.2500e-04 | Recon MSE=2.704875e-07 | ‖ω‖₁=8.826116e-01
  λ=4.177e-03 | Epoch 100 | lr=6.2500e-05 | Recon MSE=2.919861e-07 | ‖ω‖₁=3.086755e-01
  λ=4.177e-03 | Epoch 110 | lr=6.2500e-05 | Recon MSE=3.065403e-07 | ‖ω‖₁=1.870575e-01
  λ=4.177e-03 | Epoch 120 | lr=3.1250e-05 | Recon MSE=3.034367e-07 | ‖ω‖₁=1.756222e-01
  → at λ=4.177e-03:  r(λ)=3,  rel_err=1.526716e-03

-- Path iteration 17, λ = 4.595e-03   (r(λ) prev = 3)
  λ=4.595e-03 | Epoch   1 | lr=1.0000e-03 | Recon MSE=2.618627e-04 | ‖ω‖₁=1.231125e+02
  λ=4.595e-03 | Epoch  10 | lr=1.0000e-03 | Recon MSE=1.097526e-05 | ‖ω‖₁=3.882059e+01
  λ=4.595e-03 | Epoch  20 | lr=1.0000e-03 | Recon MSE=1.528495e-05 | ‖ω‖₁=8.111859e+00
  λ=4.595e-03 | Epoch  30 | lr=5.0000e-04 | Recon MSE=5.604663e-06 | ‖ω‖₁=6.276974e+00
  λ=4.595e-03 | Epoch  40 | lr=5.0000e-04 | Recon MSE=1.483199e-06 | ‖ω‖₁=4.903360e+00
  λ=4.595e-03 | Epoch  50 | lr=2.5000e-04 | Recon MSE=4.946122e-07 | ‖ω‖₁=3.761024e+00
  λ=4.595e-03 | Epoch  60 | lr=2.5000e-04 | Recon MSE=3.686530e-07 | ‖ω‖₁=2.760858e+00
  λ=4.595e-03 | Epoch  70 | lr=2.5000e-04 | Recon MSE=3.046293e-07 | ‖ω‖₁=1.865467e+00
  λ=4.595e-03 | Epoch  80 | lr=1.2500e-04 | Recon MSE=3.364304e-07 | ‖ω‖₁=1.045625e+00
  λ=4.595e-03 | Epoch  90 | lr=1.2500e-04 | Recon MSE=3.121584e-07 | ‖ω‖₁=3.440305e-01
  λ=4.595e-03 | Epoch 100 | lr=6.2500e-05 | Recon MSE=3.449361e-07 | ‖ω‖₁=1.819997e-01
  λ=4.595e-03 | Epoch 110 | lr=6.2500e-05 | Recon MSE=3.688472e-07 | ‖ω‖₁=1.689986e-01
  λ=4.595e-03 | Epoch 120 | lr=3.1250e-05 | Recon MSE=3.594854e-07 | ‖ω‖₁=1.585357e-01
  → at λ=4.595e-03:  r(λ)=3,  rel_err=1.666255e-03

-- Path iteration 18, λ = 5.054e-03   (r(λ) prev = 3)
  λ=5.054e-03 | Epoch   1 | lr=1.0000e-03 | Recon MSE=2.687026e-04 | ‖ω‖₁=1.226382e+02
  λ=5.054e-03 | Epoch  10 | lr=1.0000e-03 | Recon MSE=1.420426e-05 | ‖ω‖₁=2.990434e+01
  λ=5.054e-03 | Epoch  20 | lr=1.0000e-03 | Recon MSE=1.705158e-05 | ‖ω‖₁=7.594860e+00
  λ=5.054e-03 | Epoch  30 | lr=5.0000e-04 | Recon MSE=1.260469e-05 | ‖ω‖₁=5.738671e+00
  λ=5.054e-03 | Epoch  40 | lr=5.0000e-04 | Recon MSE=2.474792e-06 | ‖ω‖₁=4.378071e+00
  λ=5.054e-03 | Epoch  50 | lr=2.5000e-04 | Recon MSE=4.281108e-07 | ‖ω‖₁=3.203028e+00
  λ=5.054e-03 | Epoch  60 | lr=2.5000e-04 | Recon MSE=2.964660e-07 | ‖ω‖₁=2.178952e+00
  λ=5.054e-03 | Epoch  70 | lr=2.5000e-04 | Recon MSE=2.745521e-07 | ‖ω‖₁=1.259929e+00
  λ=5.054e-03 | Epoch  80 | lr=1.2500e-04 | Recon MSE=2.766927e-07 | ‖ω‖₁=4.734039e-01
  λ=5.054e-03 | Epoch  90 | lr=1.2500e-04 | Recon MSE=2.793210e-07 | ‖ω‖₁=2.115345e-01
  λ=5.054e-03 | Epoch 100 | lr=6.2500e-05 | Recon MSE=3.058461e-07 | ‖ω‖₁=1.968302e-01
  λ=5.054e-03 | Epoch 110 | lr=6.2500e-05 | Recon MSE=3.186178e-07 | ‖ω‖₁=1.834198e-01
  λ=5.054e-03 | Epoch 120 | lr=3.1250e-05 | Recon MSE=3.227059e-07 | ‖ω‖₁=1.718898e-01
  → at λ=5.054e-03:  r(λ)=3,  rel_err=1.591924e-03

-- Path iteration 19, λ = 5.560e-03   (r(λ) prev = 3)
  λ=5.560e-03 | Epoch   1 | lr=1.0000e-03 | Recon MSE=2.546649e-04 | ‖ω‖₁=1.220796e+02
  λ=5.560e-03 | Epoch  10 | lr=1.0000e-03 | Recon MSE=1.800826e-05 | ‖ω‖₁=2.003698e+01
  λ=5.560e-03 | Epoch  20 | lr=1.0000e-03 | Recon MSE=1.729755e-05 | ‖ω‖₁=7.167081e+00
  λ=5.560e-03 | Epoch  30 | lr=5.0000e-04 | Recon MSE=7.739544e-06 | ‖ω‖₁=5.258413e+00
  λ=5.560e-03 | Epoch  40 | lr=5.0000e-04 | Recon MSE=9.779388e-07 | ‖ω‖₁=3.809725e+00
  λ=5.560e-03 | Epoch  50 | lr=2.5000e-04 | Recon MSE=3.892738e-07 | ‖ω‖₁=2.595874e+00
  λ=5.560e-03 | Epoch  60 | lr=2.5000e-04 | Recon MSE=3.590037e-07 | ‖ω‖₁=1.533059e+00
  λ=5.560e-03 | Epoch  70 | lr=2.5000e-04 | Recon MSE=3.355081e-07 | ‖ω‖₁=5.870292e-01
  λ=5.560e-03 | Epoch  80 | lr=1.2500e-04 | Recon MSE=3.786435e-07 | ‖ω‖₁=1.244395e-01
  λ=5.560e-03 | Epoch  90 | lr=1.2500e-04 | Recon MSE=3.851954e-07 | ‖ω‖₁=1.042096e-01
  λ=5.560e-03 | Epoch 100 | lr=6.2500e-05 | Recon MSE=5.067042e-07 | ‖ω‖₁=9.256123e-02
  λ=5.560e-03 | Epoch 110 | lr=6.2500e-05 | Recon MSE=5.846123e-07 | ‖ω‖₁=8.092093e-02
  λ=5.560e-03 | Epoch 120 | lr=3.1250e-05 | Recon MSE=6.334377e-07 | ‖ω‖₁=7.057041e-02
  → at λ=5.560e-03:  r(λ)=3,  rel_err=2.251184e-03

-- Path iteration 20, λ = 6.116e-03   (r(λ) prev = 3)
  λ=6.116e-03 | Epoch   1 | lr=1.0000e-03 | Recon MSE=2.406792e-04 | ‖ω‖₁=1.214993e+02
  λ=6.116e-03 | Epoch  10 | lr=1.0000e-03 | Recon MSE=4.016724e-05 | ‖ω‖₁=1.167190e+01
  λ=6.116e-03 | Epoch  20 | lr=1.0000e-03 | Recon MSE=1.711435e-05 | ‖ω‖₁=6.717889e+00
  λ=6.116e-03 | Epoch  30 | lr=5.0000e-04 | Recon MSE=2.106672e-06 | ‖ω‖₁=4.801487e+00
  λ=6.116e-03 | Epoch  40 | lr=5.0000e-04 | Recon MSE=3.688962e-07 | ‖ω‖₁=3.327137e+00
  λ=6.116e-03 | Epoch  50 | lr=2.5000e-04 | Recon MSE=3.076126e-07 | ‖ω‖₁=2.090540e+00
  λ=6.116e-03 | Epoch  60 | lr=2.5000e-04 | Recon MSE=3.086893e-07 | ‖ω‖₁=9.965831e-01
  λ=6.116e-03 | Epoch  70 | lr=2.5000e-04 | Recon MSE=2.894362e-07 | ‖ω‖₁=1.908241e-01
  λ=6.116e-03 | Epoch  80 | lr=1.2500e-04 | Recon MSE=3.148799e-07 | ‖ω‖₁=1.248097e-01
  λ=6.116e-03 | Epoch  90 | lr=1.2500e-04 | Recon MSE=3.237702e-07 | ‖ω‖₁=1.135413e-01
  λ=6.116e-03 | Epoch 100 | lr=6.2500e-05 | Recon MSE=4.097263e-07 | ‖ω‖₁=1.024415e-01
  λ=6.116e-03 | Epoch 110 | lr=6.2500e-05 | Recon MSE=4.766422e-07 | ‖ω‖₁=9.222589e-02
  λ=6.116e-03 | Epoch 120 | lr=3.1250e-05 | Recon MSE=5.093111e-07 | ‖ω‖₁=8.355833e-02
  → at λ=6.116e-03:  r(λ)=3,  rel_err=1.987863e-03

-- Path iteration 21, λ = 6.727e-03   (r(λ) prev = 3)
  λ=6.727e-03 | Epoch   1 | lr=1.0000e-03 | Recon MSE=3.431739e-04 | ‖ω‖₁=1.208439e+02
  λ=6.727e-03 | Epoch  10 | lr=1.0000e-03 | Recon MSE=4.004269e-05 | ‖ω‖₁=1.001020e+01
  λ=6.727e-03 | Epoch  20 | lr=1.0000e-03 | Recon MSE=5.258484e-05 | ‖ω‖₁=6.303105e+00
  λ=6.727e-03 | Epoch  30 | lr=5.0000e-04 | Recon MSE=1.442259e-05 | ‖ω‖₁=4.340953e+00
  λ=6.727e-03 | Epoch  40 | lr=5.0000e-04 | Recon MSE=1.865288e-06 | ‖ω‖₁=2.826765e+00
  λ=6.727e-03 | Epoch  50 | lr=2.5000e-04 | Recon MSE=3.625303e-07 | ‖ω‖₁=1.539528e+00
  λ=6.727e-03 | Epoch  60 | lr=2.5000e-04 | Recon MSE=3.149001e-07 | ‖ω‖₁=4.179447e-01
  λ=6.727e-03 | Epoch  70 | lr=2.5000e-04 | Recon MSE=3.055924e-07 | ‖ω‖₁=1.340820e-01
  λ=6.727e-03 | Epoch  80 | lr=1.2500e-04 | Recon MSE=3.589930e-07 | ‖ω‖₁=1.212516e-01
  λ=6.727e-03 | Epoch  90 | lr=1.2500e-04 | Recon MSE=3.478939e-07 | ‖ω‖₁=1.123112e-01
  λ=6.727e-03 | Epoch 100 | lr=6.2500e-05 | Recon MSE=4.535936e-07 | ‖ω‖₁=1.030311e-01
  λ=6.727e-03 | Epoch 110 | lr=6.2500e-05 | Recon MSE=5.394348e-07 | ‖ω‖₁=9.444351e-02
  λ=6.727e-03 | Epoch 120 | lr=3.1250e-05 | Recon MSE=5.800246e-07 | ‖ω‖₁=8.739727e-02
  → at λ=6.727e-03:  r(λ)=3,  rel_err=2.164615e-03

-- Path iteration 22, λ = 7.400e-03   (r(λ) prev = 3)
  λ=7.400e-03 | Epoch   1 | lr=1.0000e-03 | Recon MSE=3.658875e-04 | ‖ω‖₁=1.201304e+02
  λ=7.400e-03 | Epoch  10 | lr=1.0000e-03 | Recon MSE=3.223338e-05 | ‖ω‖₁=9.238853e+00
  λ=7.400e-03 | Epoch  20 | lr=1.0000e-03 | Recon MSE=2.104907e-05 | ‖ω‖₁=5.766220e+00
  λ=7.400e-03 | Epoch  30 | lr=5.0000e-04 | Recon MSE=1.759934e-05 | ‖ω‖₁=3.759783e+00
  λ=7.400e-03 | Epoch  40 | lr=5.0000e-04 | Recon MSE=7.506840e-06 | ‖ω‖₁=2.198539e+00
  λ=7.400e-03 | Epoch  50 | lr=2.5000e-04 | Recon MSE=5.806045e-07 | ‖ω‖₁=8.695695e-01
  λ=7.400e-03 | Epoch  60 | lr=2.5000e-04 | Recon MSE=4.024518e-07 | ‖ω‖₁=1.353176e-01
  λ=7.400e-03 | Epoch  70 | lr=2.5000e-04 | Recon MSE=3.470498e-07 | ‖ω‖₁=1.175081e-01
  λ=7.400e-03 | Epoch  80 | lr=1.2500e-04 | Recon MSE=4.230535e-07 | ‖ω‖₁=1.061024e-01
  λ=7.400e-03 | Epoch  90 | lr=1.2500e-04 | Recon MSE=4.224508e-07 | ‖ω‖₁=9.828549e-02
  λ=7.400e-03 | Epoch 100 | lr=6.2500e-05 | Recon MSE=5.843369e-07 | ‖ω‖₁=8.993420e-02
  λ=7.400e-03 | Epoch 110 | lr=6.2500e-05 | Recon MSE=7.859048e-07 | ‖ω‖₁=8.181556e-02
  λ=7.400e-03 | Epoch 120 | lr=3.1250e-05 | Recon MSE=8.763610e-07 | ‖ω‖₁=7.546350e-02
  → at λ=7.400e-03:  r(λ)=3,  rel_err=2.690562e-03

-- Path iteration 23, λ = 8.140e-03   (r(λ) prev = 3)
  λ=8.140e-03 | Epoch   1 | lr=1.0000e-03 | Recon MSE=3.556390e-04 | ‖ω‖₁=1.193476e+02
  λ=8.140e-03 | Epoch  10 | lr=1.0000e-03 | Recon MSE=2.492911e-05 | ‖ω‖₁=8.743220e+00
  λ=8.140e-03 | Epoch  20 | lr=1.0000e-03 | Recon MSE=4.149159e-05 | ‖ω‖₁=5.373471e+00
  λ=8.140e-03 | Epoch  30 | lr=5.0000e-04 | Recon MSE=1.762117e-05 | ‖ω‖₁=3.319625e+00
  λ=8.140e-03 | Epoch  40 | lr=5.0000e-04 | Recon MSE=1.404744e-05 | ‖ω‖₁=1.707232e+00
  λ=8.140e-03 | Epoch  50 | lr=2.5000e-04 | Recon MSE=2.339867e-06 | ‖ω‖₁=3.717372e-01
  λ=8.140e-03 | Epoch  60 | lr=2.5000e-04 | Recon MSE=1.027822e-06 | ‖ω‖₁=1.127295e-01
  λ=8.140e-03 | Epoch  70 | lr=2.5000e-04 | Recon MSE=5.815095e-07 | ‖ω‖₁=1.019659e-01
  λ=8.140e-03 | Epoch  80 | lr=1.2500e-04 | Recon MSE=6.739303e-07 | ‖ω‖₁=9.173387e-02
  λ=8.140e-03 | Epoch  90 | lr=1.2500e-04 | Recon MSE=6.485262e-07 | ‖ω‖₁=8.518136e-02
  λ=8.140e-03 | Epoch 100 | lr=6.2500e-05 | Recon MSE=8.950240e-07 | ‖ω‖₁=7.756375e-02
  λ=8.140e-03 | Epoch 110 | lr=6.2500e-05 | Recon MSE=1.304300e-06 | ‖ω‖₁=7.048602e-02
  λ=8.140e-03 | Epoch 120 | lr=3.1250e-05 | Recon MSE=1.526585e-06 | ‖ω‖₁=6.453248e-02
  → at λ=8.140e-03:  r(λ)=3,  rel_err=3.481088e-03

-- Path iteration 24, λ = 8.954e-03   (r(λ) prev = 3)
  λ=8.954e-03 | Epoch   1 | lr=1.0000e-03 | Recon MSE=4.372500e-04 | ‖ω‖₁=1.184743e+02
  λ=8.954e-03 | Epoch  10 | lr=1.0000e-03 | Recon MSE=2.080016e-05 | ‖ω‖₁=8.194847e+00
  λ=8.954e-03 | Epoch  20 | lr=1.0000e-03 | Recon MSE=2.087111e-05 | ‖ω‖₁=4.857873e+00
  λ=8.954e-03 | Epoch  30 | lr=5.0000e-04 | Recon MSE=1.854412e-05 | ‖ω‖₁=2.740647e+00
  λ=8.954e-03 | Epoch  40 | lr=5.0000e-04 | Recon MSE=1.793680e-05 | ‖ω‖₁=1.063802e+00
  λ=8.954e-03 | Epoch  50 | lr=2.5000e-04 | Recon MSE=1.101204e-05 | ‖ω‖₁=1.272709e-01
  λ=8.954e-03 | Epoch  60 | lr=2.5000e-04 | Recon MSE=3.441179e-06 | ‖ω‖₁=1.150926e-01
  λ=8.954e-03 | Epoch  70 | lr=2.5000e-04 | Recon MSE=1.012662e-06 | ‖ω‖₁=1.055957e-01
  λ=8.954e-03 | Epoch  80 | lr=1.2500e-04 | Recon MSE=7.766099e-07 | ‖ω‖₁=9.537676e-02
  λ=8.954e-03 | Epoch  90 | lr=1.2500e-04 | Recon MSE=6.620941e-07 | ‖ω‖₁=8.915730e-02
  λ=8.954e-03 | Epoch 100 | lr=6.2500e-05 | Recon MSE=8.614465e-07 | ‖ω‖₁=8.142300e-02
  λ=8.954e-03 | Epoch 110 | lr=6.2500e-05 | Recon MSE=1.262414e-06 | ‖ω‖₁=7.394737e-02
  λ=8.954e-03 | Epoch 120 | lr=3.1250e-05 | Recon MSE=1.458532e-06 | ‖ω‖₁=6.733447e-02
  → at λ=8.954e-03:  r(λ)=3,  rel_err=3.378586e-03

-- Path iteration 25, λ = 9.850e-03   (r(λ) prev = 3)
  λ=9.850e-03 | Epoch   1 | lr=1.0000e-03 | Recon MSE=3.512402e-04 | ‖ω‖₁=1.175260e+02
  λ=9.850e-03 | Epoch  10 | lr=1.0000e-03 | Recon MSE=2.187388e-05 | ‖ω‖₁=7.766035e+00
  λ=9.850e-03 | Epoch  20 | lr=1.0000e-03 | Recon MSE=2.153666e-05 | ‖ω‖₁=4.422813e+00
  λ=9.850e-03 | Epoch  30 | lr=5.0000e-04 | Recon MSE=1.833643e-05 | ‖ω‖₁=2.242056e+00
  λ=9.850e-03 | Epoch  40 | lr=5.0000e-04 | Recon MSE=1.831931e-05 | ‖ω‖₁=5.181172e-01
  λ=9.850e-03 | Epoch  50 | lr=2.5000e-04 | Recon MSE=1.606087e-05 | ‖ω‖₁=1.122138e-01
  λ=9.850e-03 | Epoch  60 | lr=2.5000e-04 | Recon MSE=1.379047e-05 | ‖ω‖₁=1.029458e-01
  λ=9.850e-03 | Epoch  70 | lr=2.5000e-04 | Recon MSE=9.664334e-06 | ‖ω‖₁=9.979345e-02
  λ=9.850e-03 | Epoch  80 | lr=1.2500e-04 | Recon MSE=6.263473e-06 | ‖ω‖₁=9.263740e-02
  λ=9.850e-03 | Epoch  90 | lr=1.2500e-04 | Recon MSE=4.240269e-06 | ‖ω‖₁=8.724529e-02
  λ=9.850e-03 | Epoch 100 | lr=6.2500e-05 | Recon MSE=3.576808e-06 | ‖ω‖₁=7.981107e-02
  λ=9.850e-03 | Epoch 110 | lr=6.2500e-05 | Recon MSE=4.016806e-06 | ‖ω‖₁=7.080431e-02
  λ=9.850e-03 | Epoch 120 | lr=3.1250e-05 | Recon MSE=4.347170e-06 | ‖ω‖₁=6.203037e-02
  → at λ=9.850e-03:  r(λ)=3,  rel_err=5.807284e-03

-- Path iteration 26, λ = 1.083e-02   (r(λ) prev = 3)
  λ=1.083e-02 | Epoch   1 | lr=1.0000e-03 | Recon MSE=3.882474e-04 | ‖ω‖₁=1.164782e+02
  λ=1.083e-02 | Epoch  10 | lr=1.0000e-03 | Recon MSE=2.405367e-05 | ‖ω‖₁=7.360171e+00
  λ=1.083e-02 | Epoch  20 | lr=1.0000e-03 | Recon MSE=2.092307e-05 | ‖ω‖₁=3.992904e+00
  λ=1.083e-02 | Epoch  30 | lr=5.0000e-04 | Recon MSE=2.035934e-05 | ‖ω‖₁=1.742424e+00
  λ=1.083e-02 | Epoch  40 | lr=5.0000e-04 | Recon MSE=2.041804e-05 | ‖ω‖₁=1.466608e-01
  λ=1.083e-02 | Epoch  50 | lr=2.5000e-04 | Recon MSE=1.965245e-05 | ‖ω‖₁=8.591019e-02
  λ=1.083e-02 | Epoch  60 | lr=2.5000e-04 | Recon MSE=1.977999e-05 | ‖ω‖₁=7.633587e-02
  λ=1.083e-02 | Epoch  70 | lr=2.5000e-04 | Recon MSE=1.990008e-05 | ‖ω‖₁=7.029892e-02
  λ=1.083e-02 | Epoch  80 | lr=1.2500e-04 | Recon MSE=1.950002e-05 | ‖ω‖₁=6.166129e-02
  λ=1.083e-02 | Epoch  90 | lr=1.2500e-04 | Recon MSE=1.959619e-05 | ‖ω‖₁=5.560834e-02
  λ=1.083e-02 | Epoch 100 | lr=6.2500e-05 | Recon MSE=1.986822e-05 | ‖ω‖₁=4.739002e-02
  λ=1.083e-02 | Epoch 110 | lr=6.2500e-05 | Recon MSE=2.050774e-05 | ‖ω‖₁=3.801479e-02
  λ=1.083e-02 | Epoch 120 | lr=3.1250e-05 | Recon MSE=2.046819e-05 | ‖ω‖₁=3.484346e-02
  → at λ=1.083e-02:  r(λ)=2,  rel_err=1.293417e-02

-- Path iteration 27, λ = 1.192e-02   (r(λ) prev = 2)
  λ=1.192e-02 | Epoch   1 | lr=1.0000e-03 | Recon MSE=4.217960e-04 | ‖ω‖₁=1.153336e+02
  λ=1.192e-02 | Epoch  10 | lr=1.0000e-03 | Recon MSE=2.103975e-05 | ‖ω‖₁=6.912563e+00
  λ=1.192e-02 | Epoch  20 | lr=1.0000e-03 | Recon MSE=1.986567e-05 | ‖ω‖₁=3.499138e+00
  λ=1.192e-02 | Epoch  30 | lr=5.0000e-04 | Recon MSE=2.138548e-05 | ‖ω‖₁=1.179971e+00
  λ=1.192e-02 | Epoch  40 | lr=5.0000e-04 | Recon MSE=1.828173e-05 | ‖ω‖₁=1.029240e-01
  λ=1.192e-02 | Epoch  50 | lr=2.5000e-04 | Recon MSE=1.560284e-05 | ‖ω‖₁=9.361923e-02
  λ=1.192e-02 | Epoch  60 | lr=2.5000e-04 | Recon MSE=1.265983e-05 | ‖ω‖₁=8.690813e-02
  λ=1.192e-02 | Epoch  70 | lr=2.5000e-04 | Recon MSE=6.502484e-06 | ‖ω‖₁=8.437599e-02
  λ=1.192e-02 | Epoch  80 | lr=1.2500e-04 | Recon MSE=4.379644e-06 | ‖ω‖₁=7.589656e-02
  λ=1.192e-02 | Epoch  90 | lr=1.2500e-04 | Recon MSE=3.477185e-06 | ‖ω‖₁=7.018069e-02
  λ=1.192e-02 | Epoch 100 | lr=6.2500e-05 | Recon MSE=3.610609e-06 | ‖ω‖₁=6.179058e-02
  λ=1.192e-02 | Epoch 110 | lr=6.2500e-05 | Recon MSE=5.094865e-06 | ‖ω‖₁=4.958776e-02
  λ=1.192e-02 | Epoch 120 | lr=3.1250e-05 | Recon MSE=6.543799e-06 | ‖ω‖₁=4.048114e-02
  → at λ=1.192e-02:  r(λ)=2,  rel_err=7.222955e-03

-- Path iteration 28, λ = 1.311e-02   (r(λ) prev = 2)
  λ=1.311e-02 | Epoch   1 | lr=1.0000e-03 | Recon MSE=3.584738e-04 | ‖ω‖₁=1.140525e+02
  λ=1.311e-02 | Epoch  10 | lr=1.0000e-03 | Recon MSE=1.961832e-05 | ‖ω‖₁=6.500572e+00
  λ=1.311e-02 | Epoch  20 | lr=1.0000e-03 | Recon MSE=2.145824e-05 | ‖ω‖₁=2.970823e+00
  λ=1.311e-02 | Epoch  30 | lr=5.0000e-04 | Recon MSE=1.990610e-05 | ‖ω‖₁=5.652585e-01
  λ=1.311e-02 | Epoch  40 | lr=5.0000e-04 | Recon MSE=1.977537e-05 | ‖ω‖₁=9.593176e-02
  λ=1.311e-02 | Epoch  50 | lr=2.5000e-04 | Recon MSE=1.998738e-05 | ‖ω‖₁=8.417567e-02
  λ=1.311e-02 | Epoch  60 | lr=2.5000e-04 | Recon MSE=2.021961e-05 | ‖ω‖₁=7.498536e-02
  λ=1.311e-02 | Epoch  70 | lr=2.5000e-04 | Recon MSE=2.222711e-05 | ‖ω‖₁=6.934205e-02
  λ=1.311e-02 | Epoch  80 | lr=1.2500e-04 | Recon MSE=1.963727e-05 | ‖ω‖₁=5.979577e-02
  λ=1.311e-02 | Epoch  90 | lr=1.2500e-04 | Recon MSE=1.972538e-05 | ‖ω‖₁=5.235199e-02
  λ=1.311e-02 | Epoch 100 | lr=6.2500e-05 | Recon MSE=2.024102e-05 | ‖ω‖₁=4.027987e-02
  λ=1.311e-02 | Epoch 110 | lr=6.2500e-05 | Recon MSE=2.071285e-05 | ‖ω‖₁=3.526469e-02
  λ=1.311e-02 | Epoch 120 | lr=3.1250e-05 | Recon MSE=2.167453e-05 | ‖ω‖₁=3.061401e-02
  → at λ=1.311e-02:  r(λ)=2,  rel_err=1.298653e-02

-- Path iteration 29, λ = 1.442e-02   (r(λ) prev = 2)
  λ=1.442e-02 | Epoch   1 | lr=1.0000e-03 | Recon MSE=5.273766e-04 | ‖ω‖₁=1.126553e+02
  λ=1.442e-02 | Epoch  10 | lr=1.0000e-03 | Recon MSE=2.034422e-05 | ‖ω‖₁=6.039028e+00
  λ=1.442e-02 | Epoch  20 | lr=1.0000e-03 | Recon MSE=2.070693e-05 | ‖ω‖₁=2.454980e+00
  λ=1.442e-02 | Epoch  30 | lr=5.0000e-04 | Recon MSE=2.070872e-05 | ‖ω‖₁=1.558559e-01
  λ=1.442e-02 | Epoch  40 | lr=5.0000e-04 | Recon MSE=2.015571e-05 | ‖ω‖₁=9.403791e-02
  λ=1.442e-02 | Epoch  50 | lr=2.5000e-04 | Recon MSE=1.960770e-05 | ‖ω‖₁=8.438161e-02
  λ=1.442e-02 | Epoch  60 | lr=2.5000e-04 | Recon MSE=1.987357e-05 | ‖ω‖₁=7.662195e-02
  λ=1.442e-02 | Epoch  70 | lr=2.5000e-04 | Recon MSE=2.086339e-05 | ‖ω‖₁=7.182588e-02
  λ=1.442e-02 | Epoch  80 | lr=1.2500e-04 | Recon MSE=1.974413e-05 | ‖ω‖₁=6.292243e-02
  λ=1.442e-02 | Epoch  90 | lr=1.2500e-04 | Recon MSE=1.974206e-05 | ‖ω‖₁=5.513251e-02
  λ=1.442e-02 | Epoch 100 | lr=6.2500e-05 | Recon MSE=2.016615e-05 | ‖ω‖₁=4.227904e-02
  λ=1.442e-02 | Epoch 110 | lr=6.2500e-05 | Recon MSE=2.079306e-05 | ‖ω‖₁=3.680007e-02
  λ=1.442e-02 | Epoch 120 | lr=3.1250e-05 | Recon MSE=2.190139e-05 | ‖ω‖₁=3.179336e-02
  → at λ=1.442e-02:  r(λ)=2,  rel_err=1.301847e-02

-- Path iteration 30, λ = 1.586e-02   (r(λ) prev = 2)
  λ=1.586e-02 | Epoch   1 | lr=1.0000e-03 | Recon MSE=4.792217e-04 | ‖ω‖₁=1.111206e+02
  λ=1.586e-02 | Epoch  10 | lr=1.0000e-03 | Recon MSE=1.967548e-05 | ‖ω‖₁=5.644244e+00
  λ=1.586e-02 | Epoch  20 | lr=1.0000e-03 | Recon MSE=2.118480e-05 | ‖ω‖₁=1.955892e+00
  λ=1.586e-02 | Epoch  30 | lr=5.0000e-04 | Recon MSE=2.035530e-05 | ‖ω‖₁=1.001510e-01
  λ=1.586e-02 | Epoch  40 | lr=5.0000e-04 | Recon MSE=2.062420e-05 | ‖ω‖₁=8.620716e-02
  λ=1.586e-02 | Epoch  50 | lr=2.5000e-04 | Recon MSE=2.003537e-05 | ‖ω‖₁=7.747385e-02
  λ=1.586e-02 | Epoch  60 | lr=2.5000e-04 | Recon MSE=2.004163e-05 | ‖ω‖₁=6.909328e-02
  λ=1.586e-02 | Epoch  70 | lr=2.5000e-04 | Recon MSE=2.013470e-05 | ‖ω‖₁=6.352795e-02
  λ=1.586e-02 | Epoch  80 | lr=1.2500e-04 | Recon MSE=1.999139e-05 | ‖ω‖₁=5.333167e-02
  λ=1.586e-02 | Epoch  90 | lr=1.2500e-04 | Recon MSE=2.008621e-05 | ‖ω‖₁=4.297059e-02
  λ=1.586e-02 | Epoch 100 | lr=6.2500e-05 | Recon MSE=2.072512e-05 | ‖ω‖₁=3.839461e-02
  λ=1.586e-02 | Epoch 110 | lr=6.2500e-05 | Recon MSE=2.186678e-05 | ‖ω‖₁=3.213949e-02
  λ=1.586e-02 | Epoch 120 | lr=3.1250e-05 | Recon MSE=2.454048e-05 | ‖ω‖₁=2.477441e-02
  → at λ=1.586e-02:  r(λ)=2,  rel_err=1.373103e-02

-- Path iteration 31, λ = 1.745e-02   (r(λ) prev = 2)
  λ=1.745e-02 | Epoch   1 | lr=1.0000e-03 | Recon MSE=4.957062e-04 | ‖ω‖₁=1.094334e+02
  λ=1.745e-02 | Epoch  10 | lr=1.0000e-03 | Recon MSE=2.075363e-05 | ‖ω‖₁=5.189487e+00
  λ=1.745e-02 | Epoch  20 | lr=1.0000e-03 | Recon MSE=2.241353e-05 | ‖ω‖₁=1.391751e+00
  λ=1.745e-02 | Epoch  30 | lr=5.0000e-04 | Recon MSE=2.138227e-05 | ‖ω‖₁=8.577221e-02
  λ=1.745e-02 | Epoch  40 | lr=5.0000e-04 | Recon MSE=2.132421e-05 | ‖ω‖₁=7.533931e-02
  λ=1.745e-02 | Epoch  50 | lr=2.5000e-04 | Recon MSE=2.130129e-05 | ‖ω‖₁=6.849257e-02
  λ=1.745e-02 | Epoch  60 | lr=2.5000e-04 | Recon MSE=2.050159e-05 | ‖ω‖₁=6.017478e-02
  λ=1.745e-02 | Epoch  70 | lr=2.5000e-04 | Recon MSE=1.951873e-05 | ‖ω‖₁=5.469441e-02
  λ=1.745e-02 | Epoch  80 | lr=1.2500e-04 | Recon MSE=1.990703e-05 | ‖ω‖₁=4.216681e-02
  λ=1.745e-02 | Epoch  90 | lr=1.2500e-04 | Recon MSE=2.023226e-05 | ‖ω‖₁=3.719256e-02
  λ=1.745e-02 | Epoch 100 | lr=6.2500e-05 | Recon MSE=2.083588e-05 | ‖ω‖₁=3.196819e-02
  λ=1.745e-02 | Epoch 110 | lr=6.2500e-05 | Recon MSE=2.403746e-05 | ‖ω‖₁=2.263858e-02
  λ=1.745e-02 | Epoch 120 | lr=3.1250e-05 | Recon MSE=3.159458e-05 | ‖ω‖₁=9.792218e-03
  → at λ=1.745e-02:  r(λ)=2,  rel_err=1.553696e-02

-- Path iteration 32, λ = 1.919e-02   (r(λ) prev = 2)
  λ=1.919e-02 | Epoch   1 | lr=1.0000e-03 | Recon MSE=6.217882e-04 | ‖ω‖₁=1.075791e+02
  λ=1.919e-02 | Epoch  10 | lr=1.0000e-03 | Recon MSE=2.187507e-05 | ‖ω‖₁=4.711558e+00
  λ=1.919e-02 | Epoch  20 | lr=1.0000e-03 | Recon MSE=2.136058e-05 | ‖ω‖₁=7.824131e-01
  λ=1.919e-02 | Epoch  30 | lr=5.0000e-04 | Recon MSE=2.047315e-05 | ‖ω‖₁=6.366148e-02
  λ=1.919e-02 | Epoch  40 | lr=5.0000e-04 | Recon MSE=2.237659e-05 | ‖ω‖₁=5.479340e-02
  λ=1.919e-02 | Epoch  50 | lr=2.5000e-04 | Recon MSE=2.060375e-05 | ‖ω‖₁=4.843253e-02
  λ=1.919e-02 | Epoch  60 | lr=2.5000e-04 | Recon MSE=2.135230e-05 | ‖ω‖₁=4.452243e-02
  λ=1.919e-02 | Epoch  70 | lr=2.5000e-04 | Recon MSE=2.147799e-05 | ‖ω‖₁=4.179297e-02
  λ=1.919e-02 | Epoch  80 | lr=1.2500e-04 | Recon MSE=2.105432e-05 | ‖ω‖₁=3.645896e-02
  λ=1.919e-02 | Epoch  90 | lr=1.2500e-04 | Recon MSE=2.124285e-05 | ‖ω‖₁=3.318295e-02
  λ=1.919e-02 | Epoch 100 | lr=6.2500e-05 | Recon MSE=2.352824e-05 | ‖ω‖₁=2.666183e-02
  λ=1.919e-02 | Epoch 110 | lr=6.2500e-05 | Recon MSE=3.272376e-05 | ‖ω‖₁=1.092200e-02
  λ=1.919e-02 | Epoch 120 | lr=3.1250e-05 | Recon MSE=3.255259e-05 | ‖ω‖₁=7.775195e-03
  → at λ=1.919e-02:  r(λ)=1,  rel_err=1.571599e-02

-- Path iteration 33, λ = 2.111e-02   (r(λ) prev = 1)
  λ=2.111e-02 | Epoch   1 | lr=1.0000e-03 | Recon MSE=6.594005e-04 | ‖ω‖₁=1.055289e+02
  λ=2.111e-02 | Epoch  10 | lr=1.0000e-03 | Recon MSE=1.988448e-05 | ‖ω‖₁=4.191250e+00
  λ=2.111e-02 | Epoch  20 | lr=1.0000e-03 | Recon MSE=2.125802e-05 | ‖ω‖₁=2.176595e-01
  λ=2.111e-02 | Epoch  30 | lr=5.0000e-04 | Recon MSE=2.182346e-05 | ‖ω‖₁=7.176340e-02
  λ=2.111e-02 | Epoch  40 | lr=5.0000e-04 | Recon MSE=2.067189e-05 | ‖ω‖₁=6.377843e-02
  λ=2.111e-02 | Epoch  50 | lr=2.5000e-04 | Recon MSE=2.062094e-05 | ‖ω‖₁=5.702674e-02
  λ=2.111e-02 | Epoch  60 | lr=2.5000e-04 | Recon MSE=2.058730e-05 | ‖ω‖₁=4.705139e-02
  λ=2.111e-02 | Epoch  70 | lr=2.5000e-04 | Recon MSE=2.112451e-05 | ‖ω‖₁=4.145203e-02
  λ=2.111e-02 | Epoch  80 | lr=1.2500e-04 | Recon MSE=2.105897e-05 | ‖ω‖₁=3.070126e-02
  λ=2.111e-02 | Epoch  90 | lr=1.2500e-04 | Recon MSE=2.231970e-05 | ‖ω‖₁=2.649991e-02
  λ=2.111e-02 | Epoch 100 | lr=6.2500e-05 | Recon MSE=2.668048e-05 | ‖ω‖₁=1.759561e-02
  λ=2.111e-02 | Epoch 110 | lr=6.2500e-05 | Recon MSE=3.344527e-05 | ‖ω‖₁=6.358453e-03
  λ=2.111e-02 | Epoch 120 | lr=3.1250e-05 | Recon MSE=3.768637e-05 | ‖ω‖₁=4.919621e-03
  → at λ=2.111e-02:  r(λ)=1,  rel_err=1.673568e-02

-- Path iteration 34, λ = 2.323e-02   (r(λ) prev = 1)
  λ=2.323e-02 | Epoch   1 | lr=1.0000e-03 | Recon MSE=7.026828e-04 | ‖ω‖₁=1.032896e+02
  λ=2.323e-02 | Epoch  10 | lr=1.0000e-03 | Recon MSE=2.101626e-05 | ‖ω‖₁=3.759677e+00
  λ=2.323e-02 | Epoch  20 | lr=1.0000e-03 | Recon MSE=2.141827e-05 | ‖ω‖₁=8.589826e-02
  λ=2.323e-02 | Epoch  30 | lr=5.0000e-04 | Recon MSE=2.083473e-05 | ‖ω‖₁=6.570882e-02
  λ=2.323e-02 | Epoch  40 | lr=5.0000e-04 | Recon MSE=2.110903e-05 | ‖ω‖₁=5.889135e-02
  λ=2.323e-02 | Epoch  50 | lr=2.5000e-04 | Recon MSE=2.076837e-05 | ‖ω‖₁=5.119652e-02
  λ=2.323e-02 | Epoch  60 | lr=2.5000e-04 | Recon MSE=2.059490e-05 | ‖ω‖₁=3.978080e-02
  λ=2.323e-02 | Epoch  70 | lr=2.5000e-04 | Recon MSE=2.052773e-05 | ‖ω‖₁=3.287935e-02
  λ=2.323e-02 | Epoch  80 | lr=1.2500e-04 | Recon MSE=2.206438e-05 | ‖ω‖₁=2.628152e-02
  λ=2.323e-02 | Epoch  90 | lr=1.2500e-04 | Recon MSE=2.503242e-05 | ‖ω‖₁=2.004704e-02
  λ=2.323e-02 | Epoch 100 | lr=6.2500e-05 | Recon MSE=3.213202e-05 | ‖ω‖₁=7.306183e-03
  λ=2.323e-02 | Epoch 110 | lr=6.2500e-05 | Recon MSE=3.517299e-05 | ‖ω‖₁=5.678808e-03
  λ=2.323e-02 | Epoch 120 | lr=3.1250e-05 | Recon MSE=4.298911e-05 | ‖ω‖₁=4.233637e-03
  → at λ=2.323e-02:  r(λ)=1,  rel_err=1.764163e-02

-- Path iteration 35, λ = 2.555e-02   (r(λ) prev = 1)
  λ=2.555e-02 | Epoch   1 | lr=1.0000e-03 | Recon MSE=7.430854e-04 | ‖ω‖₁=1.008162e+02
  λ=2.555e-02 | Epoch  10 | lr=1.0000e-03 | Recon MSE=2.032219e-05 | ‖ω‖₁=3.219842e+00
  λ=2.555e-02 | Epoch  20 | lr=1.0000e-03 | Recon MSE=2.248165e-05 | ‖ω‖₁=8.019966e-02
  λ=2.555e-02 | Epoch  30 | lr=5.0000e-04 | Recon MSE=2.058021e-05 | ‖ω‖₁=6.241216e-02
  λ=2.555e-02 | Epoch  40 | lr=5.0000e-04 | Recon MSE=2.064331e-05 | ‖ω‖₁=5.365772e-02
  λ=2.555e-02 | Epoch  50 | lr=2.5000e-04 | Recon MSE=2.076945e-05 | ‖ω‖₁=4.459877e-02
  λ=2.555e-02 | Epoch  60 | lr=2.5000e-04 | Recon MSE=2.128602e-05 | ‖ω‖₁=3.447369e-02
  λ=2.555e-02 | Epoch  70 | lr=2.5000e-04 | Recon MSE=2.140868e-05 | ‖ω‖₁=3.176969e-02
  λ=2.555e-02 | Epoch  80 | lr=1.2500e-04 | Recon MSE=2.512552e-05 | ‖ω‖₁=2.017066e-02
  λ=2.555e-02 | Epoch  90 | lr=1.2500e-04 | Recon MSE=3.240183e-05 | ‖ω‖₁=7.327596e-03
  λ=2.555e-02 | Epoch 100 | lr=6.2500e-05 | Recon MSE=3.792160e-05 | ‖ω‖₁=5.975270e-03
  λ=2.555e-02 | Epoch 110 | lr=6.2500e-05 | Recon MSE=5.115682e-05 | ‖ω‖₁=4.367573e-03
  λ=2.555e-02 | Epoch 120 | lr=3.1250e-05 | Recon MSE=1.004824e-04 | ‖ω‖₁=2.993032e-03
  → at λ=2.555e-02:  r(λ)=1,  rel_err=3.003912e-02

-- Path iteration 36, λ = 2.810e-02   (r(λ) prev = 1)
  λ=2.810e-02 | Epoch   1 | lr=1.0000e-03 | Recon MSE=7.441558e-04 | ‖ω‖₁=9.809107e+01
  λ=2.810e-02 | Epoch  10 | lr=1.0000e-03 | Recon MSE=2.139998e-05 | ‖ω‖₁=2.735006e+00
  λ=2.810e-02 | Epoch  20 | lr=1.0000e-03 | Recon MSE=2.062809e-05 | ‖ω‖₁=6.249415e-02
  λ=2.810e-02 | Epoch  30 | lr=5.0000e-04 | Recon MSE=2.197243e-05 | ‖ω‖₁=4.476252e-02
  λ=2.810e-02 | Epoch  40 | lr=5.0000e-04 | Recon MSE=2.138573e-05 | ‖ω‖₁=4.017841e-02
  λ=2.810e-02 | Epoch  50 | lr=2.5000e-04 | Recon MSE=2.104814e-05 | ‖ω‖₁=3.481425e-02
  λ=2.810e-02 | Epoch  60 | lr=2.5000e-04 | Recon MSE=2.187150e-05 | ‖ω‖₁=3.004054e-02
  λ=2.810e-02 | Epoch  70 | lr=2.5000e-04 | Recon MSE=2.340490e-05 | ‖ω‖₁=2.644360e-02
  λ=2.810e-02 | Epoch  80 | lr=1.2500e-04 | Recon MSE=2.816303e-05 | ‖ω‖₁=1.126213e-02
  λ=2.810e-02 | Epoch  90 | lr=1.2500e-04 | Recon MSE=3.511658e-05 | ‖ω‖₁=6.156773e-03
  λ=2.810e-02 | Epoch 100 | lr=6.2500e-05 | Recon MSE=4.234805e-05 | ‖ω‖₁=4.815830e-03
  λ=2.810e-02 | Epoch 110 | lr=6.2500e-05 | Recon MSE=9.541780e-05 | ‖ω‖₁=3.176591e-03
  λ=2.810e-02 | Epoch 120 | lr=3.1250e-05 | Recon MSE=3.890935e-04 | ‖ω‖₁=1.812423e-03
  → at λ=2.810e-02:  r(λ)=1,  rel_err=5.739199e-02

-- Path iteration 37, λ = 3.091e-02   (r(λ) prev = 1)
  λ=3.091e-02 | Epoch   1 | lr=1.0000e-03 | Recon MSE=1.196340e-03 | ‖ω‖₁=9.510254e+01
  λ=3.091e-02 | Epoch  10 | lr=1.0000e-03 | Recon MSE=2.191997e-05 | ‖ω‖₁=2.192941e+00
  λ=3.091e-02 | Epoch  20 | lr=1.0000e-03 | Recon MSE=2.097368e-05 | ‖ω‖₁=6.070299e-02
  λ=3.091e-02 | Epoch  30 | lr=5.0000e-04 | Recon MSE=2.102271e-05 | ‖ω‖₁=4.972348e-02
  λ=3.091e-02 | Epoch  40 | lr=5.0000e-04 | Recon MSE=2.099513e-05 | ‖ω‖₁=4.465134e-02
  λ=3.091e-02 | Epoch  50 | lr=2.5000e-04 | Recon MSE=2.144210e-05 | ‖ω‖₁=3.943946e-02
  λ=3.091e-02 | Epoch  60 | lr=2.5000e-04 | Recon MSE=2.118503e-05 | ‖ω‖₁=3.508476e-02
  λ=3.091e-02 | Epoch  70 | lr=2.5000e-04 | Recon MSE=2.155032e-05 | ‖ω‖₁=3.178628e-02
  λ=3.091e-02 | Epoch  80 | lr=1.2500e-04 | Recon MSE=2.630171e-05 | ‖ω‖₁=1.783965e-02
  λ=3.091e-02 | Epoch  90 | lr=1.2500e-04 | Recon MSE=3.198357e-05 | ‖ω‖₁=7.603693e-03
  λ=3.091e-02 | Epoch 100 | lr=6.2500e-05 | Recon MSE=4.628390e-05 | ‖ω‖₁=5.792905e-03
  λ=3.091e-02 | Epoch 110 | lr=6.2500e-05 | Recon MSE=1.671106e-04 | ‖ω‖₁=3.462099e-03
  λ=3.091e-02 | Epoch 120 | lr=3.1250e-05 | Recon MSE=2.550003e-03 | ‖ω‖₁=7.967460e-05
  → at λ=3.091e-02:  r(λ)=0,  rel_err=1.431800e-01
All skip-weights have zeroed out. Stopping path.

Found knees using Z-method: [14 25 31]
[Dense2Sparse] Picked λ=3.797e-03,  r=4, err=1.563333e-03

→ Final training on full data with λ = 3.797e-03 ...
  λ=3.797e-03 | Epoch   1 | lr=1.0000e-03 | Recon MSE=2.412863e-04 | ‖ω‖₁=1.239728e+02
  λ=3.797e-03 | Epoch  10 | lr=1.0000e-03 | Recon MSE=2.394940e-05 | ‖ω‖₁=5.441281e+01
  λ=3.797e-03 | Epoch  20 | lr=1.0000e-03 | Recon MSE=1.375071e-05 | ‖ω‖₁=9.104762e+00
  λ=3.797e-03 | Epoch  30 | lr=5.0000e-04 | Recon MSE=1.546408e-06 | ‖ω‖₁=7.144233e+00
  λ=3.797e-03 | Epoch  40 | lr=5.0000e-04 | Recon MSE=3.074063e-07 | ‖ω‖₁=5.800370e+00
  λ=3.797e-03 | Epoch  50 | lr=2.5000e-04 | Recon MSE=2.739434e-07 | ‖ω‖₁=4.710738e+00
  λ=3.797e-03 | Epoch  60 | lr=2.5000e-04 | Recon MSE=2.619541e-07 | ‖ω‖₁=3.765851e+00
  λ=3.797e-03 | Epoch  70 | lr=2.5000e-04 | Recon MSE=2.671590e-07 | ‖ω‖₁=2.926025e+00
  λ=3.797e-03 | Epoch  80 | lr=1.2500e-04 | Recon MSE=2.715974e-07 | ‖ω‖₁=2.161322e+00
  λ=3.797e-03 | Epoch  90 | lr=1.2500e-04 | Recon MSE=2.781218e-07 | ‖ω‖₁=1.458234e+00
  λ=3.797e-03 | Epoch 100 | lr=6.2500e-05 | Recon MSE=3.029638e-07 | ‖ω‖₁=8.071429e-01
  λ=3.797e-03 | Epoch 110 | lr=6.2500e-05 | Recon MSE=3.150727e-07 | ‖ω‖₁=3.035426e-01
  λ=3.797e-03 | Epoch 120 | lr=3.1250e-05 | Recon MSE=3.154850e-07 | ‖ω‖₁=1.660528e-01

Final skip-weights ω: [-0.0, 0.03915661573410034, 0.09281545877456665, 0.03353974223136902, 0.0, 0.0, 0.0, 0.0, -0.0, -0.0] ...
Selected POD-mode indices (ω_j ≠ 0): [1, 2, 3] (count = 3 / 128)
Final relative reconstruction of SparseModesNet: ||X - X_hat||_F / ||X||_F = 1.589297e-03
Final MSE per sample of SparseModesNet: = 2.040265e-04
Relative error using only selected  modes: 9.940168e-01
MSE per sample using only selected  modes: 1.276072e-01
2025-06-17 12:57:33,009 - sparsemodesnet.heat_equation - INFO - ==================================================
2025-06-17 12:57:33,010 - sparsemodesnet.heat_equation - INFO - Experiment completed successfully!
2025-06-17 12:57:33,010 - sparsemodesnet.heat_equation - INFO - Selected 3 modes out of 128
2025-06-17 12:57:33,010 - sparsemodesnet.heat_equation - INFO - Final lambda: 3.797e-03
