2025-06-23 18:03:11,153 - sparsemodesnet.heat_equation_ff_sparse_decoder - INFO - Starting heat_equation_ff_sparse_decoder experiment
2025-06-23 18:03:11,153 - sparsemodesnet.heat_equation_ff_sparse_decoder - INFO - Log file: logs/heat_equation_ff_sparse_decoder_20250623_180311.log
2025-06-23 18:03:11,154 - sparsemodesnet.heat_equation_ff_sparse_decoder - INFO - Experiment: Heat Equation FF Sparse Decoder
2025-06-23 18:03:11,155 - sparsemodesnet.heat_equation_ff_sparse_decoder - INFO - Data shape: (128, 1000)
2025-06-23 18:03:11,155 - sparsemodesnet.heat_equation_ff_sparse_decoder - INFO - POD dimension: 30
2025-06-23 18:03:11,155 - sparsemodesnet.heat_equation_ff_sparse_decoder - INFO - Hidden units: [30, 465]
2025-06-23 18:03:11,156 - sparsemodesnet.heat_equation_ff_sparse_decoder - INFO - Mode Selection Method: dense2sparse
2025-06-23 18:03:11,157 - sparsemodesnet.heat_equation_ff_sparse_decoder - INFO - Device: mps
2025-06-23 18:03:11,157 - sparsemodesnet.heat_equation_ff_sparse_decoder - INFO - Training parameters: M=4.0, lr=0.001, batch_size=32
2025-06-23 18:03:11,157 - sparsemodesnet.heat_equation_ff_sparse_decoder - INFO - Optimizer: Adam, knee_method: dfdt
2025-06-23 18:03:11,158 - sparsemodesnet.heat_equation_ff_sparse_decoder - INFO - NN type: Feedforward
2025-06-23 18:03:11,158 - sparsemodesnet.heat_equation_ff_sparse_decoder - INFO - ==================================================

=== SparseModesNet (Modes Selection) on Heat Equation FF Sparse Decoder: d=128, n=1000, s=30 ===

=== Dense-To-Sparse (default) λ-Path ===

-- Path iteration 1, λ = 1.000e-03   (r(λ) prev = 30)
  λ=1.000e-03 | Epoch   1 | lr=1.0000e-03 | Recon MSE=5.545344e-03 | ‖ω‖₁=2.948454e+01
  λ=1.000e-03 | Epoch  10 | lr=1.0000e-03 | Recon MSE=7.415311e-05 | ‖ω‖₁=2.084859e+01
  λ=1.000e-03 | Epoch  20 | lr=5.0000e-04 | Recon MSE=9.268158e-05 | ‖ω‖₁=1.168008e+01
  λ=1.000e-03 | Epoch  30 | lr=5.0000e-04 | Recon MSE=1.291238e-04 | ‖ω‖₁=2.625338e+00
  λ=1.000e-03 | Epoch  40 | lr=2.5000e-04 | Recon MSE=1.307591e-04 | ‖ω‖₁=1.580253e+00
  λ=1.000e-03 | Epoch  50 | lr=2.5000e-04 | Recon MSE=1.363604e-04 | ‖ω‖₁=1.180202e+00
  λ=1.000e-03 | Epoch  60 | lr=1.2500e-04 | Recon MSE=1.215002e-04 | ‖ω‖₁=1.031888e+00
  λ=1.000e-03 | Epoch  70 | lr=1.2500e-04 | Recon MSE=1.232568e-04 | ‖ω‖₁=9.628142e-01
  λ=1.000e-03 | Epoch  80 | lr=6.2500e-05 | Recon MSE=1.216848e-04 | ‖ω‖₁=9.051618e-01
  λ=1.000e-03 | Epoch  90 | lr=6.2500e-05 | Recon MSE=1.195780e-04 | ‖ω‖₁=8.532349e-01
  λ=1.000e-03 | Epoch 100 | lr=3.1250e-05 | Recon MSE=1.175638e-04 | ‖ω‖₁=8.067933e-01
  → at λ=1.000e-03:  r(λ)=30,  rel_err=1.069328e-02

-- Path iteration 2, λ = 1.200e-03   (r(λ) prev = 30)
  λ=1.200e-03 | Epoch   1 | lr=1.0000e-03 | Recon MSE=9.324243e-03 | ‖ω‖₁=2.938576e+01
  λ=1.200e-03 | Epoch  10 | lr=1.0000e-03 | Recon MSE=1.199745e-04 | ‖ω‖₁=1.911658e+01
  λ=1.200e-03 | Epoch  20 | lr=5.0000e-04 | Recon MSE=1.331091e-04 | ‖ω‖₁=8.195577e+00
  λ=1.200e-03 | Epoch  30 | lr=5.0000e-04 | Recon MSE=1.774504e-04 | ‖ω‖₁=1.816531e+00
  λ=1.200e-03 | Epoch  40 | lr=2.5000e-04 | Recon MSE=1.605554e-04 | ‖ω‖₁=1.388814e+00
  λ=1.200e-03 | Epoch  50 | lr=2.5000e-04 | Recon MSE=1.613917e-04 | ‖ω‖₁=1.008127e+00
  λ=1.200e-03 | Epoch  60 | lr=1.2500e-04 | Recon MSE=1.513890e-04 | ‖ω‖₁=9.232758e-01
  λ=1.200e-03 | Epoch  70 | lr=1.2500e-04 | Recon MSE=1.397956e-04 | ‖ω‖₁=8.527466e-01
  λ=1.200e-03 | Epoch  80 | lr=6.2500e-05 | Recon MSE=1.375548e-04 | ‖ω‖₁=7.915640e-01
  λ=1.200e-03 | Epoch  90 | lr=6.2500e-05 | Recon MSE=1.348731e-04 | ‖ω‖₁=7.373255e-01
  λ=1.200e-03 | Epoch 100 | lr=3.1250e-05 | Recon MSE=1.370100e-04 | ‖ω‖₁=6.884002e-01
  → at λ=1.200e-03:  r(λ)=30,  rel_err=1.200489e-02

-- Path iteration 3, λ = 1.440e-03   (r(λ) prev = 30)
  λ=1.440e-03 | Epoch   1 | lr=1.0000e-03 | Recon MSE=7.996663e-03 | ‖ω‖₁=2.928399e+01
  λ=1.440e-03 | Epoch  10 | lr=1.0000e-03 | Recon MSE=1.343282e-04 | ‖ω‖₁=1.702276e+01
  λ=1.440e-03 | Epoch  20 | lr=5.0000e-04 | Recon MSE=1.719310e-04 | ‖ω‖₁=3.897469e+00
  λ=1.440e-03 | Epoch  30 | lr=5.0000e-04 | Recon MSE=1.597038e-04 | ‖ω‖₁=1.532910e+00
  λ=1.440e-03 | Epoch  40 | lr=2.5000e-04 | Recon MSE=1.600213e-04 | ‖ω‖₁=1.115533e+00
  λ=1.440e-03 | Epoch  50 | lr=2.5000e-04 | Recon MSE=1.559494e-04 | ‖ω‖₁=9.788702e-01
  λ=1.440e-03 | Epoch  60 | lr=1.2500e-04 | Recon MSE=1.434215e-04 | ‖ω‖₁=9.024621e-01
  λ=1.440e-03 | Epoch  70 | lr=1.2500e-04 | Recon MSE=1.341771e-04 | ‖ω‖₁=8.331290e-01
  λ=1.440e-03 | Epoch  80 | lr=6.2500e-05 | Recon MSE=1.443310e-04 | ‖ω‖₁=7.723866e-01
  λ=1.440e-03 | Epoch  90 | lr=6.2500e-05 | Recon MSE=1.293603e-04 | ‖ω‖₁=7.167232e-01
  λ=1.440e-03 | Epoch 100 | lr=3.1250e-05 | Recon MSE=1.286317e-04 | ‖ω‖₁=6.649366e-01
  → at λ=1.440e-03:  r(λ)=30,  rel_err=1.188273e-02

-- Path iteration 4, λ = 1.728e-03   (r(λ) prev = 30)
  λ=1.728e-03 | Epoch   1 | lr=1.0000e-03 | Recon MSE=7.709043e-03 | ‖ω‖₁=2.913898e+01
  λ=1.728e-03 | Epoch  10 | lr=1.0000e-03 | Recon MSE=1.455840e-04 | ‖ω‖₁=1.441825e+01
  λ=1.728e-03 | Epoch  20 | lr=5.0000e-04 | Recon MSE=1.813493e-04 | ‖ω‖₁=1.843339e+00
  λ=1.728e-03 | Epoch  30 | lr=5.0000e-04 | Recon MSE=1.666902e-04 | ‖ω‖₁=1.164510e+00
  λ=1.728e-03 | Epoch  40 | lr=2.5000e-04 | Recon MSE=1.465162e-04 | ‖ω‖₁=9.524378e-01
  λ=1.728e-03 | Epoch  50 | lr=2.5000e-04 | Recon MSE=1.307541e-04 | ‖ω‖₁=8.492662e-01
  λ=1.728e-03 | Epoch  60 | lr=1.2500e-04 | Recon MSE=1.326006e-04 | ‖ω‖₁=7.682522e-01
  λ=1.728e-03 | Epoch  70 | lr=1.2500e-04 | Recon MSE=1.315294e-04 | ‖ω‖₁=6.976368e-01
  λ=1.728e-03 | Epoch  80 | lr=6.2500e-05 | Recon MSE=1.255165e-04 | ‖ω‖₁=6.359417e-01
  λ=1.728e-03 | Epoch  90 | lr=6.2500e-05 | Recon MSE=1.149133e-04 | ‖ω‖₁=5.788959e-01
  λ=1.728e-03 | Epoch 100 | lr=3.1250e-05 | Recon MSE=1.209944e-04 | ‖ω‖₁=5.261076e-01
  → at λ=1.728e-03:  r(λ)=30,  rel_err=1.118661e-02

-- Path iteration 5, λ = 2.074e-03   (r(λ) prev = 30)
  λ=2.074e-03 | Epoch   1 | lr=1.0000e-03 | Recon MSE=5.073320e-03 | ‖ω‖₁=2.896914e+01
  λ=2.074e-03 | Epoch  10 | lr=1.0000e-03 | Recon MSE=1.433395e-04 | ‖ω‖₁=1.138856e+01
  λ=2.074e-03 | Epoch  20 | lr=5.0000e-04 | Recon MSE=1.539972e-04 | ‖ω‖₁=1.482681e+00
  λ=2.074e-03 | Epoch  30 | lr=5.0000e-04 | Recon MSE=1.505865e-04 | ‖ω‖₁=1.005788e+00
  λ=2.074e-03 | Epoch  40 | lr=2.5000e-04 | Recon MSE=1.360077e-04 | ‖ω‖₁=8.751322e-01
  λ=2.074e-03 | Epoch  50 | lr=2.5000e-04 | Recon MSE=1.329799e-04 | ‖ω‖₁=7.748688e-01
  λ=2.074e-03 | Epoch  60 | lr=1.2500e-04 | Recon MSE=1.309990e-04 | ‖ω‖₁=6.926924e-01
  λ=2.074e-03 | Epoch  70 | lr=1.2500e-04 | Recon MSE=1.176044e-04 | ‖ω‖₁=6.177911e-01
  λ=2.074e-03 | Epoch  80 | lr=6.2500e-05 | Recon MSE=1.193727e-04 | ‖ω‖₁=5.519892e-01
  λ=2.074e-03 | Epoch  90 | lr=6.2500e-05 | Recon MSE=1.214236e-04 | ‖ω‖₁=4.909283e-01
  λ=2.074e-03 | Epoch 100 | lr=3.1250e-05 | Recon MSE=1.213814e-04 | ‖ω‖₁=4.349138e-01
  → at λ=2.074e-03:  r(λ)=30,  rel_err=1.118503e-02

-- Path iteration 6, λ = 2.488e-03   (r(λ) prev = 30)
  λ=2.488e-03 | Epoch   1 | lr=1.0000e-03 | Recon MSE=7.938085e-03 | ‖ω‖₁=2.877059e+01
  λ=2.488e-03 | Epoch  10 | lr=1.0000e-03 | Recon MSE=2.034348e-04 | ‖ω‖₁=7.696471e+00
  λ=2.488e-03 | Epoch  20 | lr=5.0000e-04 | Recon MSE=2.075980e-04 | ‖ω‖₁=1.153137e+00
  λ=2.488e-03 | Epoch  30 | lr=5.0000e-04 | Recon MSE=1.988922e-04 | ‖ω‖₁=9.189871e-01
  λ=2.488e-03 | Epoch  40 | lr=2.5000e-04 | Recon MSE=1.824982e-04 | ‖ω‖₁=7.992929e-01
  λ=2.488e-03 | Epoch  50 | lr=2.5000e-04 | Recon MSE=1.600652e-04 | ‖ω‖₁=6.981242e-01
  λ=2.488e-03 | Epoch  60 | lr=1.2500e-04 | Recon MSE=1.536893e-04 | ‖ω‖₁=6.136400e-01
  λ=2.488e-03 | Epoch  70 | lr=1.2500e-04 | Recon MSE=1.572788e-04 | ‖ω‖₁=5.361458e-01
  λ=2.488e-03 | Epoch  80 | lr=6.2500e-05 | Recon MSE=1.595079e-04 | ‖ω‖₁=4.658684e-01
  λ=2.488e-03 | Epoch  90 | lr=6.2500e-05 | Recon MSE=1.413308e-04 | ‖ω‖₁=4.000357e-01
  λ=2.488e-03 | Epoch 100 | lr=3.1250e-05 | Recon MSE=1.386565e-04 | ‖ω‖₁=3.383245e-01
  → at λ=2.488e-03:  r(λ)=30,  rel_err=1.265059e-02

-- Path iteration 7, λ = 2.986e-03   (r(λ) prev = 30)
  λ=2.986e-03 | Epoch   1 | lr=1.0000e-03 | Recon MSE=9.110302e-03 | ‖ω‖₁=2.853296e+01
  λ=2.986e-03 | Epoch  10 | lr=1.0000e-03 | Recon MSE=2.642535e-04 | ‖ω‖₁=3.229847e+00
  λ=2.986e-03 | Epoch  20 | lr=5.0000e-04 | Recon MSE=2.085842e-04 | ‖ω‖₁=1.047736e+00
  λ=2.986e-03 | Epoch  30 | lr=5.0000e-04 | Recon MSE=1.808648e-04 | ‖ω‖₁=8.747124e-01
  λ=2.986e-03 | Epoch  40 | lr=2.5000e-04 | Recon MSE=1.539633e-04 | ‖ω‖₁=7.516285e-01
  λ=2.986e-03 | Epoch  50 | lr=2.5000e-04 | Recon MSE=1.404967e-04 | ‖ω‖₁=6.474653e-01
  λ=2.986e-03 | Epoch  60 | lr=1.2500e-04 | Recon MSE=1.463676e-04 | ‖ω‖₁=5.562405e-01
  λ=2.986e-03 | Epoch  70 | lr=1.2500e-04 | Recon MSE=1.360391e-04 | ‖ω‖₁=4.723884e-01
  λ=2.986e-03 | Epoch  80 | lr=6.2500e-05 | Recon MSE=1.373113e-04 | ‖ω‖₁=3.956016e-01
  λ=2.986e-03 | Epoch  90 | lr=6.2500e-05 | Recon MSE=1.334426e-04 | ‖ω‖₁=3.238727e-01
  λ=2.986e-03 | Epoch 100 | lr=3.1250e-05 | Recon MSE=1.385164e-04 | ‖ω‖₁=2.563630e-01
  → at λ=2.986e-03:  r(λ)=30,  rel_err=1.222260e-02

-- Path iteration 8, λ = 3.583e-03   (r(λ) prev = 30)
  λ=3.583e-03 | Epoch   1 | lr=1.0000e-03 | Recon MSE=6.200834e-03 | ‖ω‖₁=2.823097e+01
  λ=3.583e-03 | Epoch  10 | lr=1.0000e-03 | Recon MSE=2.637226e-04 | ‖ω‖₁=1.505854e+00
  λ=3.583e-03 | Epoch  20 | lr=5.0000e-04 | Recon MSE=1.803286e-04 | ‖ω‖₁=9.629371e-01
  λ=3.583e-03 | Epoch  30 | lr=5.0000e-04 | Recon MSE=1.459278e-04 | ‖ω‖₁=7.903055e-01
  λ=3.583e-03 | Epoch  40 | lr=2.5000e-04 | Recon MSE=1.493685e-04 | ‖ω‖₁=6.577955e-01
  λ=3.583e-03 | Epoch  50 | lr=2.5000e-04 | Recon MSE=1.351838e-04 | ‖ω‖₁=5.443752e-01
  λ=3.583e-03 | Epoch  60 | lr=1.2500e-04 | Recon MSE=1.364218e-04 | ‖ω‖₁=4.435163e-01
  λ=3.583e-03 | Epoch  70 | lr=1.2500e-04 | Recon MSE=1.254457e-04 | ‖ω‖₁=3.510097e-01
  λ=3.583e-03 | Epoch  80 | lr=6.2500e-05 | Recon MSE=1.257457e-04 | ‖ω‖₁=2.658583e-01
  λ=3.583e-03 | Epoch  90 | lr=6.2500e-05 | Recon MSE=1.245362e-04 | ‖ω‖₁=1.879883e-01
  λ=3.583e-03 | Epoch 100 | lr=3.1250e-05 | Recon MSE=1.295032e-04 | ‖ω‖₁=1.189746e-01
  → at λ=3.583e-03:  r(λ)=25,  rel_err=1.371006e-02

-- Path iteration 9, λ = 4.300e-03   (r(λ) prev = 25)
  λ=4.300e-03 | Epoch   1 | lr=1.0000e-03 | Recon MSE=9.738199e-03 | ‖ω‖₁=2.789515e+01
  λ=4.300e-03 | Epoch  10 | lr=1.0000e-03 | Recon MSE=3.244672e-04 | ‖ω‖₁=1.172979e+00
  λ=4.300e-03 | Epoch  20 | lr=5.0000e-04 | Recon MSE=1.796417e-04 | ‖ω‖₁=8.762584e-01
  λ=4.300e-03 | Epoch  30 | lr=5.0000e-04 | Recon MSE=1.706610e-04 | ‖ω‖₁=6.953281e-01
  λ=4.300e-03 | Epoch  40 | lr=2.5000e-04 | Recon MSE=1.508956e-04 | ‖ω‖₁=5.522851e-01
  λ=4.300e-03 | Epoch  50 | lr=2.5000e-04 | Recon MSE=1.492304e-04 | ‖ω‖₁=4.313792e-01
  λ=4.300e-03 | Epoch  60 | lr=1.2500e-04 | Recon MSE=1.380838e-04 | ‖ω‖₁=3.249297e-01
  λ=4.300e-03 | Epoch  70 | lr=1.2500e-04 | Recon MSE=1.441923e-04 | ‖ω‖₁=2.267273e-01
  λ=4.300e-03 | Epoch  80 | lr=6.2500e-05 | Recon MSE=1.368202e-04 | ‖ω‖₁=1.424151e-01
  λ=4.300e-03 | Epoch  90 | lr=6.2500e-05 | Recon MSE=1.455451e-04 | ‖ω‖₁=8.746671e-02
  λ=4.300e-03 | Epoch 100 | lr=3.1250e-05 | Recon MSE=1.370196e-04 | ‖ω‖₁=6.555642e-02
  → at λ=4.300e-03:  r(λ)=3,  rel_err=1.438217e-02

-- Path iteration 10, λ = 5.160e-03   (r(λ) prev = 3)
  λ=5.160e-03 | Epoch   1 | lr=1.0000e-03 | Recon MSE=8.119582e-03 | ‖ω‖₁=2.746775e+01
  λ=5.160e-03 | Epoch  10 | lr=1.0000e-03 | Recon MSE=2.585848e-04 | ‖ω‖₁=1.068119e+00
  λ=5.160e-03 | Epoch  20 | lr=5.0000e-04 | Recon MSE=1.926417e-04 | ‖ω‖₁=7.728203e-01
  λ=5.160e-03 | Epoch  30 | lr=5.0000e-04 | Recon MSE=1.700809e-04 | ‖ω‖₁=5.791265e-01
  λ=5.160e-03 | Epoch  40 | lr=2.5000e-04 | Recon MSE=1.547736e-04 | ‖ω‖₁=4.284669e-01
  λ=5.160e-03 | Epoch  50 | lr=2.5000e-04 | Recon MSE=1.498134e-04 | ‖ω‖₁=2.971213e-01
  λ=5.160e-03 | Epoch  60 | lr=1.2500e-04 | Recon MSE=1.378502e-04 | ‖ω‖₁=1.815728e-01
  λ=5.160e-03 | Epoch  70 | lr=1.2500e-04 | Recon MSE=1.435472e-04 | ‖ω‖₁=1.020099e-01
  λ=5.160e-03 | Epoch  80 | lr=6.2500e-05 | Recon MSE=1.484530e-04 | ‖ω‖₁=6.565954e-02
  λ=5.160e-03 | Epoch  90 | lr=6.2500e-05 | Recon MSE=1.553951e-04 | ‖ω‖₁=5.788113e-02
  λ=5.160e-03 | Epoch 100 | lr=3.1250e-05 | Recon MSE=1.362634e-04 | ‖ω‖₁=5.450458e-02
  → at λ=5.160e-03:  r(λ)=2,  rel_err=1.614579e-02

-- Path iteration 11, λ = 6.192e-03   (r(λ) prev = 2)
  λ=6.192e-03 | Epoch   1 | lr=1.0000e-03 | Recon MSE=6.734383e-03 | ‖ω‖₁=2.696809e+01
  λ=6.192e-03 | Epoch  10 | lr=1.0000e-03 | Recon MSE=2.040540e-04 | ‖ω‖₁=9.784525e-01
  λ=6.192e-03 | Epoch  20 | lr=5.0000e-04 | Recon MSE=1.566259e-04 | ‖ω‖₁=6.845466e-01
  λ=6.192e-03 | Epoch  30 | lr=5.0000e-04 | Recon MSE=1.411503e-04 | ‖ω‖₁=4.867032e-01
  λ=6.192e-03 | Epoch  40 | lr=2.5000e-04 | Recon MSE=1.420768e-04 | ‖ω‖₁=3.257965e-01
  λ=6.192e-03 | Epoch  50 | lr=2.5000e-04 | Recon MSE=1.290087e-04 | ‖ω‖₁=1.845974e-01
  λ=6.192e-03 | Epoch  60 | lr=1.2500e-04 | Recon MSE=1.224572e-04 | ‖ω‖₁=8.701254e-02
  λ=6.192e-03 | Epoch  70 | lr=1.2500e-04 | Recon MSE=1.364708e-04 | ‖ω‖₁=6.227125e-02
  λ=6.192e-03 | Epoch  80 | lr=6.2500e-05 | Recon MSE=1.232888e-04 | ‖ω‖₁=5.831817e-02
  λ=6.192e-03 | Epoch  90 | lr=6.2500e-05 | Recon MSE=1.394693e-04 | ‖ω‖₁=5.404692e-02
  λ=6.192e-03 | Epoch 100 | lr=3.1250e-05 | Recon MSE=1.428864e-04 | ‖ω‖₁=5.074733e-02
  → at λ=6.192e-03:  r(λ)=2,  rel_err=1.794433e-02

-- Path iteration 12, λ = 7.430e-03   (r(λ) prev = 2)
  λ=7.430e-03 | Epoch   1 | lr=1.0000e-03 | Recon MSE=6.370520e-03 | ‖ω‖₁=2.638426e+01
  λ=7.430e-03 | Epoch  10 | lr=1.0000e-03 | Recon MSE=2.188508e-04 | ‖ω‖₁=9.257662e-01
  λ=7.430e-03 | Epoch  20 | lr=5.0000e-04 | Recon MSE=1.758272e-04 | ‖ω‖₁=6.137585e-01
  λ=7.430e-03 | Epoch  30 | lr=5.0000e-04 | Recon MSE=1.522718e-04 | ‖ω‖₁=3.983506e-01
  λ=7.430e-03 | Epoch  40 | lr=2.5000e-04 | Recon MSE=1.291193e-04 | ‖ω‖₁=2.258054e-01
  λ=7.430e-03 | Epoch  50 | lr=2.5000e-04 | Recon MSE=1.252912e-04 | ‖ω‖₁=9.219150e-02
  λ=7.430e-03 | Epoch  60 | lr=1.2500e-04 | Recon MSE=1.258095e-04 | ‖ω‖₁=5.888434e-02
  λ=7.430e-03 | Epoch  70 | lr=1.2500e-04 | Recon MSE=1.323503e-04 | ‖ω‖₁=5.336301e-02
  λ=7.430e-03 | Epoch  80 | lr=6.2500e-05 | Recon MSE=1.291307e-04 | ‖ω‖₁=4.954180e-02
  λ=7.430e-03 | Epoch  90 | lr=6.2500e-05 | Recon MSE=1.472583e-04 | ‖ω‖₁=4.529460e-02
  λ=7.430e-03 | Epoch 100 | lr=3.1250e-05 | Recon MSE=1.563580e-04 | ‖ω‖₁=4.181204e-02
  → at λ=7.430e-03:  r(λ)=2,  rel_err=2.133618e-02

-- Path iteration 13, λ = 8.916e-03   (r(λ) prev = 2)
  λ=8.916e-03 | Epoch   1 | lr=1.0000e-03 | Recon MSE=7.124481e-03 | ‖ω‖₁=2.566494e+01
  λ=8.916e-03 | Epoch  10 | lr=1.0000e-03 | Recon MSE=2.073755e-04 | ‖ω‖₁=8.519775e-01
  λ=8.916e-03 | Epoch  20 | lr=5.0000e-04 | Recon MSE=1.676861e-04 | ‖ω‖₁=5.353838e-01
  λ=8.916e-03 | Epoch  30 | lr=5.0000e-04 | Recon MSE=1.409105e-04 | ‖ω‖₁=3.057879e-01
  λ=8.916e-03 | Epoch  40 | lr=2.5000e-04 | Recon MSE=1.295588e-04 | ‖ω‖₁=1.236239e-01
  λ=8.916e-03 | Epoch  50 | lr=2.5000e-04 | Recon MSE=1.293368e-04 | ‖ω‖₁=6.591486e-02
  λ=8.916e-03 | Epoch  60 | lr=1.2500e-04 | Recon MSE=1.273805e-04 | ‖ω‖₁=5.999585e-02
  λ=8.916e-03 | Epoch  70 | lr=1.2500e-04 | Recon MSE=1.305399e-04 | ‖ω‖₁=5.533372e-02
  λ=8.916e-03 | Epoch  80 | lr=6.2500e-05 | Recon MSE=1.312180e-04 | ‖ω‖₁=5.172199e-02
  λ=8.916e-03 | Epoch  90 | lr=6.2500e-05 | Recon MSE=1.550040e-04 | ‖ω‖₁=4.730834e-02
  λ=8.916e-03 | Epoch 100 | lr=3.1250e-05 | Recon MSE=1.618453e-04 | ‖ω‖₁=4.386265e-02
  → at λ=8.916e-03:  r(λ)=2,  rel_err=2.387674e-02

-- Path iteration 14, λ = 1.070e-02   (r(λ) prev = 2)
  λ=1.070e-02 | Epoch   1 | lr=1.0000e-03 | Recon MSE=9.269921e-03 | ‖ω‖₁=2.479739e+01
  λ=1.070e-02 | Epoch  10 | lr=1.0000e-03 | Recon MSE=2.005498e-04 | ‖ω‖₁=7.793396e-01
  λ=1.070e-02 | Epoch  20 | lr=5.0000e-04 | Recon MSE=1.514633e-04 | ‖ω‖₁=4.381864e-01
  λ=1.070e-02 | Epoch  30 | lr=5.0000e-04 | Recon MSE=1.423412e-04 | ‖ω‖₁=1.950988e-01
  λ=1.070e-02 | Epoch  40 | lr=2.5000e-04 | Recon MSE=1.321986e-04 | ‖ω‖₁=6.999842e-02
  λ=1.070e-02 | Epoch  50 | lr=2.5000e-04 | Recon MSE=1.220699e-04 | ‖ω‖₁=5.987872e-02
  λ=1.070e-02 | Epoch  60 | lr=1.2500e-04 | Recon MSE=1.251290e-04 | ‖ω‖₁=5.533522e-02
  λ=1.070e-02 | Epoch  70 | lr=1.2500e-04 | Recon MSE=1.399072e-04 | ‖ω‖₁=5.036791e-02
  λ=1.070e-02 | Epoch  80 | lr=6.2500e-05 | Recon MSE=1.356491e-04 | ‖ω‖₁=4.643915e-02
  λ=1.070e-02 | Epoch  90 | lr=6.2500e-05 | Recon MSE=1.997213e-04 | ‖ω‖₁=4.143970e-02
  λ=1.070e-02 | Epoch 100 | lr=3.1250e-05 | Recon MSE=2.441205e-04 | ‖ω‖₁=3.757717e-02
  → at λ=1.070e-02:  r(λ)=2,  rel_err=3.601062e-02

-- Path iteration 15, λ = 1.284e-02   (r(λ) prev = 2)
  λ=1.284e-02 | Epoch   1 | lr=1.0000e-03 | Recon MSE=7.081835e-03 | ‖ω‖₁=2.375700e+01
  λ=1.284e-02 | Epoch  10 | lr=1.0000e-03 | Recon MSE=1.616885e-04 | ‖ω‖₁=6.983414e-01
  λ=1.284e-02 | Epoch  20 | lr=5.0000e-04 | Recon MSE=1.333206e-04 | ‖ω‖₁=3.270702e-01
  λ=1.284e-02 | Epoch  30 | lr=5.0000e-04 | Recon MSE=1.263534e-04 | ‖ω‖₁=9.317953e-02
  λ=1.284e-02 | Epoch  40 | lr=2.5000e-04 | Recon MSE=1.137759e-04 | ‖ω‖₁=5.981676e-02
  λ=1.284e-02 | Epoch  50 | lr=2.5000e-04 | Recon MSE=1.215486e-04 | ‖ω‖₁=5.363426e-02
  λ=1.284e-02 | Epoch  60 | lr=1.2500e-04 | Recon MSE=1.239224e-04 | ‖ω‖₁=4.867093e-02
  λ=1.284e-02 | Epoch  70 | lr=1.2500e-04 | Recon MSE=1.515129e-04 | ‖ω‖₁=4.324665e-02
  λ=1.284e-02 | Epoch  80 | lr=6.2500e-05 | Recon MSE=1.539542e-04 | ‖ω‖₁=3.938905e-02
  λ=1.284e-02 | Epoch  90 | lr=6.2500e-05 | Recon MSE=3.050430e-04 | ‖ω‖₁=3.420553e-02
  λ=1.284e-02 | Epoch 100 | lr=3.1250e-05 | Recon MSE=4.127289e-04 | ‖ω‖₁=3.017224e-02
  → at λ=1.284e-02:  r(λ)=2,  rel_err=5.116345e-02

-- Path iteration 16, λ = 1.541e-02   (r(λ) prev = 2)
  λ=1.541e-02 | Epoch   1 | lr=1.0000e-03 | Recon MSE=9.272036e-03 | ‖ω‖₁=2.252380e+01
  λ=1.541e-02 | Epoch  10 | lr=1.0000e-03 | Recon MSE=7.489720e-04 | ‖ω‖₁=6.051999e-01
  λ=1.541e-02 | Epoch  20 | lr=5.0000e-04 | Recon MSE=1.400994e-04 | ‖ω‖₁=2.185188e-01
  λ=1.541e-02 | Epoch  30 | lr=5.0000e-04 | Recon MSE=1.297626e-04 | ‖ω‖₁=7.111679e-02
  λ=1.541e-02 | Epoch  40 | lr=2.5000e-04 | Recon MSE=1.277540e-04 | ‖ω‖₁=6.468384e-02
  λ=1.541e-02 | Epoch  50 | lr=2.5000e-04 | Recon MSE=1.337244e-04 | ‖ω‖₁=5.820527e-02
  λ=1.541e-02 | Epoch  60 | lr=1.2500e-04 | Recon MSE=1.208660e-04 | ‖ω‖₁=5.317359e-02
  λ=1.541e-02 | Epoch  70 | lr=1.2500e-04 | Recon MSE=1.684265e-04 | ‖ω‖₁=4.729062e-02
  λ=1.541e-02 | Epoch  80 | lr=6.2500e-05 | Recon MSE=1.740346e-04 | ‖ω‖₁=4.282499e-02
  λ=1.541e-02 | Epoch  90 | lr=6.2500e-05 | Recon MSE=4.168998e-04 | ‖ω‖₁=3.618560e-02
  λ=1.541e-02 | Epoch 100 | lr=3.1250e-05 | Recon MSE=6.924824e-04 | ‖ω‖₁=3.038846e-02
  → at λ=1.541e-02:  r(λ)=2,  rel_err=7.076676e-02

-- Path iteration 17, λ = 1.849e-02   (r(λ) prev = 2)
  λ=1.849e-02 | Epoch   1 | lr=1.0000e-03 | Recon MSE=6.871313e-03 | ‖ω‖₁=2.104248e+01
  λ=1.849e-02 | Epoch  10 | lr=1.0000e-03 | Recon MSE=2.450485e-04 | ‖ω‖₁=5.374230e-01
  λ=1.849e-02 | Epoch  20 | lr=5.0000e-04 | Recon MSE=1.187473e-04 | ‖ω‖₁=1.126014e-01
  λ=1.849e-02 | Epoch  30 | lr=5.0000e-04 | Recon MSE=1.186381e-04 | ‖ω‖₁=5.810160e-02
  λ=1.849e-02 | Epoch  40 | lr=2.5000e-04 | Recon MSE=1.154660e-04 | ‖ω‖₁=5.113842e-02
  λ=1.849e-02 | Epoch  50 | lr=2.5000e-04 | Recon MSE=1.287886e-04 | ‖ω‖₁=4.504377e-02
  λ=1.849e-02 | Epoch  60 | lr=1.2500e-04 | Recon MSE=1.317218e-04 | ‖ω‖₁=4.056836e-02
  λ=1.849e-02 | Epoch  70 | lr=1.2500e-04 | Recon MSE=2.210088e-04 | ‖ω‖₁=3.504762e-02
  λ=1.849e-02 | Epoch  80 | lr=6.2500e-05 | Recon MSE=2.625977e-04 | ‖ω‖₁=3.122388e-02
  λ=1.849e-02 | Epoch  90 | lr=6.2500e-05 | Recon MSE=9.629340e-04 | ‖ω‖₁=2.382074e-02
  λ=1.849e-02 | Epoch 100 | lr=3.1250e-05 | Recon MSE=2.135925e-03 | ‖ω‖₁=1.578861e-02
  → at λ=1.849e-02:  r(λ)=2,  rel_err=1.282884e-01

-- Path iteration 18, λ = 2.219e-02   (r(λ) prev = 2)
  λ=2.219e-02 | Epoch   1 | lr=1.0000e-03 | Recon MSE=6.955704e-03 | ‖ω‖₁=1.925537e+01
  λ=2.219e-02 | Epoch  10 | lr=1.0000e-03 | Recon MSE=2.096751e-04 | ‖ω‖₁=4.344590e-01
  λ=2.219e-02 | Epoch  20 | lr=5.0000e-04 | Recon MSE=1.076451e-04 | ‖ω‖₁=6.222924e-02
  λ=2.219e-02 | Epoch  30 | lr=5.0000e-04 | Recon MSE=1.109564e-04 | ‖ω‖₁=4.981823e-02
  λ=2.219e-02 | Epoch  40 | lr=2.5000e-04 | Recon MSE=1.088709e-04 | ‖ω‖₁=4.325420e-02
  λ=2.219e-02 | Epoch  50 | lr=2.5000e-04 | Recon MSE=1.316522e-04 | ‖ω‖₁=3.731288e-02
  λ=2.219e-02 | Epoch  60 | lr=1.2500e-04 | Recon MSE=1.385253e-04 | ‖ω‖₁=3.322845e-02
  λ=2.219e-02 | Epoch  70 | lr=1.2500e-04 | Recon MSE=3.079507e-04 | ‖ω‖₁=2.755210e-02
  λ=2.219e-02 | Epoch  80 | lr=6.2500e-05 | Recon MSE=4.402007e-04 | ‖ω‖₁=2.363860e-02
  λ=2.219e-02 | Epoch  90 | lr=6.2500e-05 | Recon MSE=2.784718e-03 | ‖ω‖₁=1.246845e-02
  λ=2.219e-02 | Epoch 100 | lr=3.1250e-05 | Recon MSE=9.859049e-03 | ‖ω‖₁=5.842526e-03
  → at λ=2.219e-02:  r(λ)=1,  rel_err=2.881447e-01

-- Path iteration 19, λ = 2.662e-02   (r(λ) prev = 1)
  λ=2.662e-02 | Epoch   1 | lr=1.0000e-03 | Recon MSE=7.113812e-03 | ‖ω‖₁=1.710429e+01
  λ=2.662e-02 | Epoch  10 | lr=1.0000e-03 | Recon MSE=1.066818e-03 | ‖ω‖₁=2.757896e-01
  λ=2.662e-02 | Epoch  20 | lr=5.0000e-04 | Recon MSE=1.054690e-04 | ‖ω‖₁=6.176132e-02
  λ=2.662e-02 | Epoch  30 | lr=5.0000e-04 | Recon MSE=1.189086e-04 | ‖ω‖₁=5.089996e-02
  λ=2.662e-02 | Epoch  40 | lr=2.5000e-04 | Recon MSE=1.220123e-04 | ‖ω‖₁=4.405105e-02
  λ=2.662e-02 | Epoch  50 | lr=2.5000e-04 | Recon MSE=1.705684e-04 | ‖ω‖₁=3.727716e-02
  λ=2.662e-02 | Epoch  60 | lr=1.2500e-04 | Recon MSE=1.838558e-04 | ‖ω‖₁=3.274147e-02
  λ=2.662e-02 | Epoch  70 | lr=1.2500e-04 | Recon MSE=5.887500e-04 | ‖ω‖₁=2.541334e-02
  λ=2.662e-02 | Epoch  80 | lr=6.2500e-05 | Recon MSE=1.048131e-03 | ‖ω‖₁=1.937254e-02
  λ=2.662e-02 | Epoch  90 | lr=6.2500e-05 | Recon MSE=1.150497e-02 | ‖ω‖₁=6.218229e-03
  λ=2.662e-02 | Epoch 100 | lr=3.1250e-05 | Recon MSE=1.169245e-01 | ‖ω‖₁=1.291198e-03
  → at λ=2.662e-02:  r(λ)=1,  rel_err=9.865745e-01

-- Path iteration 20, λ = 3.195e-02   (r(λ) prev = 1)
  λ=3.195e-02 | Epoch   1 | lr=1.0000e-03 | Recon MSE=1.509440e-02 | ‖ω‖₁=1.459834e+01
  λ=3.195e-02 | Epoch  10 | lr=1.0000e-03 | Recon MSE=1.295971e-03 | ‖ω‖₁=1.820469e-01
  λ=3.195e-02 | Epoch  20 | lr=5.0000e-04 | Recon MSE=1.129204e-04 | ‖ω‖₁=5.920331e-02
  λ=3.195e-02 | Epoch  30 | lr=5.0000e-04 | Recon MSE=1.279317e-04 | ‖ω‖₁=4.776148e-02
  λ=3.195e-02 | Epoch  40 | lr=2.5000e-04 | Recon MSE=1.329868e-04 | ‖ω‖₁=4.080567e-02
  λ=3.195e-02 | Epoch  50 | lr=2.5000e-04 | Recon MSE=2.152087e-04 | ‖ω‖₁=3.379263e-02
  λ=3.195e-02 | Epoch  60 | lr=1.2500e-04 | Recon MSE=2.420183e-04 | ‖ω‖₁=2.953891e-02
  λ=3.195e-02 | Epoch  70 | lr=1.2500e-04 | Recon MSE=1.066016e-03 | ‖ω‖₁=2.029656e-02
  λ=3.195e-02 | Epoch  80 | lr=6.2500e-05 | Recon MSE=2.141754e-03 | ‖ω‖₁=7.549354e-03
  λ=3.195e-02 | Epoch  90 | lr=6.2500e-05 | Recon MSE=8.702010e-02 | ‖ω‖₁=2.736042e-03
  λ=3.195e-02 | Epoch 100 | lr=3.1250e-05 | Recon MSE=1.287517e-01 | ‖ω‖₁=0.000000e+00
  → at λ=3.195e-02:  r(λ)=0,  rel_err=1.000000e+00
All skip-weights have zeroed out. Stopping path.

Found knees using DFDT method: [ 2  3  4  7 10 12 15 18]
Selected knee at index 10: λ=6.192e-03, r=2, err=1.794433e-02
