2025-06-17 13:03:17,757 - sparsemodesnet.heat_equation - INFO - Starting heat_equation experiment
2025-06-17 13:03:17,757 - sparsemodesnet.heat_equation - INFO - Log file: logs/heat_equation_20250617_130317.log
2025-06-17 13:03:17,758 - sparsemodesnet.heat_equation - INFO - Experiment: Heat Equation
2025-06-17 13:03:17,758 - sparsemodesnet.heat_equation - INFO - Data shape: (128, 1000)
2025-06-17 13:03:17,758 - sparsemodesnet.heat_equation - INFO - POD dimension: 128
2025-06-17 13:03:17,759 - sparsemodesnet.heat_equation - INFO - Hidden units: [128, 8256, 2048]
2025-06-17 13:03:17,759 - sparsemodesnet.heat_equation - INFO - Regularization method: dense2sparse
2025-06-17 13:03:17,760 - sparsemodesnet.heat_equation - INFO - Device: mps
2025-06-17 13:03:17,760 - sparsemodesnet.heat_equation - INFO - Training parameters: M=4.0, lr=0.001, batch_size=64
2025-06-17 13:03:17,760 - sparsemodesnet.heat_equation - INFO - Optimizer: Adam, knee_method: zmethod
2025-06-17 13:03:17,760 - sparsemodesnet.heat_equation - INFO - NN type: PiNetCCP with polynomial order of 2, and 1 number of polynomial blocks
2025-06-17 13:03:17,761 - sparsemodesnet.heat_equation - INFO - ==================================================

=== SparseModesNet (λ-path=dense2sparse) on Heat Equation: d=128, n=1000, s=128 ===

=== Dense-To-Sparse (default) λ-Path ===

-- Path iteration 1, λ = 1.000e-03   (r(λ) prev = 128)
  λ=1.000e-03 | Epoch   1 | lr=1.0000e-03 | Recon MSE=2.346880e-02 | ‖ω‖₁=1.269301e+02
  λ=1.000e-03 | Epoch  10 | lr=1.0000e-03 | Recon MSE=2.460238e-07 | ‖ω‖₁=1.085814e+02
  λ=1.000e-03 | Epoch  20 | lr=5.0000e-04 | Recon MSE=4.228167e-07 | ‖ω‖₁=8.827636e+01
  λ=1.000e-03 | Epoch  30 | lr=5.0000e-04 | Recon MSE=4.343635e-07 | ‖ω‖₁=6.798689e+01
  λ=1.000e-03 | Epoch  40 | lr=2.5000e-04 | Recon MSE=1.091912e-06 | ‖ω‖₁=4.766664e+01
  λ=1.000e-03 | Epoch  50 | lr=1.2500e-04 | Recon MSE=3.485301e-06 | ‖ω‖₁=2.733965e+01
  λ=1.000e-03 | Epoch  60 | lr=1.2500e-04 | Recon MSE=1.458880e-05 | ‖ω‖₁=6.982892e+00
  λ=1.000e-03 | Epoch  70 | lr=6.2500e-05 | Recon MSE=2.986423e-05 | ‖ω‖₁=3.141216e+00
  λ=1.000e-03 | Epoch  80 | lr=3.1250e-05 | Recon MSE=2.926375e-04 | ‖ω‖₁=2.718435e+00
  → at λ=1.000e-03:  r(λ)=128,  rel_err=5.251569e-02

-- Path iteration 2, λ = 1.200e-03   (r(λ) prev = 128)
  λ=1.200e-03 | Epoch   1 | lr=1.0000e-03 | Recon MSE=2.859970e-02 | ‖ω‖₁=1.267145e+02
  λ=1.200e-03 | Epoch  10 | lr=1.0000e-03 | Recon MSE=5.069221e-07 | ‖ω‖₁=1.046532e+02
  λ=1.200e-03 | Epoch  20 | lr=5.0000e-04 | Recon MSE=9.095994e-07 | ‖ω‖₁=8.025811e+01
  λ=1.200e-03 | Epoch  30 | lr=5.0000e-04 | Recon MSE=1.370272e-06 | ‖ω‖₁=5.587020e+01
  λ=1.200e-03 | Epoch  40 | lr=2.5000e-04 | Recon MSE=3.211809e-06 | ‖ω‖₁=3.145808e+01
  λ=1.200e-03 | Epoch  50 | lr=1.2500e-04 | Recon MSE=3.250276e-05 | ‖ω‖₁=7.051698e+00
  λ=1.200e-03 | Epoch  60 | lr=1.2500e-04 | Recon MSE=1.857263e-05 | ‖ω‖₁=2.993971e+00
  λ=1.200e-03 | Epoch  70 | lr=6.2500e-05 | Recon MSE=3.930900e-04 | ‖ω‖₁=2.573835e+00
  λ=1.200e-03 | Epoch  80 | lr=3.1250e-05 | Recon MSE=8.776878e-05 | ‖ω‖₁=2.408750e+00
  → at λ=1.200e-03:  r(λ)=128,  rel_err=2.440396e-02

-- Path iteration 3, λ = 1.440e-03   (r(λ) prev = 128)
  λ=1.440e-03 | Epoch   1 | lr=1.0000e-03 | Recon MSE=2.709335e-02 | ‖ω‖₁=1.264639e+02
  λ=1.440e-03 | Epoch  10 | lr=1.0000e-03 | Recon MSE=6.357314e-07 | ‖ω‖₁=1.000185e+02
  λ=1.440e-03 | Epoch  20 | lr=5.0000e-04 | Recon MSE=1.252788e-06 | ‖ω‖₁=7.078358e+01
  λ=1.440e-03 | Epoch  30 | lr=5.0000e-04 | Recon MSE=2.141065e-06 | ‖ω‖₁=4.154839e+01
  λ=1.440e-03 | Epoch  40 | lr=2.5000e-04 | Recon MSE=8.827677e-06 | ‖ω‖₁=1.227817e+01
  λ=1.440e-03 | Epoch  50 | lr=1.2500e-04 | Recon MSE=1.570619e-05 | ‖ω‖₁=3.089566e+00
  λ=1.440e-03 | Epoch  60 | lr=1.2500e-04 | Recon MSE=1.027683e-04 | ‖ω‖₁=2.574743e+00
  λ=1.440e-03 | Epoch  70 | lr=6.2500e-05 | Recon MSE=3.965175e-05 | ‖ω‖₁=2.375946e+00
  λ=1.440e-03 | Epoch  80 | lr=3.1250e-05 | Recon MSE=2.259964e-05 | ‖ω‖₁=2.295550e+00
  → at λ=1.440e-03:  r(λ)=128,  rel_err=1.317272e-02

-- Path iteration 4, λ = 1.728e-03   (r(λ) prev = 128)
  λ=1.728e-03 | Epoch   1 | lr=1.0000e-03 | Recon MSE=3.027242e-02 | ‖ω‖₁=1.261626e+02
  λ=1.728e-03 | Epoch  10 | lr=1.0000e-03 | Recon MSE=8.054693e-07 | ‖ω‖₁=9.447452e+01
  λ=1.728e-03 | Epoch  20 | lr=5.0000e-04 | Recon MSE=1.630634e-06 | ‖ω‖₁=5.936061e+01
  λ=1.728e-03 | Epoch  30 | lr=5.0000e-04 | Recon MSE=3.145812e-06 | ‖ω‖₁=2.423638e+01
  λ=1.728e-03 | Epoch  40 | lr=2.5000e-04 | Recon MSE=1.196209e-05 | ‖ω‖₁=3.197282e+00
  λ=1.728e-03 | Epoch  50 | lr=1.2500e-04 | Recon MSE=1.263753e-04 | ‖ω‖₁=2.637409e+00
  λ=1.728e-03 | Epoch  60 | lr=1.2500e-04 | Recon MSE=2.357746e-05 | ‖ω‖₁=2.369285e+00
  λ=1.728e-03 | Epoch  70 | lr=6.2500e-05 | Recon MSE=2.122500e-05 | ‖ω‖₁=2.274063e+00
  λ=1.728e-03 | Epoch  80 | lr=3.1250e-05 | Recon MSE=2.058563e-05 | ‖ω‖₁=2.192897e+00
  → at λ=1.728e-03:  r(λ)=128,  rel_err=1.262116e-02

-- Path iteration 5, λ = 2.074e-03   (r(λ) prev = 128)
  λ=2.074e-03 | Epoch   1 | lr=1.0000e-03 | Recon MSE=2.641905e-02 | ‖ω‖₁=1.257815e+02
  λ=2.074e-03 | Epoch  10 | lr=1.0000e-03 | Recon MSE=1.039555e-06 | ‖ω‖₁=8.775571e+01
  λ=2.074e-03 | Epoch  20 | lr=5.0000e-04 | Recon MSE=2.467285e-06 | ‖ω‖₁=4.567338e+01
  λ=2.074e-03 | Epoch  30 | lr=5.0000e-04 | Recon MSE=2.031075e-05 | ‖ω‖₁=4.146819e+00
  λ=2.074e-03 | Epoch  40 | lr=2.5000e-04 | Recon MSE=4.615154e-05 | ‖ω‖₁=2.725606e+00
  λ=2.074e-03 | Epoch  50 | lr=1.2500e-04 | Recon MSE=2.226860e-05 | ‖ω‖₁=2.367886e+00
  λ=2.074e-03 | Epoch  60 | lr=1.2500e-04 | Recon MSE=1.992843e-05 | ‖ω‖₁=2.255788e+00
  λ=2.074e-03 | Epoch  70 | lr=6.2500e-05 | Recon MSE=1.991055e-05 | ‖ω‖₁=2.162769e+00
  λ=2.074e-03 | Epoch  80 | lr=3.1250e-05 | Recon MSE=1.987149e-05 | ‖ω‖₁=2.081542e+00
  → at λ=2.074e-03:  r(λ)=128,  rel_err=1.241968e-02

-- Path iteration 6, λ = 2.488e-03   (r(λ) prev = 128)
  λ=2.488e-03 | Epoch   1 | lr=1.0000e-03 | Recon MSE=2.882762e-02 | ‖ω‖₁=1.253496e+02
  λ=2.488e-03 | Epoch  10 | lr=1.0000e-03 | Recon MSE=2.299305e-06 | ‖ω‖₁=7.966692e+01
  λ=2.488e-03 | Epoch  20 | lr=5.0000e-04 | Recon MSE=6.762187e-06 | ‖ω‖₁=2.907298e+01
  λ=2.488e-03 | Epoch  30 | lr=5.0000e-04 | Recon MSE=1.645712e-05 | ‖ω‖₁=2.902934e+00
  λ=2.488e-03 | Epoch  40 | lr=2.5000e-04 | Recon MSE=3.032218e-05 | ‖ω‖₁=2.391247e+00
  λ=2.488e-03 | Epoch  50 | lr=1.2500e-04 | Recon MSE=2.121280e-05 | ‖ω‖₁=2.253633e+00
  λ=2.488e-03 | Epoch  60 | lr=1.2500e-04 | Recon MSE=2.067703e-05 | ‖ω‖₁=2.142425e+00
  λ=2.488e-03 | Epoch  70 | lr=6.2500e-05 | Recon MSE=2.099430e-05 | ‖ω‖₁=2.046937e+00
  λ=2.488e-03 | Epoch  80 | lr=3.1250e-05 | Recon MSE=2.097654e-05 | ‖ω‖₁=1.961817e+00
  → at λ=2.488e-03:  r(λ)=128,  rel_err=1.273859e-02

-- Path iteration 7, λ = 2.986e-03   (r(λ) prev = 128)
  λ=2.986e-03 | Epoch   1 | lr=1.0000e-03 | Recon MSE=2.522538e-02 | ‖ω‖₁=1.248109e+02
  λ=2.986e-03 | Epoch  10 | lr=1.0000e-03 | Recon MSE=2.845008e-06 | ‖ω‖₁=7.002424e+01
  λ=2.986e-03 | Epoch  20 | lr=5.0000e-04 | Recon MSE=3.250516e-05 | ‖ω‖₁=9.305498e+00
  λ=2.986e-03 | Epoch  30 | lr=5.0000e-04 | Recon MSE=5.745490e-05 | ‖ω‖₁=2.495849e+00
  λ=2.986e-03 | Epoch  40 | lr=2.5000e-04 | Recon MSE=2.032812e-05 | ‖ω‖₁=2.281184e+00
  λ=2.986e-03 | Epoch  50 | lr=1.2500e-04 | Recon MSE=2.014361e-05 | ‖ω‖₁=2.146050e+00
  λ=2.986e-03 | Epoch  60 | lr=1.2500e-04 | Recon MSE=2.013832e-05 | ‖ω‖₁=2.033173e+00
  λ=2.986e-03 | Epoch  70 | lr=6.2500e-05 | Recon MSE=2.061974e-05 | ‖ω‖₁=1.933612e+00
  λ=2.986e-03 | Epoch  80 | lr=3.1250e-05 | Recon MSE=2.050995e-05 | ‖ω‖₁=1.844100e+00
  → at λ=2.986e-03:  r(λ)=128,  rel_err=1.261862e-02

-- Path iteration 8, λ = 3.583e-03   (r(λ) prev = 128)
  λ=3.583e-03 | Epoch   1 | lr=1.0000e-03 | Recon MSE=2.866679e-02 | ‖ω‖₁=1.241866e+02
  λ=3.583e-03 | Epoch  10 | lr=1.0000e-03 | Recon MSE=4.659825e-06 | ‖ω‖₁=5.840726e+01
  λ=3.583e-03 | Epoch  20 | lr=5.0000e-04 | Recon MSE=7.954750e-05 | ‖ω‖₁=2.967573e+00
  λ=3.583e-03 | Epoch  30 | lr=5.0000e-04 | Recon MSE=2.201454e-05 | ‖ω‖₁=2.355274e+00
  λ=3.583e-03 | Epoch  40 | lr=2.5000e-04 | Recon MSE=2.089068e-05 | ‖ω‖₁=2.180816e+00
  λ=3.583e-03 | Epoch  50 | lr=1.2500e-04 | Recon MSE=2.067685e-05 | ‖ω‖₁=2.043489e+00
  λ=3.583e-03 | Epoch  60 | lr=1.2500e-04 | Recon MSE=2.078390e-05 | ‖ω‖₁=1.925816e+00
  λ=3.583e-03 | Epoch  70 | lr=6.2500e-05 | Recon MSE=2.128931e-05 | ‖ω‖₁=1.821039e+00
  λ=3.583e-03 | Epoch  80 | lr=3.1250e-05 | Recon MSE=2.108234e-05 | ‖ω‖₁=1.726070e+00
  → at λ=3.583e-03:  r(λ)=128,  rel_err=1.279283e-02

-- Path iteration 9, λ = 4.300e-03   (r(λ) prev = 128)
  λ=4.300e-03 | Epoch   1 | lr=1.0000e-03 | Recon MSE=2.625256e-02 | ‖ω‖₁=1.234141e+02
  λ=4.300e-03 | Epoch  10 | lr=1.0000e-03 | Recon MSE=8.076499e-06 | ‖ω‖₁=4.442326e+01
  λ=4.300e-03 | Epoch  20 | lr=5.0000e-04 | Recon MSE=3.522385e-04 | ‖ω‖₁=2.485402e+00
  λ=4.300e-03 | Epoch  30 | lr=5.0000e-04 | Recon MSE=2.077158e-05 | ‖ω‖₁=2.236644e+00
  λ=4.300e-03 | Epoch  40 | lr=2.5000e-04 | Recon MSE=2.071444e-05 | ‖ω‖₁=2.062188e+00
  λ=4.300e-03 | Epoch  50 | lr=1.2500e-04 | Recon MSE=2.067372e-05 | ‖ω‖₁=1.920938e+00
  λ=4.300e-03 | Epoch  60 | lr=1.2500e-04 | Recon MSE=2.081774e-05 | ‖ω‖₁=1.798667e+00
  λ=4.300e-03 | Epoch  70 | lr=6.2500e-05 | Recon MSE=2.137697e-05 | ‖ω‖₁=1.689512e+00
  λ=4.300e-03 | Epoch  80 | lr=3.1250e-05 | Recon MSE=2.131107e-05 | ‖ω‖₁=1.589857e+00
  → at λ=4.300e-03:  r(λ)=128,  rel_err=1.285064e-02

-- Path iteration 10, λ = 5.160e-03   (r(λ) prev = 128)
  λ=5.160e-03 | Epoch   1 | lr=1.0000e-03 | Recon MSE=2.672504e-02 | ‖ω‖₁=1.225120e+02
  λ=5.160e-03 | Epoch  10 | lr=1.0000e-03 | Recon MSE=1.877115e-05 | ‖ω‖₁=2.767660e+01
  λ=5.160e-03 | Epoch  20 | lr=5.0000e-04 | Recon MSE=2.228799e-05 | ‖ω‖₁=2.378633e+00
  λ=5.160e-03 | Epoch  30 | lr=5.0000e-04 | Recon MSE=2.053221e-05 | ‖ω‖₁=2.128770e+00
  λ=5.160e-03 | Epoch  40 | lr=2.5000e-04 | Recon MSE=2.073865e-05 | ‖ω‖₁=1.946550e+00
  λ=5.160e-03 | Epoch  50 | lr=1.2500e-04 | Recon MSE=2.101972e-05 | ‖ω‖₁=1.796557e+00
  λ=5.160e-03 | Epoch  60 | lr=1.2500e-04 | Recon MSE=2.100826e-05 | ‖ω‖₁=1.665470e+00
  λ=5.160e-03 | Epoch  70 | lr=6.2500e-05 | Recon MSE=2.184715e-05 | ‖ω‖₁=1.547688e+00
  λ=5.160e-03 | Epoch  80 | lr=3.1250e-05 | Recon MSE=2.168261e-05 | ‖ω‖₁=1.440221e+00
  → at λ=5.160e-03:  r(λ)=128,  rel_err=1.297071e-02

-- Path iteration 11, λ = 6.192e-03   (r(λ) prev = 128)
  λ=6.192e-03 | Epoch   1 | lr=1.0000e-03 | Recon MSE=2.390912e-02 | ‖ω‖₁=1.214074e+02
  λ=6.192e-03 | Epoch  10 | lr=1.0000e-03 | Recon MSE=1.543049e-04 | ‖ω‖₁=7.794933e+00
  λ=6.192e-03 | Epoch  20 | lr=5.0000e-04 | Recon MSE=2.114536e-05 | ‖ω‖₁=2.270643e+00
  λ=6.192e-03 | Epoch  30 | lr=5.0000e-04 | Recon MSE=2.045949e-05 | ‖ω‖₁=2.020661e+00
  λ=6.192e-03 | Epoch  40 | lr=2.5000e-04 | Recon MSE=2.072332e-05 | ‖ω‖₁=1.830911e+00
  λ=6.192e-03 | Epoch  50 | lr=1.2500e-04 | Recon MSE=2.106058e-05 | ‖ω‖₁=1.671418e+00
  λ=6.192e-03 | Epoch  60 | lr=1.2500e-04 | Recon MSE=2.111994e-05 | ‖ω‖₁=1.530931e+00
  λ=6.192e-03 | Epoch  70 | lr=6.2500e-05 | Recon MSE=2.205343e-05 | ‖ω‖₁=1.404591e+00
  λ=6.192e-03 | Epoch  80 | lr=3.1250e-05 | Recon MSE=2.193671e-05 | ‖ω‖₁=1.288629e+00
  → at λ=6.192e-03:  r(λ)=128,  rel_err=1.304830e-02

-- Path iteration 12, λ = 7.430e-03   (r(λ) prev = 128)
  λ=7.430e-03 | Epoch   1 | lr=1.0000e-03 | Recon MSE=2.881686e-02 | ‖ω‖₁=1.200849e+02
  λ=7.430e-03 | Epoch  10 | lr=1.0000e-03 | Recon MSE=1.545889e-03 | ‖ω‖₁=2.652114e+00
  λ=7.430e-03 | Epoch  20 | lr=5.0000e-04 | Recon MSE=2.150807e-05 | ‖ω‖₁=2.153834e+00
  λ=7.430e-03 | Epoch  30 | lr=5.0000e-04 | Recon MSE=2.094381e-05 | ‖ω‖₁=1.897078e+00
  λ=7.430e-03 | Epoch  40 | lr=2.5000e-04 | Recon MSE=2.129057e-05 | ‖ω‖₁=1.698416e+00
  λ=7.430e-03 | Epoch  50 | lr=1.2500e-04 | Recon MSE=2.178488e-05 | ‖ω‖₁=1.529378e+00
  λ=7.430e-03 | Epoch  60 | lr=1.2500e-04 | Recon MSE=2.203023e-05 | ‖ω‖₁=1.379657e+00
  λ=7.430e-03 | Epoch  70 | lr=6.2500e-05 | Recon MSE=2.369262e-05 | ‖ω‖₁=1.244059e+00
  λ=7.430e-03 | Epoch  80 | lr=3.1250e-05 | Recon MSE=2.379621e-05 | ‖ω‖₁=1.119291e+00
  → at λ=7.430e-03:  r(λ)=128,  rel_err=1.359328e-02

-- Path iteration 13, λ = 8.916e-03   (r(λ) prev = 128)
  λ=8.916e-03 | Epoch   1 | lr=1.0000e-03 | Recon MSE=2.387177e-02 | ‖ω‖₁=1.185032e+02
  λ=8.916e-03 | Epoch  10 | lr=1.0000e-03 | Recon MSE=3.741568e-04 | ‖ω‖₁=2.474799e+00
  λ=8.916e-03 | Epoch  20 | lr=5.0000e-04 | Recon MSE=2.101519e-05 | ‖ω‖₁=2.040466e+00
  λ=8.916e-03 | Epoch  30 | lr=5.0000e-04 | Recon MSE=2.092294e-05 | ‖ω‖₁=1.768821e+00
  λ=8.916e-03 | Epoch  40 | lr=2.5000e-04 | Recon MSE=2.125918e-05 | ‖ω‖₁=1.555204e+00
  λ=8.916e-03 | Epoch  50 | lr=1.2500e-04 | Recon MSE=2.187177e-05 | ‖ω‖₁=1.372974e+00
  λ=8.916e-03 | Epoch  60 | lr=1.2500e-04 | Recon MSE=2.204596e-05 | ‖ω‖₁=1.211096e+00
  λ=8.916e-03 | Epoch  70 | lr=6.2500e-05 | Recon MSE=2.401023e-05 | ‖ω‖₁=1.064412e+00
  λ=8.916e-03 | Epoch  80 | lr=3.1250e-05 | Recon MSE=2.395661e-05 | ‖ω‖₁=9.292409e-01
  → at λ=8.916e-03:  r(λ)=128,  rel_err=1.361897e-02

-- Path iteration 14, λ = 1.070e-02   (r(λ) prev = 128)
  λ=1.070e-02 | Epoch   1 | lr=1.0000e-03 | Recon MSE=2.380770e-02 | ‖ω‖₁=1.166065e+02
  λ=1.070e-02 | Epoch  10 | lr=1.0000e-03 | Recon MSE=1.298242e-04 | ‖ω‖₁=2.356636e+00
  λ=1.070e-02 | Epoch  20 | lr=5.0000e-04 | Recon MSE=2.132128e-05 | ‖ω‖₁=1.919199e+00
  λ=1.070e-02 | Epoch  30 | lr=5.0000e-04 | Recon MSE=2.104875e-05 | ‖ω‖₁=1.631527e+00
  λ=1.070e-02 | Epoch  40 | lr=2.5000e-04 | Recon MSE=2.149482e-05 | ‖ω‖₁=1.401126e+00
  λ=1.070e-02 | Epoch  50 | lr=1.2500e-04 | Recon MSE=2.246415e-05 | ‖ω‖₁=1.203782e+00
  λ=1.070e-02 | Epoch  60 | lr=1.2500e-04 | Recon MSE=2.236153e-05 | ‖ω‖₁=1.027599e+00
  λ=1.070e-02 | Epoch  70 | lr=6.2500e-05 | Recon MSE=2.483695e-05 | ‖ω‖₁=8.678894e-01
  λ=1.070e-02 | Epoch  80 | lr=3.1250e-05 | Recon MSE=2.410873e-05 | ‖ω‖₁=7.208370e-01
  → at λ=1.070e-02:  r(λ)=128,  rel_err=1.364904e-02

-- Path iteration 15, λ = 1.284e-02   (r(λ) prev = 128)
  λ=1.284e-02 | Epoch   1 | lr=1.0000e-03 | Recon MSE=3.204317e-02 | ‖ω‖₁=1.143280e+02
  λ=1.284e-02 | Epoch  10 | lr=1.0000e-03 | Recon MSE=5.373228e-04 | ‖ω‖₁=2.253446e+00
  λ=1.284e-02 | Epoch  20 | lr=5.0000e-04 | Recon MSE=2.224743e-05 | ‖ω‖₁=1.815904e+00
  λ=1.284e-02 | Epoch  30 | lr=5.0000e-04 | Recon MSE=2.135530e-05 | ‖ω‖₁=1.512938e+00
  λ=1.284e-02 | Epoch  40 | lr=2.5000e-04 | Recon MSE=2.228746e-05 | ‖ω‖₁=1.266971e+00
  λ=1.284e-02 | Epoch  50 | lr=1.2500e-04 | Recon MSE=2.394850e-05 | ‖ω‖₁=1.054447e+00
  λ=1.284e-02 | Epoch  60 | lr=1.2500e-04 | Recon MSE=2.382009e-05 | ‖ω‖₁=8.640019e-01
  λ=1.284e-02 | Epoch  70 | lr=6.2500e-05 | Recon MSE=2.843373e-05 | ‖ω‖₁=6.904572e-01
  λ=1.284e-02 | Epoch  80 | lr=3.1250e-05 | Recon MSE=2.771961e-05 | ‖ω‖₁=5.301065e-01
  → at λ=1.284e-02:  r(λ)=128,  rel_err=1.466325e-02

-- Path iteration 16, λ = 1.541e-02   (r(λ) prev = 128)
  λ=1.541e-02 | Epoch   1 | lr=1.0000e-03 | Recon MSE=2.762397e-02 | ‖ω‖₁=1.115931e+02
  λ=1.541e-02 | Epoch  10 | lr=1.0000e-03 | Recon MSE=3.319185e-04 | ‖ω‖₁=2.151431e+00
  λ=1.541e-02 | Epoch  20 | lr=5.0000e-04 | Recon MSE=2.198441e-05 | ‖ω‖₁=1.686573e+00
  λ=1.541e-02 | Epoch  30 | lr=5.0000e-04 | Recon MSE=2.162857e-05 | ‖ω‖₁=1.359511e+00
  λ=1.541e-02 | Epoch  40 | lr=2.5000e-04 | Recon MSE=2.265074e-05 | ‖ω‖₁=1.093910e+00
  λ=1.541e-02 | Epoch  50 | lr=1.2500e-04 | Recon MSE=2.476100e-05 | ‖ω‖₁=8.629948e-01
  λ=1.541e-02 | Epoch  60 | lr=1.2500e-04 | Recon MSE=2.425343e-05 | ‖ω‖₁=6.552451e-01
  λ=1.541e-02 | Epoch  70 | lr=6.2500e-05 | Recon MSE=2.777407e-05 | ‖ω‖₁=4.654594e-01
  λ=1.541e-02 | Epoch  80 | lr=3.1250e-05 | Recon MSE=2.680494e-05 | ‖ω‖₁=2.909364e-01
  → at λ=1.541e-02:  r(λ)=128,  rel_err=1.439083e-02

-- Path iteration 17, λ = 1.849e-02   (r(λ) prev = 128)
  λ=1.849e-02 | Epoch   1 | lr=1.0000e-03 | Recon MSE=2.283835e-02 | ‖ω‖₁=1.083124e+02
  λ=1.849e-02 | Epoch  10 | lr=1.0000e-03 | Recon MSE=5.181890e-04 | ‖ω‖₁=2.030133e+00
  λ=1.849e-02 | Epoch  20 | lr=5.0000e-04 | Recon MSE=2.240512e-05 | ‖ω‖₁=1.539449e+00
  λ=1.849e-02 | Epoch  30 | lr=5.0000e-04 | Recon MSE=2.190527e-05 | ‖ω‖₁=1.188070e+00
  λ=1.849e-02 | Epoch  40 | lr=2.5000e-04 | Recon MSE=2.312125e-05 | ‖ω‖₁=8.999061e-01
  λ=1.849e-02 | Epoch  50 | lr=1.2500e-04 | Recon MSE=2.562545e-05 | ‖ω‖₁=6.500772e-01
  λ=1.849e-02 | Epoch  60 | lr=1.2500e-04 | Recon MSE=2.455070e-05 | ‖ω‖₁=4.267151e-01
  λ=1.849e-02 | Epoch  70 | lr=6.2500e-05 | Recon MSE=2.760369e-05 | ‖ω‖₁=2.220717e-01
  λ=1.849e-02 | Epoch  80 | lr=3.1250e-05 | Recon MSE=2.745421e-05 | ‖ω‖₁=5.677547e-02
  → at λ=1.849e-02:  r(λ)=60,  rel_err=1.459656e-02

-- Path iteration 18, λ = 2.219e-02   (r(λ) prev = 60)
  λ=2.219e-02 | Epoch   1 | lr=1.0000e-03 | Recon MSE=2.556388e-02 | ‖ω‖₁=1.043729e+02
  λ=2.219e-02 | Epoch  10 | lr=1.0000e-03 | Recon MSE=1.116358e-03 | ‖ω‖₁=1.894935e+00
  λ=2.219e-02 | Epoch  20 | lr=5.0000e-04 | Recon MSE=2.507828e-05 | ‖ω‖₁=1.376132e+00
  λ=2.219e-02 | Epoch  30 | lr=5.0000e-04 | Recon MSE=2.280781e-05 | ‖ω‖₁=9.981974e-01
  λ=2.219e-02 | Epoch  40 | lr=2.5000e-04 | Recon MSE=2.468932e-05 | ‖ω‖₁=6.871861e-01
  λ=2.219e-02 | Epoch  50 | lr=1.2500e-04 | Recon MSE=2.686754e-05 | ‖ω‖₁=4.168247e-01
  λ=2.219e-02 | Epoch  60 | lr=1.2500e-04 | Recon MSE=2.581179e-05 | ‖ω‖₁=1.735636e-01
  λ=2.219e-02 | Epoch  70 | lr=6.2500e-05 | Recon MSE=3.154556e-05 | ‖ω‖₁=3.092879e-02
  λ=2.219e-02 | Epoch  80 | lr=3.1250e-05 | Recon MSE=3.334503e-05 | ‖ω‖₁=2.147522e-02
  → at λ=2.219e-02:  r(λ)=2,  rel_err=1.609432e-02

-- Path iteration 19, λ = 2.662e-02   (r(λ) prev = 2)
  λ=2.662e-02 | Epoch   1 | lr=1.0000e-03 | Recon MSE=2.519697e-02 | ‖ω‖₁=9.964824e+01
  λ=2.662e-02 | Epoch  10 | lr=1.0000e-03 | Recon MSE=1.168281e-03 | ‖ω‖₁=1.784084e+00
  λ=2.662e-02 | Epoch  20 | lr=5.0000e-04 | Recon MSE=2.672111e-05 | ‖ω‖₁=1.231289e+00
  λ=2.662e-02 | Epoch  30 | lr=5.0000e-04 | Recon MSE=2.282204e-05 | ‖ω‖₁=8.228994e-01
  λ=2.662e-02 | Epoch  40 | lr=2.5000e-04 | Recon MSE=2.456914e-05 | ‖ω‖₁=4.845949e-01
  λ=2.662e-02 | Epoch  50 | lr=1.2500e-04 | Recon MSE=2.491672e-05 | ‖ω‖₁=1.895329e-01
  λ=2.662e-02 | Epoch  60 | lr=1.2500e-04 | Recon MSE=2.549620e-05 | ‖ω‖₁=2.558061e-02
  λ=2.662e-02 | Epoch  70 | lr=6.2500e-05 | Recon MSE=3.279249e-05 | ‖ω‖₁=2.198161e-02
  λ=2.662e-02 | Epoch  80 | lr=3.1250e-05 | Recon MSE=3.542652e-05 | ‖ω‖₁=1.955768e-02
  → at λ=2.662e-02:  r(λ)=2,  rel_err=1.660447e-02

-- Path iteration 20, λ = 3.195e-02   (r(λ) prev = 2)
  λ=3.195e-02 | Epoch   1 | lr=1.0000e-03 | Recon MSE=2.436359e-02 | ‖ω‖₁=9.398348e+01
  λ=3.195e-02 | Epoch  10 | lr=1.0000e-03 | Recon MSE=1.276394e-03 | ‖ω‖₁=1.656999e+00
  λ=3.195e-02 | Epoch  20 | lr=5.0000e-04 | Recon MSE=3.102252e-05 | ‖ω‖₁=1.062976e+00
  λ=3.195e-02 | Epoch  30 | lr=5.0000e-04 | Recon MSE=2.394285e-05 | ‖ω‖₁=6.183415e-01
  λ=3.195e-02 | Epoch  40 | lr=2.5000e-04 | Recon MSE=2.538925e-05 | ‖ω‖₁=2.485343e-01
  λ=3.195e-02 | Epoch  50 | lr=1.2500e-04 | Recon MSE=2.629843e-05 | ‖ω‖₁=2.651580e-02
  λ=3.195e-02 | Epoch  60 | lr=1.2500e-04 | Recon MSE=2.823765e-05 | ‖ω‖₁=2.233916e-02
  λ=3.195e-02 | Epoch  70 | lr=6.2500e-05 | Recon MSE=3.945591e-05 | ‖ω‖₁=1.986312e-02
  λ=3.195e-02 | Epoch  80 | lr=3.1250e-05 | Recon MSE=4.419980e-05 | ‖ω‖₁=1.739929e-02
  → at λ=3.195e-02:  r(λ)=2,  rel_err=1.851532e-02

-- Path iteration 21, λ = 3.834e-02   (r(λ) prev = 2)
  λ=3.834e-02 | Epoch   1 | lr=1.0000e-03 | Recon MSE=2.087617e-02 | ‖ω‖₁=8.717112e+01
  λ=3.834e-02 | Epoch  10 | lr=1.0000e-03 | Recon MSE=1.302874e-03 | ‖ω‖₁=1.524484e+00
  λ=3.834e-02 | Epoch  20 | lr=5.0000e-04 | Recon MSE=3.905210e-05 | ‖ω‖₁=8.846214e-01
  λ=3.834e-02 | Epoch  30 | lr=5.0000e-04 | Recon MSE=2.367334e-05 | ‖ω‖₁=4.005385e-01
  λ=3.834e-02 | Epoch  40 | lr=2.5000e-04 | Recon MSE=2.433386e-05 | ‖ω‖₁=4.168904e-02
  λ=3.834e-02 | Epoch  50 | lr=1.2500e-04 | Recon MSE=2.654733e-05 | ‖ω‖₁=2.219056e-02
  λ=3.834e-02 | Epoch  60 | lr=1.2500e-04 | Recon MSE=2.897674e-05 | ‖ω‖₁=2.009222e-02
  λ=3.834e-02 | Epoch  70 | lr=6.2500e-05 | Recon MSE=4.259217e-05 | ‖ω‖₁=1.762081e-02
  λ=3.834e-02 | Epoch  80 | lr=3.1250e-05 | Recon MSE=5.043685e-05 | ‖ω‖₁=1.477070e-02
  → at λ=3.834e-02:  r(λ)=2,  rel_err=1.983617e-02

-- Path iteration 22, λ = 4.601e-02   (r(λ) prev = 2)
  λ=4.601e-02 | Epoch   1 | lr=1.0000e-03 | Recon MSE=2.277376e-02 | ‖ω‖₁=7.901140e+01
  λ=4.601e-02 | Epoch  10 | lr=1.0000e-03 | Recon MSE=1.360000e-03 | ‖ω‖₁=1.376002e+00
  λ=4.601e-02 | Epoch  20 | lr=5.0000e-04 | Recon MSE=9.174081e-05 | ‖ω‖₁=6.766665e-01
  λ=4.601e-02 | Epoch  30 | lr=5.0000e-04 | Recon MSE=2.698510e-05 | ‖ω‖₁=1.496172e-01
  λ=4.601e-02 | Epoch  40 | lr=2.5000e-04 | Recon MSE=2.948583e-05 | ‖ω‖₁=2.178829e-02
  λ=4.601e-02 | Epoch  50 | lr=1.2500e-04 | Recon MSE=3.431693e-05 | ‖ω‖₁=1.855007e-02
  λ=4.601e-02 | Epoch  60 | lr=1.2500e-04 | Recon MSE=4.055916e-05 | ‖ω‖₁=1.440478e-02
  λ=4.601e-02 | Epoch  70 | lr=6.2500e-05 | Recon MSE=6.183368e-05 | ‖ω‖₁=1.244411e-02
  λ=4.601e-02 | Epoch  80 | lr=3.1250e-05 | Recon MSE=7.695065e-05 | ‖ω‖₁=1.105604e-02
  → at λ=4.601e-02:  r(λ)=1,  rel_err=2.453933e-02

-- Path iteration 23, λ = 5.521e-02   (r(λ) prev = 1)
  λ=5.521e-02 | Epoch   1 | lr=1.0000e-03 | Recon MSE=2.315868e-02 | ‖ω‖₁=6.921395e+01
  λ=5.521e-02 | Epoch  10 | lr=1.0000e-03 | Recon MSE=1.353721e-03 | ‖ω‖₁=1.212664e+00
  λ=5.521e-02 | Epoch  20 | lr=5.0000e-04 | Recon MSE=2.348588e-04 | ‖ω‖₁=4.537492e-01
  λ=5.521e-02 | Epoch  30 | lr=5.0000e-04 | Recon MSE=2.807570e-05 | ‖ω‖₁=2.370730e-02
  λ=5.521e-02 | Epoch  40 | lr=2.5000e-04 | Recon MSE=2.991856e-05 | ‖ω‖₁=1.998511e-02
  λ=5.521e-02 | Epoch  50 | lr=1.2500e-04 | Recon MSE=3.444816e-05 | ‖ω‖₁=1.780584e-02
  λ=5.521e-02 | Epoch  60 | lr=1.2500e-04 | Recon MSE=4.293311e-05 | ‖ω‖₁=1.444901e-02
  λ=5.521e-02 | Epoch  70 | lr=6.2500e-05 | Recon MSE=7.241631e-05 | ‖ω‖₁=1.063649e-02
  λ=5.521e-02 | Epoch  80 | lr=3.1250e-05 | Recon MSE=1.033511e-04 | ‖ω‖₁=9.267957e-03
  → at λ=5.521e-02:  r(λ)=1,  rel_err=2.865559e-02

-- Path iteration 24, λ = 6.625e-02   (r(λ) prev = 1)
  λ=6.625e-02 | Epoch   1 | lr=1.0000e-03 | Recon MSE=2.724491e-02 | ‖ω‖₁=5.799044e+01
  λ=6.625e-02 | Epoch  10 | lr=1.0000e-03 | Recon MSE=1.345633e-03 | ‖ω‖₁=1.035188e+00
  λ=6.625e-02 | Epoch  20 | lr=5.0000e-04 | Recon MSE=1.154968e-04 | ‖ω‖₁=2.149611e-01
  λ=6.625e-02 | Epoch  30 | lr=5.0000e-04 | Recon MSE=2.726801e-05 | ‖ω‖₁=2.303190e-02
  λ=6.625e-02 | Epoch  40 | lr=2.5000e-04 | Recon MSE=3.068850e-05 | ‖ω‖₁=1.939731e-02
  λ=6.625e-02 | Epoch  50 | lr=1.2500e-04 | Recon MSE=3.706237e-05 | ‖ω‖₁=1.674182e-02
  λ=6.625e-02 | Epoch  60 | lr=1.2500e-04 | Recon MSE=4.844012e-05 | ‖ω‖₁=1.197797e-02
  λ=6.625e-02 | Epoch  70 | lr=6.2500e-05 | Recon MSE=1.056020e-04 | ‖ω‖₁=9.975399e-03
  λ=6.625e-02 | Epoch  80 | lr=3.1250e-05 | Recon MSE=2.052343e-04 | ‖ω‖₁=8.041762e-03
  → at λ=6.625e-02:  r(λ)=1,  rel_err=4.061188e-02

-- Path iteration 25, λ = 7.950e-02   (r(λ) prev = 1)
  λ=7.950e-02 | Epoch   1 | lr=1.0000e-03 | Recon MSE=3.837351e-02 | ‖ω‖₁=4.810939e+01
  λ=7.950e-02 | Epoch  10 | lr=1.0000e-03 | Recon MSE=1.413756e-03 | ‖ω‖₁=8.468655e-01
  λ=7.950e-02 | Epoch  20 | lr=5.0000e-04 | Recon MSE=9.053115e-04 | ‖ω‖₁=2.115446e-02
  λ=7.950e-02 | Epoch  30 | lr=5.0000e-04 | Recon MSE=1.220884e-04 | ‖ω‖₁=1.991066e-02
  λ=7.950e-02 | Epoch  40 | lr=2.5000e-04 | Recon MSE=6.084447e-05 | ‖ω‖₁=1.463124e-02
  λ=7.950e-02 | Epoch  50 | lr=1.2500e-04 | Recon MSE=5.080705e-05 | ‖ω‖₁=1.187657e-02
  λ=7.950e-02 | Epoch  60 | lr=1.2500e-04 | Recon MSE=6.230338e-05 | ‖ω‖₁=1.016908e-02
  λ=7.950e-02 | Epoch  70 | lr=6.2500e-05 | Recon MSE=1.303760e-04 | ‖ω‖₁=8.275095e-03
  λ=7.950e-02 | Epoch  80 | lr=3.1250e-05 | Recon MSE=3.221862e-04 | ‖ω‖₁=6.173719e-03
  → at λ=7.950e-02:  r(λ)=1,  rel_err=5.132950e-02

-- Path iteration 26, λ = 9.540e-02   (r(λ) prev = 1)
  λ=9.540e-02 | Epoch   1 | lr=1.0000e-03 | Recon MSE=4.095857e-02 | ‖ω‖₁=3.984813e+01
  λ=9.540e-02 | Epoch  10 | lr=1.0000e-03 | Recon MSE=1.414444e-03 | ‖ω‖₁=6.589371e-01
  λ=9.540e-02 | Epoch  20 | lr=5.0000e-04 | Recon MSE=9.285198e-04 | ‖ω‖₁=1.227493e-02
  λ=9.540e-02 | Epoch  30 | lr=5.0000e-04 | Recon MSE=3.666479e-04 | ‖ω‖₁=1.250176e-02
  λ=9.540e-02 | Epoch  40 | lr=2.5000e-04 | Recon MSE=1.649075e-04 | ‖ω‖₁=9.265088e-03
  λ=9.540e-02 | Epoch  50 | lr=1.2500e-04 | Recon MSE=1.023029e-04 | ‖ω‖₁=7.331405e-03
  λ=9.540e-02 | Epoch  60 | lr=1.2500e-04 | Recon MSE=8.363425e-05 | ‖ω‖₁=6.892491e-03
  λ=9.540e-02 | Epoch  70 | lr=6.2500e-05 | Recon MSE=1.735439e-04 | ‖ω‖₁=6.032594e-03
  λ=9.540e-02 | Epoch  80 | lr=3.1250e-05 | Recon MSE=4.830224e-04 | ‖ω‖₁=4.801451e-03
  → at λ=9.540e-02:  r(λ)=1,  rel_err=6.303048e-02

-- Path iteration 27, λ = 1.145e-01   (r(λ) prev = 1)
  λ=1.145e-01 | Epoch   1 | lr=1.0000e-03 | Recon MSE=4.468425e-02 | ‖ω‖₁=3.297324e+01
  λ=1.145e-01 | Epoch  10 | lr=1.0000e-03 | Recon MSE=1.401474e-03 | ‖ω‖₁=4.150738e-01
  λ=1.145e-01 | Epoch  20 | lr=5.0000e-04 | Recon MSE=8.071323e-04 | ‖ω‖₁=9.114438e-03
  λ=1.145e-01 | Epoch  30 | lr=5.0000e-04 | Recon MSE=2.918461e-04 | ‖ω‖₁=7.092142e-03
  λ=1.145e-01 | Epoch  40 | lr=2.5000e-04 | Recon MSE=1.398820e-04 | ‖ω‖₁=6.899630e-03
  λ=1.145e-01 | Epoch  50 | lr=1.2500e-04 | Recon MSE=9.562171e-05 | ‖ω‖₁=6.608698e-03
  λ=1.145e-01 | Epoch  60 | lr=1.2500e-04 | Recon MSE=8.449403e-05 | ‖ω‖₁=6.301893e-03
  λ=1.145e-01 | Epoch  70 | lr=6.2500e-05 | Recon MSE=3.068111e-04 | ‖ω‖₁=5.091340e-03
  λ=1.145e-01 | Epoch  80 | lr=3.1250e-05 | Recon MSE=1.419790e-03 | ‖ω‖₁=2.675574e-03
  → at λ=1.145e-01:  r(λ)=1,  rel_err=1.085575e-01

-- Path iteration 28, λ = 1.374e-01   (r(λ) prev = 1)
  λ=1.374e-01 | Epoch   1 | lr=1.0000e-03 | Recon MSE=4.910701e-02 | ‖ω‖₁=2.714175e+01
  λ=1.374e-01 | Epoch  10 | lr=1.0000e-03 | Recon MSE=1.385902e-03 | ‖ω‖₁=1.769053e-01
  λ=1.374e-01 | Epoch  20 | lr=5.0000e-04 | Recon MSE=6.963477e-04 | ‖ω‖₁=9.928391e-03
  λ=1.374e-01 | Epoch  30 | lr=5.0000e-04 | Recon MSE=1.794388e-04 | ‖ω‖₁=6.978029e-03
  λ=1.374e-01 | Epoch  40 | lr=2.5000e-04 | Recon MSE=8.461839e-05 | ‖ω‖₁=6.540691e-03
  λ=1.374e-01 | Epoch  50 | lr=1.2500e-04 | Recon MSE=8.847617e-05 | ‖ω‖₁=5.965074e-03
  λ=1.374e-01 | Epoch  60 | lr=1.2500e-04 | Recon MSE=1.125151e-04 | ‖ω‖₁=5.377908e-03
  λ=1.374e-01 | Epoch  70 | lr=6.2500e-05 | Recon MSE=1.177356e-03 | ‖ω‖₁=2.894665e-03
  λ=1.374e-01 | Epoch  80 | lr=3.1250e-05 | Recon MSE=2.289224e-03 | ‖ω‖₁=0.000000e+00
  → at λ=1.374e-01:  r(λ)=0,  rel_err=1.332173e-01
All skip-weights have zeroed out. Stopping path.

Found knees using Z-method: [16 17 21]
[Dense2Sparse] Picked λ=2.219e-02,  r=2, err=1.609432e-02

→ Final training on full data with λ = 2.219e-02 ...
  λ=2.219e-02 | Epoch   1 | lr=1.0000e-03 | Recon MSE=2.988410e-02 | ‖ω‖₁=1.043810e+02
  λ=2.219e-02 | Epoch  10 | lr=1.0000e-03 | Recon MSE=1.262103e-03 | ‖ω‖₁=1.903457e+00
  λ=2.219e-02 | Epoch  20 | lr=5.0000e-04 | Recon MSE=3.324264e-05 | ‖ω‖₁=1.390220e+00
  λ=2.219e-02 | Epoch  30 | lr=5.0000e-04 | Recon MSE=2.289051e-05 | ‖ω‖₁=1.008605e+00
  λ=2.219e-02 | Epoch  40 | lr=2.5000e-04 | Recon MSE=2.463394e-05 | ‖ω‖₁=6.946331e-01
  λ=2.219e-02 | Epoch  50 | lr=1.2500e-04 | Recon MSE=2.833795e-05 | ‖ω‖₁=4.223419e-01
  λ=2.219e-02 | Epoch  60 | lr=1.2500e-04 | Recon MSE=2.624169e-05 | ‖ω‖₁=1.794272e-01
  λ=2.219e-02 | Epoch  70 | lr=6.2500e-05 | Recon MSE=3.033370e-05 | ‖ω‖₁=3.375752e-02
  λ=2.219e-02 | Epoch  80 | lr=3.1250e-05 | Recon MSE=3.172287e-05 | ‖ω‖₁=2.567787e-02

Final skip-weights ω: [-0.0, 0.020932001993060112, 0.004663403611630201, 0.0, 0.0, 0.0, -0.0, -0.0, -0.0, -0.0] ...
Selected POD-mode indices (ω_j ≠ 0): [1, 2] (count = 2 / 128)
Final relative reconstruction of SparseModesNet: ||X - X_hat||_F / ||X||_F = 1.569656e-02
Final MSE per sample of SparseModesNet: = 2.015051e-03
Relative error using only selected  modes: 9.940178e-01
MSE per sample using only selected  modes: 1.276074e-01
2025-06-17 13:06:57,472 - sparsemodesnet.heat_equation - INFO - ==================================================
2025-06-17 13:06:57,472 - sparsemodesnet.heat_equation - INFO - Experiment completed successfully!
2025-06-17 13:06:57,472 - sparsemodesnet.heat_equation - INFO - Selected 2 modes out of 128
2025-06-17 13:06:57,473 - sparsemodesnet.heat_equation - INFO - Final lambda: 2.219e-02
