Starting heat_equation experiment
Log file: logs/heat_equation_20250615_122424.log
Experiment: Heat Equation
Data shape: (128, 1000)
POD dimension: 128
Hidden units: [128, 8256]
Regularization method: dense2sparse
Device: mps
Training parameters: M=10.0, lr=0.001, batch_size=64
Optimizer: Adam, knee_method: zmethod
==================================================

=== SparseModesNet (λ-path=dense2sparse) on Heat Equation: d=128, n=1000, s=128 ===

=== Dense-To-Sparse (default) λ-Path ===

-- Path iteration 1, λ = 1.000e-04   (r(λ) prev = 128)
  λ=1.000e-04 | Epoch   1 | lr=1.0000e-03 | Recon MSE=5.666312e-02 | ‖ω‖₁=1.119597e+00
  λ=1.000e-04 | Epoch  10 | lr=1.0000e-03 | Recon MSE=1.526938e-05 | ‖ω‖₁=1.167819e+00
  λ=1.000e-04 | Epoch  20 | lr=5.0000e-04 | Recon MSE=6.256952e-06 | ‖ω‖₁=1.173121e+00
  λ=1.000e-04 | Epoch  30 | lr=5.0000e-04 | Recon MSE=5.067494e-06 | ‖ω‖₁=1.153493e+00
  λ=1.000e-04 | Epoch  40 | lr=2.5000e-04 | Recon MSE=5.028761e-06 | ‖ω‖₁=1.137369e+00
  λ=1.000e-04 | Epoch  50 | lr=1.2500e-04 | Recon MSE=4.676612e-06 | ‖ω‖₁=1.126892e+00
  λ=1.000e-04 | Epoch  60 | lr=1.2500e-04 | Recon MSE=4.708636e-06 | ‖ω‖₁=1.117248e+00
  λ=1.000e-04 | Epoch  70 | lr=6.2500e-05 | Recon MSE=4.644502e-06 | ‖ω‖₁=1.109403e+00
  λ=1.000e-04 | Epoch  80 | lr=3.1250e-05 | Recon MSE=4.436123e-06 | ‖ω‖₁=1.106483e+00
  λ=1.000e-04 | Epoch  80 | Recon MSE=4.436123e-06 | ‖ω‖₁=1.106483e+00
  → at λ=1.000e-04:  r(λ)=127, rel_err=1.716558e-03

-- Path iteration 2, λ = 1.200e-04   (r(λ) prev = 127)
  λ=1.200e-04 | Epoch   1 | lr=1.0000e-03 | Recon MSE=5.901146e-02 | ‖ω‖₁=1.121946e+00
  λ=1.200e-04 | Epoch  10 | lr=1.0000e-03 | Recon MSE=1.693909e-05 | ‖ω‖₁=1.139011e+00
  λ=1.200e-04 | Epoch  20 | lr=5.0000e-04 | Recon MSE=7.521777e-06 | ‖ω‖₁=1.161250e+00
  λ=1.200e-04 | Epoch  30 | lr=5.0000e-04 | Recon MSE=5.210504e-06 | ‖ω‖₁=1.194696e+00
  λ=1.200e-04 | Epoch  40 | lr=2.5000e-04 | Recon MSE=5.043827e-06 | ‖ω‖₁=1.179133e+00
  λ=1.200e-04 | Epoch  50 | lr=1.2500e-04 | Recon MSE=5.287906e-06 | ‖ω‖₁=1.152802e+00
  λ=1.200e-04 | Epoch  60 | lr=1.2500e-04 | Recon MSE=4.731609e-06 | ‖ω‖₁=1.125840e+00
  λ=1.200e-04 | Epoch  70 | lr=6.2500e-05 | Recon MSE=5.074862e-06 | ‖ω‖₁=1.101955e+00
  λ=1.200e-04 | Epoch  80 | lr=3.1250e-05 | Recon MSE=5.147506e-06 | ‖ω‖₁=1.092911e+00
  λ=1.200e-04 | Epoch  80 | Recon MSE=5.147506e-06 | ‖ω‖₁=1.092911e+00
  → at λ=1.200e-04:  r(λ)=127, rel_err=2.889881e-03

-- Path iteration 3, λ = 1.440e-04   (r(λ) prev = 127)
  λ=1.440e-04 | Epoch   1 | lr=1.0000e-03 | Recon MSE=5.974127e-02 | ‖ω‖₁=1.119323e+00
  λ=1.440e-04 | Epoch  10 | lr=1.0000e-03 | Recon MSE=1.662618e-05 | ‖ω‖₁=1.143773e+00
  λ=1.440e-04 | Epoch  20 | lr=5.0000e-04 | Recon MSE=8.994534e-06 | ‖ω‖₁=1.129760e+00
  λ=1.440e-04 | Epoch  30 | lr=5.0000e-04 | Recon MSE=6.207375e-06 | ‖ω‖₁=1.117523e+00
  λ=1.440e-04 | Epoch  40 | lr=2.5000e-04 | Recon MSE=5.642683e-06 | ‖ω‖₁=1.105689e+00
  λ=1.440e-04 | Epoch  50 | lr=1.2500e-04 | Recon MSE=5.350700e-06 | ‖ω‖₁=1.097497e+00
  λ=1.440e-04 | Epoch  60 | lr=1.2500e-04 | Recon MSE=5.153217e-06 | ‖ω‖₁=1.090195e+00
  λ=1.440e-04 | Epoch  70 | lr=6.2500e-05 | Recon MSE=4.797770e-06 | ‖ω‖₁=1.085516e+00
  λ=1.440e-04 | Epoch  80 | lr=3.1250e-05 | Recon MSE=4.714164e-06 | ‖ω‖₁=1.081956e+00
  λ=1.440e-04 | Epoch  80 | Recon MSE=4.714164e-06 | ‖ω‖₁=1.081956e+00
  → at λ=1.440e-04:  r(λ)=127, rel_err=2.343400e-03

-- Path iteration 4, λ = 1.728e-04   (r(λ) prev = 127)
  λ=1.728e-04 | Epoch   1 | lr=1.0000e-03 | Recon MSE=5.994342e-02 | ‖ω‖₁=1.115200e+00
  λ=1.728e-04 | Epoch  10 | lr=1.0000e-03 | Recon MSE=1.859027e-05 | ‖ω‖₁=1.122727e+00
  λ=1.728e-04 | Epoch  20 | lr=5.0000e-04 | Recon MSE=7.804488e-06 | ‖ω‖₁=1.155438e+00
  λ=1.728e-04 | Epoch  30 | lr=5.0000e-04 | Recon MSE=5.016851e-06 | ‖ω‖₁=1.181697e+00
  λ=1.728e-04 | Epoch  40 | lr=2.5000e-04 | Recon MSE=4.647969e-06 | ‖ω‖₁=1.158960e+00
  λ=1.728e-04 | Epoch  50 | lr=1.2500e-04 | Recon MSE=4.470007e-06 | ‖ω‖₁=1.134038e+00
  λ=1.728e-04 | Epoch  60 | lr=1.2500e-04 | Recon MSE=4.633902e-06 | ‖ω‖₁=1.118448e+00
  λ=1.728e-04 | Epoch  70 | lr=6.2500e-05 | Recon MSE=4.835077e-06 | ‖ω‖₁=1.105145e+00
  λ=1.728e-04 | Epoch  80 | lr=3.1250e-05 | Recon MSE=4.948414e-06 | ‖ω‖₁=1.092468e+00
  λ=1.728e-04 | Epoch  80 | Recon MSE=4.948414e-06 | ‖ω‖₁=1.092468e+00
  → at λ=1.728e-04:  r(λ)=127, rel_err=2.760191e-03

-- Path iteration 5, λ = 2.074e-04   (r(λ) prev = 127)
  λ=2.074e-04 | Epoch   1 | lr=1.0000e-03 | Recon MSE=6.047445e-02 | ‖ω‖₁=1.119756e+00
  λ=2.074e-04 | Epoch  10 | lr=1.0000e-03 | Recon MSE=1.068228e-05 | ‖ω‖₁=1.190665e+00
  λ=2.074e-04 | Epoch  20 | lr=5.0000e-04 | Recon MSE=4.676700e-06 | ‖ω‖₁=1.221941e+00
  λ=2.074e-04 | Epoch  30 | lr=5.0000e-04 | Recon MSE=4.388204e-06 | ‖ω‖₁=1.187803e+00
  λ=2.074e-04 | Epoch  40 | lr=2.5000e-04 | Recon MSE=4.255033e-06 | ‖ω‖₁=1.154720e+00
  λ=2.074e-04 | Epoch  50 | lr=1.2500e-04 | Recon MSE=4.192480e-06 | ‖ω‖₁=1.138153e+00
  λ=2.074e-04 | Epoch  60 | lr=1.2500e-04 | Recon MSE=4.322581e-06 | ‖ω‖₁=1.122844e+00
  λ=2.074e-04 | Epoch  70 | lr=6.2500e-05 | Recon MSE=4.609346e-06 | ‖ω‖₁=1.105078e+00
  λ=2.074e-04 | Epoch  80 | lr=3.1250e-05 | Recon MSE=5.027154e-06 | ‖ω‖₁=1.088294e+00
  λ=2.074e-04 | Epoch  80 | Recon MSE=5.027154e-06 | ‖ω‖₁=1.088294e+00
  → at λ=2.074e-04:  r(λ)=127, rel_err=3.305162e-03

-- Path iteration 6, λ = 2.488e-04   (r(λ) prev = 127)
  λ=2.488e-04 | Epoch   1 | lr=1.0000e-03 | Recon MSE=5.919401e-02 | ‖ω‖₁=1.113848e+00
  λ=2.488e-04 | Epoch  10 | lr=1.0000e-03 | Recon MSE=1.873110e-05 | ‖ω‖₁=1.118269e+00
  λ=2.488e-04 | Epoch  20 | lr=5.0000e-04 | Recon MSE=8.856314e-06 | ‖ω‖₁=1.130673e+00
  λ=2.488e-04 | Epoch  30 | lr=5.0000e-04 | Recon MSE=5.415803e-06 | ‖ω‖₁=1.118109e+00
  λ=2.488e-04 | Epoch  40 | lr=2.5000e-04 | Recon MSE=5.078068e-06 | ‖ω‖₁=1.097128e+00
  λ=2.488e-04 | Epoch  50 | lr=1.2500e-04 | Recon MSE=5.076366e-06 | ‖ω‖₁=1.080714e+00
  λ=2.488e-04 | Epoch  60 | lr=1.2500e-04 | Recon MSE=4.802668e-06 | ‖ω‖₁=1.073594e+00
  λ=2.488e-04 | Epoch  70 | lr=6.2500e-05 | Recon MSE=4.500477e-06 | ‖ω‖₁=1.067950e+00
  λ=2.488e-04 | Epoch  80 | lr=3.1250e-05 | Recon MSE=4.605076e-06 | ‖ω‖₁=1.062453e+00
  λ=2.488e-04 | Epoch  80 | Recon MSE=4.605076e-06 | ‖ω‖₁=1.062453e+00
  → at λ=2.488e-04:  r(λ)=127, rel_err=1.858391e-03

-- Path iteration 7, λ = 2.986e-04   (r(λ) prev = 127)
  λ=2.986e-04 | Epoch   1 | lr=1.0000e-03 | Recon MSE=6.099929e-02 | ‖ω‖₁=1.117542e+00
  λ=2.986e-04 | Epoch  10 | lr=1.0000e-03 | Recon MSE=1.617184e-05 | ‖ω‖₁=1.129640e+00
  λ=2.986e-04 | Epoch  20 | lr=5.0000e-04 | Recon MSE=5.811009e-06 | ‖ω‖₁=1.139977e+00
  λ=2.986e-04 | Epoch  30 | lr=5.0000e-04 | Recon MSE=4.801699e-06 | ‖ω‖₁=1.118146e+00
  λ=2.986e-04 | Epoch  40 | lr=2.5000e-04 | Recon MSE=4.344310e-06 | ‖ω‖₁=1.097931e+00
  λ=2.986e-04 | Epoch  50 | lr=1.2500e-04 | Recon MSE=4.321533e-06 | ‖ω‖₁=1.084824e+00
  λ=2.986e-04 | Epoch  60 | lr=1.2500e-04 | Recon MSE=4.398211e-06 | ‖ω‖₁=1.078503e+00
  λ=2.986e-04 | Epoch  70 | lr=6.2500e-05 | Recon MSE=4.177805e-06 | ‖ω‖₁=1.072370e+00
  λ=2.986e-04 | Epoch  80 | lr=3.1250e-05 | Recon MSE=3.997509e-06 | ‖ω‖₁=1.066420e+00
  λ=2.986e-04 | Epoch  80 | Recon MSE=3.997509e-06 | ‖ω‖₁=1.066420e+00
  → at λ=2.986e-04:  r(λ)=127, rel_err=1.483823e-03

-- Path iteration 8, λ = 3.583e-04   (r(λ) prev = 127)
  λ=3.583e-04 | Epoch   1 | lr=1.0000e-03 | Recon MSE=5.967350e-02 | ‖ω‖₁=1.114420e+00
  λ=3.583e-04 | Epoch  10 | lr=1.0000e-03 | Recon MSE=1.881477e-05 | ‖ω‖₁=1.104881e+00
  λ=3.583e-04 | Epoch  20 | lr=5.0000e-04 | Recon MSE=1.313533e-05 | ‖ω‖₁=1.087526e+00
  λ=3.583e-04 | Epoch  30 | lr=5.0000e-04 | Recon MSE=8.937483e-06 | ‖ω‖₁=1.087386e+00
  λ=3.583e-04 | Epoch  40 | lr=2.5000e-04 | Recon MSE=6.726002e-06 | ‖ω‖₁=1.081048e+00
  λ=3.583e-04 | Epoch  50 | lr=1.2500e-04 | Recon MSE=5.522815e-06 | ‖ω‖₁=1.073127e+00
  λ=3.583e-04 | Epoch  60 | lr=1.2500e-04 | Recon MSE=5.197689e-06 | ‖ω‖₁=1.065382e+00
  λ=3.583e-04 | Epoch  70 | lr=6.2500e-05 | Recon MSE=5.206554e-06 | ‖ω‖₁=1.057976e+00
  λ=3.583e-04 | Epoch  80 | lr=3.1250e-05 | Recon MSE=4.913703e-06 | ‖ω‖₁=1.051015e+00
  λ=3.583e-04 | Epoch  80 | Recon MSE=4.913703e-06 | ‖ω‖₁=1.051015e+00
  → at λ=3.583e-04:  r(λ)=127, rel_err=2.508394e-03

-- Path iteration 9, λ = 4.300e-04   (r(λ) prev = 127)
  λ=4.300e-04 | Epoch   1 | lr=1.0000e-03 | Recon MSE=6.226372e-02 | ‖ω‖₁=1.111116e+00
  λ=4.300e-04 | Epoch  10 | lr=1.0000e-03 | Recon MSE=1.957376e-05 | ‖ω‖₁=1.101411e+00
  λ=4.300e-04 | Epoch  20 | lr=5.0000e-04 | Recon MSE=1.330302e-05 | ‖ω‖₁=1.079152e+00
  λ=4.300e-04 | Epoch  30 | lr=5.0000e-04 | Recon MSE=8.713406e-06 | ‖ω‖₁=1.071753e+00
  λ=4.300e-04 | Epoch  40 | lr=2.5000e-04 | Recon MSE=6.344883e-06 | ‖ω‖₁=1.063185e+00
  λ=4.300e-04 | Epoch  50 | lr=1.2500e-04 | Recon MSE=5.373533e-06 | ‖ω‖₁=1.054684e+00
  λ=4.300e-04 | Epoch  60 | lr=1.2500e-04 | Recon MSE=5.223671e-06 | ‖ω‖₁=1.046837e+00
  λ=4.300e-04 | Epoch  70 | lr=6.2500e-05 | Recon MSE=5.017300e-06 | ‖ω‖₁=1.039497e+00
  λ=4.300e-04 | Epoch  80 | lr=3.1250e-05 | Recon MSE=4.726399e-06 | ‖ω‖₁=1.032426e+00
  λ=4.300e-04 | Epoch  80 | Recon MSE=4.726399e-06 | ‖ω‖₁=1.032426e+00
  → at λ=4.300e-04:  r(λ)=127, rel_err=2.528248e-03

-- Path iteration 10, λ = 5.160e-04   (r(λ) prev = 127)
  λ=5.160e-04 | Epoch   1 | lr=1.0000e-03 | Recon MSE=6.133098e-02 | ‖ω‖₁=1.108315e+00
  λ=5.160e-04 | Epoch  10 | lr=1.0000e-03 | Recon MSE=2.093995e-05 | ‖ω‖₁=1.091904e+00
  λ=5.160e-04 | Epoch  20 | lr=5.0000e-04 | Recon MSE=1.200368e-05 | ‖ω‖₁=1.080723e+00
  λ=5.160e-04 | Epoch  30 | lr=5.0000e-04 | Recon MSE=7.560512e-06 | ‖ω‖₁=1.074291e+00
  λ=5.160e-04 | Epoch  40 | lr=2.5000e-04 | Recon MSE=5.662166e-06 | ‖ω‖₁=1.063579e+00
  λ=5.160e-04 | Epoch  50 | lr=1.2500e-04 | Recon MSE=5.017836e-06 | ‖ω‖₁=1.053122e+00
  λ=5.160e-04 | Epoch  60 | lr=1.2500e-04 | Recon MSE=4.626571e-06 | ‖ω‖₁=1.043340e+00
  λ=5.160e-04 | Epoch  70 | lr=6.2500e-05 | Recon MSE=4.369849e-06 | ‖ω‖₁=1.034706e+00
  λ=5.160e-04 | Epoch  80 | lr=3.1250e-05 | Recon MSE=4.539531e-06 | ‖ω‖₁=1.026569e+00
  λ=5.160e-04 | Epoch  80 | Recon MSE=4.539531e-06 | ‖ω‖₁=1.026569e+00
  → at λ=5.160e-04:  r(λ)=127, rel_err=1.946861e-03

-- Path iteration 11, λ = 6.192e-04   (r(λ) prev = 127)
  λ=6.192e-04 | Epoch   1 | lr=1.0000e-03 | Recon MSE=6.283466e-02 | ‖ω‖₁=1.105494e+00
  λ=6.192e-04 | Epoch  10 | lr=1.0000e-03 | Recon MSE=2.204996e-05 | ‖ω‖₁=1.086498e+00
  λ=6.192e-04 | Epoch  20 | lr=5.0000e-04 | Recon MSE=1.091647e-05 | ‖ω‖₁=1.083985e+00
  λ=6.192e-04 | Epoch  30 | lr=5.0000e-04 | Recon MSE=6.321683e-06 | ‖ω‖₁=1.073802e+00
  λ=6.192e-04 | Epoch  40 | lr=2.5000e-04 | Recon MSE=4.876745e-06 | ‖ω‖₁=1.059787e+00
  λ=6.192e-04 | Epoch  50 | lr=1.2500e-04 | Recon MSE=4.341572e-06 | ‖ω‖₁=1.046782e+00
  λ=6.192e-04 | Epoch  60 | lr=1.2500e-04 | Recon MSE=4.369716e-06 | ‖ω‖₁=1.035210e+00
  λ=6.192e-04 | Epoch  70 | lr=6.2500e-05 | Recon MSE=4.469981e-06 | ‖ω‖₁=1.024906e+00
  λ=6.192e-04 | Epoch  80 | lr=3.1250e-05 | Recon MSE=4.399805e-06 | ‖ω‖₁=1.015489e+00
  λ=6.192e-04 | Epoch  80 | Recon MSE=4.399805e-06 | ‖ω‖₁=1.015489e+00
  → at λ=6.192e-04:  r(λ)=127, rel_err=1.768113e-03

-- Path iteration 12, λ = 7.430e-04   (r(λ) prev = 127)
  λ=7.430e-04 | Epoch   1 | lr=1.0000e-03 | Recon MSE=6.497492e-02 | ‖ω‖₁=1.104515e+00
  λ=7.430e-04 | Epoch  10 | lr=1.0000e-03 | Recon MSE=2.306010e-05 | ‖ω‖₁=1.077508e+00
  λ=7.430e-04 | Epoch  20 | lr=5.0000e-04 | Recon MSE=1.465820e-05 | ‖ω‖₁=1.063955e+00
  λ=7.430e-04 | Epoch  30 | lr=5.0000e-04 | Recon MSE=9.810872e-06 | ‖ω‖₁=1.055253e+00
  λ=7.430e-04 | Epoch  40 | lr=2.5000e-04 | Recon MSE=7.103628e-06 | ‖ω‖₁=1.044370e+00
  λ=7.430e-04 | Epoch  50 | lr=1.2500e-04 | Recon MSE=5.744126e-06 | ‖ω‖₁=1.032798e+00
  λ=7.430e-04 | Epoch  60 | lr=1.2500e-04 | Recon MSE=5.316508e-06 | ‖ω‖₁=1.021349e+00
  λ=7.430e-04 | Epoch  70 | lr=6.2500e-05 | Recon MSE=4.901019e-06 | ‖ω‖₁=1.010914e+00
  λ=7.430e-04 | Epoch  80 | lr=3.1250e-05 | Recon MSE=4.792264e-06 | ‖ω‖₁=1.001174e+00
  λ=7.430e-04 | Epoch  80 | Recon MSE=4.792264e-06 | ‖ω‖₁=1.001174e+00
  → at λ=7.430e-04:  r(λ)=127, rel_err=2.542912e-03

-- Path iteration 13, λ = 8.916e-04   (r(λ) prev = 127)
  λ=8.916e-04 | Epoch   1 | lr=1.0000e-03 | Recon MSE=6.637960e-02 | ‖ω‖₁=1.103035e+00
  λ=8.916e-04 | Epoch  10 | lr=1.0000e-03 | Recon MSE=2.131911e-05 | ‖ω‖₁=1.075954e+00
  λ=8.916e-04 | Epoch  20 | lr=5.0000e-04 | Recon MSE=1.136727e-05 | ‖ω‖₁=1.063375e+00
  λ=8.916e-04 | Epoch  30 | lr=5.0000e-04 | Recon MSE=7.159155e-06 | ‖ω‖₁=1.051542e+00
  λ=8.916e-04 | Epoch  40 | lr=2.5000e-04 | Recon MSE=5.464640e-06 | ‖ω‖₁=1.037926e+00
  λ=8.916e-04 | Epoch  50 | lr=1.2500e-04 | Recon MSE=5.126366e-06 | ‖ω‖₁=1.025138e+00
  λ=8.916e-04 | Epoch  60 | lr=1.2500e-04 | Recon MSE=4.805575e-06 | ‖ω‖₁=1.012662e+00
  λ=8.916e-04 | Epoch  70 | lr=6.2500e-05 | Recon MSE=4.432182e-06 | ‖ω‖₁=1.001207e+00
  λ=8.916e-04 | Epoch  80 | lr=3.1250e-05 | Recon MSE=4.898421e-06 | ‖ω‖₁=9.906308e-01
  λ=8.916e-04 | Epoch  80 | Recon MSE=4.898421e-06 | ‖ω‖₁=9.906308e-01
  → at λ=8.916e-04:  r(λ)=127, rel_err=2.193697e-03

-- Path iteration 14, λ = 1.070e-03   (r(λ) prev = 127)
  λ=1.070e-03 | Epoch   1 | lr=1.0000e-03 | Recon MSE=6.600777e-02 | ‖ω‖₁=1.101121e+00
  λ=1.070e-03 | Epoch  10 | lr=1.0000e-03 | Recon MSE=2.326669e-05 | ‖ω‖₁=1.068583e+00
  λ=1.070e-03 | Epoch  20 | lr=5.0000e-04 | Recon MSE=1.321492e-05 | ‖ω‖₁=1.056691e+00
  λ=1.070e-03 | Epoch  30 | lr=5.0000e-04 | Recon MSE=8.350035e-06 | ‖ω‖₁=1.046030e+00
  λ=1.070e-03 | Epoch  40 | lr=2.5000e-04 | Recon MSE=5.994567e-06 | ‖ω‖₁=1.031015e+00
  λ=1.070e-03 | Epoch  50 | lr=1.2500e-04 | Recon MSE=5.151788e-06 | ‖ω‖₁=1.015993e+00
  λ=1.070e-03 | Epoch  60 | lr=1.2500e-04 | Recon MSE=4.890816e-06 | ‖ω‖₁=1.001191e+00
  λ=1.070e-03 | Epoch  70 | lr=6.2500e-05 | Recon MSE=4.689791e-06 | ‖ω‖₁=9.878402e-01
  λ=1.070e-03 | Epoch  80 | lr=3.1250e-05 | Recon MSE=4.484977e-06 | ‖ω‖₁=9.758119e-01
  λ=1.070e-03 | Epoch  80 | Recon MSE=4.484977e-06 | ‖ω‖₁=9.758119e-01
  → at λ=1.070e-03:  r(λ)=127, rel_err=2.205402e-03

-- Path iteration 15, λ = 1.284e-03   (r(λ) prev = 127)
  λ=1.284e-03 | Epoch   1 | lr=1.0000e-03 | Recon MSE=6.586947e-02 | ‖ω‖₁=1.099099e+00
  λ=1.284e-03 | Epoch  10 | lr=1.0000e-03 | Recon MSE=2.480799e-05 | ‖ω‖₁=1.063013e+00
  λ=1.284e-03 | Epoch  20 | lr=5.0000e-04 | Recon MSE=1.255591e-05 | ‖ω‖₁=1.048078e+00
  λ=1.284e-03 | Epoch  30 | lr=5.0000e-04 | Recon MSE=7.427732e-06 | ‖ω‖₁=1.032483e+00
  λ=1.284e-03 | Epoch  40 | lr=2.5000e-04 | Recon MSE=5.768860e-06 | ‖ω‖₁=1.015327e+00
  λ=1.284e-03 | Epoch  50 | lr=1.2500e-04 | Recon MSE=4.926468e-06 | ‖ω‖₁=9.990563e-01
  λ=1.284e-03 | Epoch  60 | lr=1.2500e-04 | Recon MSE=5.077275e-06 | ‖ω‖₁=9.835033e-01
  λ=1.284e-03 | Epoch  70 | lr=6.2500e-05 | Recon MSE=4.906900e-06 | ‖ω‖₁=9.690881e-01
  λ=1.284e-03 | Epoch  80 | lr=3.1250e-05 | Recon MSE=5.008622e-06 | ‖ω‖₁=9.562433e-01
  λ=1.284e-03 | Epoch  80 | Recon MSE=5.008622e-06 | ‖ω‖₁=9.562433e-01
  → at λ=1.284e-03:  r(λ)=127, rel_err=2.306573e-03

-- Path iteration 16, λ = 1.541e-03   (r(λ) prev = 127)
  λ=1.541e-03 | Epoch   1 | lr=1.0000e-03 | Recon MSE=6.754617e-02 | ‖ω‖₁=1.098831e+00
  λ=1.541e-03 | Epoch  10 | lr=1.0000e-03 | Recon MSE=2.446491e-05 | ‖ω‖₁=1.053323e+00
  λ=1.541e-03 | Epoch  20 | lr=5.0000e-04 | Recon MSE=1.619488e-05 | ‖ω‖₁=1.025386e+00
  λ=1.541e-03 | Epoch  30 | lr=5.0000e-04 | Recon MSE=1.186711e-05 | ‖ω‖₁=1.005943e+00
  λ=1.541e-03 | Epoch  40 | lr=2.5000e-04 | Recon MSE=9.537104e-06 | ‖ω‖₁=9.881726e-01
  λ=1.541e-03 | Epoch  50 | lr=1.2500e-04 | Recon MSE=7.974073e-06 | ‖ω‖₁=9.720623e-01
  λ=1.541e-03 | Epoch  60 | lr=1.2500e-04 | Recon MSE=6.830722e-06 | ‖ω‖₁=9.565588e-01
  λ=1.541e-03 | Epoch  70 | lr=6.2500e-05 | Recon MSE=6.704853e-06 | ‖ω‖₁=9.420000e-01
  λ=1.541e-03 | Epoch  80 | lr=3.1250e-05 | Recon MSE=6.120129e-06 | ‖ω‖₁=9.281826e-01
  λ=1.541e-03 | Epoch  80 | Recon MSE=6.120129e-06 | ‖ω‖₁=9.281826e-01
  → at λ=1.541e-03:  r(λ)=127, rel_err=4.244775e-03

-- Path iteration 17, λ = 1.849e-03   (r(λ) prev = 127)
  λ=1.849e-03 | Epoch   1 | lr=1.0000e-03 | Recon MSE=6.696604e-02 | ‖ω‖₁=1.097681e+00
  λ=1.849e-03 | Epoch  10 | lr=1.0000e-03 | Recon MSE=2.418999e-05 | ‖ω‖₁=1.048908e+00
  λ=1.849e-03 | Epoch  20 | lr=5.0000e-04 | Recon MSE=1.346913e-05 | ‖ω‖₁=1.026938e+00
  λ=1.849e-03 | Epoch  30 | lr=5.0000e-04 | Recon MSE=8.682126e-06 | ‖ω‖₁=1.006903e+00
  λ=1.849e-03 | Epoch  40 | lr=2.5000e-04 | Recon MSE=6.401380e-06 | ‖ω‖₁=9.847547e-01
  λ=1.849e-03 | Epoch  50 | lr=1.2500e-04 | Recon MSE=5.483061e-06 | ‖ω‖₁=9.648154e-01
  λ=1.849e-03 | Epoch  60 | lr=1.2500e-04 | Recon MSE=5.078832e-06 | ‖ω‖₁=9.468015e-01
  λ=1.849e-03 | Epoch  70 | lr=6.2500e-05 | Recon MSE=5.048049e-06 | ‖ω‖₁=9.302258e-01
  λ=1.849e-03 | Epoch  80 | lr=3.1250e-05 | Recon MSE=4.755687e-06 | ‖ω‖₁=9.146367e-01
  λ=1.849e-03 | Epoch  80 | Recon MSE=4.755687e-06 | ‖ω‖₁=9.146367e-01
  → at λ=1.849e-03:  r(λ)=127, rel_err=2.504924e-03

-- Path iteration 18, λ = 2.219e-03   (r(λ) prev = 127)
  λ=2.219e-03 | Epoch   1 | lr=1.0000e-03 | Recon MSE=6.579276e-02 | ‖ω‖₁=1.095875e+00
  λ=2.219e-03 | Epoch  10 | lr=1.0000e-03 | Recon MSE=2.523089e-05 | ‖ω‖₁=1.041693e+00
  λ=2.219e-03 | Epoch  20 | lr=5.0000e-04 | Recon MSE=1.571492e-05 | ‖ω‖₁=1.009799e+00
  λ=2.219e-03 | Epoch  30 | lr=5.0000e-04 | Recon MSE=1.085712e-05 | ‖ω‖₁=9.868767e-01
  λ=2.219e-03 | Epoch  40 | lr=2.5000e-04 | Recon MSE=8.335400e-06 | ‖ω‖₁=9.660101e-01
  λ=2.219e-03 | Epoch  50 | lr=1.2500e-04 | Recon MSE=7.033739e-06 | ‖ω‖₁=9.461361e-01
  λ=2.219e-03 | Epoch  60 | lr=1.2500e-04 | Recon MSE=6.370848e-06 | ‖ω‖₁=9.278804e-01
  λ=2.219e-03 | Epoch  70 | lr=6.2500e-05 | Recon MSE=5.891614e-06 | ‖ω‖₁=9.109163e-01
  λ=2.219e-03 | Epoch  80 | lr=3.1250e-05 | Recon MSE=5.803798e-06 | ‖ω‖₁=8.948419e-01
  λ=2.219e-03 | Epoch  80 | Recon MSE=5.803798e-06 | ‖ω‖₁=8.948419e-01
  → at λ=2.219e-03:  r(λ)=127, rel_err=3.418494e-03

-- Path iteration 19, λ = 2.662e-03   (r(λ) prev = 127)
  λ=2.662e-03 | Epoch   1 | lr=1.0000e-03 | Recon MSE=6.700076e-02 | ‖ω‖₁=1.094500e+00
  λ=2.662e-03 | Epoch  10 | lr=1.0000e-03 | Recon MSE=2.556401e-05 | ‖ω‖₁=1.031364e+00
  λ=2.662e-03 | Epoch  20 | lr=5.0000e-04 | Recon MSE=1.670041e-05 | ‖ω‖₁=9.966675e-01
  λ=2.662e-03 | Epoch  30 | lr=5.0000e-04 | Recon MSE=1.193321e-05 | ‖ω‖₁=9.695714e-01
  λ=2.662e-03 | Epoch  40 | lr=2.5000e-04 | Recon MSE=9.238130e-06 | ‖ω‖₁=9.453215e-01
  λ=2.662e-03 | Epoch  50 | lr=1.2500e-04 | Recon MSE=7.347185e-06 | ‖ω‖₁=9.234541e-01
  λ=2.662e-03 | Epoch  60 | lr=1.2500e-04 | Recon MSE=6.948529e-06 | ‖ω‖₁=9.025236e-01
  λ=2.662e-03 | Epoch  70 | lr=6.2500e-05 | Recon MSE=6.618453e-06 | ‖ω‖₁=8.834235e-01
  λ=2.662e-03 | Epoch  80 | lr=3.1250e-05 | Recon MSE=6.199460e-06 | ‖ω‖₁=8.654987e-01
  λ=2.662e-03 | Epoch  80 | Recon MSE=6.199460e-06 | ‖ω‖₁=8.654987e-01
  → at λ=2.662e-03:  r(λ)=127, rel_err=4.047336e-03

-- Path iteration 20, λ = 3.195e-03   (r(λ) prev = 127)
  λ=3.195e-03 | Epoch   1 | lr=1.0000e-03 | Recon MSE=6.595873e-02 | ‖ω‖₁=1.092963e+00
  λ=3.195e-03 | Epoch  10 | lr=1.0000e-03 | Recon MSE=2.356645e-05 | ‖ω‖₁=1.025243e+00
  λ=3.195e-03 | Epoch  20 | lr=5.0000e-04 | Recon MSE=1.313542e-05 | ‖ω‖₁=9.907837e-01
  λ=3.195e-03 | Epoch  30 | lr=5.0000e-04 | Recon MSE=8.405450e-06 | ‖ω‖₁=9.622398e-01
  λ=3.195e-03 | Epoch  40 | lr=2.5000e-04 | Recon MSE=6.596728e-06 | ‖ω‖₁=9.349022e-01
  λ=3.195e-03 | Epoch  50 | lr=1.2500e-04 | Recon MSE=5.431343e-06 | ‖ω‖₁=9.091084e-01
  λ=3.195e-03 | Epoch  60 | lr=1.2500e-04 | Recon MSE=5.406917e-06 | ‖ω‖₁=8.853246e-01
  λ=3.195e-03 | Epoch  70 | lr=6.2500e-05 | Recon MSE=5.235283e-06 | ‖ω‖₁=8.632607e-01
  λ=3.195e-03 | Epoch  80 | lr=3.1250e-05 | Recon MSE=4.858072e-06 | ‖ω‖₁=8.426870e-01
  λ=3.195e-03 | Epoch  80 | Recon MSE=4.858072e-06 | ‖ω‖₁=8.426870e-01
  → at λ=3.195e-03:  r(λ)=127, rel_err=3.081060e-03

-- Path iteration 21, λ = 3.834e-03   (r(λ) prev = 127)
  λ=3.834e-03 | Epoch   1 | lr=1.0000e-03 | Recon MSE=6.521326e-02 | ‖ω‖₁=1.091611e+00
  λ=3.834e-03 | Epoch  10 | lr=1.0000e-03 | Recon MSE=2.372392e-05 | ‖ω‖₁=1.016971e+00
  λ=3.834e-03 | Epoch  20 | lr=5.0000e-04 | Recon MSE=1.390308e-05 | ‖ω‖₁=9.779508e-01
  λ=3.834e-03 | Epoch  30 | lr=5.0000e-04 | Recon MSE=8.452614e-06 | ‖ω‖₁=9.455194e-01
  λ=3.834e-03 | Epoch  40 | lr=2.5000e-04 | Recon MSE=6.513506e-06 | ‖ω‖₁=9.148909e-01
  λ=3.834e-03 | Epoch  50 | lr=1.2500e-04 | Recon MSE=5.368468e-06 | ‖ω‖₁=8.869758e-01
  λ=3.834e-03 | Epoch  60 | lr=1.2500e-04 | Recon MSE=5.382518e-06 | ‖ω‖₁=8.611963e-01
  λ=3.834e-03 | Epoch  70 | lr=6.2500e-05 | Recon MSE=5.171006e-06 | ‖ω‖₁=8.374490e-01
  λ=3.834e-03 | Epoch  80 | lr=3.1250e-05 | Recon MSE=4.960452e-06 | ‖ω‖₁=8.153263e-01
  λ=3.834e-03 | Epoch  80 | Recon MSE=4.960452e-06 | ‖ω‖₁=8.153263e-01
  → at λ=3.834e-03:  r(λ)=127, rel_err=2.722331e-03

-- Path iteration 22, λ = 4.601e-03   (r(λ) prev = 127)
  λ=4.601e-03 | Epoch   1 | lr=1.0000e-03 | Recon MSE=6.493413e-02 | ‖ω‖₁=1.090365e+00
  λ=4.601e-03 | Epoch  10 | lr=1.0000e-03 | Recon MSE=2.426645e-05 | ‖ω‖₁=1.003937e+00
  λ=4.601e-03 | Epoch  20 | lr=5.0000e-04 | Recon MSE=1.479780e-05 | ‖ω‖₁=9.544484e-01
  λ=4.601e-03 | Epoch  30 | lr=5.0000e-04 | Recon MSE=9.899808e-06 | ‖ω‖₁=9.164126e-01
  λ=4.601e-03 | Epoch  40 | lr=2.5000e-04 | Recon MSE=8.118673e-06 | ‖ω‖₁=8.831754e-01
  λ=4.601e-03 | Epoch  50 | lr=1.2500e-04 | Recon MSE=6.767295e-06 | ‖ω‖₁=8.529566e-01
  λ=4.601e-03 | Epoch  60 | lr=1.2500e-04 | Recon MSE=6.371223e-06 | ‖ω‖₁=8.249817e-01
  λ=4.601e-03 | Epoch  70 | lr=6.2500e-05 | Recon MSE=6.196682e-06 | ‖ω‖₁=7.994307e-01
  λ=4.601e-03 | Epoch  80 | lr=3.1250e-05 | Recon MSE=5.908506e-06 | ‖ω‖₁=7.755447e-01
  λ=4.601e-03 | Epoch  80 | Recon MSE=5.908506e-06 | ‖ω‖₁=7.755447e-01
  → at λ=4.601e-03:  r(λ)=127, rel_err=3.870253e-03

-- Path iteration 23, λ = 5.521e-03   (r(λ) prev = 127)
  λ=5.521e-03 | Epoch   1 | lr=1.0000e-03 | Recon MSE=6.444850e-02 | ‖ω‖₁=1.086012e+00
  λ=5.521e-03 | Epoch  10 | lr=1.0000e-03 | Recon MSE=2.684235e-05 | ‖ω‖₁=9.914694e-01
  λ=5.521e-03 | Epoch  20 | lr=5.0000e-04 | Recon MSE=1.697491e-05 | ‖ω‖₁=9.379222e-01
  λ=5.521e-03 | Epoch  30 | lr=5.0000e-04 | Recon MSE=1.122214e-05 | ‖ω‖₁=8.989970e-01
  λ=5.521e-03 | Epoch  40 | lr=2.5000e-04 | Recon MSE=8.402384e-06 | ‖ω‖₁=8.644191e-01
  λ=5.521e-03 | Epoch  50 | lr=1.2500e-04 | Recon MSE=7.148211e-06 | ‖ω‖₁=8.320586e-01
  λ=5.521e-03 | Epoch  60 | lr=1.2500e-04 | Recon MSE=6.624565e-06 | ‖ω‖₁=8.013732e-01
  λ=5.521e-03 | Epoch  70 | lr=6.2500e-05 | Recon MSE=6.340023e-06 | ‖ω‖₁=7.733083e-01
  λ=5.521e-03 | Epoch  80 | lr=3.1250e-05 | Recon MSE=6.178116e-06 | ‖ω‖₁=7.473943e-01
  λ=5.521e-03 | Epoch  80 | Recon MSE=6.178116e-06 | ‖ω‖₁=7.473943e-01
  → at λ=5.521e-03:  r(λ)=127, rel_err=4.003409e-03

-- Path iteration 24, λ = 6.625e-03   (r(λ) prev = 127)
  λ=6.625e-03 | Epoch   1 | lr=1.0000e-03 | Recon MSE=6.575847e-02 | ‖ω‖₁=1.082539e+00
  λ=6.625e-03 | Epoch  10 | lr=1.0000e-03 | Recon MSE=2.509538e-05 | ‖ω‖₁=9.716528e-01
  λ=6.625e-03 | Epoch  20 | lr=5.0000e-04 | Recon MSE=1.654052e-05 | ‖ω‖₁=9.109750e-01
  λ=6.625e-03 | Epoch  30 | lr=5.0000e-04 | Recon MSE=1.200427e-05 | ‖ω‖₁=8.659997e-01
  λ=6.625e-03 | Epoch  40 | lr=2.5000e-04 | Recon MSE=9.530442e-06 | ‖ω‖₁=8.265075e-01
  λ=6.625e-03 | Epoch  50 | lr=1.2500e-04 | Recon MSE=7.847507e-06 | ‖ω‖₁=7.911715e-01
  λ=6.625e-03 | Epoch  60 | lr=1.2500e-04 | Recon MSE=7.659725e-06 | ‖ω‖₁=7.580764e-01
  λ=6.625e-03 | Epoch  70 | lr=6.2500e-05 | Recon MSE=7.315255e-06 | ‖ω‖₁=7.274859e-01
  λ=6.625e-03 | Epoch  80 | lr=3.1250e-05 | Recon MSE=7.131119e-06 | ‖ω‖₁=6.991271e-01
  λ=6.625e-03 | Epoch  80 | Recon MSE=7.131119e-06 | ‖ω‖₁=6.991271e-01
  → at λ=6.625e-03:  r(λ)=127, rel_err=4.992687e-03

-- Path iteration 25, λ = 7.950e-03   (r(λ) prev = 127)
  λ=7.950e-03 | Epoch   1 | lr=1.0000e-03 | Recon MSE=6.629842e-02 | ‖ω‖₁=1.081521e+00
  λ=7.950e-03 | Epoch  10 | lr=1.0000e-03 | Recon MSE=2.566741e-05 | ‖ω‖₁=9.625921e-01
  λ=7.950e-03 | Epoch  20 | lr=5.0000e-04 | Recon MSE=1.583682e-05 | ‖ω‖₁=8.992034e-01
  λ=7.950e-03 | Epoch  30 | lr=5.0000e-04 | Recon MSE=1.112550e-05 | ‖ω‖₁=8.497202e-01
  λ=7.950e-03 | Epoch  40 | lr=2.5000e-04 | Recon MSE=8.874440e-06 | ‖ω‖₁=8.056062e-01
  λ=7.950e-03 | Epoch  50 | lr=1.2500e-04 | Recon MSE=7.453797e-06 | ‖ω‖₁=7.659682e-01
  λ=7.950e-03 | Epoch  60 | lr=1.2500e-04 | Recon MSE=6.894550e-06 | ‖ω‖₁=7.293176e-01
  λ=7.950e-03 | Epoch  70 | lr=6.2500e-05 | Recon MSE=6.772601e-06 | ‖ω‖₁=6.954037e-01
  λ=7.950e-03 | Epoch  80 | lr=3.1250e-05 | Recon MSE=6.324113e-06 | ‖ω‖₁=6.638939e-01
  λ=7.950e-03 | Epoch  80 | Recon MSE=6.324113e-06 | ‖ω‖₁=6.638939e-01
  → at λ=7.950e-03:  r(λ)=127, rel_err=4.594571e-03

-- Path iteration 26, λ = 9.540e-03   (r(λ) prev = 127)
  λ=9.540e-03 | Epoch   1 | lr=1.0000e-03 | Recon MSE=6.529147e-02 | ‖ω‖₁=1.078523e+00
  λ=9.540e-03 | Epoch  10 | lr=1.0000e-03 | Recon MSE=2.698307e-05 | ‖ω‖₁=9.482289e-01
  λ=9.540e-03 | Epoch  20 | lr=5.0000e-04 | Recon MSE=1.879559e-05 | ‖ω‖₁=8.749609e-01
  λ=9.540e-03 | Epoch  30 | lr=5.0000e-04 | Recon MSE=1.487464e-05 | ‖ω‖₁=8.211657e-01
  λ=9.540e-03 | Epoch  40 | lr=2.5000e-04 | Recon MSE=1.164569e-05 | ‖ω‖₁=7.748521e-01
  λ=9.540e-03 | Epoch  50 | lr=1.2500e-04 | Recon MSE=1.010937e-05 | ‖ω‖₁=7.331790e-01
  λ=9.540e-03 | Epoch  60 | lr=1.2500e-04 | Recon MSE=9.039210e-06 | ‖ω‖₁=6.941037e-01
  λ=9.540e-03 | Epoch  70 | lr=6.2500e-05 | Recon MSE=8.990357e-06 | ‖ω‖₁=6.579974e-01
  λ=9.540e-03 | Epoch  80 | lr=3.1250e-05 | Recon MSE=8.838981e-06 | ‖ω‖₁=6.242778e-01
  λ=9.540e-03 | Epoch  80 | Recon MSE=8.838981e-06 | ‖ω‖₁=6.242778e-01
  → at λ=9.540e-03:  r(λ)=127, rel_err=6.017958e-03

-- Path iteration 27, λ = 1.145e-02   (r(λ) prev = 127)
  λ=1.145e-02 | Epoch   1 | lr=1.0000e-03 | Recon MSE=6.804139e-02 | ‖ω‖₁=1.074286e+00
  λ=1.145e-02 | Epoch  10 | lr=1.0000e-03 | Recon MSE=2.714908e-05 | ‖ω‖₁=9.276781e-01
  λ=1.145e-02 | Epoch  20 | lr=5.0000e-04 | Recon MSE=1.901139e-05 | ‖ω‖₁=8.469345e-01
  λ=1.145e-02 | Epoch  30 | lr=5.0000e-04 | Recon MSE=1.476867e-05 | ‖ω‖₁=7.865288e-01
  λ=1.145e-02 | Epoch  40 | lr=2.5000e-04 | Recon MSE=1.170492e-05 | ‖ω‖₁=7.350330e-01
  λ=1.145e-02 | Epoch  50 | lr=1.2500e-04 | Recon MSE=9.773849e-06 | ‖ω‖₁=6.889908e-01
  λ=1.145e-02 | Epoch  60 | lr=1.2500e-04 | Recon MSE=9.197332e-06 | ‖ω‖₁=6.459893e-01
  λ=1.145e-02 | Epoch  70 | lr=6.2500e-05 | Recon MSE=8.998509e-06 | ‖ω‖₁=6.063925e-01
  λ=1.145e-02 | Epoch  80 | lr=3.1250e-05 | Recon MSE=8.716309e-06 | ‖ω‖₁=5.694915e-01
  λ=1.145e-02 | Epoch  80 | Recon MSE=8.716309e-06 | ‖ω‖₁=5.694915e-01
  → at λ=1.145e-02:  r(λ)=127, rel_err=6.205170e-03

-- Path iteration 28, λ = 1.374e-02   (r(λ) prev = 127)
  λ=1.374e-02 | Epoch   1 | lr=1.0000e-03 | Recon MSE=6.841496e-02 | ‖ω‖₁=1.070136e+00
  λ=1.374e-02 | Epoch  10 | lr=1.0000e-03 | Recon MSE=2.495947e-05 | ‖ω‖₁=9.098193e-01
  λ=1.374e-02 | Epoch  20 | lr=5.0000e-04 | Recon MSE=1.796169e-05 | ‖ω‖₁=8.219119e-01
  λ=1.374e-02 | Epoch  30 | lr=5.0000e-04 | Recon MSE=1.441499e-05 | ‖ω‖₁=7.547821e-01
  λ=1.374e-02 | Epoch  40 | lr=2.5000e-04 | Recon MSE=1.198657e-05 | ‖ω‖₁=6.972362e-01
  λ=1.374e-02 | Epoch  50 | lr=1.2500e-04 | Recon MSE=1.074478e-05 | ‖ω‖₁=6.461706e-01
  λ=1.374e-02 | Epoch  60 | lr=1.2500e-04 | Recon MSE=9.946484e-06 | ‖ω‖₁=5.993515e-01
  λ=1.374e-02 | Epoch  70 | lr=6.2500e-05 | Recon MSE=1.056781e-05 | ‖ω‖₁=5.560846e-01
  λ=1.374e-02 | Epoch  80 | lr=3.1250e-05 | Recon MSE=9.895934e-06 | ‖ω‖₁=5.156550e-01
  λ=1.374e-02 | Epoch  80 | Recon MSE=9.895934e-06 | ‖ω‖₁=5.156550e-01
  → at λ=1.374e-02:  r(λ)=127, rel_err=7.009022e-03

-- Path iteration 29, λ = 1.648e-02   (r(λ) prev = 127)
  λ=1.648e-02 | Epoch   1 | lr=1.0000e-03 | Recon MSE=6.523787e-02 | ‖ω‖₁=1.066471e+00
  λ=1.648e-02 | Epoch  10 | lr=1.0000e-03 | Recon MSE=2.732092e-05 | ‖ω‖₁=8.889726e-01
  λ=1.648e-02 | Epoch  20 | lr=5.0000e-04 | Recon MSE=1.966161e-05 | ‖ω‖₁=7.879981e-01
  λ=1.648e-02 | Epoch  30 | lr=5.0000e-04 | Recon MSE=1.601161e-05 | ‖ω‖₁=7.118130e-01
  λ=1.648e-02 | Epoch  40 | lr=2.5000e-04 | Recon MSE=1.390596e-05 | ‖ω‖₁=6.475611e-01
  λ=1.648e-02 | Epoch  50 | lr=1.2500e-04 | Recon MSE=1.237650e-05 | ‖ω‖₁=5.912502e-01
  λ=1.648e-02 | Epoch  60 | lr=1.2500e-04 | Recon MSE=1.189517e-05 | ‖ω‖₁=5.401130e-01
  λ=1.648e-02 | Epoch  70 | lr=6.2500e-05 | Recon MSE=1.207064e-05 | ‖ω‖₁=4.930350e-01
  λ=1.648e-02 | Epoch  80 | lr=3.1250e-05 | Recon MSE=1.159877e-05 | ‖ω‖₁=4.492597e-01
  λ=1.648e-02 | Epoch  80 | Recon MSE=1.159877e-05 | ‖ω‖₁=4.492597e-01
  → at λ=1.648e-02:  r(λ)=127, rel_err=7.721309e-03

-- Path iteration 30, λ = 1.978e-02   (r(λ) prev = 127)
  λ=1.978e-02 | Epoch   1 | lr=1.0000e-03 | Recon MSE=6.678567e-02 | ‖ω‖₁=1.059610e+00
  λ=1.978e-02 | Epoch  10 | lr=1.0000e-03 | Recon MSE=2.561855e-05 | ‖ω‖₁=8.679286e-01
  λ=1.978e-02 | Epoch  20 | lr=5.0000e-04 | Recon MSE=1.824419e-05 | ‖ω‖₁=7.599453e-01
  λ=1.978e-02 | Epoch  30 | lr=5.0000e-04 | Recon MSE=1.411702e-05 | ‖ω‖₁=6.777136e-01
  λ=1.978e-02 | Epoch  40 | lr=2.5000e-04 | Recon MSE=1.210527e-05 | ‖ω‖₁=6.079086e-01
  λ=1.978e-02 | Epoch  50 | lr=1.2500e-04 | Recon MSE=1.076302e-05 | ‖ω‖₁=5.462152e-01
  λ=1.978e-02 | Epoch  60 | lr=1.2500e-04 | Recon MSE=1.018226e-05 | ‖ω‖₁=4.900503e-01
  λ=1.978e-02 | Epoch  70 | lr=6.2500e-05 | Recon MSE=1.088273e-05 | ‖ω‖₁=4.382768e-01
  λ=1.978e-02 | Epoch  80 | lr=3.1250e-05 | Recon MSE=1.092276e-05 | ‖ω‖₁=3.898395e-01
  λ=1.978e-02 | Epoch  80 | Recon MSE=1.092276e-05 | ‖ω‖₁=3.898395e-01
  → at λ=1.978e-02:  r(λ)=127, rel_err=7.258883e-03

-- Path iteration 31, λ = 2.374e-02   (r(λ) prev = 127)
  λ=2.374e-02 | Epoch   1 | lr=1.0000e-03 | Recon MSE=6.726250e-02 | ‖ω‖₁=1.054738e+00
  λ=2.374e-02 | Epoch  10 | lr=1.0000e-03 | Recon MSE=2.535338e-05 | ‖ω‖₁=8.412479e-01
  λ=2.374e-02 | Epoch  20 | lr=5.0000e-04 | Recon MSE=1.812057e-05 | ‖ω‖₁=7.212554e-01
  λ=2.374e-02 | Epoch  30 | lr=5.0000e-04 | Recon MSE=1.458740e-05 | ‖ω‖₁=6.302669e-01
  λ=2.374e-02 | Epoch  40 | lr=2.5000e-04 | Recon MSE=1.257893e-05 | ‖ω‖₁=5.535606e-01
  λ=2.374e-02 | Epoch  50 | lr=1.2500e-04 | Recon MSE=1.182342e-05 | ‖ω‖₁=4.860643e-01
  λ=2.374e-02 | Epoch  60 | lr=1.2500e-04 | Recon MSE=1.150449e-05 | ‖ω‖₁=4.247139e-01
  λ=2.374e-02 | Epoch  70 | lr=6.2500e-05 | Recon MSE=1.263228e-05 | ‖ω‖₁=3.682025e-01
  λ=2.374e-02 | Epoch  80 | lr=3.1250e-05 | Recon MSE=1.231312e-05 | ‖ω‖₁=3.154438e-01
  λ=2.374e-02 | Epoch  80 | Recon MSE=1.231312e-05 | ‖ω‖₁=3.154438e-01
  → at λ=2.374e-02:  r(λ)=127, rel_err=8.122599e-03

-- Path iteration 32, λ = 2.849e-02   (r(λ) prev = 127)
  λ=2.849e-02 | Epoch   1 | lr=1.0000e-03 | Recon MSE=6.760962e-02 | ‖ω‖₁=1.048586e+00
  λ=2.849e-02 | Epoch  10 | lr=1.0000e-03 | Recon MSE=2.603329e-05 | ‖ω‖₁=8.145220e-01
  λ=2.849e-02 | Epoch  20 | lr=5.0000e-04 | Recon MSE=1.834732e-05 | ‖ω‖₁=6.836256e-01
  λ=2.849e-02 | Epoch  30 | lr=5.0000e-04 | Recon MSE=1.525861e-05 | ‖ω‖₁=5.844200e-01
  λ=2.849e-02 | Epoch  40 | lr=2.5000e-04 | Recon MSE=1.338086e-05 | ‖ω‖₁=5.005936e-01
  λ=2.849e-02 | Epoch  50 | lr=1.2500e-04 | Recon MSE=1.258433e-05 | ‖ω‖₁=4.265852e-01
  λ=2.849e-02 | Epoch  60 | lr=1.2500e-04 | Recon MSE=1.261832e-05 | ‖ω‖₁=3.590154e-01
  λ=2.849e-02 | Epoch  70 | lr=6.2500e-05 | Recon MSE=1.430745e-05 | ‖ω‖₁=2.968933e-01
  λ=2.849e-02 | Epoch  80 | lr=3.1250e-05 | Recon MSE=1.391732e-05 | ‖ω‖₁=2.391229e-01
  λ=2.849e-02 | Epoch  80 | Recon MSE=1.391732e-05 | ‖ω‖₁=2.391229e-01
  → at λ=2.849e-02:  r(λ)=127, rel_err=8.944913e-03

-- Path iteration 33, λ = 3.418e-02   (r(λ) prev = 127)
  λ=3.418e-02 | Epoch   1 | lr=1.0000e-03 | Recon MSE=6.625268e-02 | ‖ω‖₁=1.042971e+00
  λ=3.418e-02 | Epoch  10 | lr=1.0000e-03 | Recon MSE=2.695596e-05 | ‖ω‖₁=7.870017e-01
  λ=3.418e-02 | Epoch  20 | lr=5.0000e-04 | Recon MSE=1.979201e-05 | ‖ω‖₁=6.425043e-01
  λ=3.418e-02 | Epoch  30 | lr=5.0000e-04 | Recon MSE=1.659882e-05 | ‖ω‖₁=5.326839e-01
  λ=3.418e-02 | Epoch  40 | lr=2.5000e-04 | Recon MSE=1.537021e-05 | ‖ω‖₁=4.399646e-01
  λ=3.418e-02 | Epoch  50 | lr=1.2500e-04 | Recon MSE=1.492965e-05 | ‖ω‖₁=3.586607e-01
  λ=3.418e-02 | Epoch  60 | lr=1.2500e-04 | Recon MSE=1.501697e-05 | ‖ω‖₁=2.846354e-01
  λ=3.418e-02 | Epoch  70 | lr=6.2500e-05 | Recon MSE=1.718157e-05 | ‖ω‖₁=2.166479e-01
  λ=3.418e-02 | Epoch  80 | lr=3.1250e-05 | Recon MSE=1.672494e-05 | ‖ω‖₁=1.533933e-01
  λ=3.418e-02 | Epoch  80 | Recon MSE=1.672494e-05 | ‖ω‖₁=1.533933e-01
  → at λ=3.418e-02:  r(λ)=127, rel_err=1.001314e-02

-- Path iteration 34, λ = 4.102e-02   (r(λ) prev = 127)
  λ=4.102e-02 | Epoch   1 | lr=1.0000e-03 | Recon MSE=6.533469e-02 | ‖ω‖₁=1.033300e+00
  λ=4.102e-02 | Epoch  10 | lr=1.0000e-03 | Recon MSE=2.675381e-05 | ‖ω‖₁=7.476622e-01
  λ=4.102e-02 | Epoch  20 | lr=5.0000e-04 | Recon MSE=1.951341e-05 | ‖ω‖₁=5.890013e-01
  λ=4.102e-02 | Epoch  30 | lr=5.0000e-04 | Recon MSE=1.605275e-05 | ‖ω‖₁=4.696932e-01
  λ=4.102e-02 | Epoch  40 | lr=2.5000e-04 | Recon MSE=1.520226e-05 | ‖ω‖₁=3.694143e-01
  λ=4.102e-02 | Epoch  50 | lr=1.2500e-04 | Recon MSE=1.498289e-05 | ‖ω‖₁=2.808112e-01
  λ=4.102e-02 | Epoch  60 | lr=1.2500e-04 | Recon MSE=1.484872e-05 | ‖ω‖₁=2.002723e-01
  λ=4.102e-02 | Epoch  70 | lr=6.2500e-05 | Recon MSE=1.811074e-05 | ‖ω‖₁=1.261500e-01
  λ=4.102e-02 | Epoch  80 | lr=3.1250e-05 | Recon MSE=1.820327e-05 | ‖ω‖₁=5.839054e-02
  λ=4.102e-02 | Epoch  80 | Recon MSE=1.820327e-05 | ‖ω‖₁=5.839054e-02
  → at λ=4.102e-02:  r(λ)=117, rel_err=1.004430e-02

-- Path iteration 35, λ = 4.922e-02   (r(λ) prev = 117)
  λ=4.922e-02 | Epoch   1 | lr=1.0000e-03 | Recon MSE=6.659013e-02 | ‖ω‖₁=1.027275e+00
  λ=4.922e-02 | Epoch  10 | lr=1.0000e-03 | Recon MSE=2.818389e-05 | ‖ω‖₁=7.180891e-01
  λ=4.922e-02 | Epoch  20 | lr=5.0000e-04 | Recon MSE=2.005868e-05 | ‖ω‖₁=5.444411e-01
  λ=4.922e-02 | Epoch  30 | lr=5.0000e-04 | Recon MSE=1.691793e-05 | ‖ω‖₁=4.123327e-01
  λ=4.922e-02 | Epoch  40 | lr=2.5000e-04 | Recon MSE=1.647720e-05 | ‖ω‖₁=3.011730e-01
  λ=4.922e-02 | Epoch  50 | lr=1.2500e-04 | Recon MSE=1.716714e-05 | ‖ω‖₁=2.033800e-01
  λ=4.922e-02 | Epoch  60 | lr=1.2500e-04 | Recon MSE=1.696734e-05 | ‖ω‖₁=1.148482e-01
  λ=4.922e-02 | Epoch  70 | lr=6.2500e-05 | Recon MSE=2.146026e-05 | ‖ω‖₁=3.632716e-02
  λ=4.922e-02 | Epoch  80 | lr=3.1250e-05 | Recon MSE=2.035756e-05 | ‖ω‖₁=1.298341e-02
  λ=4.922e-02 | Epoch  80 | Recon MSE=2.035756e-05 | ‖ω‖₁=1.298341e-02
  → at λ=4.922e-02:  r(λ)=6, rel_err=1.152304e-02

-- Path iteration 36, λ = 5.907e-02   (r(λ) prev = 6)
  λ=5.907e-02 | Epoch   1 | lr=1.0000e-03 | Recon MSE=6.731136e-02 | ‖ω‖₁=1.022557e+00
  λ=5.907e-02 | Epoch  10 | lr=1.0000e-03 | Recon MSE=3.072251e-05 | ‖ω‖₁=6.816847e-01
  λ=5.907e-02 | Epoch  20 | lr=5.0000e-04 | Recon MSE=2.238288e-05 | ‖ω‖₁=4.886171e-01
  λ=5.907e-02 | Epoch  30 | lr=5.0000e-04 | Recon MSE=1.954634e-05 | ‖ω‖₁=3.418461e-01
  λ=5.907e-02 | Epoch  40 | lr=2.5000e-04 | Recon MSE=1.930022e-05 | ‖ω‖₁=2.188565e-01
  λ=5.907e-02 | Epoch  50 | lr=1.2500e-04 | Recon MSE=2.059441e-05 | ‖ω‖₁=1.110795e-01
  λ=5.907e-02 | Epoch  60 | lr=1.2500e-04 | Recon MSE=2.110035e-05 | ‖ω‖₁=2.535764e-02
  λ=5.907e-02 | Epoch  70 | lr=6.2500e-05 | Recon MSE=2.758180e-05 | ‖ω‖₁=1.076535e-02
  λ=5.907e-02 | Epoch  80 | lr=3.1250e-05 | Recon MSE=2.738060e-05 | ‖ω‖₁=1.000326e-02
  λ=5.907e-02 | Epoch  80 | Recon MSE=2.738060e-05 | ‖ω‖₁=1.000326e-02
  → at λ=5.907e-02:  r(λ)=2, rel_err=1.311705e-02

-- Path iteration 37, λ = 7.088e-02   (r(λ) prev = 2)
  λ=7.088e-02 | Epoch   1 | lr=1.0000e-03 | Recon MSE=6.801113e-02 | ‖ω‖₁=1.009448e+00
  λ=7.088e-02 | Epoch  10 | lr=1.0000e-03 | Recon MSE=2.870674e-05 | ‖ω‖₁=6.365962e-01
  λ=7.088e-02 | Epoch  20 | lr=5.0000e-04 | Recon MSE=2.207761e-05 | ‖ω‖₁=4.271881e-01
  λ=7.088e-02 | Epoch  30 | lr=5.0000e-04 | Recon MSE=1.955146e-05 | ‖ω‖₁=2.677033e-01
  λ=7.088e-02 | Epoch  40 | lr=2.5000e-04 | Recon MSE=2.000003e-05 | ‖ω‖₁=1.334527e-01
  λ=7.088e-02 | Epoch  50 | lr=1.2500e-04 | Recon MSE=2.204261e-05 | ‖ω‖₁=2.558342e-02
  λ=7.088e-02 | Epoch  60 | lr=1.2500e-04 | Recon MSE=2.243779e-05 | ‖ω‖₁=1.167097e-02
  λ=7.088e-02 | Epoch  70 | lr=6.2500e-05 | Recon MSE=3.308085e-05 | ‖ω‖₁=1.017275e-02
  λ=7.088e-02 | Epoch  80 | lr=3.1250e-05 | Recon MSE=3.289624e-05 | ‖ω‖₁=9.419890e-03
  λ=7.088e-02 | Epoch  80 | Recon MSE=3.289624e-05 | ‖ω‖₁=9.419890e-03
  → at λ=7.088e-02:  r(λ)=2, rel_err=1.454592e-02

-- Path iteration 38, λ = 8.506e-02   (r(λ) prev = 2)
  λ=8.506e-02 | Epoch   1 | lr=1.0000e-03 | Recon MSE=6.778114e-02 | ‖ω‖₁=1.000454e+00
  λ=8.506e-02 | Epoch  10 | lr=1.0000e-03 | Recon MSE=2.950272e-05 | ‖ω‖₁=5.904030e-01
  λ=8.506e-02 | Epoch  20 | lr=5.0000e-04 | Recon MSE=2.229566e-05 | ‖ω‖₁=3.613367e-01
  λ=8.506e-02 | Epoch  30 | lr=5.0000e-04 | Recon MSE=2.008045e-05 | ‖ω‖₁=1.879741e-01
  λ=8.506e-02 | Epoch  40 | lr=2.5000e-04 | Recon MSE=2.101818e-05 | ‖ω‖₁=4.416684e-02
  λ=8.506e-02 | Epoch  50 | lr=1.2500e-04 | Recon MSE=2.504264e-05 | ‖ω‖₁=1.174627e-02
  λ=8.506e-02 | Epoch  60 | lr=1.2500e-04 | Recon MSE=2.489835e-05 | ‖ω‖₁=9.840815e-03
  λ=8.506e-02 | Epoch  70 | lr=6.2500e-05 | Recon MSE=4.093101e-05 | ‖ω‖₁=9.138355e-03
  λ=8.506e-02 | Epoch  80 | lr=3.1250e-05 | Recon MSE=4.223386e-05 | ‖ω‖₁=8.574561e-03
  λ=8.506e-02 | Epoch  80 | Recon MSE=4.223386e-05 | ‖ω‖₁=8.574561e-03
  → at λ=8.506e-02:  r(λ)=2, rel_err=1.724567e-02

-- Path iteration 39, λ = 1.021e-01   (r(λ) prev = 2)
  λ=1.021e-01 | Epoch   1 | lr=1.0000e-03 | Recon MSE=6.887686e-02 | ‖ω‖₁=9.884829e-01
  λ=1.021e-01 | Epoch  10 | lr=1.0000e-03 | Recon MSE=3.064748e-05 | ‖ω‖₁=5.426138e-01
  λ=1.021e-01 | Epoch  20 | lr=5.0000e-04 | Recon MSE=2.417119e-05 | ‖ω‖₁=2.922099e-01
  λ=1.021e-01 | Epoch  30 | lr=5.0000e-04 | Recon MSE=2.148893e-05 | ‖ω‖₁=1.007371e-01
  λ=1.021e-01 | Epoch  40 | lr=2.5000e-04 | Recon MSE=2.308810e-05 | ‖ω‖₁=1.153577e-02
  λ=1.021e-01 | Epoch  50 | lr=1.2500e-04 | Recon MSE=3.009129e-05 | ‖ω‖₁=9.567441e-03
  λ=1.021e-01 | Epoch  60 | lr=1.2500e-04 | Recon MSE=3.023083e-05 | ‖ω‖₁=8.862797e-03
  λ=1.021e-01 | Epoch  70 | lr=6.2500e-05 | Recon MSE=5.565053e-05 | ‖ω‖₁=8.148608e-03
  λ=1.021e-01 | Epoch  80 | lr=3.1250e-05 | Recon MSE=6.375307e-05 | ‖ω‖₁=7.578578e-03
  λ=1.021e-01 | Epoch  80 | Recon MSE=6.375307e-05 | ‖ω‖₁=7.578578e-03
  → at λ=1.021e-01:  r(λ)=2, rel_err=2.102869e-02

-- Path iteration 40, λ = 1.225e-01   (r(λ) prev = 2)
  λ=1.225e-01 | Epoch   1 | lr=1.0000e-03 | Recon MSE=7.046728e-02 | ‖ω‖₁=9.774506e-01
  λ=1.225e-01 | Epoch  10 | lr=1.0000e-03 | Recon MSE=3.180072e-05 | ‖ω‖₁=4.836667e-01
  λ=1.225e-01 | Epoch  20 | lr=5.0000e-04 | Recon MSE=2.494645e-05 | ‖ω‖₁=2.073689e-01
  λ=1.225e-01 | Epoch  30 | lr=5.0000e-04 | Recon MSE=2.214246e-05 | ‖ω‖₁=1.715704e-02
  λ=1.225e-01 | Epoch  40 | lr=2.5000e-04 | Recon MSE=2.598775e-05 | ‖ω‖₁=1.003279e-02
  λ=1.225e-01 | Epoch  50 | lr=1.2500e-04 | Recon MSE=3.582993e-05 | ‖ω‖₁=9.161348e-03
  λ=1.225e-01 | Epoch  60 | lr=1.2500e-04 | Recon MSE=3.631786e-05 | ‖ω‖₁=8.435893e-03
  λ=1.225e-01 | Epoch  70 | lr=6.2500e-05 | Recon MSE=8.491457e-05 | ‖ω‖₁=7.610471e-03
  λ=1.225e-01 | Epoch  80 | lr=3.1250e-05 | Recon MSE=1.123976e-04 | ‖ω‖₁=6.917058e-03
  λ=1.225e-01 | Epoch  80 | Recon MSE=1.123976e-04 | ‖ω‖₁=6.917058e-03
  → at λ=1.225e-01:  r(λ)=2, rel_err=2.886087e-02

-- Path iteration 41, λ = 1.470e-01   (r(λ) prev = 2)
  λ=1.470e-01 | Epoch   1 | lr=1.0000e-03 | Recon MSE=6.691899e-02 | ‖ω‖₁=9.611685e-01
  λ=1.470e-01 | Epoch  10 | lr=1.0000e-03 | Recon MSE=3.225463e-05 | ‖ω‖₁=4.243669e-01
  λ=1.470e-01 | Epoch  20 | lr=5.0000e-04 | Recon MSE=2.630461e-05 | ‖ω‖₁=1.237441e-01
  λ=1.470e-01 | Epoch  30 | lr=5.0000e-04 | Recon MSE=2.370377e-05 | ‖ω‖₁=1.084011e-02
  λ=1.470e-01 | Epoch  40 | lr=2.5000e-04 | Recon MSE=2.868815e-05 | ‖ω‖₁=9.690496e-03
  λ=1.470e-01 | Epoch  50 | lr=1.2500e-04 | Recon MSE=4.458249e-05 | ‖ω‖₁=8.700450e-03
  λ=1.470e-01 | Epoch  60 | lr=1.2500e-04 | Recon MSE=4.609849e-05 | ‖ω‖₁=7.894880e-03
  λ=1.470e-01 | Epoch  70 | lr=6.2500e-05 | Recon MSE=1.302047e-04 | ‖ω‖₁=6.996172e-03
  λ=1.470e-01 | Epoch  80 | lr=3.1250e-05 | Recon MSE=2.018525e-04 | ‖ω‖₁=6.234847e-03
  λ=1.470e-01 | Epoch  80 | Recon MSE=2.018525e-04 | ‖ω‖₁=6.234847e-03
  → at λ=1.470e-01:  r(λ)=2, rel_err=3.942725e-02

-- Path iteration 42, λ = 1.764e-01   (r(λ) prev = 2)
  λ=1.764e-01 | Epoch   1 | lr=1.0000e-03 | Recon MSE=7.183246e-02 | ‖ω‖₁=9.498889e-01
  λ=1.764e-01 | Epoch  10 | lr=1.0000e-03 | Recon MSE=1.420153e-04 | ‖ω‖₁=3.566968e-01
  λ=1.764e-01 | Epoch  20 | lr=5.0000e-04 | Recon MSE=3.037745e-05 | ‖ω‖₁=3.232012e-02
  λ=1.764e-01 | Epoch  30 | lr=5.0000e-04 | Recon MSE=2.701645e-05 | ‖ω‖₁=9.301535e-03
  λ=1.764e-01 | Epoch  40 | lr=2.5000e-04 | Recon MSE=3.469159e-05 | ‖ω‖₁=8.251442e-03
  λ=1.764e-01 | Epoch  50 | lr=1.2500e-04 | Recon MSE=6.289380e-05 | ‖ω‖₁=7.395766e-03
  λ=1.764e-01 | Epoch  60 | lr=1.2500e-04 | Recon MSE=6.440476e-05 | ‖ω‖₁=6.743429e-03
  λ=1.764e-01 | Epoch  70 | lr=6.2500e-05 | Recon MSE=2.530811e-04 | ‖ω‖₁=5.856391e-03
  λ=1.764e-01 | Epoch  80 | lr=3.1250e-05 | Recon MSE=5.356757e-04 | ‖ω‖₁=4.961283e-03
  λ=1.764e-01 | Epoch  80 | Recon MSE=5.356757e-04 | ‖ω‖₁=4.961283e-03
  → at λ=1.764e-01:  r(λ)=2, rel_err=6.532623e-02

-- Path iteration 43, λ = 2.116e-01   (r(λ) prev = 2)
  λ=2.116e-01 | Epoch   1 | lr=1.0000e-03 | Recon MSE=6.851566e-02 | ‖ω‖₁=9.315742e-01
  λ=2.116e-01 | Epoch  10 | lr=1.0000e-03 | Recon MSE=5.989882e-05 | ‖ω‖₁=2.858667e-01
  λ=2.116e-01 | Epoch  20 | lr=5.0000e-04 | Recon MSE=3.183934e-05 | ‖ω‖₁=1.061046e-02
  λ=2.116e-01 | Epoch  30 | lr=5.0000e-04 | Recon MSE=2.875705e-05 | ‖ω‖₁=9.076595e-03
  λ=2.116e-01 | Epoch  40 | lr=2.5000e-04 | Recon MSE=3.883870e-05 | ‖ω‖₁=7.930895e-03
  λ=2.116e-01 | Epoch  50 | lr=1.2500e-04 | Recon MSE=7.753847e-05 | ‖ω‖₁=6.990413e-03
  λ=2.116e-01 | Epoch  60 | lr=1.2500e-04 | Recon MSE=9.132180e-05 | ‖ω‖₁=6.213493e-03
  λ=2.116e-01 | Epoch  70 | lr=6.2500e-05 | Recon MSE=5.603340e-04 | ‖ω‖₁=5.046498e-03
  λ=2.116e-01 | Epoch  80 | lr=3.1250e-05 | Recon MSE=1.596281e-03 | ‖ω‖₁=3.652806e-03
  λ=2.116e-01 | Epoch  80 | Recon MSE=1.596281e-03 | ‖ω‖₁=3.652806e-03
  → at λ=2.116e-01:  r(λ)=2, rel_err=1.141667e-01

-- Path iteration 44, λ = 2.540e-01   (r(λ) prev = 2)
  λ=2.540e-01 | Epoch   1 | lr=1.0000e-03 | Recon MSE=7.095364e-02 | ‖ω‖₁=9.135385e-01
  λ=2.540e-01 | Epoch  10 | lr=1.0000e-03 | Recon MSE=9.314193e-05 | ‖ω‖₁=2.043980e-01
  λ=2.540e-01 | Epoch  20 | lr=5.0000e-04 | Recon MSE=3.626099e-05 | ‖ω‖₁=9.839166e-03
  λ=2.540e-01 | Epoch  30 | lr=5.0000e-04 | Recon MSE=3.170272e-05 | ‖ω‖₁=8.375127e-03
  λ=2.540e-01 | Epoch  40 | lr=2.5000e-04 | Recon MSE=4.924668e-05 | ‖ω‖₁=7.238879e-03
  λ=2.540e-01 | Epoch  50 | lr=1.2500e-04 | Recon MSE=1.190731e-04 | ‖ω‖₁=6.309878e-03
  λ=2.540e-01 | Epoch  60 | lr=1.2500e-04 | Recon MSE=1.781512e-04 | ‖ω‖₁=5.453784e-03
  λ=2.540e-01 | Epoch  70 | lr=6.2500e-05 | Recon MSE=1.569800e-03 | ‖ω‖₁=3.989890e-03
  λ=2.540e-01 | Epoch  80 | lr=3.1250e-05 | Recon MSE=6.649629e-03 | ‖ω‖₁=1.581012e-03
  λ=2.540e-01 | Epoch  80 | Recon MSE=6.649629e-03 | ‖ω‖₁=1.581012e-03
  → at λ=2.540e-01:  r(λ)=2, rel_err=2.348675e-01

-- Path iteration 45, λ = 3.048e-01   (r(λ) prev = 2)
  λ=3.048e-01 | Epoch   1 | lr=1.0000e-03 | Recon MSE=7.287233e-02 | ‖ω‖₁=8.907828e-01
  λ=3.048e-01 | Epoch  10 | lr=1.0000e-03 | Recon MSE=5.134113e-04 | ‖ω‖₁=1.093426e-01
  λ=3.048e-01 | Epoch  20 | lr=5.0000e-04 | Recon MSE=4.395348e-05 | ‖ω‖₁=8.635794e-03
  λ=3.048e-01 | Epoch  30 | lr=5.0000e-04 | Recon MSE=3.587355e-05 | ‖ω‖₁=7.210721e-03
  λ=3.048e-01 | Epoch  40 | lr=2.5000e-04 | Recon MSE=6.459679e-05 | ‖ω‖₁=6.150603e-03
  λ=3.048e-01 | Epoch  50 | lr=1.2500e-04 | Recon MSE=1.949024e-04 | ‖ω‖₁=5.262110e-03
  λ=3.048e-01 | Epoch  60 | lr=1.2500e-04 | Recon MSE=3.889129e-04 | ‖ω‖₁=4.369769e-03
  λ=3.048e-01 | Epoch  70 | lr=6.2500e-05 | Recon MSE=6.384449e-03 | ‖ω‖₁=2.421311e-03
  λ=3.048e-01 | Epoch  80 | lr=3.1250e-05 | Recon MSE=7.223825e-02 | ‖ω‖₁=5.209142e-04
  λ=3.048e-01 | Epoch  80 | Recon MSE=7.223825e-02 | ‖ω‖₁=5.209142e-04
  → at λ=3.048e-01:  r(λ)=1, rel_err=7.984760e-01

-- Path iteration 46, λ = 3.657e-01   (r(λ) prev = 1)
  λ=3.657e-01 | Epoch   1 | lr=1.0000e-03 | Recon MSE=7.375685e-02 | ‖ω‖₁=8.718037e-01
  λ=3.657e-01 | Epoch  10 | lr=1.0000e-03 | Recon MSE=1.148119e-03 | ‖ω‖₁=2.593622e-02
  λ=3.657e-01 | Epoch  20 | lr=5.0000e-04 | Recon MSE=5.055459e-05 | ‖ω‖₁=8.365795e-03
  λ=3.657e-01 | Epoch  30 | lr=5.0000e-04 | Recon MSE=4.113966e-05 | ‖ω‖₁=6.919793e-03
  λ=3.657e-01 | Epoch  40 | lr=2.5000e-04 | Recon MSE=8.983662e-05 | ‖ω‖₁=5.759962e-03
  λ=3.657e-01 | Epoch  50 | lr=1.2500e-04 | Recon MSE=3.624498e-04 | ‖ω‖₁=4.713488e-03
  λ=3.657e-01 | Epoch  60 | lr=1.2500e-04 | Recon MSE=1.178487e-03 | ‖ω‖₁=3.237349e-03
  λ=3.657e-01 | Epoch  70 | lr=6.2500e-05 | Recon MSE=4.205025e-02 | ‖ω‖₁=7.103559e-04
  λ=3.657e-01 | Epoch  80 | lr=3.1250e-05 | Recon MSE=1.287517e-01 | ‖ω‖₁=0.000000e+00
  λ=3.657e-01 | Epoch  80 | Recon MSE=1.287517e-01 | ‖ω‖₁=0.000000e+00
  → at λ=3.657e-01:  r(λ)=0, rel_err=1.000000e+00
All modes eliminated at λ=3.657e-01. Stopping.
Found knees using Z-method: [ 2 34]
[Dense2Sparse] Picked λ=4.922e-02,  r=6, err=1.152304e-02

→ Final training on full data with λ = 4.922e-02 ...
  λ=4.922e-02 | Epoch   1 | lr=1.0000e-03 | Recon MSE=6.803599e-02 | ‖ω‖₁=1.026629e+00
  λ=4.922e-02 | Epoch  10 | lr=1.0000e-03 | Recon MSE=2.854107e-05 | ‖ω‖₁=7.159599e-01
  λ=4.922e-02 | Epoch  20 | lr=5.0000e-04 | Recon MSE=2.063753e-05 | ‖ω‖₁=5.419344e-01
  λ=4.922e-02 | Epoch  30 | lr=5.0000e-04 | Recon MSE=1.795935e-05 | ‖ω‖₁=4.092312e-01
  λ=4.922e-02 | Epoch  40 | lr=2.5000e-04 | Recon MSE=1.729856e-05 | ‖ω‖₁=2.975555e-01
  λ=4.922e-02 | Epoch  50 | lr=1.2500e-04 | Recon MSE=1.778882e-05 | ‖ω‖₁=1.993067e-01
  λ=4.922e-02 | Epoch  60 | lr=1.2500e-04 | Recon MSE=1.822786e-05 | ‖ω‖₁=1.107157e-01
  λ=4.922e-02 | Epoch  70 | lr=6.2500e-05 | Recon MSE=2.277768e-05 | ‖ω‖₁=3.504034e-02
  λ=4.922e-02 | Epoch  80 | lr=3.1250e-05 | Recon MSE=2.206156e-05 | ‖ω‖₁=1.395159e-02

Final skip-weights ω: [0.00321782985702157, 0.0076737371273338795, 0.0014015838969498873, -0.0015759586822241545, 0.0, 0.0, 0.0, -0.0, -0.0, -0.0] ...
Selected POD-mode indices (ω_j ≠ 0): [0, 1, 2, 3] (count = 4 / 128)
Final relative reconstruction of SparseModesNet: ||X - X_hat||_F / ||X||_F = 1.183590e-02
Final MSE per sample of SparseModesNet: = 1.519438e-03
Relative error using only selected  modes: 1.192691e-04
MSE per sample using only selected  modes: 1.531121e-05
==================================================
Experiment completed successfully!
Selected 4 modes out of 128
Final lambda: 4.922e-02
