2025-06-24 17:17:59,009 - sparsemodesnet.pulse_ff_decoder - INFO - Starting pulse_ff_decoder experiment
2025-06-24 17:17:59,010 - sparsemodesnet.pulse_ff_decoder - INFO - Log file: logs/pulse_ff_decoder_20250624_171759.log
2025-06-24 17:17:59,010 - sparsemodesnet.pulse_ff_decoder - INFO - Experiment: Pulse FF Decoder
2025-06-24 17:17:59,010 - sparsemodesnet.pulse_ff_decoder - INFO - Data shape: (1024, 1000)
2025-06-24 17:17:59,011 - sparsemodesnet.pulse_ff_decoder - INFO - POD dimension: 200
2025-06-24 17:17:59,011 - sparsemodesnet.pulse_ff_decoder - INFO - Hidden units: [200, 20100]
2025-06-24 17:17:59,012 - sparsemodesnet.pulse_ff_decoder - INFO - Mode Selection Method: None
2025-06-24 17:17:59,012 - sparsemodesnet.pulse_ff_decoder - INFO - Device: mps
2025-06-24 17:17:59,013 - sparsemodesnet.pulse_ff_decoder - INFO - Training parameters: M=1.0, lr=0.001, batch_size=128
2025-06-24 17:17:59,013 - sparsemodesnet.pulse_ff_decoder - INFO - Optimizer: Adam, knee_method: dfdt
2025-06-24 17:17:59,013 - sparsemodesnet.pulse_ff_decoder - INFO - NN type: Feedforward
2025-06-24 17:17:59,013 - sparsemodesnet.pulse_ff_decoder - INFO - ==================================================
Skipping mode selection.

→ Training decoder model with 20 selected modes ...
  Epoch   1 | lr=1.0000e-03 | Recon MSE=3.985642e+02
  Epoch  10 | lr=1.0000e-03 | Recon MSE=9.759458e-01
  Epoch  20 | lr=1.0000e-03 | Recon MSE=4.959718e-01
  Epoch  30 | lr=1.0000e-03 | Recon MSE=4.324668e-01
  Epoch  40 | lr=1.0000e-03 | Recon MSE=3.933428e-01
  Epoch  50 | lr=1.0000e-03 | Recon MSE=3.790412e-01
  Epoch  60 | lr=1.0000e-03 | Recon MSE=3.741021e-01
  Epoch  70 | lr=1.0000e-03 | Recon MSE=3.271339e-01
  Epoch  80 | lr=1.0000e-03 | Recon MSE=3.174518e-01
  Epoch  90 | lr=1.0000e-03 | Recon MSE=3.029757e-01
  Epoch 100 | lr=1.0000e-03 | Recon MSE=2.820521e-01
  Epoch 110 | lr=1.0000e-03 | Recon MSE=2.725086e-01
  Epoch 120 | lr=1.0000e-03 | Recon MSE=2.611986e-01
  Epoch 130 | lr=1.0000e-03 | Recon MSE=2.463942e-01
  Epoch 140 | lr=1.0000e-03 | Recon MSE=2.524360e-01
  Epoch 150 | lr=1.0000e-03 | Recon MSE=2.228360e-01
  Epoch 160 | lr=1.0000e-03 | Recon MSE=2.519599e-01
  Epoch 170 | lr=1.0000e-03 | Recon MSE=2.721631e-01
  Epoch 180 | lr=1.0000e-03 | Recon MSE=2.561365e-01
  Epoch 190 | lr=1.0000e-03 | Recon MSE=2.361795e-01
  Epoch 200 | lr=1.0000e-03 | Recon MSE=2.145408e-01
  Epoch 210 | lr=1.0000e-03 | Recon MSE=2.535083e-01
  Epoch 220 | lr=1.0000e-03 | Recon MSE=3.211024e-01
  Epoch 230 | lr=1.0000e-03 | Recon MSE=2.394605e-01
  Epoch 240 | lr=1.0000e-03 | Recon MSE=2.462464e-01
  Epoch 250 | lr=1.0000e-03 | Recon MSE=2.658778e-01
  Epoch 260 | lr=1.0000e-03 | Recon MSE=3.254500e-01
  Epoch 270 | lr=1.0000e-03 | Recon MSE=4.000134e-01
  Epoch 280 | lr=1.0000e-03 | Recon MSE=5.981394e-01
  Epoch 290 | lr=1.0000e-03 | Recon MSE=3.004887e-01
  Epoch 300 | lr=1.0000e-03 | Recon MSE=4.259962e-01
  Epoch 310 | lr=1.0000e-03 | Recon MSE=3.155909e-01
  Epoch 320 | lr=1.0000e-03 | Recon MSE=5.817850e-01
  Epoch 330 | lr=1.0000e-03 | Recon MSE=9.539705e-01
  Epoch 340 | lr=1.0000e-03 | Recon MSE=5.374960e-01
  Epoch 350 | lr=1.0000e-03 | Recon MSE=4.695503e-01
  Epoch 360 | lr=1.0000e-03 | Recon MSE=4.336922e-01
  Epoch 370 | lr=1.0000e-03 | Recon MSE=3.587906e-01
  Epoch 380 | lr=1.0000e-03 | Recon MSE=7.293168e-01
  Epoch 390 | lr=1.0000e-03 | Recon MSE=4.552944e-01
  Epoch 400 | lr=5.0000e-04 | Recon MSE=7.941239e-01
  Epoch 410 | lr=5.0000e-04 | Recon MSE=7.079025e-02
  Epoch 420 | lr=5.0000e-04 | Recon MSE=6.989750e-02
  Epoch 430 | lr=5.0000e-04 | Recon MSE=6.617341e-02
  Epoch 440 | lr=5.0000e-04 | Recon MSE=6.477953e-02
  Epoch 450 | lr=5.0000e-04 | Recon MSE=6.596442e-02
  Epoch 460 | lr=5.0000e-04 | Recon MSE=6.578920e-02
  Epoch 470 | lr=5.0000e-04 | Recon MSE=6.672621e-02
  Epoch 480 | lr=5.0000e-04 | Recon MSE=6.723107e-02
  Epoch 490 | lr=5.0000e-04 | Recon MSE=6.776573e-02
  Epoch 500 | lr=5.0000e-04 | Recon MSE=7.013235e-02
  Epoch 510 | lr=5.0000e-04 | Recon MSE=7.353157e-02
  Epoch 520 | lr=5.0000e-04 | Recon MSE=7.694050e-02
  Epoch 530 | lr=5.0000e-04 | Recon MSE=7.867459e-02
  Epoch 540 | lr=5.0000e-04 | Recon MSE=1.001605e-01
  Epoch 550 | lr=5.0000e-04 | Recon MSE=1.038300e-01
  Epoch 560 | lr=5.0000e-04 | Recon MSE=1.392481e-01
  Epoch 570 | lr=5.0000e-04 | Recon MSE=1.628464e-01
  Epoch 580 | lr=5.0000e-04 | Recon MSE=1.651729e-01
  Epoch 590 | lr=5.0000e-04 | Recon MSE=1.890193e-01
  Epoch 600 | lr=5.0000e-04 | Recon MSE=1.745679e-01
  Epoch 610 | lr=5.0000e-04 | Recon MSE=2.199178e-01
  Epoch 620 | lr=5.0000e-04 | Recon MSE=1.754064e-01
  Epoch 630 | lr=5.0000e-04 | Recon MSE=2.511325e-01
  Epoch 640 | lr=5.0000e-04 | Recon MSE=1.554041e-01
  Epoch 650 | lr=5.0000e-04 | Recon MSE=1.492670e-01
  Epoch 660 | lr=5.0000e-04 | Recon MSE=1.805040e-01
  Epoch 670 | lr=5.0000e-04 | Recon MSE=1.987824e-01
  Epoch 680 | lr=5.0000e-04 | Recon MSE=2.857938e-01
  Epoch 690 | lr=5.0000e-04 | Recon MSE=1.528992e-01
  Epoch 700 | lr=5.0000e-04 | Recon MSE=2.256862e-01
  Epoch 710 | lr=5.0000e-04 | Recon MSE=3.792594e-01
  Epoch 720 | lr=5.0000e-04 | Recon MSE=3.137537e-01
  Epoch 730 | lr=5.0000e-04 | Recon MSE=4.429321e-01
  Epoch 740 | lr=5.0000e-04 | Recon MSE=2.341914e-01
  Epoch 750 | lr=5.0000e-04 | Recon MSE=2.967752e-01
  Epoch 760 | lr=5.0000e-04 | Recon MSE=1.839297e-01
  Epoch 770 | lr=5.0000e-04 | Recon MSE=2.606002e-01
  Epoch 780 | lr=5.0000e-04 | Recon MSE=3.304280e-01
  Epoch 790 | lr=5.0000e-04 | Recon MSE=3.599540e-01
  Epoch 800 | lr=2.5000e-04 | Recon MSE=3.236967e-01
  Epoch 810 | lr=2.5000e-04 | Recon MSE=3.778637e-02
  Epoch 820 | lr=2.5000e-04 | Recon MSE=3.702954e-02
  Epoch 830 | lr=2.5000e-04 | Recon MSE=3.535252e-02
  Epoch 840 | lr=2.5000e-04 | Recon MSE=3.766000e-02
  Epoch 850 | lr=2.5000e-04 | Recon MSE=3.632723e-02
  Epoch 860 | lr=2.5000e-04 | Recon MSE=3.549827e-02
  Epoch 870 | lr=2.5000e-04 | Recon MSE=3.541656e-02
  Epoch 880 | lr=2.5000e-04 | Recon MSE=3.628397e-02
  Epoch 890 | lr=2.5000e-04 | Recon MSE=3.720030e-02
  Epoch 900 | lr=2.5000e-04 | Recon MSE=3.966795e-02
  Epoch 910 | lr=2.5000e-04 | Recon MSE=3.964733e-02
  Epoch 920 | lr=2.5000e-04 | Recon MSE=3.933687e-02
  Epoch 930 | lr=2.5000e-04 | Recon MSE=4.497538e-02
  Epoch 940 | lr=2.5000e-04 | Recon MSE=4.384791e-02
  Epoch 950 | lr=2.5000e-04 | Recon MSE=4.706694e-02
  Epoch 960 | lr=2.5000e-04 | Recon MSE=4.560783e-02
  Epoch 970 | lr=2.5000e-04 | Recon MSE=5.463357e-02
  Epoch 980 | lr=2.5000e-04 | Recon MSE=5.458475e-02
  Epoch 990 | lr=2.5000e-04 | Recon MSE=5.932305e-02
  Epoch 1000 | lr=2.5000e-04 | Recon MSE=6.598544e-02
  Epoch 1010 | lr=2.5000e-04 | Recon MSE=8.229620e-02
  Epoch 1020 | lr=2.5000e-04 | Recon MSE=1.304652e-01
  Epoch 1030 | lr=2.5000e-04 | Recon MSE=8.303537e-02
  Epoch 1040 | lr=2.5000e-04 | Recon MSE=8.631796e-02
  Epoch 1050 | lr=2.5000e-04 | Recon MSE=7.769969e-02
  Epoch 1060 | lr=2.5000e-04 | Recon MSE=1.045334e-01
  Epoch 1070 | lr=2.5000e-04 | Recon MSE=9.944266e-02
  Epoch 1080 | lr=2.5000e-04 | Recon MSE=8.611185e-02
  Epoch 1090 | lr=2.5000e-04 | Recon MSE=9.650119e-02
  Epoch 1100 | lr=2.5000e-04 | Recon MSE=8.287817e-02
  Epoch 1110 | lr=2.5000e-04 | Recon MSE=9.145688e-02
  Epoch 1120 | lr=2.5000e-04 | Recon MSE=7.348482e-02
  Epoch 1130 | lr=2.5000e-04 | Recon MSE=1.032267e-01
  Epoch 1140 | lr=2.5000e-04 | Recon MSE=8.544037e-02
  Epoch 1150 | lr=2.5000e-04 | Recon MSE=9.907045e-02
  Epoch 1160 | lr=2.5000e-04 | Recon MSE=9.355878e-02
  Epoch 1170 | lr=2.5000e-04 | Recon MSE=8.604918e-02
  Epoch 1180 | lr=2.5000e-04 | Recon MSE=9.959255e-02
  Epoch 1190 | lr=2.5000e-04 | Recon MSE=1.050955e-01
  Epoch 1200 | lr=1.2500e-04 | Recon MSE=1.082822e-01
  Epoch 1210 | lr=1.2500e-04 | Recon MSE=2.255065e-02
  Epoch 1220 | lr=1.2500e-04 | Recon MSE=2.265322e-02
  Epoch 1230 | lr=1.2500e-04 | Recon MSE=2.315077e-02
  Epoch 1240 | lr=1.2500e-04 | Recon MSE=2.223729e-02
  Epoch 1250 | lr=1.2500e-04 | Recon MSE=2.165360e-02
  Epoch 1260 | lr=1.2500e-04 | Recon MSE=2.224143e-02
  Epoch 1270 | lr=1.2500e-04 | Recon MSE=2.187766e-02
  Epoch 1280 | lr=1.2500e-04 | Recon MSE=2.215399e-02
  Epoch 1290 | lr=1.2500e-04 | Recon MSE=2.349157e-02
  Epoch 1300 | lr=1.2500e-04 | Recon MSE=2.257935e-02
  Epoch 1310 | lr=1.2500e-04 | Recon MSE=2.506485e-02
  Epoch 1320 | lr=1.2500e-04 | Recon MSE=2.573722e-02
  Epoch 1330 | lr=1.2500e-04 | Recon MSE=2.789093e-02
  Epoch 1340 | lr=1.2500e-04 | Recon MSE=2.444435e-02
  Epoch 1350 | lr=1.2500e-04 | Recon MSE=2.475255e-02
  Epoch 1360 | lr=1.2500e-04 | Recon MSE=2.649894e-02
  Epoch 1370 | lr=1.2500e-04 | Recon MSE=2.935880e-02
  Epoch 1380 | lr=1.2500e-04 | Recon MSE=2.601066e-02
  Epoch 1390 | lr=1.2500e-04 | Recon MSE=3.006137e-02
  Epoch 1400 | lr=1.2500e-04 | Recon MSE=3.129124e-02
  Epoch 1410 | lr=1.2500e-04 | Recon MSE=3.652408e-02
  Epoch 1420 | lr=1.2500e-04 | Recon MSE=3.197460e-02
  Epoch 1430 | lr=1.2500e-04 | Recon MSE=3.202873e-02
  Epoch 1440 | lr=1.2500e-04 | Recon MSE=3.385063e-02
  Epoch 1450 | lr=1.2500e-04 | Recon MSE=4.065513e-02
  Epoch 1460 | lr=1.2500e-04 | Recon MSE=3.269390e-02
  Epoch 1470 | lr=1.2500e-04 | Recon MSE=3.347696e-02
  Epoch 1480 | lr=1.2500e-04 | Recon MSE=3.043297e-02
  Epoch 1490 | lr=1.2500e-04 | Recon MSE=3.287753e-02
  Epoch 1500 | lr=1.2500e-04 | Recon MSE=3.598434e-02
  Epoch 1510 | lr=1.2500e-04 | Recon MSE=3.691640e-02
  Epoch 1520 | lr=1.2500e-04 | Recon MSE=3.498405e-02
  Epoch 1530 | lr=1.2500e-04 | Recon MSE=3.158358e-02
  Epoch 1540 | lr=1.2500e-04 | Recon MSE=3.625404e-02
  Epoch 1550 | lr=1.2500e-04 | Recon MSE=3.598971e-02
  Epoch 1560 | lr=1.2500e-04 | Recon MSE=3.541031e-02
  Epoch 1570 | lr=1.2500e-04 | Recon MSE=3.068683e-02
  Epoch 1580 | lr=1.2500e-04 | Recon MSE=3.182767e-02
  Epoch 1590 | lr=1.2500e-04 | Recon MSE=3.753429e-02
  Epoch 1600 | lr=6.2500e-05 | Recon MSE=3.963708e-02
  Epoch 1610 | lr=6.2500e-05 | Recon MSE=1.473007e-02
  Epoch 1620 | lr=6.2500e-05 | Recon MSE=1.580905e-02
  Epoch 1630 | lr=6.2500e-05 | Recon MSE=1.493538e-02
  Epoch 1640 | lr=6.2500e-05 | Recon MSE=1.479296e-02
  Epoch 1650 | lr=6.2500e-05 | Recon MSE=1.451876e-02
  Epoch 1660 | lr=6.2500e-05 | Recon MSE=1.524891e-02
  Epoch 1670 | lr=6.2500e-05 | Recon MSE=1.494737e-02
  Epoch 1680 | lr=6.2500e-05 | Recon MSE=1.467596e-02
  Epoch 1690 | lr=6.2500e-05 | Recon MSE=1.513215e-02
  Epoch 1700 | lr=6.2500e-05 | Recon MSE=1.626476e-02
  Epoch 1710 | lr=6.2500e-05 | Recon MSE=1.595260e-02
  Epoch 1720 | lr=6.2500e-05 | Recon MSE=1.706383e-02
  Epoch 1730 | lr=6.2500e-05 | Recon MSE=1.601525e-02
  Epoch 1740 | lr=6.2500e-05 | Recon MSE=1.589366e-02
  Epoch 1750 | lr=6.2500e-05 | Recon MSE=1.585292e-02
  Epoch 1760 | lr=6.2500e-05 | Recon MSE=1.755742e-02
  Epoch 1770 | lr=6.2500e-05 | Recon MSE=1.685342e-02
  Epoch 1780 | lr=6.2500e-05 | Recon MSE=1.657719e-02
  Epoch 1790 | lr=6.2500e-05 | Recon MSE=1.640634e-02
  Epoch 1800 | lr=6.2500e-05 | Recon MSE=1.756387e-02
  Epoch 1810 | lr=6.2500e-05 | Recon MSE=1.714153e-02
  Epoch 1820 | lr=6.2500e-05 | Recon MSE=1.816713e-02
  Epoch 1830 | lr=6.2500e-05 | Recon MSE=1.864580e-02
  Epoch 1840 | lr=6.2500e-05 | Recon MSE=1.880479e-02
  Epoch 1850 | lr=6.2500e-05 | Recon MSE=1.860429e-02
  Epoch 1860 | lr=6.2500e-05 | Recon MSE=1.759160e-02
  Epoch 1870 | lr=6.2500e-05 | Recon MSE=1.854042e-02
  Epoch 1880 | lr=6.2500e-05 | Recon MSE=1.926779e-02
  Epoch 1890 | lr=6.2500e-05 | Recon MSE=1.802972e-02
  Epoch 1900 | lr=6.2500e-05 | Recon MSE=1.944984e-02
  Epoch 1910 | lr=6.2500e-05 | Recon MSE=1.832908e-02
  Epoch 1920 | lr=6.2500e-05 | Recon MSE=1.771335e-02
  Epoch 1930 | lr=6.2500e-05 | Recon MSE=1.724263e-02
  Epoch 1940 | lr=6.2500e-05 | Recon MSE=1.965336e-02
  Epoch 1950 | lr=6.2500e-05 | Recon MSE=1.817969e-02
  Epoch 1960 | lr=6.2500e-05 | Recon MSE=2.019789e-02
  Epoch 1970 | lr=6.2500e-05 | Recon MSE=1.663374e-02
  Epoch 1980 | lr=6.2500e-05 | Recon MSE=1.867352e-02
  Epoch 1990 | lr=6.2500e-05 | Recon MSE=1.880846e-02
  Epoch 2000 | lr=3.1250e-05 | Recon MSE=1.775135e-02
Final relative reconstruction error: ||X - X_hat||_F / ||X||_F = 1.753946e-02
Final MSE per sample: 9.422185e-02
Relative error using only selected modes: 4.917446e-01
MSE per sample using only selected modes: 2.641648e+00
2025-06-24 17:20:07,767 - sparsemodesnet.pulse_ff_decoder - INFO - ==================================================
2025-06-24 17:20:07,768 - sparsemodesnet.pulse_ff_decoder - INFO - Experiment completed successfully!
2025-06-24 17:20:07,768 - sparsemodesnet.pulse_ff_decoder - INFO - Selected 20 modes out of 200
2025-06-24 17:20:07,768 - sparsemodesnet.pulse_ff_decoder - INFO - Selected modes indices: [0, 1, 2, 3, 4, 5, 6, 7, 8, 9, 10, 11, 12, 13, 14, 15, 16, 17, 18, 19]
2025-06-24 17:20:07,769 - sparsemodesnet.pulse_ff_decoder - INFO - Final relative error: 1.753946e-02
